[2021-12-02T20:31:56.105-0100][0.008s] Using G1
[2021-12-02T20:31:56.368-0100][0.271s] Version: 15.0.2+7 (release)
[2021-12-02T20:31:56.368-0100][0.271s] CPUs: 12 total, 12 available
[2021-12-02T20:31:56.368-0100][0.271s] Memory: 16384M
[2021-12-02T20:31:56.368-0100][0.271s] Large Page Support: Disabled
[2021-12-02T20:31:56.368-0100][0.271s] NUMA Support: Disabled
[2021-12-02T20:31:56.368-0100][0.271s] Compressed Oops: Enabled (Zero based)
[2021-12-02T20:31:56.368-0100][0.271s] Heap Region Size: 1M
[2021-12-02T20:31:56.368-0100][0.271s] Heap Min Capacity: 512M
[2021-12-02T20:31:56.368-0100][0.271s] Heap Initial Capacity: 512M
[2021-12-02T20:31:56.368-0100][0.271s] Heap Max Capacity: 512M
[2021-12-02T20:31:56.368-0100][0.271s] Pre-touch: Enabled
[2021-12-02T20:31:56.368-0100][0.271s] Parallel Workers: 10
[2021-12-02T20:31:56.368-0100][0.271s] Concurrent Workers: 3
[2021-12-02T20:31:56.368-0100][0.271s] Concurrent Refinement Workers: 10
[2021-12-02T20:31:56.368-0100][0.271s] Periodic GC: Disabled
[2021-12-02T20:31:56.369-0100][0.272s] Mark closed archive regions in map: [0x00000007fff00000, 0x00000007fff78ff8]
[2021-12-02T20:31:56.369-0100][0.272s] Mark open archive regions in map: [0x00000007ffe00000, 0x00000007ffe50ff8]
[2021-12-02T20:31:56.369-0100][0.272s] CDS archive(s) mapped at: [0x0000000800000000-0x0000000800b2f000-0x0000000800b2f000), size 11726848, SharedBaseAddress: 0x0000000800000000, ArchiveRelocationMode: 0.
[2021-12-02T20:31:56.369-0100][0.272s] Compressed class space mapped at: 0x0000000800b30000-0x0000000840b30000, size: 1073741824
[2021-12-02T20:31:56.369-0100][0.272s] Narrow klass base: 0x0000000800000000, Narrow klass shift: 3, Narrow klass range: 0x100000000
[2021-12-02T20:31:57.017-0100][0.920s] GC(0) Pause Young (Normal) (G1 Evacuation Pause)
[2021-12-02T20:31:57.017-0100][0.920s] GC(0) Using 10 workers of 10 for evacuation
[2021-12-02T20:31:57.019-0100][0.922s] GC(0)   Pre Evacuate Collection Set: 0.1ms
[2021-12-02T20:31:57.019-0100][0.922s] GC(0)   Merge Heap Roots: 0.1ms
[2021-12-02T20:31:57.019-0100][0.922s] GC(0)   Evacuate Collection Set: 1.6ms
[2021-12-02T20:31:57.019-0100][0.922s] GC(0)   Post Evacuate Collection Set: 0.3ms
[2021-12-02T20:31:57.020-0100][0.922s] GC(0)   Other: 0.6ms
[2021-12-02T20:31:57.020-0100][0.922s] GC(0) Eden regions: 29->0(54)
[2021-12-02T20:31:57.020-0100][0.922s] GC(0) Survivor regions: 0->4(4)
[2021-12-02T20:31:57.020-0100][0.923s] GC(0) Old regions: 0->0
[2021-12-02T20:31:57.020-0100][0.923s] GC(0) Archive regions: 2->2
[2021-12-02T20:31:57.020-0100][0.923s] GC(0) Humongous regions: 0->0
[2021-12-02T20:31:57.020-0100][0.923s] GC(0) Metaspace: 7328K(8192K)->7328K(8192K) NonClass: 6473K(7168K)->6473K(7168K) Class: 855K(1024K)->855K(1024K)
[2021-12-02T20:31:57.020-0100][0.923s] GC(0) Pause Young (Normal) (G1 Evacuation Pause) 29M->3M(512M) 2.797ms
[2021-12-02T20:31:57.020-0100][0.923s] GC(0) User=0.01s Sys=0.00s Real=0.01s
[2021-12-02T20:31:57.883-0100][1.786s] GC(1) Pause Young (Normal) (G1 Evacuation Pause)
[2021-12-02T20:31:57.883-0100][1.786s] GC(1) Using 10 workers of 10 for evacuation
[2021-12-02T20:31:57.889-0100][1.792s] GC(1)   Pre Evacuate Collection Set: 0.1ms
[2021-12-02T20:31:57.889-0100][1.792s] GC(1)   Merge Heap Roots: 0.0ms
[2021-12-02T20:31:57.889-0100][1.792s] GC(1)   Evacuate Collection Set: 5.5ms
[2021-12-02T20:31:57.889-0100][1.792s] GC(1)   Post Evacuate Collection Set: 0.7ms
[2021-12-02T20:31:57.889-0100][1.792s] GC(1)   Other: 0.1ms
[2021-12-02T20:31:57.889-0100][1.792s] GC(1) Eden regions: 54->0(75)
[2021-12-02T20:31:57.889-0100][1.792s] GC(1) Survivor regions: 4->8(8)
[2021-12-02T20:31:57.889-0100][1.792s] GC(1) Old regions: 0->11
[2021-12-02T20:31:57.889-0100][1.792s] GC(1) Archive regions: 2->2
[2021-12-02T20:31:57.889-0100][1.792s] GC(1) Humongous regions: 4->4
[2021-12-02T20:31:57.889-0100][1.792s] GC(1) Metaspace: 16071K(16640K)->16071K(16640K) NonClass: 14220K(14592K)->14220K(14592K) Class: 1850K(2048K)->1850K(2048K)
[2021-12-02T20:31:57.889-0100][1.792s] GC(1) Pause Young (Normal) (G1 Evacuation Pause) 61M->23M(512M) 6.589ms
[2021-12-02T20:31:57.889-0100][1.792s] GC(1) User=0.06s Sys=0.00s Real=0.00s
[2021-12-02T20:31:58.202-0100][2.105s] GC(2) Pause Young (Concurrent Start) (Metadata GC Threshold)
[2021-12-02T20:31:58.202-0100][2.105s] GC(2) Using 10 workers of 10 for evacuation
[2021-12-02T20:31:58.206-0100][2.109s] GC(2)   Pre Evacuate Collection Set: 0.1ms
[2021-12-02T20:31:58.206-0100][2.109s] GC(2)   Merge Heap Roots: 0.1ms
[2021-12-02T20:31:58.206-0100][2.109s] GC(2)   Evacuate Collection Set: 2.8ms
[2021-12-02T20:31:58.206-0100][2.109s] GC(2)   Post Evacuate Collection Set: 0.4ms
[2021-12-02T20:31:58.206-0100][2.109s] GC(2)   Other: 0.2ms
[2021-12-02T20:31:58.206-0100][2.109s] GC(2) Eden regions: 27->0(125)
[2021-12-02T20:31:58.206-0100][2.109s] GC(2) Survivor regions: 8->2(10)
[2021-12-02T20:31:58.206-0100][2.109s] GC(2) Old regions: 11->19
[2021-12-02T20:31:58.206-0100][2.109s] GC(2) Archive regions: 2->2
[2021-12-02T20:31:58.206-0100][2.109s] GC(2) Humongous regions: 4->4
[2021-12-02T20:31:58.206-0100][2.109s] GC(2) Metaspace: 20658K(21248K)->20658K(21248K) NonClass: 18333K(18688K)->18333K(18688K) Class: 2324K(2560K)->2324K(2560K)
[2021-12-02T20:31:58.206-0100][2.109s] GC(2) Pause Young (Concurrent Start) (Metadata GC Threshold) 49M->25M(512M) 3.659ms
[2021-12-02T20:31:58.206-0100][2.109s] GC(2) User=0.03s Sys=0.00s Real=0.00s
[2021-12-02T20:31:58.206-0100][2.109s] GC(3) Concurrent Cycle
[2021-12-02T20:31:58.206-0100][2.109s] GC(3) Concurrent Clear Claimed Marks
[2021-12-02T20:31:58.206-0100][2.109s] GC(3) Concurrent Clear Claimed Marks 0.018ms
[2021-12-02T20:31:58.206-0100][2.109s] GC(3) Concurrent Scan Root Regions
[2021-12-02T20:31:58.208-0100][2.110s] GC(3) Concurrent Scan Root Regions 1.414ms
[2021-12-02T20:31:58.208-0100][2.111s] GC(3) Concurrent Mark (2.111s)
[2021-12-02T20:31:58.208-0100][2.111s] GC(3) Concurrent Mark From Roots
[2021-12-02T20:31:58.208-0100][2.111s] GC(3) Using 3 workers of 3 for marking
[2021-12-02T20:31:58.213-0100][2.116s] GC(3) Concurrent Mark From Roots 5.494ms
[2021-12-02T20:31:58.213-0100][2.116s] GC(3) Concurrent Preclean
[2021-12-02T20:31:58.213-0100][2.116s] GC(3) Concurrent Preclean 0.033ms
[2021-12-02T20:31:58.213-0100][2.116s] GC(3) Concurrent Mark (2.111s, 2.116s) 5.581ms
[2021-12-02T20:31:58.213-0100][2.116s] GC(3) Pause Remark
[2021-12-02T20:31:58.214-0100][2.117s] GC(3) Pause Remark 26M->26M(512M) 0.788ms
[2021-12-02T20:31:58.214-0100][2.117s] GC(3) User=0.00s Sys=0.00s Real=0.00s
[2021-12-02T20:31:58.214-0100][2.117s] GC(3) Concurrent Rebuild Remembered Sets
[2021-12-02T20:31:58.219-0100][2.122s] GC(3) Concurrent Rebuild Remembered Sets 4.925ms
[2021-12-02T20:31:58.219-0100][2.122s] GC(3) Pause Cleanup
[2021-12-02T20:31:58.220-0100][2.123s] GC(3) Pause Cleanup 26M->26M(512M) 0.123ms
[2021-12-02T20:31:58.220-0100][2.123s] GC(3) User=0.00s Sys=0.00s Real=0.01s
[2021-12-02T20:31:58.220-0100][2.123s] GC(3) Concurrent Cleanup for Next Mark
[2021-12-02T20:31:58.221-0100][2.123s] GC(3) Concurrent Cleanup for Next Mark 0.873ms
[2021-12-02T20:31:58.221-0100][2.124s] GC(3) Concurrent Cycle 14.520ms
[2021-12-02T20:32:00.007-0100][3.910s] GC(4) Pause Young (Concurrent Start) (Metadata GC Threshold)
[2021-12-02T20:32:00.007-0100][3.910s] GC(4) Using 10 workers of 10 for evacuation
[2021-12-02T20:32:00.011-0100][3.914s] GC(4)   Pre Evacuate Collection Set: 0.1ms
[2021-12-02T20:32:00.011-0100][3.914s] GC(4)   Merge Heap Roots: 0.0ms
[2021-12-02T20:32:00.011-0100][3.914s] GC(4)   Evacuate Collection Set: 3.3ms
[2021-12-02T20:32:00.011-0100][3.914s] GC(4)   Post Evacuate Collection Set: 0.6ms
[2021-12-02T20:32:00.011-0100][3.914s] GC(4)   Other: 0.2ms
[2021-12-02T20:32:00.011-0100][3.914s] GC(4) Eden regions: 107->0(296)
[2021-12-02T20:32:00.011-0100][3.914s] GC(4) Survivor regions: 2->11(16)
[2021-12-02T20:32:00.011-0100][3.914s] GC(4) Old regions: 19->19
[2021-12-02T20:32:00.011-0100][3.914s] GC(4) Archive regions: 2->2
[2021-12-02T20:32:00.011-0100][3.914s] GC(4) Humongous regions: 4->4
[2021-12-02T20:32:00.011-0100][3.914s] GC(4) Metaspace: 35074K(35840K)->35074K(35840K) NonClass: 31161K(31744K)->31161K(31744K) Class: 3913K(4096K)->3913K(4096K)
[2021-12-02T20:32:00.011-0100][3.914s] GC(4) Pause Young (Concurrent Start) (Metadata GC Threshold) 131M->34M(512M) 4.412ms
[2021-12-02T20:32:00.011-0100][3.914s] GC(4) User=0.04s Sys=0.00s Real=0.01s
[2021-12-02T20:32:00.011-0100][3.914s] GC(5) Concurrent Cycle
[2021-12-02T20:32:00.011-0100][3.914s] GC(5) Concurrent Clear Claimed Marks
[2021-12-02T20:32:00.011-0100][3.914s] GC(5) Concurrent Clear Claimed Marks 0.024ms
[2021-12-02T20:32:00.011-0100][3.914s] GC(5) Concurrent Scan Root Regions
[2021-12-02T20:32:00.014-0100][3.917s] GC(5) Concurrent Scan Root Regions 2.358ms
[2021-12-02T20:32:00.014-0100][3.917s] GC(5) Concurrent Mark (3.917s)
[2021-12-02T20:32:00.014-0100][3.917s] GC(5) Concurrent Mark From Roots
[2021-12-02T20:32:00.014-0100][3.917s] GC(5) Using 3 workers of 3 for marking
[2021-12-02T20:32:00.022-0100][3.925s] GC(5) Concurrent Mark From Roots 8.442ms
[2021-12-02T20:32:00.022-0100][3.925s] GC(5) Concurrent Preclean
[2021-12-02T20:32:00.022-0100][3.925s] GC(5) Concurrent Preclean 0.080ms
[2021-12-02T20:32:00.022-0100][3.925s] GC(5) Concurrent Mark (3.917s, 3.925s) 8.585ms
[2021-12-02T20:32:00.023-0100][3.926s] GC(5) Pause Remark
[2021-12-02T20:32:00.024-0100][3.927s] GC(5) Pause Remark 37M->37M(512M) 1.041ms
[2021-12-02T20:32:00.024-0100][3.927s] GC(5) User=0.01s Sys=0.00s Real=0.00s
[2021-12-02T20:32:00.024-0100][3.927s] GC(5) Concurrent Rebuild Remembered Sets
[2021-12-02T20:32:00.029-0100][3.932s] GC(5) Concurrent Rebuild Remembered Sets 5.092ms
[2021-12-02T20:32:00.029-0100][3.932s] GC(5) Pause Cleanup
[2021-12-02T20:32:00.029-0100][3.932s] GC(5) Pause Cleanup 37M->37M(512M) 0.106ms
[2021-12-02T20:32:00.029-0100][3.932s] GC(5) User=0.00s Sys=0.00s Real=0.00s
[2021-12-02T20:32:00.029-0100][3.932s] GC(5) Concurrent Cleanup for Next Mark
[2021-12-02T20:32:00.030-0100][3.933s] GC(5) Concurrent Cleanup for Next Mark 0.694ms
[2021-12-02T20:32:00.030-0100][3.933s] GC(5) Concurrent Cycle 18.708ms
[2021-12-02T20:32:31.953-0100][35.855s] GC(6) Pause Young (Normal) (G1 Evacuation Pause)
[2021-12-02T20:32:31.953-0100][35.856s] GC(6) Using 10 workers of 10 for evacuation
[2021-12-02T20:32:31.967-0100][35.870s] GC(6)   Pre Evacuate Collection Set: 0.1ms
[2021-12-02T20:32:31.967-0100][35.870s] GC(6)   Merge Heap Roots: 0.1ms
[2021-12-02T20:32:31.967-0100][35.870s] GC(6)   Evacuate Collection Set: 12.8ms
[2021-12-02T20:32:31.967-0100][35.870s] GC(6)   Post Evacuate Collection Set: 1.0ms
[2021-12-02T20:32:31.967-0100][35.870s] GC(6)   Other: 0.5ms
[2021-12-02T20:32:31.967-0100][35.870s] GC(6) Eden regions: 296->0(277)
[2021-12-02T20:32:31.967-0100][35.870s] GC(6) Survivor regions: 11->30(39)
[2021-12-02T20:32:31.967-0100][35.870s] GC(6) Old regions: 19->19
[2021-12-02T20:32:31.967-0100][35.870s] GC(6) Archive regions: 2->2
[2021-12-02T20:32:31.967-0100][35.870s] GC(6) Humongous regions: 5->4
[2021-12-02T20:32:31.967-0100][35.870s] GC(6) Metaspace: 53164K(54604K)->53164K(54604K) NonClass: 47030K(48128K)->47030K(48128K) Class: 6134K(6476K)->6134K(6476K)
[2021-12-02T20:32:31.967-0100][35.870s] GC(6) Pause Young (Normal) (G1 Evacuation Pause) 331M->53M(512M) 14.616ms
[2021-12-02T20:32:31.967-0100][35.870s] GC(6) User=0.09s Sys=0.02s Real=0.01s
[2021-12-02T20:32:48.793-0100][52.695s] GC(7) Pause Young (Concurrent Start) (Metadata GC Threshold)
[2021-12-02T20:32:48.793-0100][52.695s] GC(7) Using 10 workers of 10 for evacuation
[2021-12-02T20:32:48.809-0100][52.711s] GC(7)   Pre Evacuate Collection Set: 0.1ms
[2021-12-02T20:32:48.809-0100][52.711s] GC(7)   Merge Heap Roots: 0.1ms
[2021-12-02T20:32:48.809-0100][52.711s] GC(7)   Evacuate Collection Set: 14.6ms
[2021-12-02T20:32:48.809-0100][52.711s] GC(7)   Post Evacuate Collection Set: 0.8ms
[2021-12-02T20:32:48.809-0100][52.711s] GC(7)   Other: 0.2ms
[2021-12-02T20:32:48.809-0100][52.711s] GC(7) Eden regions: 96->0(278)
[2021-12-02T20:32:48.809-0100][52.711s] GC(7) Survivor regions: 30->29(39)
[2021-12-02T20:32:48.809-0100][52.711s] GC(7) Old regions: 19->29
[2021-12-02T20:32:48.809-0100][52.711s] GC(7) Archive regions: 2->2
[2021-12-02T20:32:48.809-0100][52.711s] GC(7) Humongous regions: 7->7
[2021-12-02T20:32:48.809-0100][52.711s] GC(7) Metaspace: 59012K(60236K)->59012K(60236K) NonClass: 52133K(52992K)->52133K(52992K) Class: 6879K(7244K)->6879K(7244K)
[2021-12-02T20:32:48.809-0100][52.711s] GC(7) Pause Young (Concurrent Start) (Metadata GC Threshold) 151M->65M(512M) 16.020ms
[2021-12-02T20:32:48.809-0100][52.711s] GC(7) User=0.12s Sys=0.00s Real=0.01s
[2021-12-02T20:32:48.809-0100][52.711s] GC(8) Concurrent Cycle
[2021-12-02T20:32:48.809-0100][52.711s] GC(8) Concurrent Clear Claimed Marks
[2021-12-02T20:32:48.809-0100][52.712s] GC(8) Concurrent Clear Claimed Marks 0.038ms
[2021-12-02T20:32:48.809-0100][52.712s] GC(8) Concurrent Scan Root Regions
[2021-12-02T20:32:48.820-0100][52.722s] GC(8) Concurrent Scan Root Regions 10.762ms
[2021-12-02T20:32:48.820-0100][52.722s] GC(8) Concurrent Mark (52.722s)
[2021-12-02T20:32:48.820-0100][52.722s] GC(8) Concurrent Mark From Roots
[2021-12-02T20:32:48.820-0100][52.722s] GC(8) Using 3 workers of 3 for marking
[2021-12-02T20:32:48.831-0100][52.734s] GC(8) Concurrent Mark From Roots 11.135ms
[2021-12-02T20:32:48.831-0100][52.734s] GC(8) Concurrent Preclean
[2021-12-02T20:32:48.832-0100][52.734s] GC(8) Concurrent Preclean 0.097ms
[2021-12-02T20:32:48.832-0100][52.734s] GC(8) Concurrent Mark (52.722s, 52.734s) 11.327ms
[2021-12-02T20:32:48.832-0100][52.734s] GC(8) Pause Remark
[2021-12-02T20:32:48.835-0100][52.737s] GC(8) Pause Remark 70M->70M(512M) 2.760ms
[2021-12-02T20:32:48.835-0100][52.737s] GC(8) User=0.02s Sys=0.00s Real=0.00s
[2021-12-02T20:32:48.835-0100][52.737s] GC(8) Concurrent Rebuild Remembered Sets
[2021-12-02T20:32:48.845-0100][52.747s] GC(8) Concurrent Rebuild Remembered Sets 9.585ms
[2021-12-02T20:32:48.845-0100][52.747s] GC(8) Pause Cleanup
[2021-12-02T20:32:48.845-0100][52.747s] GC(8) Pause Cleanup 70M->70M(512M) 0.125ms
[2021-12-02T20:32:48.845-0100][52.748s] GC(8) User=0.00s Sys=0.00s Real=0.00s
[2021-12-02T20:32:48.845-0100][52.748s] GC(8) Concurrent Cleanup for Next Mark
[2021-12-02T20:32:48.846-0100][52.748s] GC(8) Concurrent Cleanup for Next Mark 0.812ms
[2021-12-02T20:32:48.846-0100][52.748s] GC(8) Concurrent Cycle 36.977ms
[2021-12-02T22:09:02.636-0100][5826.411s] GC(9) Pause Young (Normal) (G1 Evacuation Pause)
[2021-12-02T22:09:02.641-0100][5826.413s] GC(9) Using 10 workers of 10 for evacuation
[2021-12-02T22:09:02.747-0100][5826.519s] GC(9)   Pre Evacuate Collection Set: 16.2ms
[2021-12-02T22:09:02.747-0100][5826.519s] GC(9)   Merge Heap Roots: 5.0ms
[2021-12-02T22:09:02.747-0100][5826.519s] GC(9)   Evacuate Collection Set: 78.3ms
[2021-12-02T22:09:02.747-0100][5826.519s] GC(9)   Post Evacuate Collection Set: 5.5ms
[2021-12-02T22:09:02.747-0100][5826.520s] GC(9)   Other: 7.4ms
[2021-12-02T22:09:02.747-0100][5826.520s] GC(9) Eden regions: 278->0(292)
[2021-12-02T22:09:02.747-0100][5826.520s] GC(9) Survivor regions: 29->15(39)
[2021-12-02T22:09:02.747-0100][5826.520s] GC(9) Old regions: 29->48
[2021-12-02T22:09:02.747-0100][5826.520s] GC(9) Archive regions: 2->2
[2021-12-02T22:09:02.747-0100][5826.520s] GC(9) Humongous regions: 7->7
[2021-12-02T22:09:02.747-0100][5826.520s] GC(9) Metaspace: 62701K(63820K)->62701K(63820K) NonClass: 55537K(56320K)->55537K(56320K) Class: 7164K(7500K)->7164K(7500K)
[2021-12-02T22:09:02.747-0100][5826.520s] GC(9) Pause Young (Normal) (G1 Evacuation Pause) 343M->70M(512M) 111.036ms
[2021-12-02T22:09:02.747-0100][5826.520s] GC(9) User=0.11s Sys=0.41s Real=0.11s
[2021-12-02T23:54:59.132-0100][11452.331s] GC(10) Pause Young (Normal) (G1 Evacuation Pause)
[2021-12-02T23:54:59.133-0100][11452.332s] GC(10) Using 10 workers of 10 for evacuation
[2021-12-02T23:54:59.207-0100][11452.406s] GC(10)   Pre Evacuate Collection Set: 2.0ms
[2021-12-02T23:54:59.207-0100][11452.406s] GC(10)   Merge Heap Roots: 0.4ms
[2021-12-02T23:54:59.207-0100][11452.406s] GC(10)   Evacuate Collection Set: 68.6ms
[2021-12-02T23:54:59.207-0100][11452.406s] GC(10)   Post Evacuate Collection Set: 2.2ms
[2021-12-02T23:54:59.207-0100][11452.406s] GC(10)   Other: 1.7ms
[2021-12-02T23:54:59.207-0100][11452.406s] GC(10) Eden regions: 292->0(292)
[2021-12-02T23:54:59.207-0100][11452.406s] GC(10) Survivor regions: 15->15(39)
[2021-12-02T23:54:59.207-0100][11452.406s] GC(10) Old regions: 48->48
[2021-12-02T23:54:59.207-0100][11452.406s] GC(10) Archive regions: 2->2
[2021-12-02T23:54:59.207-0100][11452.406s] GC(10) Humongous regions: 7->7
[2021-12-02T23:54:59.207-0100][11452.406s] GC(10) Metaspace: 64320K(65356K)->64320K(65356K) NonClass: 57126K(57856K)->57126K(57856K) Class: 7193K(7500K)->7193K(7500K)
[2021-12-02T23:54:59.207-0100][11452.406s] GC(10) Pause Young (Normal) (G1 Evacuation Pause) 362M->70M(512M) 75.050ms
[2021-12-02T23:54:59.207-0100][11452.406s] GC(10) User=0.08s Sys=0.31s Real=0.07s
[2021-12-03T03:09:12.339-0100][23105.356s] GC(11) Pause Young (Normal) (G1 Evacuation Pause)
[2021-12-03T03:09:12.340-0100][23105.357s] GC(11) Using 10 workers of 10 for evacuation
[2021-12-03T03:09:12.401-0100][23105.417s] GC(11)   Pre Evacuate Collection Set: 3.7ms
[2021-12-03T03:09:12.401-0100][23105.417s] GC(11)   Merge Heap Roots: 0.3ms
[2021-12-03T03:09:12.401-0100][23105.417s] GC(11)   Evacuate Collection Set: 54.6ms
[2021-12-03T03:09:12.401-0100][23105.417s] GC(11)   Post Evacuate Collection Set: 1.5ms
[2021-12-03T03:09:12.401-0100][23105.417s] GC(11)   Other: 1.4ms
[2021-12-03T03:09:12.401-0100][23105.417s] GC(11) Eden regions: 292->0(292)
[2021-12-03T03:09:12.401-0100][23105.417s] GC(11) Survivor regions: 15->15(39)
[2021-12-03T03:09:12.401-0100][23105.417s] GC(11) Old regions: 48->48
[2021-12-03T03:09:12.401-0100][23105.417s] GC(11) Archive regions: 2->2
[2021-12-03T03:09:12.401-0100][23105.417s] GC(11) Humongous regions: 7->7
[2021-12-03T03:09:12.401-0100][23105.417s] GC(11) Metaspace: 64430K(65356K)->64430K(65356K) NonClass: 57236K(57856K)->57236K(57856K) Class: 7194K(7500K)->7194K(7500K)
[2021-12-03T03:09:12.401-0100][23105.417s] GC(11) Pause Young (Normal) (G1 Evacuation Pause) 362M->70M(512M) 61.537ms
[2021-12-03T03:09:12.401-0100][23105.418s] GC(11) User=0.06s Sys=0.25s Real=0.07s
[2021-12-03T06:23:55.646-0100][34788.524s] GC(12) Pause Young (Normal) (G1 Evacuation Pause)
[2021-12-03T06:23:55.647-0100][34788.525s] GC(12) Using 10 workers of 10 for evacuation
[2021-12-03T06:23:55.662-0100][34788.541s] GC(12)   Pre Evacuate Collection Set: 0.3ms
[2021-12-03T06:23:55.662-0100][34788.541s] GC(12)   Merge Heap Roots: 0.2ms
[2021-12-03T06:23:55.662-0100][34788.541s] GC(12)   Evacuate Collection Set: 13.1ms
[2021-12-03T06:23:55.663-0100][34788.541s] GC(12)   Post Evacuate Collection Set: 1.6ms
[2021-12-03T06:23:55.663-0100][34788.541s] GC(12)   Other: 1.5ms
[2021-12-03T06:23:55.663-0100][34788.541s] GC(12) Eden regions: 292->0(292)
[2021-12-03T06:23:55.663-0100][34788.541s] GC(12) Survivor regions: 15->15(39)
[2021-12-03T06:23:55.663-0100][34788.541s] GC(12) Old regions: 48->48
[2021-12-03T06:23:55.663-0100][34788.541s] GC(12) Archive regions: 2->2
[2021-12-03T06:23:55.663-0100][34788.541s] GC(12) Humongous regions: 7->7
[2021-12-03T06:23:55.663-0100][34788.541s] GC(12) Metaspace: 64468K(65612K)->64468K(65612K) NonClass: 57274K(58112K)->57274K(58112K) Class: 7194K(7500K)->7194K(7500K)
[2021-12-03T06:23:55.663-0100][34788.541s] GC(12) Pause Young (Normal) (G1 Evacuation Pause) 362M->70M(512M) 16.809ms
[2021-12-03T06:23:55.663-0100][34788.541s] GC(12) User=0.06s Sys=0.03s Real=0.02s
[2021-12-03T08:45:56.289-0100][43309.096s] GC(13) Pause Young (Normal) (G1 Evacuation Pause)
[2021-12-03T08:45:56.290-0100][43309.097s] GC(13) Using 10 workers of 10 for evacuation
[2021-12-03T08:45:56.360-0100][43309.167s] GC(13)   Pre Evacuate Collection Set: 0.7ms
[2021-12-03T08:45:56.360-0100][43309.167s] GC(13)   Merge Heap Roots: 0.3ms
[2021-12-03T08:45:56.360-0100][43309.167s] GC(13)   Evacuate Collection Set: 67.5ms
[2021-12-03T08:45:56.360-0100][43309.167s] GC(13)   Post Evacuate Collection Set: 0.9ms
[2021-12-03T08:45:56.360-0100][43309.167s] GC(13)   Other: 1.9ms
[2021-12-03T08:45:56.360-0100][43309.167s] GC(13) Eden regions: 292->0(282)
[2021-12-03T08:45:56.360-0100][43309.167s] GC(13) Survivor regions: 15->25(39)
[2021-12-03T08:45:56.360-0100][43309.167s] GC(13) Old regions: 48->48
[2021-12-03T08:45:56.360-0100][43309.167s] GC(13) Archive regions: 2->2
[2021-12-03T08:45:56.360-0100][43309.167s] GC(13) Humongous regions: 7->7
[2021-12-03T08:45:56.360-0100][43309.167s] GC(13) Metaspace: 64731K(65868K)->64731K(65868K) NonClass: 57524K(58368K)->57524K(58368K) Class: 7207K(7500K)->7207K(7500K)
[2021-12-03T08:45:56.360-0100][43309.167s] GC(13) Pause Young (Normal) (G1 Evacuation Pause) 362M->80M(512M) 71.250ms
[2021-12-03T08:45:56.360-0100][43309.167s] GC(13) User=0.07s Sys=0.25s Real=0.08s
[2021-12-03T09:58:08.020-0100][44222.936s] GC(14) Pause Young (Normal) (G1 Evacuation Pause)
[2021-12-03T09:58:08.027-0100][44222.943s] GC(14) Using 10 workers of 10 for evacuation
[2021-12-03T09:58:08.189-0100][44223.106s] GC(14)   Pre Evacuate Collection Set: 0.6ms
[2021-12-03T09:58:08.189-0100][44223.106s] GC(14)   Merge Heap Roots: 0.3ms
[2021-12-03T09:58:08.189-0100][44223.106s] GC(14)   Evacuate Collection Set: 157.2ms
[2021-12-03T09:58:08.189-0100][44223.106s] GC(14)   Post Evacuate Collection Set: 4.1ms
[2021-12-03T09:58:08.189-0100][44223.106s] GC(14)   Other: 7.3ms
[2021-12-03T09:58:08.189-0100][44223.106s] GC(14) Eden regions: 282->0(280)
[2021-12-03T09:58:08.189-0100][44223.106s] GC(14) Survivor regions: 25->27(39)
[2021-12-03T09:58:08.189-0100][44223.106s] GC(14) Old regions: 48->56
[2021-12-03T09:58:08.189-0100][44223.106s] GC(14) Archive regions: 2->2
[2021-12-03T09:58:08.189-0100][44223.106s] GC(14) Humongous regions: 7->7
[2021-12-03T09:58:08.189-0100][44223.106s] GC(14) Metaspace: 65591K(66764K)->65591K(66764K) NonClass: 58314K(59136K)->58314K(59136K) Class: 7276K(7628K)->7276K(7628K)
[2021-12-03T09:58:08.189-0100][44223.106s] GC(14) Pause Young (Normal) (G1 Evacuation Pause) 362M->89M(512M) 169.489ms
[2021-12-03T09:58:08.189-0100][44223.106s] GC(14) User=0.24s Sys=0.49s Real=0.16s
