[2021-11-29T12:02:02.430-0100][0.008s] Using G1
[2021-11-29T12:02:02.630-0100][0.208s] Version: 15.0.2+7 (release)
[2021-11-29T12:02:02.630-0100][0.208s] CPUs: 12 total, 12 available
[2021-11-29T12:02:02.630-0100][0.208s] Memory: 16384M
[2021-11-29T12:02:02.630-0100][0.208s] Large Page Support: Disabled
[2021-11-29T12:02:02.630-0100][0.208s] NUMA Support: Disabled
[2021-11-29T12:02:02.630-0100][0.208s] Compressed Oops: Enabled (Zero based)
[2021-11-29T12:02:02.630-0100][0.208s] Heap Region Size: 1M
[2021-11-29T12:02:02.630-0100][0.208s] Heap Min Capacity: 512M
[2021-11-29T12:02:02.630-0100][0.208s] Heap Initial Capacity: 512M
[2021-11-29T12:02:02.630-0100][0.208s] Heap Max Capacity: 512M
[2021-11-29T12:02:02.630-0100][0.208s] Pre-touch: Enabled
[2021-11-29T12:02:02.630-0100][0.208s] Parallel Workers: 10
[2021-11-29T12:02:02.630-0100][0.208s] Concurrent Workers: 3
[2021-11-29T12:02:02.630-0100][0.208s] Concurrent Refinement Workers: 10
[2021-11-29T12:02:02.630-0100][0.208s] Periodic GC: Disabled
[2021-11-29T12:02:02.631-0100][0.209s] Mark closed archive regions in map: [0x00000007fff00000, 0x00000007fff78ff8]
[2021-11-29T12:02:02.631-0100][0.209s] Mark open archive regions in map: [0x00000007ffe00000, 0x00000007ffe50ff8]
[2021-11-29T12:02:02.631-0100][0.209s] CDS archive(s) mapped at: [0x0000000800000000-0x0000000800b2f000-0x0000000800b2f000), size 11726848, SharedBaseAddress: 0x0000000800000000, ArchiveRelocationMode: 0.
[2021-11-29T12:02:02.631-0100][0.209s] Compressed class space mapped at: 0x0000000800b30000-0x0000000840b30000, size: 1073741824
[2021-11-29T12:02:02.631-0100][0.209s] Narrow klass base: 0x0000000800000000, Narrow klass shift: 3, Narrow klass range: 0x100000000
[2021-11-29T12:02:03.055-0100][0.633s] GC(0) Pause Young (Normal) (G1 Evacuation Pause)
[2021-11-29T12:02:03.055-0100][0.633s] GC(0) Using 10 workers of 10 for evacuation
[2021-11-29T12:02:03.057-0100][0.635s] GC(0)   Pre Evacuate Collection Set: 0.1ms
[2021-11-29T12:02:03.057-0100][0.635s] GC(0)   Merge Heap Roots: 0.0ms
[2021-11-29T12:02:03.057-0100][0.635s] GC(0)   Evacuate Collection Set: 1.4ms
[2021-11-29T12:02:03.057-0100][0.635s] GC(0)   Post Evacuate Collection Set: 0.3ms
[2021-11-29T12:02:03.057-0100][0.635s] GC(0)   Other: 0.5ms
[2021-11-29T12:02:03.057-0100][0.635s] GC(0) Eden regions: 29->0(54)
[2021-11-29T12:02:03.057-0100][0.635s] GC(0) Survivor regions: 0->4(4)
[2021-11-29T12:02:03.057-0100][0.635s] GC(0) Old regions: 0->0
[2021-11-29T12:02:03.057-0100][0.635s] GC(0) Archive regions: 2->2
[2021-11-29T12:02:03.057-0100][0.635s] GC(0) Humongous regions: 0->0
[2021-11-29T12:02:03.057-0100][0.635s] GC(0) Metaspace: 7977K(8448K)->7977K(8448K) NonClass: 7055K(7424K)->7055K(7424K) Class: 921K(1024K)->921K(1024K)
[2021-11-29T12:02:03.057-0100][0.635s] GC(0) Pause Young (Normal) (G1 Evacuation Pause) 29M->4M(512M) 2.444ms
[2021-11-29T12:02:03.057-0100][0.635s] GC(0) User=0.02s Sys=0.00s Real=0.00s
[2021-11-29T12:02:03.609-0100][1.187s] GC(1) Pause Young (Normal) (G1 Evacuation Pause)
[2021-11-29T12:02:03.609-0100][1.187s] GC(1) Using 10 workers of 10 for evacuation
[2021-11-29T12:02:03.616-0100][1.194s] GC(1)   Pre Evacuate Collection Set: 0.1ms
[2021-11-29T12:02:03.616-0100][1.194s] GC(1)   Merge Heap Roots: 0.1ms
[2021-11-29T12:02:03.616-0100][1.194s] GC(1)   Evacuate Collection Set: 5.8ms
[2021-11-29T12:02:03.616-0100][1.194s] GC(1)   Post Evacuate Collection Set: 0.7ms
[2021-11-29T12:02:03.616-0100][1.194s] GC(1)   Other: 0.2ms
[2021-11-29T12:02:03.616-0100][1.194s] GC(1) Eden regions: 54->0(78)
[2021-11-29T12:02:03.616-0100][1.194s] GC(1) Survivor regions: 4->8(8)
[2021-11-29T12:02:03.616-0100][1.194s] GC(1) Old regions: 0->11
[2021-11-29T12:02:03.616-0100][1.194s] GC(1) Archive regions: 2->2
[2021-11-29T12:02:03.616-0100][1.194s] GC(1) Humongous regions: 4->4
[2021-11-29T12:02:03.616-0100][1.194s] GC(1) Metaspace: 16082K(16896K)->16082K(16896K) NonClass: 14229K(14848K)->14229K(14848K) Class: 1852K(2048K)->1852K(2048K)
[2021-11-29T12:02:03.616-0100][1.194s] GC(1) Pause Young (Normal) (G1 Evacuation Pause) 62M->23M(512M) 7.068ms
[2021-11-29T12:02:03.616-0100][1.194s] GC(1) User=0.06s Sys=0.01s Real=0.01s
[2021-11-29T12:02:03.893-0100][1.471s] GC(2) Pause Young (Concurrent Start) (Metadata GC Threshold)
[2021-11-29T12:02:03.893-0100][1.471s] GC(2) Using 10 workers of 10 for evacuation
[2021-11-29T12:02:03.898-0100][1.476s] GC(2)   Pre Evacuate Collection Set: 0.1ms
[2021-11-29T12:02:03.898-0100][1.476s] GC(2)   Merge Heap Roots: 0.1ms
[2021-11-29T12:02:03.898-0100][1.476s] GC(2)   Evacuate Collection Set: 4.1ms
[2021-11-29T12:02:03.898-0100][1.476s] GC(2)   Post Evacuate Collection Set: 0.6ms
[2021-11-29T12:02:03.898-0100][1.476s] GC(2)   Other: 0.3ms
[2021-11-29T12:02:03.898-0100][1.476s] GC(2) Eden regions: 26->0(133)
[2021-11-29T12:02:03.898-0100][1.476s] GC(2) Survivor regions: 8->2(10)
[2021-11-29T12:02:03.898-0100][1.476s] GC(2) Old regions: 11->19
[2021-11-29T12:02:03.899-0100][1.476s] GC(2) Archive regions: 2->2
[2021-11-29T12:02:03.899-0100][1.476s] GC(2) Humongous regions: 4->4
[2021-11-29T12:02:03.899-0100][1.476s] GC(2) Metaspace: 20454K(21248K)->20454K(21248K) NonClass: 18155K(18688K)->18155K(18688K) Class: 2299K(2560K)->2299K(2560K)
[2021-11-29T12:02:03.899-0100][1.476s] GC(2) Pause Young (Concurrent Start) (Metadata GC Threshold) 48M->24M(512M) 5.411ms
[2021-11-29T12:02:03.899-0100][1.476s] GC(2) User=0.05s Sys=0.01s Real=0.00s
[2021-11-29T12:02:03.899-0100][1.476s] GC(3) Concurrent Cycle
[2021-11-29T12:02:03.899-0100][1.477s] GC(3) Concurrent Clear Claimed Marks
[2021-11-29T12:02:03.899-0100][1.477s] GC(3) Concurrent Clear Claimed Marks 0.031ms
[2021-11-29T12:02:03.899-0100][1.477s] GC(3) Concurrent Scan Root Regions
[2021-11-29T12:02:03.901-0100][1.479s] GC(3) Concurrent Scan Root Regions 2.006ms
[2021-11-29T12:02:03.901-0100][1.479s] GC(3) Concurrent Mark (1.479s)
[2021-11-29T12:02:03.901-0100][1.479s] GC(3) Concurrent Mark From Roots
[2021-11-29T12:02:03.901-0100][1.479s] GC(3) Using 3 workers of 3 for marking
[2021-11-29T12:02:03.909-0100][1.487s] GC(3) Concurrent Mark From Roots 8.182ms
[2021-11-29T12:02:03.909-0100][1.487s] GC(3) Concurrent Preclean
[2021-11-29T12:02:03.909-0100][1.487s] GC(3) Concurrent Preclean 0.064ms
[2021-11-29T12:02:03.909-0100][1.487s] GC(3) Concurrent Mark (1.479s, 1.487s) 8.360ms
[2021-11-29T12:02:03.909-0100][1.487s] GC(3) Pause Remark
[2021-11-29T12:02:03.910-0100][1.488s] GC(3) Pause Remark 26M->26M(512M) 0.950ms
[2021-11-29T12:02:03.910-0100][1.488s] GC(3) User=0.01s Sys=0.00s Real=0.01s
[2021-11-29T12:02:03.911-0100][1.488s] GC(3) Concurrent Rebuild Remembered Sets
[2021-11-29T12:02:03.916-0100][1.493s] GC(3) Concurrent Rebuild Remembered Sets 5.081ms
[2021-11-29T12:02:03.916-0100][1.494s] GC(3) Pause Cleanup
[2021-11-29T12:02:03.916-0100][1.494s] GC(3) Pause Cleanup 26M->26M(512M) 0.118ms
[2021-11-29T12:02:03.916-0100][1.494s] GC(3) User=0.00s Sys=0.00s Real=0.00s
[2021-11-29T12:02:03.916-0100][1.494s] GC(3) Concurrent Cleanup for Next Mark
[2021-11-29T12:02:03.917-0100][1.495s] GC(3) Concurrent Cleanup for Next Mark 0.832ms
[2021-11-29T12:02:03.917-0100][1.495s] GC(3) Concurrent Cycle 18.350ms
[2021-11-29T12:02:05.642-0100][3.220s] GC(4) Pause Young (Concurrent Start) (Metadata GC Threshold)
[2021-11-29T12:02:05.642-0100][3.220s] GC(4) Using 10 workers of 10 for evacuation
[2021-11-29T12:02:05.646-0100][3.224s] GC(4)   Pre Evacuate Collection Set: 0.1ms
[2021-11-29T12:02:05.646-0100][3.224s] GC(4)   Merge Heap Roots: 0.1ms
[2021-11-29T12:02:05.646-0100][3.224s] GC(4)   Evacuate Collection Set: 3.1ms
[2021-11-29T12:02:05.646-0100][3.224s] GC(4)   Post Evacuate Collection Set: 0.5ms
[2021-11-29T12:02:05.646-0100][3.224s] GC(4)   Other: 0.2ms
[2021-11-29T12:02:05.646-0100][3.224s] GC(4) Eden regions: 122->0(293)
[2021-11-29T12:02:05.646-0100][3.224s] GC(4) Survivor regions: 2->14(17)
[2021-11-29T12:02:05.646-0100][3.224s] GC(4) Old regions: 19->19
[2021-11-29T12:02:05.646-0100][3.224s] GC(4) Archive regions: 2->2
[2021-11-29T12:02:05.646-0100][3.224s] GC(4) Humongous regions: 4->4
[2021-11-29T12:02:05.646-0100][3.224s] GC(4) Metaspace: 34739K(35840K)->34739K(35840K) NonClass: 30856K(31744K)->30856K(31744K) Class: 3883K(4096K)->3883K(4096K)
[2021-11-29T12:02:05.646-0100][3.224s] GC(4) Pause Young (Concurrent Start) (Metadata GC Threshold) 146M->37M(512M) 4.026ms
[2021-11-29T12:02:05.646-0100][3.224s] GC(4) User=0.03s Sys=0.00s Real=0.00s
[2021-11-29T12:02:05.646-0100][3.224s] GC(5) Concurrent Cycle
[2021-11-29T12:02:05.646-0100][3.224s] GC(5) Concurrent Clear Claimed Marks
[2021-11-29T12:02:05.646-0100][3.224s] GC(5) Concurrent Clear Claimed Marks 0.020ms
[2021-11-29T12:02:05.646-0100][3.224s] GC(5) Concurrent Scan Root Regions
[2021-11-29T12:02:05.648-0100][3.226s] GC(5) Concurrent Scan Root Regions 1.839ms
[2021-11-29T12:02:05.648-0100][3.226s] GC(5) Concurrent Mark (3.226s)
[2021-11-29T12:02:05.648-0100][3.226s] GC(5) Concurrent Mark From Roots
[2021-11-29T12:02:05.648-0100][3.226s] GC(5) Using 3 workers of 3 for marking
[2021-11-29T12:02:05.655-0100][3.233s] GC(5) Concurrent Mark From Roots 7.307ms
[2021-11-29T12:02:05.655-0100][3.233s] GC(5) Concurrent Preclean
[2021-11-29T12:02:05.655-0100][3.233s] GC(5) Concurrent Preclean 0.060ms
[2021-11-29T12:02:05.656-0100][3.233s] GC(5) Concurrent Mark (3.226s, 3.233s) 7.426ms
[2021-11-29T12:02:05.656-0100][3.234s] GC(5) Pause Remark
[2021-11-29T12:02:05.657-0100][3.235s] GC(5) Pause Remark 39M->39M(512M) 0.950ms
[2021-11-29T12:02:05.657-0100][3.235s] GC(5) User=0.00s Sys=0.00s Real=0.00s
[2021-11-29T12:02:05.657-0100][3.235s] GC(5) Concurrent Rebuild Remembered Sets
[2021-11-29T12:02:05.662-0100][3.239s] GC(5) Concurrent Rebuild Remembered Sets 4.761ms
[2021-11-29T12:02:05.662-0100][3.240s] GC(5) Pause Cleanup
[2021-11-29T12:02:05.662-0100][3.240s] GC(5) Pause Cleanup 39M->39M(512M) 0.111ms
[2021-11-29T12:02:05.662-0100][3.240s] GC(5) User=0.01s Sys=0.00s Real=0.00s
[2021-11-29T12:02:05.662-0100][3.240s] GC(5) Concurrent Cleanup for Next Mark
[2021-11-29T12:02:05.663-0100][3.241s] GC(5) Concurrent Cleanup for Next Mark 0.648ms
[2021-11-29T12:02:05.663-0100][3.241s] GC(5) Concurrent Cycle 16.596ms
[2021-11-29T12:03:14.264-0100][71.841s] GC(6) Pause Young (Normal) (G1 Evacuation Pause)
[2021-11-29T12:03:14.265-0100][71.841s] GC(6) Using 10 workers of 10 for evacuation
[2021-11-29T12:03:14.275-0100][71.852s] GC(6)   Pre Evacuate Collection Set: 0.1ms
[2021-11-29T12:03:14.275-0100][71.852s] GC(6)   Merge Heap Roots: 0.1ms
[2021-11-29T12:03:14.275-0100][71.852s] GC(6)   Evacuate Collection Set: 9.1ms
[2021-11-29T12:03:14.275-0100][71.852s] GC(6)   Post Evacuate Collection Set: 1.0ms
[2021-11-29T12:03:14.275-0100][71.852s] GC(6)   Other: 0.5ms
[2021-11-29T12:03:14.275-0100][71.852s] GC(6) Eden regions: 293->0(272)
[2021-11-29T12:03:14.275-0100][71.852s] GC(6) Survivor regions: 14->35(39)
[2021-11-29T12:03:14.275-0100][71.852s] GC(6) Old regions: 19->19
[2021-11-29T12:03:14.275-0100][71.852s] GC(6) Archive regions: 2->2
[2021-11-29T12:03:14.275-0100][71.852s] GC(6) Humongous regions: 5->4
[2021-11-29T12:03:14.275-0100][71.852s] GC(6) Metaspace: 55387K(57088K)->55387K(57088K) NonClass: 48958K(50432K)->48958K(50432K) Class: 6429K(6656K)->6429K(6656K)
[2021-11-29T12:03:14.275-0100][71.852s] GC(6) Pause Young (Normal) (G1 Evacuation Pause) 331M->58M(512M) 10.906ms
[2021-11-29T12:03:14.275-0100][71.852s] GC(6) User=0.09s Sys=0.00s Real=0.01s
[2021-11-29T12:11:10.189-0100][547.758s] GC(7) Pause Young (Concurrent Start) (Metadata GC Threshold)
[2021-11-29T12:11:10.189-0100][547.758s] GC(7) Using 10 workers of 10 for evacuation
[2021-11-29T12:11:10.207-0100][547.776s] GC(7)   Pre Evacuate Collection Set: 0.3ms
[2021-11-29T12:11:10.220-0100][547.789s] GC(7)   Merge Heap Roots: 0.1ms
[2021-11-29T12:11:10.221-0100][547.790s] GC(7)   Evacuate Collection Set: 15.9ms
[2021-11-29T12:11:10.221-0100][547.790s] GC(7)   Post Evacuate Collection Set: 0.9ms
[2021-11-29T12:11:10.221-0100][547.790s] GC(7)   Other: 0.8ms
[2021-11-29T12:11:10.221-0100][547.790s] GC(7) Eden regions: 50->0(302)
[2021-11-29T12:11:10.221-0100][547.790s] GC(7) Survivor regions: 35->5(39)
[2021-11-29T12:11:10.221-0100][547.790s] GC(7) Old regions: 19->54
[2021-11-29T12:11:10.221-0100][547.790s] GC(7) Archive regions: 2->2
[2021-11-29T12:11:10.221-0100][547.790s] GC(7) Humongous regions: 7->7
[2021-11-29T12:11:10.221-0100][547.790s] GC(7) Metaspace: 58531K(60160K)->58531K(60160K) NonClass: 51760K(53120K)->51760K(53120K) Class: 6771K(7040K)->6771K(7040K)
[2021-11-29T12:11:10.221-0100][547.790s] GC(7) Pause Young (Concurrent Start) (Metadata GC Threshold) 111M->65M(512M) 32.248ms
[2021-11-29T12:11:10.221-0100][547.790s] GC(7) User=0.10s Sys=0.03s Real=0.04s
[2021-11-29T12:11:10.221-0100][547.790s] GC(8) Concurrent Cycle
[2021-11-29T12:11:10.221-0100][547.790s] GC(8) Concurrent Clear Claimed Marks
[2021-11-29T12:11:10.221-0100][547.790s] GC(8) Concurrent Clear Claimed Marks 0.041ms
[2021-11-29T12:11:10.221-0100][547.790s] GC(8) Concurrent Scan Root Regions
[2021-11-29T12:11:10.229-0100][547.798s] GC(8) Concurrent Scan Root Regions 8.026ms
[2021-11-29T12:11:10.229-0100][547.798s] GC(8) Concurrent Mark (547.798s)
[2021-11-29T12:11:10.229-0100][547.798s] GC(8) Concurrent Mark From Roots
[2021-11-29T12:11:10.229-0100][547.798s] GC(8) Using 3 workers of 3 for marking
[2021-11-29T12:11:10.241-0100][547.809s] GC(8) Concurrent Mark From Roots 11.173ms
[2021-11-29T12:11:10.241-0100][547.809s] GC(8) Concurrent Preclean
[2021-11-29T12:11:10.241-0100][547.809s] GC(8) Concurrent Preclean 0.156ms
[2021-11-29T12:11:10.241-0100][547.809s] GC(8) Concurrent Mark (547.798s, 547.809s) 11.402ms
[2021-11-29T12:11:10.241-0100][547.810s] GC(8) Pause Remark
[2021-11-29T12:11:10.264-0100][547.833s] GC(8) Pause Remark 68M->68M(512M) 23.452ms
[2021-11-29T12:11:10.264-0100][547.833s] GC(8) User=0.03s Sys=0.09s Real=0.02s
[2021-11-29T12:11:10.265-0100][547.833s] GC(8) Concurrent Rebuild Remembered Sets
[2021-11-29T12:11:10.282-0100][547.851s] GC(8) Concurrent Rebuild Remembered Sets 17.840ms
[2021-11-29T12:11:10.304-0100][547.873s] GC(8) Pause Cleanup
[2021-11-29T12:11:10.305-0100][547.873s] GC(8) Pause Cleanup 70M->70M(512M) 0.178ms
[2021-11-29T12:11:10.305-0100][547.873s] GC(8) User=0.00s Sys=0.00s Real=0.00s
[2021-11-29T12:11:10.305-0100][547.873s] GC(8) Concurrent Cleanup for Next Mark
[2021-11-29T12:11:10.306-0100][547.874s] GC(8) Concurrent Cleanup for Next Mark 0.886ms
[2021-11-29T12:11:10.306-0100][547.874s] GC(8) Concurrent Cycle 84.478ms
[2021-11-29T21:16:09.045-0100][10757.087s] GC(9) Pause Young (Concurrent Start) (G1 Evacuation Pause)
[2021-11-29T21:16:09.048-0100][10757.090s] GC(9) Using 10 workers of 10 for evacuation
[2021-11-29T21:16:09.233-0100][10757.275s] GC(9)   Pre Evacuate Collection Set: 70.8ms
[2021-11-29T21:16:09.240-0100][10757.282s] GC(9)   Merge Heap Roots: 6.7ms
[2021-11-29T21:16:09.240-0100][10757.282s] GC(9)   Evacuate Collection Set: 93.6ms
[2021-11-29T21:16:09.240-0100][10757.282s] GC(9)   Post Evacuate Collection Set: 6.8ms
[2021-11-29T21:16:09.240-0100][10757.282s] GC(9)   Other: 14.8ms
[2021-11-29T21:16:09.241-0100][10757.283s] GC(9) Eden regions: 302->0(240)
[2021-11-29T21:16:09.241-0100][10757.283s] GC(9) Survivor regions: 5->4(39)
[2021-11-29T21:16:09.241-0100][10757.283s] GC(9) Old regions: 54->54
[2021-11-29T21:16:09.241-0100][10757.283s] GC(9) Archive regions: 2->2
[2021-11-29T21:16:09.241-0100][10757.283s] GC(9) Humongous regions: 7->7
[2021-11-29T21:16:09.241-0100][10757.283s] GC(9) Metaspace: 61700K(63512K)->61700K(63512K) NonClass: 54716K(56268K)->54716K(56268K) Class: 6983K(7244K)->6983K(7244K)
[2021-11-29T21:16:09.241-0100][10757.283s] GC(9) Pause Young (Concurrent Start) (G1 Evacuation Pause) 367M->64M(512M) 197.575ms
[2021-11-29T21:16:09.241-0100][10757.283s] GC(9) User=0.03s Sys=0.33s Real=0.20s
[2021-11-29T21:16:09.242-0100][10757.284s] GC(10) Concurrent Cycle
[2021-11-29T21:16:09.242-0100][10757.284s] GC(10) Concurrent Clear Claimed Marks
[2021-11-29T21:16:09.242-0100][10757.284s] GC(10) Concurrent Clear Claimed Marks 0.070ms
[2021-11-29T21:16:09.242-0100][10757.284s] GC(10) Concurrent Scan Root Regions
[2021-11-29T21:16:09.267-0100][10757.309s] GC(10) Concurrent Scan Root Regions 25.184ms
[2021-11-29T21:16:09.310-0100][10757.352s] GC(10) Concurrent Mark (10757.352s)
[2021-11-29T21:16:09.310-0100][10757.352s] GC(10) Concurrent Mark From Roots
[2021-11-29T21:16:09.351-0100][10757.393s] GC(10) Using 3 workers of 3 for marking
[2021-11-29T21:16:09.433-0100][10757.475s] GC(10) Concurrent Mark From Roots 122.869ms
[2021-11-29T21:16:09.433-0100][10757.475s] GC(10) Concurrent Preclean
[2021-11-29T21:16:09.434-0100][10757.476s] GC(10) Concurrent Preclean 0.244ms
[2021-11-29T21:16:09.434-0100][10757.476s] GC(10) Concurrent Mark (10757.352s, 10757.476s) 123.261ms
[2021-11-29T21:16:09.434-0100][10757.476s] GC(10) Pause Remark
[2021-11-29T21:16:09.574-0100][10757.616s] GC(10) Pause Remark 65M->65M(512M) 139.834ms
[2021-11-29T21:16:09.574-0100][10757.616s] GC(10) User=0.05s Sys=0.37s Real=0.14s
[2021-11-29T21:16:09.574-0100][10757.616s] GC(10) Concurrent Rebuild Remembered Sets
[2021-11-29T21:16:09.586-0100][10757.628s] GC(10) Concurrent Rebuild Remembered Sets 12.654ms
[2021-11-29T21:16:09.604-0100][10757.646s] GC(10) Pause Cleanup
[2021-11-29T21:16:09.619-0100][10757.661s] GC(10) Pause Cleanup 65M->65M(512M) 14.810ms
[2021-11-29T21:16:09.620-0100][10757.662s] GC(10) User=0.00s Sys=0.00s Real=0.02s
[2021-11-29T21:16:09.620-0100][10757.662s] GC(10) Concurrent Cleanup for Next Mark
[2021-11-29T21:16:09.624-0100][10757.666s] GC(10) Concurrent Cleanup for Next Mark 4.484ms
[2021-11-29T21:16:09.624-0100][10757.666s] GC(10) Concurrent Cycle 382.605ms
[2021-11-30T10:59:51.137-0100][17335.111s] GC(11) Pause Young (Normal) (G1 Evacuation Pause)
[2021-11-30T10:59:51.138-0100][17335.112s] GC(11) Using 10 workers of 10 for evacuation
[2021-11-30T10:59:51.165-0100][17335.139s] GC(11)   Pre Evacuate Collection Set: 1.3ms
[2021-11-30T10:59:51.165-0100][17335.139s] GC(11)   Merge Heap Roots: 1.1ms
[2021-11-30T10:59:51.165-0100][17335.139s] GC(11)   Evacuate Collection Set: 21.2ms
[2021-11-30T10:59:51.165-0100][17335.139s] GC(11)   Post Evacuate Collection Set: 2.6ms
[2021-11-30T10:59:51.165-0100][17335.139s] GC(11)   Other: 1.4ms
[2021-11-30T10:59:51.165-0100][17335.139s] GC(11) Eden regions: 240->0(303)
[2021-11-30T10:59:51.165-0100][17335.139s] GC(11) Survivor regions: 4->4(31)
[2021-11-30T10:59:51.165-0100][17335.139s] GC(11) Old regions: 54->54
[2021-11-30T10:59:51.165-0100][17335.139s] GC(11) Archive regions: 2->2
[2021-11-30T10:59:51.165-0100][17335.139s] GC(11) Humongous regions: 7->7
[2021-11-30T10:59:51.165-0100][17335.139s] GC(11) Metaspace: 61717K(63768K)->61717K(63768K) NonClass: 54764K(56524K)->54764K(56524K) Class: 6952K(7244K)->6952K(7244K)
[2021-11-30T10:59:51.165-0100][17335.139s] GC(11) Pause Young (Normal) (G1 Evacuation Pause) 304M->64M(512M) 27.758ms
[2021-11-30T10:59:51.165-0100][17335.139s] GC(11) User=0.02s Sys=0.11s Real=0.03s
[2021-11-30T15:25:23.200-0100][22980.803s] GC(12) Pause Young (Normal) (G1 Evacuation Pause)
[2021-11-30T15:25:23.201-0100][22980.804s] GC(12) Using 10 workers of 10 for evacuation
[2021-11-30T15:25:23.219-0100][22980.822s] GC(12)   Pre Evacuate Collection Set: 1.3ms
[2021-11-30T15:25:23.219-0100][22980.822s] GC(12)   Merge Heap Roots: 1.0ms
[2021-11-30T15:25:23.219-0100][22980.822s] GC(12)   Evacuate Collection Set: 12.8ms
[2021-11-30T15:25:23.219-0100][22980.822s] GC(12)   Post Evacuate Collection Set: 2.0ms
[2021-11-30T15:25:23.219-0100][22980.822s] GC(12)   Other: 1.7ms
[2021-11-30T15:25:23.219-0100][22980.822s] GC(12) Eden regions: 303->0(303)
[2021-11-30T15:25:23.219-0100][22980.822s] GC(12) Survivor regions: 4->4(39)
[2021-11-30T15:25:23.219-0100][22980.822s] GC(12) Old regions: 54->54
[2021-11-30T15:25:23.219-0100][22980.822s] GC(12) Archive regions: 2->2
[2021-11-30T15:25:23.219-0100][22980.822s] GC(12) Humongous regions: 7->7
[2021-11-30T15:25:23.219-0100][22980.822s] GC(12) Metaspace: 61828K(64024K)->61828K(64024K) NonClass: 54867K(56780K)->54867K(56780K) Class: 6961K(7244K)->6961K(7244K)
[2021-11-30T15:25:23.219-0100][22980.822s] GC(12) Pause Young (Normal) (G1 Evacuation Pause) 367M->64M(512M) 18.970ms
[2021-11-30T15:25:23.219-0100][22980.822s] GC(12) User=0.02s Sys=0.08s Real=0.01s
[2021-11-30T16:36:34.823-0100][27125.160s] GC(13) Pause Young (Normal) (G1 Evacuation Pause)
[2021-11-30T16:36:34.824-0100][27125.161s] GC(13) Using 10 workers of 10 for evacuation
[2021-11-30T16:36:34.850-0100][27125.187s] GC(13)   Pre Evacuate Collection Set: 1.2ms
[2021-11-30T16:36:34.850-0100][27125.187s] GC(13)   Merge Heap Roots: 0.4ms
[2021-11-30T16:36:34.850-0100][27125.187s] GC(13)   Evacuate Collection Set: 19.2ms
[2021-11-30T16:36:34.850-0100][27125.187s] GC(13)   Post Evacuate Collection Set: 3.6ms
[2021-11-30T16:36:34.850-0100][27125.187s] GC(13)   Other: 2.9ms
[2021-11-30T16:36:34.850-0100][27125.187s] GC(13) Eden regions: 303->0(303)
[2021-11-30T16:36:34.850-0100][27125.187s] GC(13) Survivor regions: 4->4(39)
[2021-11-30T16:36:34.850-0100][27125.187s] GC(13) Old regions: 54->54
[2021-11-30T16:36:34.850-0100][27125.187s] GC(13) Archive regions: 2->2
[2021-11-30T16:36:34.850-0100][27125.187s] GC(13) Humongous regions: 7->7
[2021-11-30T16:36:34.850-0100][27125.187s] GC(13) Metaspace: 61858K(64024K)->61858K(64024K) NonClass: 54897K(56780K)->54897K(56780K) Class: 6961K(7244K)->6961K(7244K)
[2021-11-30T16:36:34.851-0100][27125.187s] GC(13) Pause Young (Normal) (G1 Evacuation Pause) 367M->63M(512M) 27.344ms
[2021-11-30T16:36:34.851-0100][27125.188s] GC(13) User=0.03s Sys=0.09s Real=0.03s
[2021-11-30T23:09:45.858-0100][35013.074s] GC(14) Pause Young (Normal) (G1 Evacuation Pause)
[2021-11-30T23:09:45.861-0100][35013.076s] GC(14) Using 10 workers of 10 for evacuation
[2021-11-30T23:09:45.889-0100][35013.104s] GC(14)   Pre Evacuate Collection Set: 3.3ms
[2021-11-30T23:09:45.889-0100][35013.104s] GC(14)   Merge Heap Roots: 1.0ms
[2021-11-30T23:09:45.889-0100][35013.104s] GC(14)   Evacuate Collection Set: 15.9ms
[2021-11-30T23:09:45.889-0100][35013.104s] GC(14)   Post Evacuate Collection Set: 3.5ms
[2021-11-30T23:09:45.889-0100][35013.105s] GC(14)   Other: 11.1ms
[2021-11-30T23:09:45.889-0100][35013.105s] GC(14) Eden regions: 303->0(303)
[2021-11-30T23:09:45.889-0100][35013.105s] GC(14) Survivor regions: 4->4(39)
[2021-11-30T23:09:45.889-0100][35013.105s] GC(14) Old regions: 54->54
[2021-11-30T23:09:45.889-0100][35013.105s] GC(14) Archive regions: 2->2
[2021-11-30T23:09:45.889-0100][35013.105s] GC(14) Humongous regions: 7->7
[2021-11-30T23:09:45.890-0100][35013.106s] GC(14) Metaspace: 61891K(64024K)->61891K(64024K) NonClass: 54929K(56780K)->54929K(56780K) Class: 6962K(7244K)->6962K(7244K)
[2021-11-30T23:09:45.890-0100][35013.106s] GC(14) Pause Young (Normal) (G1 Evacuation Pause) 366M->63M(512M) 33.512ms
[2021-11-30T23:09:45.890-0100][35013.106s] GC(14) User=0.03s Sys=0.09s Real=0.04s
[2021-12-01T09:54:21.579-0100][41519.085s] GC(15) Pause Young (Normal) (G1 Evacuation Pause)
[2021-12-01T09:54:21.580-0100][41519.085s] GC(15) Using 10 workers of 10 for evacuation
[2021-12-01T09:54:21.620-0100][41519.126s] GC(15)   Pre Evacuate Collection Set: 5.3ms
[2021-12-01T09:54:21.620-0100][41519.126s] GC(15)   Merge Heap Roots: 1.6ms
[2021-12-01T09:54:21.620-0100][41519.126s] GC(15)   Evacuate Collection Set: 26.8ms
[2021-12-01T09:54:21.620-0100][41519.126s] GC(15)   Post Evacuate Collection Set: 2.1ms
[2021-12-01T09:54:21.620-0100][41519.126s] GC(15)   Other: 7.4ms
[2021-12-01T09:54:21.620-0100][41519.126s] GC(15) Eden regions: 303->0(303)
[2021-12-01T09:54:21.620-0100][41519.126s] GC(15) Survivor regions: 4->4(39)
[2021-12-01T09:54:21.620-0100][41519.126s] GC(15) Old regions: 54->54
[2021-12-01T09:54:21.621-0100][41519.126s] GC(15) Archive regions: 2->2
[2021-12-01T09:54:21.621-0100][41519.126s] GC(15) Humongous regions: 7->7
[2021-12-01T09:54:21.621-0100][41519.126s] GC(15) Metaspace: 61912K(64024K)->61912K(64024K) NonClass: 54949K(56780K)->54949K(56780K) Class: 6962K(7244K)->6962K(7244K)
[2021-12-01T09:54:21.621-0100][41519.126s] GC(15) Pause Young (Normal) (G1 Evacuation Pause) 366M->64M(512M) 41.222ms
[2021-12-01T09:54:21.621-0100][41519.126s] GC(15) User=0.03s Sys=0.10s Real=0.05s
[2021-12-01T11:28:21.846-0100][46617.784s] GC(16) Pause Young (Normal) (G1 Evacuation Pause)
[2021-12-01T11:28:21.846-0100][46617.785s] GC(16) Using 10 workers of 10 for evacuation
[2021-12-01T11:28:21.853-0100][46617.792s] GC(16)   Pre Evacuate Collection Set: 0.2ms
[2021-12-01T11:28:21.853-0100][46617.792s] GC(16)   Merge Heap Roots: 0.2ms
[2021-12-01T11:28:21.853-0100][46617.792s] GC(16)   Evacuate Collection Set: 5.0ms
[2021-12-01T11:28:21.853-0100][46617.792s] GC(16)   Post Evacuate Collection Set: 0.9ms
[2021-12-01T11:28:21.853-0100][46617.792s] GC(16)   Other: 1.0ms
[2021-12-01T11:28:21.853-0100][46617.792s] GC(16) Eden regions: 303->0(303)
[2021-12-01T11:28:21.853-0100][46617.792s] GC(16) Survivor regions: 4->4(39)
[2021-12-01T11:28:21.853-0100][46617.792s] GC(16) Old regions: 54->54
[2021-12-01T11:28:21.853-0100][46617.792s] GC(16) Archive regions: 2->2
[2021-12-01T11:28:21.853-0100][46617.792s] GC(16) Humongous regions: 7->7
[2021-12-01T11:28:21.853-0100][46617.792s] GC(16) Metaspace: 61920K(64024K)->61920K(64024K) NonClass: 54957K(56780K)->54957K(56780K) Class: 6962K(7244K)->6962K(7244K)
[2021-12-01T11:28:21.854-0100][46617.792s] GC(16) Pause Young (Normal) (G1 Evacuation Pause) 367M->63M(512M) 8.024ms
[2021-12-01T11:28:21.854-0100][46617.792s] GC(16) User=0.02s Sys=0.01s Real=0.01s
[2021-12-01T12:16:58.094-0100][49533.907s] Heap
[2021-12-01T12:16:58.094-0100][49533.907s]  garbage-first heap   total 524288K, used 305106K [0x00000007e0000000, 0x0000000800000000)
[2021-12-01T12:16:58.094-0100][49533.907s]   region size 1024K, 240 young (245760K), 4 survivors (4096K)
[2021-12-01T12:16:58.094-0100][49533.907s]  Metaspace       used 62498K, capacity 63013K, committed 64664K, reserved 1105920K
[2021-12-01T12:16:58.094-0100][49533.907s]   class space    used 7054K, capacity 7231K, committed 7372K, reserved 1048576K
