[2021-12-02T13:47:25.484-0100][0.010s] Using G1
[2021-12-02T13:47:25.941-0100][0.466s] Version: 15.0.2+7 (release)
[2021-12-02T13:47:25.941-0100][0.466s] CPUs: 12 total, 12 available
[2021-12-02T13:47:25.941-0100][0.466s] Memory: 16384M
[2021-12-02T13:47:25.941-0100][0.466s] Large Page Support: Disabled
[2021-12-02T13:47:25.941-0100][0.466s] NUMA Support: Disabled
[2021-12-02T13:47:25.941-0100][0.466s] Compressed Oops: Enabled (Zero based)
[2021-12-02T13:47:25.941-0100][0.466s] Heap Region Size: 1M
[2021-12-02T13:47:25.941-0100][0.466s] Heap Min Capacity: 512M
[2021-12-02T13:47:25.941-0100][0.466s] Heap Initial Capacity: 512M
[2021-12-02T13:47:25.941-0100][0.466s] Heap Max Capacity: 512M
[2021-12-02T13:47:25.941-0100][0.466s] Pre-touch: Enabled
[2021-12-02T13:47:25.941-0100][0.466s] Parallel Workers: 10
[2021-12-02T13:47:25.941-0100][0.466s] Concurrent Workers: 3
[2021-12-02T13:47:25.941-0100][0.466s] Concurrent Refinement Workers: 10
[2021-12-02T13:47:25.941-0100][0.466s] Periodic GC: Disabled
[2021-12-02T13:47:25.941-0100][0.467s] Mark closed archive regions in map: [0x00000007fff00000, 0x00000007fff78ff8]
[2021-12-02T13:47:25.941-0100][0.467s] Mark open archive regions in map: [0x00000007ffe00000, 0x00000007ffe50ff8]
[2021-12-02T13:47:25.941-0100][0.467s] CDS archive(s) mapped at: [0x0000000800000000-0x0000000800b2f000-0x0000000800b2f000), size 11726848, SharedBaseAddress: 0x0000000800000000, ArchiveRelocationMode: 0.
[2021-12-02T13:47:25.941-0100][0.467s] Compressed class space mapped at: 0x0000000800b30000-0x0000000840b30000, size: 1073741824
[2021-12-02T13:47:25.941-0100][0.467s] Narrow klass base: 0x0000000800000000, Narrow klass shift: 3, Narrow klass range: 0x100000000
[2021-12-02T13:47:26.585-0100][1.110s] GC(0) Pause Young (Normal) (G1 Evacuation Pause)
[2021-12-02T13:47:26.585-0100][1.110s] GC(0) Using 10 workers of 10 for evacuation
[2021-12-02T13:47:26.587-0100][1.113s] GC(0)   Pre Evacuate Collection Set: 0.1ms
[2021-12-02T13:47:26.587-0100][1.113s] GC(0)   Merge Heap Roots: 0.1ms
[2021-12-02T13:47:26.587-0100][1.113s] GC(0)   Evacuate Collection Set: 1.5ms
[2021-12-02T13:47:26.587-0100][1.113s] GC(0)   Post Evacuate Collection Set: 0.3ms
[2021-12-02T13:47:26.587-0100][1.113s] GC(0)   Other: 0.5ms
[2021-12-02T13:47:26.587-0100][1.113s] GC(0) Eden regions: 29->0(54)
[2021-12-02T13:47:26.587-0100][1.113s] GC(0) Survivor regions: 0->4(4)
[2021-12-02T13:47:26.587-0100][1.113s] GC(0) Old regions: 0->0
[2021-12-02T13:47:26.587-0100][1.113s] GC(0) Archive regions: 2->2
[2021-12-02T13:47:26.587-0100][1.113s] GC(0) Humongous regions: 0->0
[2021-12-02T13:47:26.587-0100][1.113s] GC(0) Metaspace: 7139K(8064K)->7139K(8064K) NonClass: 6303K(7168K)->6303K(7168K) Class: 836K(896K)->836K(896K)
[2021-12-02T13:47:26.587-0100][1.113s] GC(0) Pause Young (Normal) (G1 Evacuation Pause) 29M->3M(512M) 2.630ms
[2021-12-02T13:47:26.587-0100][1.113s] GC(0) User=0.01s Sys=0.00s Real=0.00s
[2021-12-02T13:47:27.393-0100][1.919s] GC(1) Pause Young (Normal) (G1 Evacuation Pause)
[2021-12-02T13:47:27.393-0100][1.919s] GC(1) Using 10 workers of 10 for evacuation
[2021-12-02T13:47:27.400-0100][1.926s] GC(1)   Pre Evacuate Collection Set: 0.1ms
[2021-12-02T13:47:27.400-0100][1.926s] GC(1)   Merge Heap Roots: 0.1ms
[2021-12-02T13:47:27.400-0100][1.926s] GC(1)   Evacuate Collection Set: 5.8ms
[2021-12-02T13:47:27.400-0100][1.926s] GC(1)   Post Evacuate Collection Set: 0.7ms
[2021-12-02T13:47:27.400-0100][1.926s] GC(1)   Other: 0.1ms
[2021-12-02T13:47:27.400-0100][1.926s] GC(1) Eden regions: 54->0(75)
[2021-12-02T13:47:27.400-0100][1.926s] GC(1) Survivor regions: 4->8(8)
[2021-12-02T13:47:27.400-0100][1.926s] GC(1) Old regions: 0->11
[2021-12-02T13:47:27.400-0100][1.926s] GC(1) Archive regions: 2->2
[2021-12-02T13:47:27.400-0100][1.926s] GC(1) Humongous regions: 4->4
[2021-12-02T13:47:27.400-0100][1.926s] GC(1) Metaspace: 16084K(16896K)->16084K(16896K) NonClass: 14232K(14848K)->14232K(14848K) Class: 1852K(2048K)->1852K(2048K)
[2021-12-02T13:47:27.400-0100][1.926s] GC(1) Pause Young (Normal) (G1 Evacuation Pause) 61M->23M(512M) 6.907ms
[2021-12-02T13:47:27.400-0100][1.926s] GC(1) User=0.05s Sys=0.01s Real=0.01s
[2021-12-02T13:47:27.695-0100][2.221s] GC(2) Pause Young (Concurrent Start) (Metadata GC Threshold)
[2021-12-02T13:47:27.695-0100][2.221s] GC(2) Using 10 workers of 10 for evacuation
[2021-12-02T13:47:27.701-0100][2.226s] GC(2)   Pre Evacuate Collection Set: 0.1ms
[2021-12-02T13:47:27.701-0100][2.226s] GC(2)   Merge Heap Roots: 0.1ms
[2021-12-02T13:47:27.701-0100][2.226s] GC(2)   Evacuate Collection Set: 4.0ms
[2021-12-02T13:47:27.701-0100][2.226s] GC(2)   Post Evacuate Collection Set: 0.7ms
[2021-12-02T13:47:27.701-0100][2.226s] GC(2)   Other: 0.3ms
[2021-12-02T13:47:27.701-0100][2.226s] GC(2) Eden regions: 26->0(121)
[2021-12-02T13:47:27.701-0100][2.226s] GC(2) Survivor regions: 8->2(9)
[2021-12-02T13:47:27.701-0100][2.226s] GC(2) Old regions: 11->19
[2021-12-02T13:47:27.701-0100][2.226s] GC(2) Archive regions: 2->2
[2021-12-02T13:47:27.701-0100][2.226s] GC(2) Humongous regions: 4->4
[2021-12-02T13:47:27.701-0100][2.226s] GC(2) Metaspace: 20446K(21248K)->20446K(21248K) NonClass: 18146K(18688K)->18146K(18688K) Class: 2300K(2560K)->2300K(2560K)
[2021-12-02T13:47:27.701-0100][2.226s] GC(2) Pause Young (Concurrent Start) (Metadata GC Threshold) 48M->24M(512M) 5.333ms
[2021-12-02T13:47:27.701-0100][2.226s] GC(2) User=0.04s Sys=0.00s Real=0.01s
[2021-12-02T13:47:27.701-0100][2.226s] GC(3) Concurrent Cycle
[2021-12-02T13:47:27.701-0100][2.226s] GC(3) Concurrent Clear Claimed Marks
[2021-12-02T13:47:27.701-0100][2.226s] GC(3) Concurrent Clear Claimed Marks 0.022ms
[2021-12-02T13:47:27.701-0100][2.226s] GC(3) Concurrent Scan Root Regions
[2021-12-02T13:47:27.703-0100][2.228s] GC(3) Concurrent Scan Root Regions 1.620ms
[2021-12-02T13:47:27.703-0100][2.228s] GC(3) Concurrent Mark (2.228s)
[2021-12-02T13:47:27.703-0100][2.228s] GC(3) Concurrent Mark From Roots
[2021-12-02T13:47:27.703-0100][2.228s] GC(3) Using 3 workers of 3 for marking
[2021-12-02T13:47:27.709-0100][2.234s] GC(3) Concurrent Mark From Roots 6.283ms
[2021-12-02T13:47:27.709-0100][2.234s] GC(3) Concurrent Preclean
[2021-12-02T13:47:27.709-0100][2.234s] GC(3) Concurrent Preclean 0.039ms
[2021-12-02T13:47:27.709-0100][2.234s] GC(3) Concurrent Mark (2.228s, 2.234s) 6.385ms
[2021-12-02T13:47:27.709-0100][2.235s] GC(3) Pause Remark
[2021-12-02T13:47:27.710-0100][2.235s] GC(3) Pause Remark 26M->26M(512M) 0.933ms
[2021-12-02T13:47:27.710-0100][2.236s] GC(3) User=0.00s Sys=0.00s Real=0.01s
[2021-12-02T13:47:27.710-0100][2.236s] GC(3) Concurrent Rebuild Remembered Sets
[2021-12-02T13:47:27.715-0100][2.241s] GC(3) Concurrent Rebuild Remembered Sets 4.975ms
[2021-12-02T13:47:27.715-0100][2.241s] GC(3) Pause Cleanup
[2021-12-02T13:47:27.716-0100][2.241s] GC(3) Pause Cleanup 26M->26M(512M) 0.125ms
[2021-12-02T13:47:27.716-0100][2.241s] GC(3) User=0.00s Sys=0.00s Real=0.00s
[2021-12-02T13:47:27.716-0100][2.241s] GC(3) Concurrent Cleanup for Next Mark
[2021-12-02T13:47:27.717-0100][2.242s] GC(3) Concurrent Cleanup for Next Mark 0.961ms
[2021-12-02T13:47:27.717-0100][2.242s] GC(3) Concurrent Cycle 15.803ms
[2021-12-02T13:47:29.546-0100][4.072s] GC(4) Pause Young (Concurrent Start) (Metadata GC Threshold)
[2021-12-02T13:47:29.546-0100][4.072s] GC(4) Using 10 workers of 10 for evacuation
[2021-12-02T13:47:29.550-0100][4.076s] GC(4)   Pre Evacuate Collection Set: 0.1ms
[2021-12-02T13:47:29.550-0100][4.076s] GC(4)   Merge Heap Roots: 0.0ms
[2021-12-02T13:47:29.550-0100][4.076s] GC(4)   Evacuate Collection Set: 3.1ms
[2021-12-02T13:47:29.550-0100][4.076s] GC(4)   Post Evacuate Collection Set: 0.6ms
[2021-12-02T13:47:29.550-0100][4.076s] GC(4)   Other: 0.2ms
[2021-12-02T13:47:29.550-0100][4.076s] GC(4) Eden regions: 102->0(298)
[2021-12-02T13:47:29.550-0100][4.076s] GC(4) Survivor regions: 2->9(16)
[2021-12-02T13:47:29.550-0100][4.076s] GC(4) Old regions: 19->19
[2021-12-02T13:47:29.550-0100][4.076s] GC(4) Archive regions: 2->2
[2021-12-02T13:47:29.550-0100][4.076s] GC(4) Humongous regions: 4->4
[2021-12-02T13:47:29.550-0100][4.076s] GC(4) Metaspace: 34793K(35840K)->34793K(35840K) NonClass: 30902K(31744K)->30902K(31744K) Class: 3891K(4096K)->3891K(4096K)
[2021-12-02T13:47:29.550-0100][4.076s] GC(4) Pause Young (Concurrent Start) (Metadata GC Threshold) 126M->32M(512M) 4.167ms
[2021-12-02T13:47:29.550-0100][4.076s] GC(4) User=0.03s Sys=0.00s Real=0.01s
[2021-12-02T13:47:29.550-0100][4.076s] GC(5) Concurrent Cycle
[2021-12-02T13:47:29.550-0100][4.076s] GC(5) Concurrent Clear Claimed Marks
[2021-12-02T13:47:29.550-0100][4.076s] GC(5) Concurrent Clear Claimed Marks 0.024ms
[2021-12-02T13:47:29.550-0100][4.076s] GC(5) Concurrent Scan Root Regions
[2021-12-02T13:47:29.553-0100][4.078s] GC(5) Concurrent Scan Root Regions 2.175ms
[2021-12-02T13:47:29.553-0100][4.078s] GC(5) Concurrent Mark (4.078s)
[2021-12-02T13:47:29.553-0100][4.078s] GC(5) Concurrent Mark From Roots
[2021-12-02T13:47:29.553-0100][4.078s] GC(5) Using 3 workers of 3 for marking
[2021-12-02T13:47:29.561-0100][4.086s] GC(5) Concurrent Mark From Roots 7.951ms
[2021-12-02T13:47:29.561-0100][4.086s] GC(5) Concurrent Preclean
[2021-12-02T13:47:29.561-0100][4.086s] GC(5) Concurrent Preclean 0.062ms
[2021-12-02T13:47:29.561-0100][4.086s] GC(5) Concurrent Mark (4.078s, 4.086s) 8.076ms
[2021-12-02T13:47:29.561-0100][4.086s] GC(5) Pause Remark
[2021-12-02T13:47:29.562-0100][4.087s] GC(5) Pause Remark 34M->34M(512M) 1.023ms
[2021-12-02T13:47:29.562-0100][4.087s] GC(5) User=0.01s Sys=0.00s Real=0.00s
[2021-12-02T13:47:29.562-0100][4.088s] GC(5) Concurrent Rebuild Remembered Sets
[2021-12-02T13:47:29.567-0100][4.093s] GC(5) Concurrent Rebuild Remembered Sets 5.054ms
[2021-12-02T13:47:29.567-0100][4.093s] GC(5) Pause Cleanup
[2021-12-02T13:47:29.567-0100][4.093s] GC(5) Pause Cleanup 34M->34M(512M) 0.121ms
[2021-12-02T13:47:29.568-0100][4.093s] GC(5) User=0.00s Sys=0.00s Real=0.00s
[2021-12-02T13:47:29.568-0100][4.093s] GC(5) Concurrent Cleanup for Next Mark
[2021-12-02T13:47:29.568-0100][4.094s] GC(5) Concurrent Cleanup for Next Mark 0.815ms
[2021-12-02T13:47:29.568-0100][4.094s] GC(5) Concurrent Cycle 18.033ms
[2021-12-02T13:48:03.345-0100][37.871s] GC(6) Pause Young (Normal) (G1 Evacuation Pause)
[2021-12-02T13:48:03.345-0100][37.871s] GC(6) Using 10 workers of 10 for evacuation
[2021-12-02T13:48:03.368-0100][37.893s] GC(6)   Pre Evacuate Collection Set: 0.1ms
[2021-12-02T13:48:03.368-0100][37.893s] GC(6)   Merge Heap Roots: 0.1ms
[2021-12-02T13:48:03.368-0100][37.893s] GC(6)   Evacuate Collection Set: 20.9ms
[2021-12-02T13:48:03.368-0100][37.893s] GC(6)   Post Evacuate Collection Set: 1.1ms
[2021-12-02T13:48:03.368-0100][37.893s] GC(6)   Other: 0.7ms
[2021-12-02T13:48:03.368-0100][37.893s] GC(6) Eden regions: 298->0(276)
[2021-12-02T13:48:03.368-0100][37.893s] GC(6) Survivor regions: 9->31(39)
[2021-12-02T13:48:03.368-0100][37.893s] GC(6) Old regions: 19->19
[2021-12-02T13:48:03.368-0100][37.893s] GC(6) Archive regions: 2->2
[2021-12-02T13:48:03.368-0100][37.893s] GC(6) Humongous regions: 5->4
[2021-12-02T13:48:03.368-0100][37.893s] GC(6) Metaspace: 55424K(57088K)->55424K(57088K) NonClass: 49037K(50432K)->49037K(50432K) Class: 6386K(6656K)->6386K(6656K)
[2021-12-02T13:48:03.368-0100][37.894s] GC(6) Pause Young (Normal) (G1 Evacuation Pause) 331M->54M(512M) 23.039ms
[2021-12-02T13:48:03.368-0100][37.894s] GC(6) User=0.09s Sys=0.06s Real=0.02s
[2021-12-02T13:48:23.936-0100][58.462s] GC(7) Pause Young (Concurrent Start) (Metadata GC Threshold)
[2021-12-02T13:48:23.936-0100][58.462s] GC(7) Using 10 workers of 10 for evacuation
[2021-12-02T13:48:23.956-0100][58.482s] GC(7)   Pre Evacuate Collection Set: 0.1ms
[2021-12-02T13:48:23.956-0100][58.482s] GC(7)   Merge Heap Roots: 0.1ms
[2021-12-02T13:48:23.956-0100][58.482s] GC(7)   Evacuate Collection Set: 19.1ms
[2021-12-02T13:48:23.956-0100][58.482s] GC(7)   Post Evacuate Collection Set: 0.7ms
[2021-12-02T13:48:23.956-0100][58.482s] GC(7)   Other: 0.2ms
[2021-12-02T13:48:23.956-0100][58.482s] GC(7) Eden regions: 34->0(303)
[2021-12-02T13:48:23.956-0100][58.482s] GC(7) Survivor regions: 31->4(39)
[2021-12-02T13:48:23.957-0100][58.482s] GC(7) Old regions: 19->50
[2021-12-02T13:48:23.957-0100][58.482s] GC(7) Archive regions: 2->2
[2021-12-02T13:48:23.957-0100][58.482s] GC(7) Humongous regions: 7->7
[2021-12-02T13:48:23.957-0100][58.482s] GC(7) Metaspace: 58588K(60160K)->58588K(60160K) NonClass: 51792K(53120K)->51792K(53120K) Class: 6796K(7040K)->6796K(7040K)
[2021-12-02T13:48:23.957-0100][58.482s] GC(7) Pause Young (Concurrent Start) (Metadata GC Threshold) 90M->60M(512M) 20.334ms
[2021-12-02T13:48:23.957-0100][58.482s] GC(7) User=0.12s Sys=0.08s Real=0.02s
[2021-12-02T13:48:23.957-0100][58.482s] GC(8) Concurrent Cycle
[2021-12-02T13:48:23.957-0100][58.482s] GC(8) Concurrent Clear Claimed Marks
[2021-12-02T13:48:23.957-0100][58.482s] GC(8) Concurrent Clear Claimed Marks 0.029ms
[2021-12-02T13:48:23.957-0100][58.482s] GC(8) Concurrent Scan Root Regions
[2021-12-02T13:48:23.962-0100][58.488s] GC(8) Concurrent Scan Root Regions 5.464ms
[2021-12-02T13:48:23.962-0100][58.488s] GC(8) Concurrent Mark (58.488s)
[2021-12-02T13:48:23.962-0100][58.488s] GC(8) Concurrent Mark From Roots
[2021-12-02T13:48:23.962-0100][58.488s] GC(8) Using 3 workers of 3 for marking
[2021-12-02T13:48:23.970-0100][58.495s] GC(8) Concurrent Mark From Roots 7.317ms
[2021-12-02T13:48:23.970-0100][58.495s] GC(8) Concurrent Preclean
[2021-12-02T13:48:23.970-0100][58.495s] GC(8) Concurrent Preclean 0.059ms
[2021-12-02T13:48:23.970-0100][58.495s] GC(8) Concurrent Mark (58.488s, 58.495s) 7.439ms
[2021-12-02T13:48:23.970-0100][58.495s] GC(8) Pause Remark
[2021-12-02T13:48:23.971-0100][58.497s] GC(8) Pause Remark 63M->63M(512M) 1.587ms
[2021-12-02T13:48:23.971-0100][58.497s] GC(8) User=0.01s Sys=0.00s Real=0.00s
[2021-12-02T13:48:23.972-0100][58.497s] GC(8) Concurrent Rebuild Remembered Sets
[2021-12-02T13:48:23.983-0100][58.509s] GC(8) Concurrent Rebuild Remembered Sets 11.349ms
[2021-12-02T13:48:23.983-0100][58.509s] GC(8) Pause Cleanup
[2021-12-02T13:48:23.983-0100][58.509s] GC(8) Pause Cleanup 63M->63M(512M) 0.106ms
[2021-12-02T13:48:23.983-0100][58.509s] GC(8) User=0.00s Sys=0.00s Real=0.00s
[2021-12-02T13:48:23.983-0100][58.509s] GC(8) Concurrent Cleanup for Next Mark
[2021-12-02T13:48:23.984-0100][58.510s] GC(8) Concurrent Cleanup for Next Mark 0.545ms
[2021-12-02T13:48:23.984-0100][58.510s] GC(8) Concurrent Cycle 27.396ms
[2021-12-02T14:51:34.064-0100][2049.687s] Heap
[2021-12-02T14:51:34.064-0100][2049.687s]  garbage-first heap   total 524288K, used 236851K [0x00000007e0000000, 0x0000000800000000)
[2021-12-02T14:51:34.064-0100][2049.687s]   region size 1024K, 177 young (181248K), 4 survivors (4096K)
[2021-12-02T14:51:34.064-0100][2049.687s]  Metaspace       used 63087K, capacity 63685K, committed 64768K, reserved 1105920K
[2021-12-02T14:51:34.064-0100][2049.687s]   class space    used 7160K, capacity 7392K, committed 7424K, reserved 1048576K
