[2021-12-02T15:02:30.956-0100][0.008s] Using G1
[2021-12-02T15:02:31.192-0100][0.243s] Version: 15.0.2+7 (release)
[2021-12-02T15:02:31.192-0100][0.243s] CPUs: 12 total, 12 available
[2021-12-02T15:02:31.192-0100][0.243s] Memory: 16384M
[2021-12-02T15:02:31.192-0100][0.243s] Large Page Support: Disabled
[2021-12-02T15:02:31.192-0100][0.243s] NUMA Support: Disabled
[2021-12-02T15:02:31.192-0100][0.243s] Compressed Oops: Enabled (Zero based)
[2021-12-02T15:02:31.192-0100][0.243s] Heap Region Size: 1M
[2021-12-02T15:02:31.192-0100][0.243s] Heap Min Capacity: 512M
[2021-12-02T15:02:31.192-0100][0.243s] Heap Initial Capacity: 512M
[2021-12-02T15:02:31.192-0100][0.243s] Heap Max Capacity: 512M
[2021-12-02T15:02:31.192-0100][0.243s] Pre-touch: Enabled
[2021-12-02T15:02:31.192-0100][0.243s] Parallel Workers: 10
[2021-12-02T15:02:31.192-0100][0.243s] Concurrent Workers: 3
[2021-12-02T15:02:31.192-0100][0.243s] Concurrent Refinement Workers: 10
[2021-12-02T15:02:31.192-0100][0.243s] Periodic GC: Disabled
[2021-12-02T15:02:31.192-0100][0.244s] Mark closed archive regions in map: [0x00000007fff00000, 0x00000007fff78ff8]
[2021-12-02T15:02:31.192-0100][0.244s] Mark open archive regions in map: [0x00000007ffe00000, 0x00000007ffe50ff8]
[2021-12-02T15:02:31.193-0100][0.244s] CDS archive(s) mapped at: [0x0000000800000000-0x0000000800b2f000-0x0000000800b2f000), size 11726848, SharedBaseAddress: 0x0000000800000000, ArchiveRelocationMode: 0.
[2021-12-02T15:02:31.193-0100][0.244s] Compressed class space mapped at: 0x0000000800b30000-0x0000000840b30000, size: 1073741824
[2021-12-02T15:02:31.193-0100][0.244s] Narrow klass base: 0x0000000800000000, Narrow klass shift: 3, Narrow klass range: 0x100000000
[2021-12-02T15:02:31.597-0100][0.648s] GC(0) Pause Young (Normal) (G1 Evacuation Pause)
[2021-12-02T15:02:31.598-0100][0.649s] GC(0) Using 10 workers of 10 for evacuation
[2021-12-02T15:02:31.599-0100][0.650s] GC(0)   Pre Evacuate Collection Set: 0.1ms
[2021-12-02T15:02:31.599-0100][0.651s] GC(0)   Merge Heap Roots: 0.0ms
[2021-12-02T15:02:31.599-0100][0.651s] GC(0)   Evacuate Collection Set: 1.2ms
[2021-12-02T15:02:31.599-0100][0.651s] GC(0)   Post Evacuate Collection Set: 0.3ms
[2021-12-02T15:02:31.599-0100][0.651s] GC(0)   Other: 0.5ms
[2021-12-02T15:02:31.599-0100][0.651s] GC(0) Eden regions: 29->0(54)
[2021-12-02T15:02:31.599-0100][0.651s] GC(0) Survivor regions: 0->4(4)
[2021-12-02T15:02:31.599-0100][0.651s] GC(0) Old regions: 0->0
[2021-12-02T15:02:31.599-0100][0.651s] GC(0) Archive regions: 2->2
[2021-12-02T15:02:31.599-0100][0.651s] GC(0) Humongous regions: 0->0
[2021-12-02T15:02:31.599-0100][0.651s] GC(0) Metaspace: 7135K(8064K)->7135K(8064K) NonClass: 6298K(7168K)->6298K(7168K) Class: 836K(896K)->836K(896K)
[2021-12-02T15:02:31.599-0100][0.651s] GC(0) Pause Young (Normal) (G1 Evacuation Pause) 29M->3M(512M) 2.186ms
[2021-12-02T15:02:31.599-0100][0.651s] GC(0) User=0.01s Sys=0.00s Real=0.00s
[2021-12-02T15:02:32.127-0100][1.178s] GC(1) Pause Young (Normal) (G1 Evacuation Pause)
[2021-12-02T15:02:32.127-0100][1.178s] GC(1) Using 10 workers of 10 for evacuation
[2021-12-02T15:02:32.134-0100][1.185s] GC(1)   Pre Evacuate Collection Set: 0.1ms
[2021-12-02T15:02:32.134-0100][1.185s] GC(1)   Merge Heap Roots: 0.0ms
[2021-12-02T15:02:32.134-0100][1.185s] GC(1)   Evacuate Collection Set: 5.9ms
[2021-12-02T15:02:32.134-0100][1.185s] GC(1)   Post Evacuate Collection Set: 0.9ms
[2021-12-02T15:02:32.134-0100][1.185s] GC(1)   Other: 0.1ms
[2021-12-02T15:02:32.134-0100][1.185s] GC(1) Eden regions: 54->0(75)
[2021-12-02T15:02:32.134-0100][1.185s] GC(1) Survivor regions: 4->8(8)
[2021-12-02T15:02:32.134-0100][1.185s] GC(1) Old regions: 0->11
[2021-12-02T15:02:32.134-0100][1.185s] GC(1) Archive regions: 2->2
[2021-12-02T15:02:32.134-0100][1.185s] GC(1) Humongous regions: 4->4
[2021-12-02T15:02:32.134-0100][1.185s] GC(1) Metaspace: 16092K(16896K)->16092K(16896K) NonClass: 14241K(14848K)->14241K(14848K) Class: 1850K(2048K)->1850K(2048K)
[2021-12-02T15:02:32.134-0100][1.185s] GC(1) Pause Young (Normal) (G1 Evacuation Pause) 61M->23M(512M) 7.166ms
[2021-12-02T15:02:32.134-0100][1.185s] GC(1) User=0.06s Sys=0.00s Real=0.01s
[2021-12-02T15:02:32.381-0100][1.433s] GC(2) Pause Young (Concurrent Start) (Metadata GC Threshold)
[2021-12-02T15:02:32.381-0100][1.433s] GC(2) Using 10 workers of 10 for evacuation
[2021-12-02T15:02:32.386-0100][1.437s] GC(2)   Pre Evacuate Collection Set: 0.1ms
[2021-12-02T15:02:32.386-0100][1.437s] GC(2)   Merge Heap Roots: 0.1ms
[2021-12-02T15:02:32.386-0100][1.437s] GC(2)   Evacuate Collection Set: 3.3ms
[2021-12-02T15:02:32.386-0100][1.437s] GC(2)   Post Evacuate Collection Set: 0.5ms
[2021-12-02T15:02:32.386-0100][1.437s] GC(2)   Other: 0.2ms
[2021-12-02T15:02:32.386-0100][1.437s] GC(2) Eden regions: 26->0(120)
[2021-12-02T15:02:32.386-0100][1.437s] GC(2) Survivor regions: 8->2(11)
[2021-12-02T15:02:32.386-0100][1.437s] GC(2) Old regions: 11->19
[2021-12-02T15:02:32.386-0100][1.437s] GC(2) Archive regions: 2->2
[2021-12-02T15:02:32.386-0100][1.437s] GC(2) Humongous regions: 4->4
[2021-12-02T15:02:32.386-0100][1.437s] GC(2) Metaspace: 20521K(21248K)->20521K(21248K) NonClass: 18215K(18688K)->18215K(18688K) Class: 2306K(2560K)->2306K(2560K)
[2021-12-02T15:02:32.386-0100][1.437s] GC(2) Pause Young (Concurrent Start) (Metadata GC Threshold) 49M->24M(512M) 4.383ms
[2021-12-02T15:02:32.386-0100][1.437s] GC(2) User=0.03s Sys=0.00s Real=0.00s
[2021-12-02T15:02:32.386-0100][1.437s] GC(3) Concurrent Cycle
[2021-12-02T15:02:32.386-0100][1.437s] GC(3) Concurrent Clear Claimed Marks
[2021-12-02T15:02:32.386-0100][1.437s] GC(3) Concurrent Clear Claimed Marks 0.023ms
[2021-12-02T15:02:32.386-0100][1.437s] GC(3) Concurrent Scan Root Regions
[2021-12-02T15:02:32.387-0100][1.439s] GC(3) Concurrent Scan Root Regions 1.469ms
[2021-12-02T15:02:32.387-0100][1.439s] GC(3) Concurrent Mark (1.439s)
[2021-12-02T15:02:32.387-0100][1.439s] GC(3) Concurrent Mark From Roots
[2021-12-02T15:02:32.387-0100][1.439s] GC(3) Using 3 workers of 3 for marking
[2021-12-02T15:02:32.395-0100][1.446s] GC(3) Concurrent Mark From Roots 7.165ms
[2021-12-02T15:02:32.395-0100][1.446s] GC(3) Concurrent Preclean
[2021-12-02T15:02:32.395-0100][1.446s] GC(3) Concurrent Preclean 0.044ms
[2021-12-02T15:02:32.395-0100][1.446s] GC(3) Concurrent Mark (1.439s, 1.446s) 7.282ms
[2021-12-02T15:02:32.395-0100][1.446s] GC(3) Pause Remark
[2021-12-02T15:02:32.396-0100][1.447s] GC(3) Pause Remark 26M->26M(512M) 0.917ms
[2021-12-02T15:02:32.396-0100][1.447s] GC(3) User=0.01s Sys=0.00s Real=0.00s
[2021-12-02T15:02:32.396-0100][1.447s] GC(3) Concurrent Rebuild Remembered Sets
[2021-12-02T15:02:32.401-0100][1.452s] GC(3) Concurrent Rebuild Remembered Sets 5.031ms
[2021-12-02T15:02:32.401-0100][1.452s] GC(3) Pause Cleanup
[2021-12-02T15:02:32.401-0100][1.453s] GC(3) Pause Cleanup 26M->26M(512M) 0.122ms
[2021-12-02T15:02:32.401-0100][1.453s] GC(3) User=0.01s Sys=0.00s Real=0.00s
[2021-12-02T15:02:32.401-0100][1.453s] GC(3) Concurrent Cleanup for Next Mark
[2021-12-02T15:02:32.402-0100][1.453s] GC(3) Concurrent Cleanup for Next Mark 0.812ms
[2021-12-02T15:02:32.402-0100][1.454s] GC(3) Concurrent Cycle 16.428ms
[2021-12-02T15:02:33.857-0100][2.909s] GC(4) Pause Young (Concurrent Start) (Metadata GC Threshold)
[2021-12-02T15:02:33.857-0100][2.909s] GC(4) Using 10 workers of 10 for evacuation
[2021-12-02T15:02:33.861-0100][2.912s] GC(4)   Pre Evacuate Collection Set: 0.1ms
[2021-12-02T15:02:33.861-0100][2.912s] GC(4)   Merge Heap Roots: 0.1ms
[2021-12-02T15:02:33.861-0100][2.912s] GC(4)   Evacuate Collection Set: 2.8ms
[2021-12-02T15:02:33.861-0100][2.912s] GC(4)   Post Evacuate Collection Set: 0.5ms
[2021-12-02T15:02:33.861-0100][2.912s] GC(4)   Other: 0.2ms
[2021-12-02T15:02:33.861-0100][2.912s] GC(4) Eden regions: 94->0(297)
[2021-12-02T15:02:33.861-0100][2.912s] GC(4) Survivor regions: 2->10(16)
[2021-12-02T15:02:33.861-0100][2.912s] GC(4) Old regions: 19->19
[2021-12-02T15:02:33.861-0100][2.912s] GC(4) Archive regions: 2->2
[2021-12-02T15:02:33.861-0100][2.912s] GC(4) Humongous regions: 4->4
[2021-12-02T15:02:33.861-0100][2.912s] GC(4) Metaspace: 34770K(35840K)->34770K(35840K) NonClass: 30882K(31744K)->30882K(31744K) Class: 3887K(4096K)->3887K(4096K)
[2021-12-02T15:02:33.861-0100][2.913s] GC(4) Pause Young (Concurrent Start) (Metadata GC Threshold) 118M->32M(512M) 3.824ms
[2021-12-02T15:02:33.861-0100][2.913s] GC(4) User=0.03s Sys=0.00s Real=0.01s
[2021-12-02T15:02:33.861-0100][2.913s] GC(5) Concurrent Cycle
[2021-12-02T15:02:33.861-0100][2.913s] GC(5) Concurrent Clear Claimed Marks
[2021-12-02T15:02:33.861-0100][2.913s] GC(5) Concurrent Clear Claimed Marks 0.021ms
[2021-12-02T15:02:33.861-0100][2.913s] GC(5) Concurrent Scan Root Regions
[2021-12-02T15:02:33.864-0100][2.915s] GC(5) Concurrent Scan Root Regions 2.201ms
[2021-12-02T15:02:33.864-0100][2.915s] GC(5) Concurrent Mark (2.915s)
[2021-12-02T15:02:33.864-0100][2.915s] GC(5) Concurrent Mark From Roots
[2021-12-02T15:02:33.864-0100][2.915s] GC(5) Using 3 workers of 3 for marking
[2021-12-02T15:02:33.872-0100][2.923s] GC(5) Concurrent Mark From Roots 8.453ms
[2021-12-02T15:02:33.872-0100][2.923s] GC(5) Concurrent Preclean
[2021-12-02T15:02:33.872-0100][2.924s] GC(5) Concurrent Preclean 0.091ms
[2021-12-02T15:02:33.872-0100][2.924s] GC(5) Concurrent Mark (2.915s, 2.924s) 8.631ms
[2021-12-02T15:02:33.872-0100][2.924s] GC(5) Pause Remark
[2021-12-02T15:02:33.873-0100][2.925s] GC(5) Pause Remark 34M->34M(512M) 0.999ms
[2021-12-02T15:02:33.874-0100][2.925s] GC(5) User=0.00s Sys=0.00s Real=0.00s
[2021-12-02T15:02:33.874-0100][2.925s] GC(5) Concurrent Rebuild Remembered Sets
[2021-12-02T15:02:33.879-0100][2.930s] GC(5) Concurrent Rebuild Remembered Sets 5.188ms
[2021-12-02T15:02:33.879-0100][2.930s] GC(5) Pause Cleanup
[2021-12-02T15:02:33.879-0100][2.930s] GC(5) Pause Cleanup 35M->35M(512M) 0.108ms
[2021-12-02T15:02:33.879-0100][2.930s] GC(5) User=0.00s Sys=0.00s Real=0.00s
[2021-12-02T15:02:33.879-0100][2.931s] GC(5) Concurrent Cleanup for Next Mark
[2021-12-02T15:02:33.880-0100][2.931s] GC(5) Concurrent Cleanup for Next Mark 0.759ms
[2021-12-02T15:02:33.880-0100][2.931s] GC(5) Concurrent Cycle 18.731ms
[2021-12-02T15:03:07.915-0100][36.966s] GC(6) Pause Young (Normal) (G1 Evacuation Pause)
[2021-12-02T15:03:07.915-0100][36.966s] GC(6) Using 10 workers of 10 for evacuation
[2021-12-02T15:03:07.924-0100][36.975s] GC(6)   Pre Evacuate Collection Set: 0.1ms
[2021-12-02T15:03:07.924-0100][36.975s] GC(6)   Merge Heap Roots: 0.1ms
[2021-12-02T15:03:07.924-0100][36.975s] GC(6)   Evacuate Collection Set: 8.1ms
[2021-12-02T15:03:07.924-0100][36.975s] GC(6)   Post Evacuate Collection Set: 0.9ms
[2021-12-02T15:03:07.924-0100][36.975s] GC(6)   Other: 0.2ms
[2021-12-02T15:03:07.924-0100][36.975s] GC(6) Eden regions: 297->0(276)
[2021-12-02T15:03:07.924-0100][36.975s] GC(6) Survivor regions: 10->31(39)
[2021-12-02T15:03:07.924-0100][36.975s] GC(6) Old regions: 19->19
[2021-12-02T15:03:07.924-0100][36.975s] GC(6) Archive regions: 2->2
[2021-12-02T15:03:07.924-0100][36.975s] GC(6) Humongous regions: 5->4
[2021-12-02T15:03:07.924-0100][36.976s] GC(6) Metaspace: 55496K(57088K)->55496K(57088K) NonClass: 49067K(50432K)->49067K(50432K) Class: 6429K(6656K)->6429K(6656K)
[2021-12-02T15:03:07.924-0100][36.976s] GC(6) Pause Young (Normal) (G1 Evacuation Pause) 330M->54M(512M) 9.493ms
[2021-12-02T15:03:07.924-0100][36.976s] GC(6) User=0.08s Sys=0.00s Real=0.01s
[2021-12-02T15:17:36.406-0100][749.963s] GC(7) Pause Young (Concurrent Start) (Metadata GC Threshold)
[2021-12-02T15:17:36.406-0100][749.963s] GC(7) Using 10 workers of 10 for evacuation
[2021-12-02T15:17:36.443-0100][750.000s] GC(7)   Pre Evacuate Collection Set: 0.2ms
[2021-12-02T15:17:36.443-0100][750.000s] GC(7)   Merge Heap Roots: 0.1ms
[2021-12-02T15:17:36.443-0100][750.000s] GC(7)   Evacuate Collection Set: 34.9ms
[2021-12-02T15:17:36.443-0100][750.000s] GC(7)   Post Evacuate Collection Set: 0.8ms
[2021-12-02T15:17:36.443-0100][750.000s] GC(7)   Other: 0.8ms
[2021-12-02T15:17:36.443-0100][750.000s] GC(7) Eden regions: 70->0(302)
[2021-12-02T15:17:36.443-0100][750.000s] GC(7) Survivor regions: 31->5(39)
[2021-12-02T15:17:36.443-0100][750.000s] GC(7) Old regions: 19->49
[2021-12-02T15:17:36.443-0100][750.000s] GC(7) Archive regions: 2->2
[2021-12-02T15:17:36.443-0100][750.000s] GC(7) Humongous regions: 7->7
[2021-12-02T15:17:36.443-0100][750.000s] GC(7) Metaspace: 58558K(60160K)->58558K(60160K) NonClass: 51819K(53120K)->51819K(53120K) Class: 6738K(7040K)->6738K(7040K)
[2021-12-02T15:17:36.443-0100][750.000s] GC(7) Pause Young (Concurrent Start) (Metadata GC Threshold) 126M->60M(512M) 36.918ms
[2021-12-02T15:17:36.443-0100][750.000s] GC(7) User=0.09s Sys=0.18s Real=0.04s
[2021-12-02T15:17:36.443-0100][750.000s] GC(8) Concurrent Cycle
[2021-12-02T15:17:36.443-0100][750.000s] GC(8) Concurrent Clear Claimed Marks
[2021-12-02T15:17:36.443-0100][750.000s] GC(8) Concurrent Clear Claimed Marks 0.038ms
[2021-12-02T15:17:36.443-0100][750.000s] GC(8) Concurrent Scan Root Regions
[2021-12-02T15:17:36.449-0100][750.006s] GC(8) Concurrent Scan Root Regions 6.326ms
[2021-12-02T15:17:36.449-0100][750.006s] GC(8) Concurrent Mark (750.006s)
[2021-12-02T15:17:36.449-0100][750.006s] GC(8) Concurrent Mark From Roots
[2021-12-02T15:17:36.449-0100][750.006s] GC(8) Using 3 workers of 3 for marking
[2021-12-02T15:17:36.460-0100][750.017s] GC(8) Concurrent Mark From Roots 11.114ms
[2021-12-02T15:17:36.460-0100][750.018s] GC(8) Concurrent Preclean
[2021-12-02T15:17:36.461-0100][750.018s] GC(8) Concurrent Preclean 0.122ms
[2021-12-02T15:17:36.461-0100][750.018s] GC(8) Concurrent Mark (750.006s, 750.018s) 11.293ms
[2021-12-02T15:17:36.461-0100][750.018s] GC(8) Pause Remark
[2021-12-02T15:17:36.489-0100][750.046s] GC(8) Pause Remark 64M->64M(512M) 28.668ms
[2021-12-02T15:17:36.489-0100][750.046s] GC(8) User=0.03s Sys=0.13s Real=0.02s
[2021-12-02T15:17:36.489-0100][750.047s] GC(8) Concurrent Rebuild Remembered Sets
[2021-12-02T15:17:36.499-0100][750.056s] GC(8) Concurrent Rebuild Remembered Sets 9.858ms
[2021-12-02T15:17:36.500-0100][750.057s] GC(8) Pause Cleanup
[2021-12-02T15:17:36.500-0100][750.057s] GC(8) Pause Cleanup 65M->65M(512M) 0.100ms
[2021-12-02T15:17:36.500-0100][750.057s] GC(8) User=0.00s Sys=0.00s Real=0.00s
[2021-12-02T15:17:36.500-0100][750.057s] GC(8) Concurrent Cleanup for Next Mark
[2021-12-02T15:17:36.501-0100][750.058s] GC(8) Concurrent Cleanup for Next Mark 0.655ms
[2021-12-02T15:17:36.501-0100][750.058s] GC(8) Concurrent Cycle 57.912ms
[2021-12-02T15:23:08.682-0100][1082.240s] GC(9) Pause Young (Concurrent Start) (G1 Evacuation Pause)
[2021-12-02T15:23:08.682-0100][1082.240s] GC(9) Using 10 workers of 10 for evacuation
[2021-12-02T15:23:08.693-0100][1082.250s] GC(9)   Pre Evacuate Collection Set: 0.2ms
[2021-12-02T15:23:08.693-0100][1082.250s] GC(9)   Merge Heap Roots: 0.1ms
[2021-12-02T15:23:08.693-0100][1082.250s] GC(9)   Evacuate Collection Set: 9.0ms
[2021-12-02T15:23:08.693-0100][1082.250s] GC(9)   Post Evacuate Collection Set: 0.9ms
[2021-12-02T15:23:08.693-0100][1082.250s] GC(9)   Other: 0.4ms
[2021-12-02T15:23:08.693-0100][1082.250s] GC(9) Eden regions: 302->0(284)
[2021-12-02T15:23:08.693-0100][1082.250s] GC(9) Survivor regions: 5->23(39)
[2021-12-02T15:23:08.693-0100][1082.250s] GC(9) Old regions: 49->49
[2021-12-02T15:23:08.693-0100][1082.250s] GC(9) Archive regions: 2->2
[2021-12-02T15:23:08.693-0100][1082.250s] GC(9) Humongous regions: 7->7
[2021-12-02T15:23:08.693-0100][1082.250s] GC(9) Metaspace: 61503K(63052K)->61503K(63052K) NonClass: 54415K(55756K)->54415K(55756K) Class: 7087K(7296K)->7087K(7296K)
[2021-12-02T15:23:08.693-0100][1082.250s] GC(9) Pause Young (Concurrent Start) (G1 Evacuation Pause) 362M->79M(512M) 10.678ms
[2021-12-02T15:23:08.693-0100][1082.250s] GC(9) User=0.08s Sys=0.00s Real=0.01s
[2021-12-02T15:23:08.693-0100][1082.250s] GC(10) Concurrent Cycle
[2021-12-02T15:23:08.693-0100][1082.250s] GC(10) Concurrent Clear Claimed Marks
[2021-12-02T15:23:08.693-0100][1082.250s] GC(10) Concurrent Clear Claimed Marks 0.072ms
[2021-12-02T15:23:08.693-0100][1082.251s] GC(10) Concurrent Scan Root Regions
[2021-12-02T15:23:08.701-0100][1082.259s] GC(10) Concurrent Scan Root Regions 8.374ms
[2021-12-02T15:23:08.702-0100][1082.259s] GC(10) Concurrent Mark (1082.259s)
[2021-12-02T15:23:08.702-0100][1082.259s] GC(10) Concurrent Mark From Roots
[2021-12-02T15:23:08.702-0100][1082.259s] GC(10) Using 3 workers of 3 for marking
[2021-12-02T15:23:08.734-0100][1082.292s] GC(10) Concurrent Mark From Roots 32.703ms
[2021-12-02T15:23:08.734-0100][1082.292s] GC(10) Concurrent Preclean
[2021-12-02T15:23:08.735-0100][1082.292s] GC(10) Concurrent Preclean 0.270ms
[2021-12-02T15:23:08.735-0100][1082.292s] GC(10) Concurrent Mark (1082.259s, 1082.292s) 33.077ms
[2021-12-02T15:23:08.735-0100][1082.292s] GC(10) Pause Remark
[2021-12-02T15:23:08.740-0100][1082.298s] GC(10) Pause Remark 102M->102M(512M) 5.478ms
[2021-12-02T15:23:08.740-0100][1082.298s] GC(10) User=0.05s Sys=0.00s Real=0.01s
[2021-12-02T15:23:08.740-0100][1082.298s] GC(10) Concurrent Rebuild Remembered Sets
[2021-12-02T15:23:08.763-0100][1082.321s] GC(10) Concurrent Rebuild Remembered Sets 22.849ms
[2021-12-02T15:23:08.764-0100][1082.322s] GC(10) Pause Cleanup
[2021-12-02T15:23:08.764-0100][1082.322s] GC(10) Pause Cleanup 115M->115M(512M) 0.175ms
[2021-12-02T15:23:08.764-0100][1082.322s] GC(10) User=0.00s Sys=0.01s Real=0.00s
[2021-12-02T15:23:08.765-0100][1082.322s] GC(10) Concurrent Cleanup for Next Mark
[2021-12-02T15:23:08.766-0100][1082.324s] GC(10) Concurrent Cleanup for Next Mark 1.876ms
[2021-12-02T15:23:08.766-0100][1082.324s] GC(10) Concurrent Cycle 73.471ms
[2021-12-02T16:00:19.889-0100][3313.426s] GC(11) Pause Young (Normal) (G1 Evacuation Pause)
[2021-12-02T16:00:19.889-0100][3313.426s] GC(11) Using 10 workers of 10 for evacuation
[2021-12-02T16:00:19.974-0100][3313.511s] GC(11)   Pre Evacuate Collection Set: 0.5ms
[2021-12-02T16:00:19.974-0100][3313.511s] GC(11)   Merge Heap Roots: 0.2ms
[2021-12-02T16:00:19.974-0100][3313.511s] GC(11)   Evacuate Collection Set: 83.3ms
[2021-12-02T16:00:19.974-0100][3313.511s] GC(11)   Post Evacuate Collection Set: 1.0ms
[2021-12-02T16:00:19.974-0100][3313.511s] GC(11)   Other: 0.6ms
[2021-12-02T16:00:19.974-0100][3313.511s] GC(11) Eden regions: 284->0(293)
[2021-12-02T16:00:19.974-0100][3313.511s] GC(11) Survivor regions: 23->14(39)
[2021-12-02T16:00:19.974-0100][3313.511s] GC(11) Old regions: 49->65
[2021-12-02T16:00:19.974-0100][3313.511s] GC(11) Archive regions: 2->2
[2021-12-02T16:00:19.974-0100][3313.511s] GC(11) Humongous regions: 7->7
[2021-12-02T16:00:19.974-0100][3313.511s] GC(11) Metaspace: 63415K(65228K)->63415K(65228K) NonClass: 56226K(57804K)->56226K(57804K) Class: 7189K(7424K)->7189K(7424K)
[2021-12-02T16:00:19.974-0100][3313.511s] GC(11) Pause Young (Normal) (G1 Evacuation Pause) 363M->86M(512M) 85.690ms
[2021-12-02T16:00:19.974-0100][3313.512s] GC(11) User=0.11s Sys=0.36s Real=0.09s
[2021-12-02T18:31:18.314-0100][7311.786s] GC(12) Pause Young (Normal) (G1 Evacuation Pause)
[2021-12-02T18:31:18.314-0100][7311.786s] GC(12) Using 10 workers of 10 for evacuation
[2021-12-02T18:31:18.446-0100][7311.918s] GC(12)   Pre Evacuate Collection Set: 1.7ms
[2021-12-02T18:31:18.446-0100][7311.918s] GC(12)   Merge Heap Roots: 0.3ms
[2021-12-02T18:31:18.446-0100][7311.918s] GC(12)   Evacuate Collection Set: 107.6ms
[2021-12-02T18:31:18.446-0100][7311.918s] GC(12)   Post Evacuate Collection Set: 21.8ms
[2021-12-02T18:31:18.446-0100][7311.919s] GC(12)   Other: 1.3ms
[2021-12-02T18:31:18.446-0100][7311.919s] GC(12) Eden regions: 293->0(287)
[2021-12-02T18:31:18.446-0100][7311.919s] GC(12) Survivor regions: 14->20(39)
[2021-12-02T18:31:18.446-0100][7311.919s] GC(12) Old regions: 65->65
[2021-12-02T18:31:18.446-0100][7311.919s] GC(12) Archive regions: 2->2
[2021-12-02T18:31:18.446-0100][7311.919s] GC(12) Humongous regions: 7->7
[2021-12-02T18:31:18.446-0100][7311.919s] GC(12) Metaspace: 65003K(66636K)->65003K(66636K) NonClass: 57749K(59084K)->57749K(59084K) Class: 7253K(7552K)->7253K(7552K)
[2021-12-02T18:31:18.446-0100][7311.919s] GC(12) Pause Young (Normal) (G1 Evacuation Pause) 379M->92M(512M) 132.909ms
[2021-12-02T18:31:18.446-0100][7311.919s] GC(12) User=0.11s Sys=0.46s Real=0.13s
[2021-12-02T18:36:46.427-0100][7639.915s] Heap
[2021-12-02T18:36:46.427-0100][7639.915s]  garbage-first heap   total 524288K, used 138938K [0x00000007e0000000, 0x0000000800000000)
[2021-12-02T18:36:46.427-0100][7639.915s]   region size 1024K, 65 young (66560K), 20 survivors (20480K)
[2021-12-02T18:36:46.427-0100][7639.915s]  Metaspace       used 65352K, capacity 66200K, committed 66892K, reserved 1107968K
[2021-12-02T18:36:46.427-0100][7639.915s]   class space    used 7287K, capacity 7552K, committed 7552K, reserved 1048576K
