[2021-12-02T14:54:20.010-0100][0.009s] Using G1
[2021-12-02T14:54:20.230-0100][0.229s] Version: 15.0.2+7 (release)
[2021-12-02T14:54:20.230-0100][0.229s] CPUs: 12 total, 12 available
[2021-12-02T14:54:20.230-0100][0.229s] Memory: 16384M
[2021-12-02T14:54:20.230-0100][0.229s] Large Page Support: Disabled
[2021-12-02T14:54:20.230-0100][0.229s] NUMA Support: Disabled
[2021-12-02T14:54:20.230-0100][0.229s] Compressed Oops: Enabled (Zero based)
[2021-12-02T14:54:20.230-0100][0.229s] Heap Region Size: 1M
[2021-12-02T14:54:20.230-0100][0.229s] Heap Min Capacity: 512M
[2021-12-02T14:54:20.230-0100][0.229s] Heap Initial Capacity: 512M
[2021-12-02T14:54:20.230-0100][0.229s] Heap Max Capacity: 512M
[2021-12-02T14:54:20.230-0100][0.229s] Pre-touch: Enabled
[2021-12-02T14:54:20.230-0100][0.229s] Parallel Workers: 10
[2021-12-02T14:54:20.230-0100][0.229s] Concurrent Workers: 3
[2021-12-02T14:54:20.230-0100][0.229s] Concurrent Refinement Workers: 10
[2021-12-02T14:54:20.230-0100][0.229s] Periodic GC: Disabled
[2021-12-02T14:54:20.230-0100][0.230s] Mark closed archive regions in map: [0x00000007fff00000, 0x00000007fff78ff8]
[2021-12-02T14:54:20.231-0100][0.230s] Mark open archive regions in map: [0x00000007ffe00000, 0x00000007ffe50ff8]
[2021-12-02T14:54:20.231-0100][0.230s] CDS archive(s) mapped at: [0x0000000800000000-0x0000000800b2f000-0x0000000800b2f000), size 11726848, SharedBaseAddress: 0x0000000800000000, ArchiveRelocationMode: 0.
[2021-12-02T14:54:20.231-0100][0.230s] Compressed class space mapped at: 0x0000000800b30000-0x0000000840b30000, size: 1073741824
[2021-12-02T14:54:20.231-0100][0.230s] Narrow klass base: 0x0000000800000000, Narrow klass shift: 3, Narrow klass range: 0x100000000
[2021-12-02T14:54:20.789-0100][0.788s] GC(0) Pause Young (Normal) (G1 Evacuation Pause)
[2021-12-02T14:54:20.789-0100][0.788s] GC(0) Using 10 workers of 10 for evacuation
[2021-12-02T14:54:20.792-0100][0.791s] GC(0)   Pre Evacuate Collection Set: 0.1ms
[2021-12-02T14:54:20.792-0100][0.791s] GC(0)   Merge Heap Roots: 0.0ms
[2021-12-02T14:54:20.792-0100][0.791s] GC(0)   Evacuate Collection Set: 2.1ms
[2021-12-02T14:54:20.792-0100][0.791s] GC(0)   Post Evacuate Collection Set: 0.4ms
[2021-12-02T14:54:20.792-0100][0.791s] GC(0)   Other: 0.6ms
[2021-12-02T14:54:20.792-0100][0.791s] GC(0) Eden regions: 29->0(54)
[2021-12-02T14:54:20.792-0100][0.791s] GC(0) Survivor regions: 0->4(4)
[2021-12-02T14:54:20.792-0100][0.791s] GC(0) Old regions: 0->0
[2021-12-02T14:54:20.792-0100][0.791s] GC(0) Archive regions: 2->2
[2021-12-02T14:54:20.792-0100][0.791s] GC(0) Humongous regions: 0->0
[2021-12-02T14:54:20.792-0100][0.791s] GC(0) Metaspace: 7315K(8192K)->7315K(8192K) NonClass: 6460K(7168K)->6460K(7168K) Class: 855K(1024K)->855K(1024K)
[2021-12-02T14:54:20.792-0100][0.791s] GC(0) Pause Young (Normal) (G1 Evacuation Pause) 29M->3M(512M) 3.353ms
[2021-12-02T14:54:20.792-0100][0.791s] GC(0) User=0.02s Sys=0.00s Real=0.01s
[2021-12-02T14:54:21.519-0100][1.518s] GC(1) Pause Young (Normal) (G1 Evacuation Pause)
[2021-12-02T14:54:21.519-0100][1.518s] GC(1) Using 10 workers of 10 for evacuation
[2021-12-02T14:54:21.527-0100][1.526s] GC(1)   Pre Evacuate Collection Set: 0.1ms
[2021-12-02T14:54:21.527-0100][1.526s] GC(1)   Merge Heap Roots: 0.1ms
[2021-12-02T14:54:21.527-0100][1.526s] GC(1)   Evacuate Collection Set: 7.3ms
[2021-12-02T14:54:21.527-0100][1.526s] GC(1)   Post Evacuate Collection Set: 0.9ms
[2021-12-02T14:54:21.527-0100][1.526s] GC(1)   Other: 0.1ms
[2021-12-02T14:54:21.527-0100][1.526s] GC(1) Eden regions: 54->0(75)
[2021-12-02T14:54:21.527-0100][1.526s] GC(1) Survivor regions: 4->8(8)
[2021-12-02T14:54:21.527-0100][1.526s] GC(1) Old regions: 0->11
[2021-12-02T14:54:21.527-0100][1.526s] GC(1) Archive regions: 2->2
[2021-12-02T14:54:21.527-0100][1.526s] GC(1) Humongous regions: 4->4
[2021-12-02T14:54:21.527-0100][1.526s] GC(1) Metaspace: 16054K(16896K)->16054K(16896K) NonClass: 14203K(14848K)->14203K(14848K) Class: 1850K(2048K)->1850K(2048K)
[2021-12-02T14:54:21.527-0100][1.526s] GC(1) Pause Young (Normal) (G1 Evacuation Pause) 61M->23M(512M) 8.670ms
[2021-12-02T14:54:21.527-0100][1.526s] GC(1) User=0.07s Sys=0.01s Real=0.01s
[2021-12-02T14:54:21.802-0100][1.801s] GC(2) Pause Young (Concurrent Start) (Metadata GC Threshold)
[2021-12-02T14:54:21.802-0100][1.801s] GC(2) Using 10 workers of 10 for evacuation
[2021-12-02T14:54:21.806-0100][1.805s] GC(2)   Pre Evacuate Collection Set: 0.1ms
[2021-12-02T14:54:21.806-0100][1.805s] GC(2)   Merge Heap Roots: 0.1ms
[2021-12-02T14:54:21.806-0100][1.805s] GC(2)   Evacuate Collection Set: 3.2ms
[2021-12-02T14:54:21.806-0100][1.805s] GC(2)   Post Evacuate Collection Set: 0.6ms
[2021-12-02T14:54:21.806-0100][1.805s] GC(2)   Other: 0.2ms
[2021-12-02T14:54:21.806-0100][1.805s] GC(2) Eden regions: 26->0(125)
[2021-12-02T14:54:21.806-0100][1.805s] GC(2) Survivor regions: 8->2(10)
[2021-12-02T14:54:21.806-0100][1.805s] GC(2) Old regions: 11->20
[2021-12-02T14:54:21.806-0100][1.805s] GC(2) Archive regions: 2->2
[2021-12-02T14:54:21.806-0100][1.805s] GC(2) Humongous regions: 4->4
[2021-12-02T14:54:21.806-0100][1.805s] GC(2) Metaspace: 20420K(21248K)->20420K(21248K) NonClass: 18121K(18688K)->18121K(18688K) Class: 2299K(2560K)->2299K(2560K)
[2021-12-02T14:54:21.806-0100][1.805s] GC(2) Pause Young (Concurrent Start) (Metadata GC Threshold) 48M->25M(512M) 4.343ms
[2021-12-02T14:54:21.806-0100][1.805s] GC(2) User=0.03s Sys=0.01s Real=0.00s
[2021-12-02T14:54:21.806-0100][1.806s] GC(3) Concurrent Cycle
[2021-12-02T14:54:21.806-0100][1.806s] GC(3) Concurrent Clear Claimed Marks
[2021-12-02T14:54:21.806-0100][1.806s] GC(3) Concurrent Clear Claimed Marks 0.021ms
[2021-12-02T14:54:21.806-0100][1.806s] GC(3) Concurrent Scan Root Regions
[2021-12-02T14:54:21.808-0100][1.807s] GC(3) Concurrent Scan Root Regions 1.441ms
[2021-12-02T14:54:21.808-0100][1.807s] GC(3) Concurrent Mark (1.807s)
[2021-12-02T14:54:21.808-0100][1.807s] GC(3) Concurrent Mark From Roots
[2021-12-02T14:54:21.808-0100][1.807s] GC(3) Using 3 workers of 3 for marking
[2021-12-02T14:54:21.814-0100][1.813s] GC(3) Concurrent Mark From Roots 6.137ms
[2021-12-02T14:54:21.814-0100][1.813s] GC(3) Concurrent Preclean
[2021-12-02T14:54:21.814-0100][1.813s] GC(3) Concurrent Preclean 0.039ms
[2021-12-02T14:54:21.814-0100][1.813s] GC(3) Concurrent Mark (1.807s, 1.813s) 6.239ms
[2021-12-02T14:54:21.814-0100][1.813s] GC(3) Pause Remark
[2021-12-02T14:54:21.815-0100][1.814s] GC(3) Pause Remark 26M->26M(512M) 0.885ms
[2021-12-02T14:54:21.815-0100][1.814s] GC(3) User=0.01s Sys=0.00s Real=0.00s
[2021-12-02T14:54:21.815-0100][1.814s] GC(3) Concurrent Rebuild Remembered Sets
[2021-12-02T14:54:21.820-0100][1.819s] GC(3) Concurrent Rebuild Remembered Sets 4.502ms
[2021-12-02T14:54:21.820-0100][1.819s] GC(3) Pause Cleanup
[2021-12-02T14:54:21.820-0100][1.819s] GC(3) Pause Cleanup 26M->26M(512M) 0.115ms
[2021-12-02T14:54:21.820-0100][1.819s] GC(3) User=0.00s Sys=0.00s Real=0.00s
[2021-12-02T14:54:21.820-0100][1.819s] GC(3) Concurrent Cleanup for Next Mark
[2021-12-02T14:54:21.821-0100][1.820s] GC(3) Concurrent Cleanup for Next Mark 0.763ms
[2021-12-02T14:54:21.821-0100][1.820s] GC(3) Concurrent Cycle 14.679ms
[2021-12-02T14:54:23.414-0100][3.413s] GC(4) Pause Young (Concurrent Start) (Metadata GC Threshold)
[2021-12-02T14:54:23.414-0100][3.413s] GC(4) Using 10 workers of 10 for evacuation
[2021-12-02T14:54:23.418-0100][3.418s] GC(4)   Pre Evacuate Collection Set: 0.1ms
[2021-12-02T14:54:23.418-0100][3.418s] GC(4)   Merge Heap Roots: 0.1ms
[2021-12-02T14:54:23.418-0100][3.418s] GC(4)   Evacuate Collection Set: 3.4ms
[2021-12-02T14:54:23.418-0100][3.418s] GC(4)   Post Evacuate Collection Set: 0.7ms
[2021-12-02T14:54:23.418-0100][3.418s] GC(4)   Other: 0.2ms
[2021-12-02T14:54:23.418-0100][3.418s] GC(4) Eden regions: 111->0(297)
[2021-12-02T14:54:23.418-0100][3.418s] GC(4) Survivor regions: 2->10(16)
[2021-12-02T14:54:23.418-0100][3.418s] GC(4) Old regions: 20->20
[2021-12-02T14:54:23.418-0100][3.418s] GC(4) Archive regions: 2->2
[2021-12-02T14:54:23.419-0100][3.418s] GC(4) Humongous regions: 4->4
[2021-12-02T14:54:23.419-0100][3.418s] GC(4) Metaspace: 34829K(35840K)->34829K(35840K) NonClass: 30933K(31744K)->30933K(31744K) Class: 3896K(4096K)->3896K(4096K)
[2021-12-02T14:54:23.419-0100][3.418s] GC(4) Pause Young (Concurrent Start) (Metadata GC Threshold) 136M->33M(512M) 4.667ms
[2021-12-02T14:54:23.419-0100][3.418s] GC(4) User=0.04s Sys=0.00s Real=0.00s
[2021-12-02T14:54:23.419-0100][3.418s] GC(5) Concurrent Cycle
[2021-12-02T14:54:23.419-0100][3.418s] GC(5) Concurrent Clear Claimed Marks
[2021-12-02T14:54:23.419-0100][3.418s] GC(5) Concurrent Clear Claimed Marks 0.024ms
[2021-12-02T14:54:23.419-0100][3.418s] GC(5) Concurrent Scan Root Regions
[2021-12-02T14:54:23.421-0100][3.420s] GC(5) Concurrent Scan Root Regions 2.167ms
[2021-12-02T14:54:23.421-0100][3.420s] GC(5) Concurrent Mark (3.420s)
[2021-12-02T14:54:23.421-0100][3.420s] GC(5) Concurrent Mark From Roots
[2021-12-02T14:54:23.421-0100][3.420s] GC(5) Using 3 workers of 3 for marking
[2021-12-02T14:54:23.432-0100][3.431s] GC(5) Concurrent Mark From Roots 11.185ms
[2021-12-02T14:54:23.432-0100][3.431s] GC(5) Concurrent Preclean
[2021-12-02T14:54:23.432-0100][3.431s] GC(5) Concurrent Preclean 0.071ms
[2021-12-02T14:54:23.432-0100][3.432s] GC(5) Concurrent Mark (3.420s, 3.432s) 11.336ms
[2021-12-02T14:54:23.432-0100][3.432s] GC(5) Pause Remark
[2021-12-02T14:54:23.434-0100][3.433s] GC(5) Pause Remark 35M->35M(512M) 1.244ms
[2021-12-02T14:54:23.434-0100][3.433s] GC(5) User=0.01s Sys=0.00s Real=0.00s
[2021-12-02T14:54:23.434-0100][3.433s] GC(5) Concurrent Rebuild Remembered Sets
[2021-12-02T14:54:23.440-0100][3.440s] GC(5) Concurrent Rebuild Remembered Sets 6.666ms
[2021-12-02T14:54:23.441-0100][3.440s] GC(5) Pause Cleanup
[2021-12-02T14:54:23.441-0100][3.440s] GC(5) Pause Cleanup 36M->36M(512M) 0.136ms
[2021-12-02T14:54:23.441-0100][3.440s] GC(5) User=0.00s Sys=0.00s Real=0.00s
[2021-12-02T14:54:23.441-0100][3.440s] GC(5) Concurrent Cleanup for Next Mark
[2021-12-02T14:54:23.442-0100][3.441s] GC(5) Concurrent Cleanup for Next Mark 0.889ms
[2021-12-02T14:54:23.442-0100][3.441s] GC(5) Concurrent Cycle 23.278ms
[2021-12-02T14:54:56.425-0100][36.425s] GC(6) Pause Young (Normal) (G1 Evacuation Pause)
[2021-12-02T14:54:56.425-0100][36.425s] GC(6) Using 10 workers of 10 for evacuation
[2021-12-02T14:54:56.435-0100][36.434s] GC(6)   Pre Evacuate Collection Set: 0.1ms
[2021-12-02T14:54:56.435-0100][36.434s] GC(6)   Merge Heap Roots: 0.1ms
[2021-12-02T14:54:56.435-0100][36.434s] GC(6)   Evacuate Collection Set: 8.2ms
[2021-12-02T14:54:56.435-0100][36.434s] GC(6)   Post Evacuate Collection Set: 0.9ms
[2021-12-02T14:54:56.435-0100][36.434s] GC(6)   Other: 0.2ms
[2021-12-02T14:54:56.435-0100][36.434s] GC(6) Eden regions: 297->0(277)
[2021-12-02T14:54:56.435-0100][36.434s] GC(6) Survivor regions: 10->30(39)
[2021-12-02T14:54:56.435-0100][36.434s] GC(6) Old regions: 20->20
[2021-12-02T14:54:56.435-0100][36.434s] GC(6) Archive regions: 2->2
[2021-12-02T14:54:56.435-0100][36.434s] GC(6) Humongous regions: 5->4
[2021-12-02T14:54:56.435-0100][36.434s] GC(6) Metaspace: 54976K(56576K)->54976K(56576K) NonClass: 48585K(49920K)->48585K(49920K) Class: 6391K(6656K)->6391K(6656K)
[2021-12-02T14:54:56.435-0100][36.434s] GC(6) Pause Young (Normal) (G1 Evacuation Pause) 331M->53M(512M) 9.597ms
[2021-12-02T14:54:56.435-0100][36.435s] GC(6) User=0.09s Sys=0.00s Real=0.01s
[2021-12-02T14:55:12.446-0100][52.445s] GC(7) Pause Young (Concurrent Start) (Metadata GC Threshold)
[2021-12-02T14:55:12.446-0100][52.446s] GC(7) Using 10 workers of 10 for evacuation
[2021-12-02T14:55:12.460-0100][52.459s] GC(7)   Pre Evacuate Collection Set: 0.1ms
[2021-12-02T14:55:12.460-0100][52.459s] GC(7)   Merge Heap Roots: 0.1ms
[2021-12-02T14:55:12.460-0100][52.460s] GC(7)   Evacuate Collection Set: 12.4ms
[2021-12-02T14:55:12.460-0100][52.460s] GC(7)   Post Evacuate Collection Set: 1.2ms
[2021-12-02T14:55:12.460-0100][52.460s] GC(7)   Other: 0.2ms
[2021-12-02T14:55:12.460-0100][52.460s] GC(7) Eden regions: 35->0(303)
[2021-12-02T14:55:12.460-0100][52.460s] GC(7) Survivor regions: 30->4(39)
[2021-12-02T14:55:12.460-0100][52.460s] GC(7) Old regions: 20->49
[2021-12-02T14:55:12.460-0100][52.460s] GC(7) Archive regions: 2->2
[2021-12-02T14:55:12.460-0100][52.460s] GC(7) Humongous regions: 7->7
[2021-12-02T14:55:12.460-0100][52.460s] GC(7) Metaspace: 58777K(60160K)->58777K(60160K) NonClass: 51914K(52992K)->51914K(52992K) Class: 6863K(7168K)->6863K(7168K)
[2021-12-02T14:55:12.460-0100][52.460s] GC(7) Pause Young (Concurrent Start) (Metadata GC Threshold) 91M->59M(512M) 14.258ms
[2021-12-02T14:55:12.460-0100][52.460s] GC(7) User=0.10s Sys=0.00s Real=0.02s
[2021-12-02T14:55:12.460-0100][52.460s] GC(8) Concurrent Cycle
[2021-12-02T14:55:12.460-0100][52.460s] GC(8) Concurrent Clear Claimed Marks
[2021-12-02T14:55:12.460-0100][52.460s] GC(8) Concurrent Clear Claimed Marks 0.039ms
[2021-12-02T14:55:12.460-0100][52.460s] GC(8) Concurrent Scan Root Regions
[2021-12-02T14:55:12.470-0100][52.469s] GC(8) Concurrent Scan Root Regions 9.489ms
[2021-12-02T14:55:12.470-0100][52.469s] GC(8) Concurrent Mark (52.469s)
[2021-12-02T14:55:12.470-0100][52.469s] GC(8) Concurrent Mark From Roots
[2021-12-02T14:55:12.470-0100][52.469s] GC(8) Using 3 workers of 3 for marking
[2021-12-02T14:55:12.487-0100][52.486s] GC(8) Concurrent Mark From Roots 16.814ms
[2021-12-02T14:55:12.487-0100][52.486s] GC(8) Concurrent Preclean
[2021-12-02T14:55:12.487-0100][52.486s] GC(8) Concurrent Preclean 0.114ms
[2021-12-02T14:55:12.487-0100][52.486s] GC(8) Concurrent Mark (52.469s, 52.486s) 17.031ms
[2021-12-02T14:55:12.488-0100][52.488s] GC(8) Pause Remark
[2021-12-02T14:55:12.493-0100][52.493s] GC(8) Pause Remark 61M->61M(512M) 4.512ms
[2021-12-02T14:55:12.493-0100][52.493s] GC(8) User=0.01s Sys=0.00s Real=0.01s
[2021-12-02T14:55:12.503-0100][52.503s] GC(8) Concurrent Rebuild Remembered Sets
[2021-12-02T14:55:12.543-0100][52.543s] GC(8) Concurrent Rebuild Remembered Sets 40.022ms
[2021-12-02T14:55:12.544-0100][52.544s] GC(8) Pause Cleanup
[2021-12-02T14:55:12.545-0100][52.544s] GC(8) Pause Cleanup 61M->61M(512M) 0.215ms
[2021-12-02T14:55:12.545-0100][52.544s] GC(8) User=0.00s Sys=0.00s Real=0.00s
[2021-12-02T14:55:12.545-0100][52.544s] GC(8) Concurrent Cleanup for Next Mark
[2021-12-02T14:55:12.546-0100][52.545s] GC(8) Concurrent Cleanup for Next Mark 0.745ms
[2021-12-02T14:55:12.546-0100][52.545s] GC(8) Concurrent Cycle 85.396ms
[2021-12-02T14:56:08.842-0100][108.842s] Heap
[2021-12-02T14:56:08.842-0100][108.842s]  garbage-first heap   total 524288K, used 116635K [0x00000007e0000000, 0x0000000800000000)
[2021-12-02T14:56:08.842-0100][108.842s]   region size 1024K, 60 young (61440K), 4 survivors (4096K)
[2021-12-02T14:56:08.842-0100][108.842s]  Metaspace       used 60366K, capacity 60997K, committed 61824K, reserved 1103872K
[2021-12-02T14:56:08.842-0100][108.842s]   class space    used 7058K, capacity 7279K, committed 7296K, reserved 1048576K
