[2021-12-02T14:51:43.539-0100][0.007s] Using G1
[2021-12-02T14:51:43.731-0100][0.199s] Version: 15.0.2+7 (release)
[2021-12-02T14:51:43.731-0100][0.199s] CPUs: 12 total, 12 available
[2021-12-02T14:51:43.731-0100][0.199s] Memory: 16384M
[2021-12-02T14:51:43.731-0100][0.199s] Large Page Support: Disabled
[2021-12-02T14:51:43.731-0100][0.199s] NUMA Support: Disabled
[2021-12-02T14:51:43.731-0100][0.199s] Compressed Oops: Enabled (Zero based)
[2021-12-02T14:51:43.731-0100][0.199s] Heap Region Size: 1M
[2021-12-02T14:51:43.731-0100][0.199s] Heap Min Capacity: 512M
[2021-12-02T14:51:43.731-0100][0.199s] Heap Initial Capacity: 512M
[2021-12-02T14:51:43.731-0100][0.199s] Heap Max Capacity: 512M
[2021-12-02T14:51:43.731-0100][0.199s] Pre-touch: Enabled
[2021-12-02T14:51:43.731-0100][0.199s] Parallel Workers: 10
[2021-12-02T14:51:43.731-0100][0.199s] Concurrent Workers: 3
[2021-12-02T14:51:43.731-0100][0.199s] Concurrent Refinement Workers: 10
[2021-12-02T14:51:43.731-0100][0.199s] Periodic GC: Disabled
[2021-12-02T14:51:43.732-0100][0.199s] Mark closed archive regions in map: [0x00000007fff00000, 0x00000007fff78ff8]
[2021-12-02T14:51:43.732-0100][0.200s] Mark open archive regions in map: [0x00000007ffe00000, 0x00000007ffe50ff8]
[2021-12-02T14:51:43.732-0100][0.200s] CDS archive(s) mapped at: [0x0000000800000000-0x0000000800b2f000-0x0000000800b2f000), size 11726848, SharedBaseAddress: 0x0000000800000000, ArchiveRelocationMode: 0.
[2021-12-02T14:51:43.732-0100][0.200s] Compressed class space mapped at: 0x0000000800b30000-0x0000000840b30000, size: 1073741824
[2021-12-02T14:51:43.732-0100][0.200s] Narrow klass base: 0x0000000800000000, Narrow klass shift: 3, Narrow klass range: 0x100000000
[2021-12-02T14:51:44.181-0100][0.648s] GC(0) Pause Young (Normal) (G1 Evacuation Pause)
[2021-12-02T14:51:44.181-0100][0.649s] GC(0) Using 10 workers of 10 for evacuation
[2021-12-02T14:51:44.183-0100][0.651s] GC(0)   Pre Evacuate Collection Set: 0.1ms
[2021-12-02T14:51:44.183-0100][0.651s] GC(0)   Merge Heap Roots: 0.0ms
[2021-12-02T14:51:44.183-0100][0.651s] GC(0)   Evacuate Collection Set: 1.3ms
[2021-12-02T14:51:44.183-0100][0.651s] GC(0)   Post Evacuate Collection Set: 0.3ms
[2021-12-02T14:51:44.183-0100][0.651s] GC(0)   Other: 0.5ms
[2021-12-02T14:51:44.183-0100][0.651s] GC(0) Eden regions: 29->0(54)
[2021-12-02T14:51:44.183-0100][0.651s] GC(0) Survivor regions: 0->4(4)
[2021-12-02T14:51:44.183-0100][0.651s] GC(0) Old regions: 0->0
[2021-12-02T14:51:44.183-0100][0.651s] GC(0) Archive regions: 2->2
[2021-12-02T14:51:44.183-0100][0.651s] GC(0) Humongous regions: 0->0
[2021-12-02T14:51:44.183-0100][0.651s] GC(0) Metaspace: 7494K(8192K)->7494K(8192K) NonClass: 6623K(7168K)->6623K(7168K) Class: 871K(1024K)->871K(1024K)
[2021-12-02T14:51:44.183-0100][0.651s] GC(0) Pause Young (Normal) (G1 Evacuation Pause) 29M->4M(512M) 2.382ms
[2021-12-02T14:51:44.183-0100][0.651s] GC(0) User=0.02s Sys=0.00s Real=0.00s
[2021-12-02T14:51:44.779-0100][1.247s] GC(1) Pause Young (Normal) (G1 Evacuation Pause)
[2021-12-02T14:51:44.779-0100][1.247s] GC(1) Using 10 workers of 10 for evacuation
[2021-12-02T14:51:44.785-0100][1.253s] GC(1)   Pre Evacuate Collection Set: 0.1ms
[2021-12-02T14:51:44.785-0100][1.253s] GC(1)   Merge Heap Roots: 0.1ms
[2021-12-02T14:51:44.785-0100][1.253s] GC(1)   Evacuate Collection Set: 5.3ms
[2021-12-02T14:51:44.785-0100][1.253s] GC(1)   Post Evacuate Collection Set: 0.7ms
[2021-12-02T14:51:44.785-0100][1.253s] GC(1)   Other: 0.1ms
[2021-12-02T14:51:44.785-0100][1.253s] GC(1) Eden regions: 54->0(77)
[2021-12-02T14:51:44.785-0100][1.253s] GC(1) Survivor regions: 4->8(8)
[2021-12-02T14:51:44.785-0100][1.253s] GC(1) Old regions: 0->11
[2021-12-02T14:51:44.785-0100][1.253s] GC(1) Archive regions: 2->2
[2021-12-02T14:51:44.785-0100][1.253s] GC(1) Humongous regions: 4->4
[2021-12-02T14:51:44.785-0100][1.253s] GC(1) Metaspace: 16095K(16896K)->16095K(16896K) NonClass: 14240K(14848K)->14240K(14848K) Class: 1854K(2048K)->1854K(2048K)
[2021-12-02T14:51:44.785-0100][1.253s] GC(1) Pause Young (Normal) (G1 Evacuation Pause) 62M->23M(512M) 6.379ms
[2021-12-02T14:51:44.785-0100][1.253s] GC(1) User=0.05s Sys=0.01s Real=0.01s
[2021-12-02T14:51:45.040-0100][1.508s] GC(2) Pause Young (Concurrent Start) (Metadata GC Threshold)
[2021-12-02T14:51:45.040-0100][1.508s] GC(2) Using 10 workers of 10 for evacuation
[2021-12-02T14:51:45.044-0100][1.512s] GC(2)   Pre Evacuate Collection Set: 0.1ms
[2021-12-02T14:51:45.044-0100][1.512s] GC(2)   Merge Heap Roots: 0.1ms
[2021-12-02T14:51:45.044-0100][1.512s] GC(2)   Evacuate Collection Set: 3.1ms
[2021-12-02T14:51:45.044-0100][1.512s] GC(2)   Post Evacuate Collection Set: 0.4ms
[2021-12-02T14:51:45.044-0100][1.512s] GC(2)   Other: 0.2ms
[2021-12-02T14:51:45.044-0100][1.512s] GC(2) Eden regions: 26->0(128)
[2021-12-02T14:51:45.044-0100][1.512s] GC(2) Survivor regions: 8->2(10)
[2021-12-02T14:51:45.044-0100][1.512s] GC(2) Old regions: 11->19
[2021-12-02T14:51:45.044-0100][1.512s] GC(2) Archive regions: 2->2
[2021-12-02T14:51:45.044-0100][1.512s] GC(2) Humongous regions: 4->4
[2021-12-02T14:51:45.044-0100][1.512s] GC(2) Metaspace: 20442K(21248K)->20442K(21248K) NonClass: 18143K(18688K)->18143K(18688K) Class: 2299K(2560K)->2299K(2560K)
[2021-12-02T14:51:45.044-0100][1.512s] GC(2) Pause Young (Concurrent Start) (Metadata GC Threshold) 48M->24M(512M) 4.003ms
[2021-12-02T14:51:45.044-0100][1.512s] GC(2) User=0.03s Sys=0.00s Real=0.00s
[2021-12-02T14:51:45.044-0100][1.512s] GC(3) Concurrent Cycle
[2021-12-02T14:51:45.044-0100][1.512s] GC(3) Concurrent Clear Claimed Marks
[2021-12-02T14:51:45.044-0100][1.512s] GC(3) Concurrent Clear Claimed Marks 0.018ms
[2021-12-02T14:51:45.044-0100][1.512s] GC(3) Concurrent Scan Root Regions
[2021-12-02T14:51:45.045-0100][1.513s] GC(3) Concurrent Scan Root Regions 1.339ms
[2021-12-02T14:51:45.045-0100][1.513s] GC(3) Concurrent Mark (1.513s)
[2021-12-02T14:51:45.045-0100][1.513s] GC(3) Concurrent Mark From Roots
[2021-12-02T14:51:45.045-0100][1.513s] GC(3) Using 3 workers of 3 for marking
[2021-12-02T14:51:45.051-0100][1.518s] GC(3) Concurrent Mark From Roots 5.106ms
[2021-12-02T14:51:45.051-0100][1.518s] GC(3) Concurrent Preclean
[2021-12-02T14:51:45.051-0100][1.518s] GC(3) Concurrent Preclean 0.035ms
[2021-12-02T14:51:45.051-0100][1.519s] GC(3) Concurrent Mark (1.513s, 1.518s) 5.196ms
[2021-12-02T14:51:45.051-0100][1.519s] GC(3) Pause Remark
[2021-12-02T14:51:45.051-0100][1.519s] GC(3) Pause Remark 26M->26M(512M) 0.741ms
[2021-12-02T14:51:45.051-0100][1.519s] GC(3) User=0.01s Sys=0.00s Real=0.00s
[2021-12-02T14:51:45.052-0100][1.519s] GC(3) Concurrent Rebuild Remembered Sets
[2021-12-02T14:51:45.055-0100][1.523s] GC(3) Concurrent Rebuild Remembered Sets 3.655ms
[2021-12-02T14:51:45.056-0100][1.524s] GC(3) Pause Cleanup
[2021-12-02T14:51:45.056-0100][1.524s] GC(3) Pause Cleanup 26M->26M(512M) 0.104ms
[2021-12-02T14:51:45.056-0100][1.524s] GC(3) User=0.00s Sys=0.00s Real=0.00s
[2021-12-02T14:51:45.056-0100][1.524s] GC(3) Concurrent Cleanup for Next Mark
[2021-12-02T14:51:45.057-0100][1.524s] GC(3) Concurrent Cleanup for Next Mark 0.725ms
[2021-12-02T14:51:45.057-0100][1.524s] GC(3) Concurrent Cycle 12.628ms
[2021-12-02T14:51:46.712-0100][3.180s] GC(4) Pause Young (Concurrent Start) (Metadata GC Threshold)
[2021-12-02T14:51:46.712-0100][3.180s] GC(4) Using 10 workers of 10 for evacuation
[2021-12-02T14:51:46.716-0100][3.184s] GC(4)   Pre Evacuate Collection Set: 0.1ms
[2021-12-02T14:51:46.716-0100][3.184s] GC(4)   Merge Heap Roots: 0.0ms
[2021-12-02T14:51:46.716-0100][3.184s] GC(4)   Evacuate Collection Set: 2.8ms
[2021-12-02T14:51:46.716-0100][3.184s] GC(4)   Post Evacuate Collection Set: 0.4ms
[2021-12-02T14:51:46.716-0100][3.184s] GC(4)   Other: 0.2ms
[2021-12-02T14:51:46.716-0100][3.184s] GC(4) Eden regions: 100->0(297)
[2021-12-02T14:51:46.716-0100][3.184s] GC(4) Survivor regions: 2->10(17)
[2021-12-02T14:51:46.716-0100][3.184s] GC(4) Old regions: 19->19
[2021-12-02T14:51:46.716-0100][3.184s] GC(4) Archive regions: 2->2
[2021-12-02T14:51:46.716-0100][3.184s] GC(4) Humongous regions: 4->4
[2021-12-02T14:51:46.716-0100][3.184s] GC(4) Metaspace: 34722K(35840K)->34722K(35840K) NonClass: 30838K(31744K)->30838K(31744K) Class: 3883K(4096K)->3883K(4096K)
[2021-12-02T14:51:46.716-0100][3.184s] GC(4) Pause Young (Concurrent Start) (Metadata GC Threshold) 124M->32M(512M) 3.691ms
[2021-12-02T14:51:46.716-0100][3.184s] GC(4) User=0.03s Sys=0.00s Real=0.00s
[2021-12-02T14:51:46.716-0100][3.184s] GC(5) Concurrent Cycle
[2021-12-02T14:51:46.716-0100][3.184s] GC(5) Concurrent Clear Claimed Marks
[2021-12-02T14:51:46.716-0100][3.184s] GC(5) Concurrent Clear Claimed Marks 0.019ms
[2021-12-02T14:51:46.716-0100][3.184s] GC(5) Concurrent Scan Root Regions
[2021-12-02T14:51:46.718-0100][3.186s] GC(5) Concurrent Scan Root Regions 1.938ms
[2021-12-02T14:51:46.718-0100][3.186s] GC(5) Concurrent Mark (3.186s)
[2021-12-02T14:51:46.718-0100][3.186s] GC(5) Concurrent Mark From Roots
[2021-12-02T14:51:46.718-0100][3.186s] GC(5) Using 3 workers of 3 for marking
[2021-12-02T14:51:46.725-0100][3.193s] GC(5) Concurrent Mark From Roots 6.742ms
[2021-12-02T14:51:46.725-0100][3.193s] GC(5) Concurrent Preclean
[2021-12-02T14:51:46.725-0100][3.193s] GC(5) Concurrent Preclean 0.063ms
[2021-12-02T14:51:46.725-0100][3.193s] GC(5) Concurrent Mark (3.186s, 3.193s) 6.858ms
[2021-12-02T14:51:46.725-0100][3.193s] GC(5) Pause Remark
[2021-12-02T14:51:46.726-0100][3.194s] GC(5) Pause Remark 34M->34M(512M) 0.956ms
[2021-12-02T14:51:46.726-0100][3.194s] GC(5) User=0.01s Sys=0.00s Real=0.00s
[2021-12-02T14:51:46.726-0100][3.194s] GC(5) Concurrent Rebuild Remembered Sets
[2021-12-02T14:51:46.730-0100][3.198s] GC(5) Concurrent Rebuild Remembered Sets 3.977ms
[2021-12-02T14:51:46.730-0100][3.198s] GC(5) Pause Cleanup
[2021-12-02T14:51:46.730-0100][3.198s] GC(5) Pause Cleanup 35M->35M(512M) 0.097ms
[2021-12-02T14:51:46.730-0100][3.198s] GC(5) User=0.00s Sys=0.00s Real=0.00s
[2021-12-02T14:51:46.730-0100][3.198s] GC(5) Concurrent Cleanup for Next Mark
[2021-12-02T14:51:46.731-0100][3.199s] GC(5) Concurrent Cleanup for Next Mark 0.615ms
[2021-12-02T14:51:46.731-0100][3.199s] GC(5) Concurrent Cycle 15.044ms
[2021-12-02T14:52:20.376-0100][36.844s] GC(6) Pause Young (Normal) (G1 Evacuation Pause)
[2021-12-02T14:52:20.376-0100][36.844s] GC(6) Using 10 workers of 10 for evacuation
[2021-12-02T14:52:20.385-0100][36.853s] GC(6)   Pre Evacuate Collection Set: 0.1ms
[2021-12-02T14:52:20.385-0100][36.853s] GC(6)   Merge Heap Roots: 0.1ms
[2021-12-02T14:52:20.385-0100][36.853s] GC(6)   Evacuate Collection Set: 8.1ms
[2021-12-02T14:52:20.385-0100][36.853s] GC(6)   Post Evacuate Collection Set: 0.9ms
[2021-12-02T14:52:20.385-0100][36.853s] GC(6)   Other: 0.6ms
[2021-12-02T14:52:20.385-0100][36.853s] GC(6) Eden regions: 297->0(277)
[2021-12-02T14:52:20.385-0100][36.853s] GC(6) Survivor regions: 10->30(39)
[2021-12-02T14:52:20.385-0100][36.853s] GC(6) Old regions: 19->19
[2021-12-02T14:52:20.385-0100][36.853s] GC(6) Archive regions: 2->2
[2021-12-02T14:52:20.385-0100][36.853s] GC(6) Humongous regions: 5->4
[2021-12-02T14:52:20.385-0100][36.853s] GC(6) Metaspace: 54998K(56576K)->54998K(56576K) NonClass: 48614K(49920K)->48614K(49920K) Class: 6384K(6656K)->6384K(6656K)
[2021-12-02T14:52:20.385-0100][36.853s] GC(6) Pause Young (Normal) (G1 Evacuation Pause) 330M->53M(512M) 9.822ms
[2021-12-02T14:52:20.385-0100][36.853s] GC(6) User=0.08s Sys=0.00s Real=0.01s
[2021-12-02T14:52:26.625-0100][43.094s] GC(7) Pause Young (Concurrent Start) (Metadata GC Threshold)
[2021-12-02T14:52:26.626-0100][43.094s] GC(7) Using 10 workers of 10 for evacuation
[2021-12-02T14:52:26.638-0100][43.106s] GC(7)   Pre Evacuate Collection Set: 0.1ms
[2021-12-02T14:52:26.638-0100][43.106s] GC(7)   Merge Heap Roots: 0.1ms
[2021-12-02T14:52:26.638-0100][43.106s] GC(7)   Evacuate Collection Set: 10.6ms
[2021-12-02T14:52:26.638-0100][43.106s] GC(7)   Post Evacuate Collection Set: 0.7ms
[2021-12-02T14:52:26.638-0100][43.106s] GC(7)   Other: 1.2ms
[2021-12-02T14:52:26.638-0100][43.106s] GC(7) Eden regions: 35->0(303)
[2021-12-02T14:52:26.638-0100][43.106s] GC(7) Survivor regions: 30->4(39)
[2021-12-02T14:52:26.638-0100][43.106s] GC(7) Old regions: 19->49
[2021-12-02T14:52:26.638-0100][43.106s] GC(7) Archive regions: 2->2
[2021-12-02T14:52:26.638-0100][43.106s] GC(7) Humongous regions: 7->7
[2021-12-02T14:52:26.638-0100][43.106s] GC(7) Metaspace: 58640K(60160K)->58640K(60160K) NonClass: 51796K(52992K)->51796K(52992K) Class: 6843K(7168K)->6843K(7168K)
[2021-12-02T14:52:26.638-0100][43.106s] GC(7) Pause Young (Concurrent Start) (Metadata GC Threshold) 90M->59M(512M) 12.761ms
[2021-12-02T14:52:26.638-0100][43.106s] GC(7) User=0.09s Sys=0.01s Real=0.01s
[2021-12-02T14:52:26.638-0100][43.106s] GC(8) Concurrent Cycle
[2021-12-02T14:52:26.638-0100][43.106s] GC(8) Concurrent Clear Claimed Marks
[2021-12-02T14:52:26.638-0100][43.106s] GC(8) Concurrent Clear Claimed Marks 0.033ms
[2021-12-02T14:52:26.638-0100][43.106s] GC(8) Concurrent Scan Root Regions
[2021-12-02T14:52:26.645-0100][43.114s] GC(8) Concurrent Scan Root Regions 7.073ms
[2021-12-02T14:52:26.645-0100][43.114s] GC(8) Concurrent Mark (43.114s)
[2021-12-02T14:52:26.645-0100][43.114s] GC(8) Concurrent Mark From Roots
[2021-12-02T14:52:26.645-0100][43.114s] GC(8) Using 3 workers of 3 for marking
[2021-12-02T14:52:26.655-0100][43.123s] GC(8) Concurrent Mark From Roots 9.310ms
[2021-12-02T14:52:26.672-0100][43.140s] GC(8) Concurrent Preclean
[2021-12-02T14:52:26.672-0100][43.140s] GC(8) Concurrent Preclean 0.102ms
[2021-12-02T14:52:26.672-0100][43.141s] GC(8) Concurrent Mark (43.114s, 43.141s) 26.999ms
[2021-12-02T14:52:26.673-0100][43.141s] GC(8) Pause Remark
[2021-12-02T14:52:26.674-0100][43.143s] GC(8) Pause Remark 60M->60M(512M) 1.844ms
[2021-12-02T14:52:26.675-0100][43.143s] GC(8) User=0.01s Sys=0.00s Real=0.00s
[2021-12-02T14:52:26.675-0100][43.143s] GC(8) Concurrent Rebuild Remembered Sets
[2021-12-02T14:52:26.686-0100][43.154s] GC(8) Concurrent Rebuild Remembered Sets 11.363ms
[2021-12-02T14:52:26.702-0100][43.170s] GC(8) Pause Cleanup
[2021-12-02T14:52:26.702-0100][43.170s] GC(8) Pause Cleanup 60M->60M(512M) 0.148ms
[2021-12-02T14:52:26.702-0100][43.170s] GC(8) User=0.00s Sys=0.00s Real=0.00s
[2021-12-02T14:52:26.702-0100][43.170s] GC(8) Concurrent Cleanup for Next Mark
[2021-12-02T14:52:26.702-0100][43.171s] GC(8) Concurrent Cleanup for Next Mark 0.612ms
[2021-12-02T14:52:26.723-0100][43.191s] GC(8) Concurrent Cycle 84.787ms
[2021-12-02T14:53:51.370-0100][127.838s] Heap
[2021-12-02T14:53:51.370-0100][127.839s]  garbage-first heap   total 524288K, used 96225K [0x00000007e0000000, 0x0000000800000000)
[2021-12-02T14:53:51.370-0100][127.839s]   region size 1024K, 39 young (39936K), 4 survivors (4096K)
[2021-12-02T14:53:51.370-0100][127.839s]  Metaspace       used 59819K, capacity 60385K, committed 61312K, reserved 1103872K
[2021-12-02T14:53:51.370-0100][127.839s]   class space    used 7005K, capacity 7207K, committed 7296K, reserved 1048576K
