[2021-12-01T12:18:14.118-0100][0.008s] Using G1
[2021-12-01T12:18:14.332-0100][0.221s] Version: 15.0.2+7 (release)
[2021-12-01T12:18:14.332-0100][0.221s] CPUs: 12 total, 12 available
[2021-12-01T12:18:14.332-0100][0.221s] Memory: 16384M
[2021-12-01T12:18:14.332-0100][0.221s] Large Page Support: Disabled
[2021-12-01T12:18:14.332-0100][0.221s] NUMA Support: Disabled
[2021-12-01T12:18:14.332-0100][0.221s] Compressed Oops: Enabled (Zero based)
[2021-12-01T12:18:14.332-0100][0.221s] Heap Region Size: 1M
[2021-12-01T12:18:14.332-0100][0.221s] Heap Min Capacity: 512M
[2021-12-01T12:18:14.332-0100][0.221s] Heap Initial Capacity: 512M
[2021-12-01T12:18:14.332-0100][0.221s] Heap Max Capacity: 512M
[2021-12-01T12:18:14.332-0100][0.221s] Pre-touch: Enabled
[2021-12-01T12:18:14.332-0100][0.221s] Parallel Workers: 10
[2021-12-01T12:18:14.332-0100][0.221s] Concurrent Workers: 3
[2021-12-01T12:18:14.332-0100][0.221s] Concurrent Refinement Workers: 10
[2021-12-01T12:18:14.332-0100][0.221s] Periodic GC: Disabled
[2021-12-01T12:18:14.333-0100][0.222s] Mark closed archive regions in map: [0x00000007fff00000, 0x00000007fff78ff8]
[2021-12-01T12:18:14.333-0100][0.222s] Mark open archive regions in map: [0x00000007ffe00000, 0x00000007ffe50ff8]
[2021-12-01T12:18:14.333-0100][0.222s] CDS archive(s) mapped at: [0x0000000800000000-0x0000000800b2f000-0x0000000800b2f000), size 11726848, SharedBaseAddress: 0x0000000800000000, ArchiveRelocationMode: 0.
[2021-12-01T12:18:14.333-0100][0.223s] Compressed class space mapped at: 0x0000000800b30000-0x0000000840b30000, size: 1073741824
[2021-12-01T12:18:14.333-0100][0.223s] Narrow klass base: 0x0000000800000000, Narrow klass shift: 3, Narrow klass range: 0x100000000
[2021-12-01T12:18:14.888-0100][0.777s] GC(0) Pause Young (Normal) (G1 Evacuation Pause)
[2021-12-01T12:18:14.888-0100][0.778s] GC(0) Using 10 workers of 10 for evacuation
[2021-12-01T12:18:14.890-0100][0.779s] GC(0)   Pre Evacuate Collection Set: 0.1ms
[2021-12-01T12:18:14.890-0100][0.779s] GC(0)   Merge Heap Roots: 0.0ms
[2021-12-01T12:18:14.890-0100][0.779s] GC(0)   Evacuate Collection Set: 1.2ms
[2021-12-01T12:18:14.890-0100][0.779s] GC(0)   Post Evacuate Collection Set: 0.2ms
[2021-12-01T12:18:14.890-0100][0.779s] GC(0)   Other: 0.5ms
[2021-12-01T12:18:14.890-0100][0.779s] GC(0) Eden regions: 29->0(54)
[2021-12-01T12:18:14.890-0100][0.779s] GC(0) Survivor regions: 0->4(4)
[2021-12-01T12:18:14.890-0100][0.779s] GC(0) Old regions: 0->0
[2021-12-01T12:18:14.890-0100][0.779s] GC(0) Archive regions: 2->2
[2021-12-01T12:18:14.890-0100][0.779s] GC(0) Humongous regions: 0->0
[2021-12-01T12:18:14.890-0100][0.779s] GC(0) Metaspace: 7499K(8192K)->7499K(8192K) NonClass: 6628K(7168K)->6628K(7168K) Class: 871K(1024K)->871K(1024K)
[2021-12-01T12:18:14.890-0100][0.779s] GC(0) Pause Young (Normal) (G1 Evacuation Pause) 29M->3M(512M) 2.169ms
[2021-12-01T12:18:14.890-0100][0.779s] GC(0) User=0.01s Sys=0.00s Real=0.01s
[2021-12-01T12:18:15.632-0100][1.522s] GC(1) Pause Young (Normal) (G1 Evacuation Pause)
[2021-12-01T12:18:15.632-0100][1.522s] GC(1) Using 10 workers of 10 for evacuation
[2021-12-01T12:18:15.639-0100][1.528s] GC(1)   Pre Evacuate Collection Set: 0.1ms
[2021-12-01T12:18:15.639-0100][1.528s] GC(1)   Merge Heap Roots: 0.1ms
[2021-12-01T12:18:15.639-0100][1.528s] GC(1)   Evacuate Collection Set: 5.2ms
[2021-12-01T12:18:15.639-0100][1.528s] GC(1)   Post Evacuate Collection Set: 0.8ms
[2021-12-01T12:18:15.639-0100][1.528s] GC(1)   Other: 0.1ms
[2021-12-01T12:18:15.639-0100][1.528s] GC(1) Eden regions: 54->0(77)
[2021-12-01T12:18:15.639-0100][1.528s] GC(1) Survivor regions: 4->8(8)
[2021-12-01T12:18:15.639-0100][1.528s] GC(1) Old regions: 0->11
[2021-12-01T12:18:15.639-0100][1.528s] GC(1) Archive regions: 2->2
[2021-12-01T12:18:15.639-0100][1.528s] GC(1) Humongous regions: 4->4
[2021-12-01T12:18:15.639-0100][1.528s] GC(1) Metaspace: 16101K(16896K)->16101K(16896K) NonClass: 14247K(14848K)->14247K(14848K) Class: 1854K(2048K)->1854K(2048K)
[2021-12-01T12:18:15.639-0100][1.528s] GC(1) Pause Young (Normal) (G1 Evacuation Pause) 61M->23M(512M) 6.344ms
[2021-12-01T12:18:15.639-0100][1.528s] GC(1) User=0.05s Sys=0.00s Real=0.00s
[2021-12-01T12:18:15.927-0100][1.816s] GC(2) Pause Young (Concurrent Start) (Metadata GC Threshold)
[2021-12-01T12:18:15.927-0100][1.816s] GC(2) Using 10 workers of 10 for evacuation
[2021-12-01T12:18:15.931-0100][1.820s] GC(2)   Pre Evacuate Collection Set: 0.1ms
[2021-12-01T12:18:15.931-0100][1.820s] GC(2)   Merge Heap Roots: 0.1ms
[2021-12-01T12:18:15.931-0100][1.820s] GC(2)   Evacuate Collection Set: 3.0ms
[2021-12-01T12:18:15.931-0100][1.820s] GC(2)   Post Evacuate Collection Set: 0.4ms
[2021-12-01T12:18:15.931-0100][1.820s] GC(2)   Other: 0.8ms
[2021-12-01T12:18:15.931-0100][1.820s] GC(2) Eden regions: 26->0(129)
[2021-12-01T12:18:15.931-0100][1.820s] GC(2) Survivor regions: 8->2(10)
[2021-12-01T12:18:15.931-0100][1.820s] GC(2) Old regions: 11->20
[2021-12-01T12:18:15.931-0100][1.820s] GC(2) Archive regions: 2->2
[2021-12-01T12:18:15.931-0100][1.820s] GC(2) Humongous regions: 4->4
[2021-12-01T12:18:15.931-0100][1.820s] GC(2) Metaspace: 20441K(21248K)->20441K(21248K) NonClass: 18142K(18688K)->18142K(18688K) Class: 2299K(2560K)->2299K(2560K)
[2021-12-01T12:18:15.931-0100][1.820s] GC(2) Pause Young (Concurrent Start) (Metadata GC Threshold) 49M->25M(512M) 4.489ms
[2021-12-01T12:18:15.931-0100][1.821s] GC(2) User=0.03s Sys=0.01s Real=0.01s
[2021-12-01T12:18:15.931-0100][1.821s] GC(3) Concurrent Cycle
[2021-12-01T12:18:15.931-0100][1.821s] GC(3) Concurrent Clear Claimed Marks
[2021-12-01T12:18:15.931-0100][1.821s] GC(3) Concurrent Clear Claimed Marks 0.017ms
[2021-12-01T12:18:15.931-0100][1.821s] GC(3) Concurrent Scan Root Regions
[2021-12-01T12:18:15.933-0100][1.822s] GC(3) Concurrent Scan Root Regions 1.630ms
[2021-12-01T12:18:15.933-0100][1.822s] GC(3) Concurrent Mark (1.822s)
[2021-12-01T12:18:15.933-0100][1.822s] GC(3) Concurrent Mark From Roots
[2021-12-01T12:18:15.933-0100][1.822s] GC(3) Using 3 workers of 3 for marking
[2021-12-01T12:18:15.938-0100][1.827s] GC(3) Concurrent Mark From Roots 4.953ms
[2021-12-01T12:18:15.938-0100][1.827s] GC(3) Concurrent Preclean
[2021-12-01T12:18:15.938-0100][1.827s] GC(3) Concurrent Preclean 0.034ms
[2021-12-01T12:18:15.938-0100][1.827s] GC(3) Concurrent Mark (1.822s, 1.827s) 5.051ms
[2021-12-01T12:18:15.938-0100][1.827s] GC(3) Pause Remark
[2021-12-01T12:18:15.939-0100][1.828s] GC(3) Pause Remark 26M->26M(512M) 0.774ms
[2021-12-01T12:18:15.939-0100][1.828s] GC(3) User=0.00s Sys=0.00s Real=0.00s
[2021-12-01T12:18:15.939-0100][1.828s] GC(3) Concurrent Rebuild Remembered Sets
[2021-12-01T12:18:15.943-0100][1.833s] GC(3) Concurrent Rebuild Remembered Sets 4.269ms
[2021-12-01T12:18:15.944-0100][1.833s] GC(3) Pause Cleanup
[2021-12-01T12:18:15.944-0100][1.833s] GC(3) Pause Cleanup 26M->26M(512M) 0.072ms
[2021-12-01T12:18:15.944-0100][1.833s] GC(3) User=0.00s Sys=0.00s Real=0.00s
[2021-12-01T12:18:15.944-0100][1.833s] GC(3) Concurrent Cleanup for Next Mark
[2021-12-01T12:18:15.945-0100][1.834s] GC(3) Concurrent Cleanup for Next Mark 0.771ms
[2021-12-01T12:18:15.945-0100][1.834s] GC(3) Concurrent Cycle 13.518ms
[2021-12-01T12:18:17.702-0100][3.591s] GC(4) Pause Young (Concurrent Start) (Metadata GC Threshold)
[2021-12-01T12:18:17.702-0100][3.591s] GC(4) Using 10 workers of 10 for evacuation
[2021-12-01T12:18:17.706-0100][3.595s] GC(4)   Pre Evacuate Collection Set: 0.1ms
[2021-12-01T12:18:17.706-0100][3.595s] GC(4)   Merge Heap Roots: 0.1ms
[2021-12-01T12:18:17.706-0100][3.595s] GC(4)   Evacuate Collection Set: 3.0ms
[2021-12-01T12:18:17.706-0100][3.595s] GC(4)   Post Evacuate Collection Set: 0.5ms
[2021-12-01T12:18:17.706-0100][3.595s] GC(4)   Other: 0.2ms
[2021-12-01T12:18:17.706-0100][3.595s] GC(4) Eden regions: 112->0(297)
[2021-12-01T12:18:17.706-0100][3.595s] GC(4) Survivor regions: 2->10(17)
[2021-12-01T12:18:17.706-0100][3.595s] GC(4) Old regions: 20->20
[2021-12-01T12:18:17.706-0100][3.595s] GC(4) Archive regions: 2->2
[2021-12-01T12:18:17.706-0100][3.595s] GC(4) Humongous regions: 4->4
[2021-12-01T12:18:17.706-0100][3.595s] GC(4) Metaspace: 34825K(35840K)->34825K(35840K) NonClass: 30928K(31744K)->30928K(31744K) Class: 3896K(4096K)->3896K(4096K)
[2021-12-01T12:18:17.706-0100][3.595s] GC(4) Pause Young (Concurrent Start) (Metadata GC Threshold) 136M->33M(512M) 4.087ms
[2021-12-01T12:18:17.706-0100][3.595s] GC(4) User=0.03s Sys=0.00s Real=0.00s
[2021-12-01T12:18:17.706-0100][3.595s] GC(5) Concurrent Cycle
[2021-12-01T12:18:17.706-0100][3.595s] GC(5) Concurrent Clear Claimed Marks
[2021-12-01T12:18:17.706-0100][3.595s] GC(5) Concurrent Clear Claimed Marks 0.022ms
[2021-12-01T12:18:17.706-0100][3.595s] GC(5) Concurrent Scan Root Regions
[2021-12-01T12:18:17.708-0100][3.597s] GC(5) Concurrent Scan Root Regions 2.037ms
[2021-12-01T12:18:17.708-0100][3.598s] GC(5) Concurrent Mark (3.598s)
[2021-12-01T12:18:17.708-0100][3.598s] GC(5) Concurrent Mark From Roots
[2021-12-01T12:18:17.708-0100][3.598s] GC(5) Using 3 workers of 3 for marking
[2021-12-01T12:18:17.716-0100][3.605s] GC(5) Concurrent Mark From Roots 7.928ms
[2021-12-01T12:18:17.716-0100][3.605s] GC(5) Concurrent Preclean
[2021-12-01T12:18:17.716-0100][3.606s] GC(5) Concurrent Preclean 0.064ms
[2021-12-01T12:18:17.716-0100][3.606s] GC(5) Concurrent Mark (3.598s, 3.606s) 8.049ms
[2021-12-01T12:18:17.717-0100][3.606s] GC(5) Pause Remark
[2021-12-01T12:18:17.718-0100][3.607s] GC(5) Pause Remark 34M->34M(512M) 1.085ms
[2021-12-01T12:18:17.718-0100][3.607s] GC(5) User=0.01s Sys=0.00s Real=0.00s
[2021-12-01T12:18:17.718-0100][3.607s] GC(5) Concurrent Rebuild Remembered Sets
[2021-12-01T12:18:17.723-0100][3.612s] GC(5) Concurrent Rebuild Remembered Sets 4.687ms
[2021-12-01T12:18:17.723-0100][3.612s] GC(5) Pause Cleanup
[2021-12-01T12:18:17.723-0100][3.612s] GC(5) Pause Cleanup 34M->34M(512M) 0.126ms
[2021-12-01T12:18:17.723-0100][3.612s] GC(5) User=0.00s Sys=0.00s Real=0.00s
[2021-12-01T12:18:17.723-0100][3.612s] GC(5) Concurrent Cleanup for Next Mark
[2021-12-01T12:18:17.724-0100][3.613s] GC(5) Concurrent Cleanup for Next Mark 0.705ms
[2021-12-01T12:18:17.724-0100][3.613s] GC(5) Concurrent Cycle 17.774ms
[2021-12-01T12:18:51.344-0100][37.234s] GC(6) Pause Young (Normal) (G1 Evacuation Pause)
[2021-12-01T12:18:51.345-0100][37.234s] GC(6) Using 10 workers of 10 for evacuation
[2021-12-01T12:18:51.356-0100][37.246s] GC(6)   Pre Evacuate Collection Set: 0.1ms
[2021-12-01T12:18:51.356-0100][37.246s] GC(6)   Merge Heap Roots: 0.1ms
[2021-12-01T12:18:51.356-0100][37.246s] GC(6)   Evacuate Collection Set: 10.4ms
[2021-12-01T12:18:51.356-0100][37.246s] GC(6)   Post Evacuate Collection Set: 0.9ms
[2021-12-01T12:18:51.356-0100][37.246s] GC(6)   Other: 0.6ms
[2021-12-01T12:18:51.356-0100][37.246s] GC(6) Eden regions: 297->0(277)
[2021-12-01T12:18:51.357-0100][37.246s] GC(6) Survivor regions: 10->30(39)
[2021-12-01T12:18:51.357-0100][37.246s] GC(6) Old regions: 20->20
[2021-12-01T12:18:51.357-0100][37.246s] GC(6) Archive regions: 2->2
[2021-12-01T12:18:51.357-0100][37.246s] GC(6) Humongous regions: 5->4
[2021-12-01T12:18:51.357-0100][37.246s] GC(6) Metaspace: 54288K(55936K)->54288K(55936K) NonClass: 47990K(49408K)->47990K(49408K) Class: 6298K(6528K)->6298K(6528K)
[2021-12-01T12:18:51.357-0100][37.246s] GC(6) Pause Young (Normal) (G1 Evacuation Pause) 331M->53M(512M) 12.254ms
[2021-12-01T12:18:51.357-0100][37.246s] GC(6) User=0.10s Sys=0.00s Real=0.01s
[2021-12-01T12:19:48.028-0100][93.917s] GC(7) Pause Young (Concurrent Start) (Metadata GC Threshold)
[2021-12-01T12:19:48.034-0100][93.923s] GC(7) Using 10 workers of 10 for evacuation
[2021-12-01T12:19:48.045-0100][93.934s] GC(7)   Pre Evacuate Collection Set: 0.1ms
[2021-12-01T12:19:48.057-0100][93.946s] GC(7)   Merge Heap Roots: 0.1ms
[2021-12-01T12:19:48.057-0100][93.946s] GC(7)   Evacuate Collection Set: 9.9ms
[2021-12-01T12:19:48.057-0100][93.946s] GC(7)   Post Evacuate Collection Set: 1.0ms
[2021-12-01T12:19:48.057-0100][93.946s] GC(7)   Other: 5.9ms
[2021-12-01T12:19:48.057-0100][93.946s] GC(7) Eden regions: 46->0(302)
[2021-12-01T12:19:48.057-0100][93.946s] GC(7) Survivor regions: 30->5(39)
[2021-12-01T12:19:48.057-0100][93.947s] GC(7) Old regions: 20->49
[2021-12-01T12:19:48.058-0100][93.947s] GC(7) Archive regions: 2->2
[2021-12-01T12:19:48.058-0100][93.947s] GC(7) Humongous regions: 7->7
[2021-12-01T12:19:48.058-0100][93.947s] GC(7) Metaspace: 58611K(60160K)->58611K(60160K) NonClass: 51818K(53120K)->51818K(53120K) Class: 6792K(7040K)->6792K(7040K)
[2021-12-01T12:19:48.058-0100][93.947s] GC(7) Pause Young (Concurrent Start) (Metadata GC Threshold) 102M->61M(512M) 29.767ms
[2021-12-01T12:19:48.058-0100][93.947s] GC(7) User=0.09s Sys=0.01s Real=0.03s
[2021-12-01T12:19:48.058-0100][93.947s] GC(8) Concurrent Cycle
[2021-12-01T12:19:48.058-0100][93.947s] GC(8) Concurrent Clear Claimed Marks
[2021-12-01T12:19:48.058-0100][93.947s] GC(8) Concurrent Clear Claimed Marks 0.034ms
[2021-12-01T12:19:48.058-0100][93.947s] GC(8) Concurrent Scan Root Regions
[2021-12-01T12:19:48.066-0100][93.955s] GC(8) Concurrent Scan Root Regions 8.104ms
[2021-12-01T12:19:48.080-0100][93.969s] GC(8) Concurrent Mark (93.969s)
[2021-12-01T12:19:48.080-0100][93.969s] GC(8) Concurrent Mark From Roots
[2021-12-01T12:19:48.080-0100][93.969s] GC(8) Using 3 workers of 3 for marking
[2021-12-01T12:19:48.091-0100][93.980s] GC(8) Concurrent Mark From Roots 10.628ms
[2021-12-01T12:19:48.102-0100][93.991s] GC(8) Concurrent Preclean
[2021-12-01T12:19:48.103-0100][93.992s] GC(8) Concurrent Preclean 0.486ms
[2021-12-01T12:19:48.103-0100][93.992s] GC(8) Concurrent Mark (93.969s, 93.992s) 22.436ms
[2021-12-01T12:19:48.103-0100][93.992s] GC(8) Pause Remark
[2021-12-01T12:19:48.105-0100][93.994s] GC(8) Pause Remark 69M->69M(512M) 2.174ms
[2021-12-01T12:19:48.141-0100][94.030s] GC(8) User=0.04s Sys=0.00s Real=0.04s
[2021-12-01T12:19:48.141-0100][94.030s] GC(8) Concurrent Rebuild Remembered Sets
[2021-12-01T12:19:48.155-0100][94.044s] GC(8) Concurrent Rebuild Remembered Sets 13.967ms
[2021-12-01T12:19:48.176-0100][94.065s] GC(8) Pause Cleanup
[2021-12-01T12:19:48.176-0100][94.065s] GC(8) Pause Cleanup 71M->71M(512M) 0.146ms
[2021-12-01T12:19:48.176-0100][94.065s] GC(8) User=0.00s Sys=0.00s Real=0.00s
[2021-12-01T12:19:48.176-0100][94.065s] GC(8) Concurrent Cleanup for Next Mark
[2021-12-01T12:19:48.177-0100][94.066s] GC(8) Concurrent Cleanup for Next Mark 0.745ms
[2021-12-01T12:19:48.177-0100][94.066s] GC(8) Concurrent Cycle 119.128ms
[2021-12-01T16:14:45.418-0100][5231.109s] GC(9) Pause Young (Concurrent Start) (G1 Evacuation Pause)
[2021-12-01T16:14:45.419-0100][5231.110s] GC(9) Using 10 workers of 10 for evacuation
[2021-12-01T16:14:45.451-0100][5231.142s] GC(9)   Pre Evacuate Collection Set: 2.8ms
[2021-12-01T16:14:45.451-0100][5231.142s] GC(9)   Merge Heap Roots: 0.8ms
[2021-12-01T16:14:45.451-0100][5231.142s] GC(9)   Evacuate Collection Set: 26.0ms
[2021-12-01T16:14:45.451-0100][5231.142s] GC(9)   Post Evacuate Collection Set: 2.0ms
[2021-12-01T16:14:45.451-0100][5231.142s] GC(9)   Other: 1.2ms
[2021-12-01T16:14:45.451-0100][5231.142s] GC(9) Eden regions: 302->0(300)
[2021-12-01T16:14:45.451-0100][5231.142s] GC(9) Survivor regions: 5->7(39)
[2021-12-01T16:14:45.451-0100][5231.142s] GC(9) Old regions: 49->49
[2021-12-01T16:14:45.451-0100][5231.142s] GC(9) Archive regions: 2->2
[2021-12-01T16:14:45.451-0100][5231.142s] GC(9) Humongous regions: 7->7
[2021-12-01T16:14:45.451-0100][5231.142s] GC(9) Metaspace: 63684K(65432K)->63684K(65432K) NonClass: 56527K(58008K)->56527K(58008K) Class: 7156K(7424K)->7156K(7424K)
[2021-12-01T16:14:45.452-0100][5231.142s] GC(9) Pause Young (Concurrent Start) (G1 Evacuation Pause) 363M->62M(512M) 33.015ms
[2021-12-01T16:14:45.452-0100][5231.142s] GC(9) User=0.04s Sys=0.13s Real=0.04s
[2021-12-01T16:14:45.452-0100][5231.142s] GC(10) Concurrent Cycle
[2021-12-01T16:14:45.452-0100][5231.142s] GC(10) Concurrent Clear Claimed Marks
[2021-12-01T16:14:45.452-0100][5231.142s] GC(10) Concurrent Clear Claimed Marks 0.070ms
[2021-12-01T16:14:45.452-0100][5231.142s] GC(10) Concurrent Scan Root Regions
[2021-12-01T16:14:45.457-0100][5231.147s] GC(10) Concurrent Scan Root Regions 4.822ms
[2021-12-01T16:14:45.457-0100][5231.147s] GC(10) Concurrent Mark (5231.147s)
[2021-12-01T16:14:45.457-0100][5231.147s] GC(10) Concurrent Mark From Roots
[2021-12-01T16:14:45.457-0100][5231.147s] GC(10) Using 3 workers of 3 for marking
[2021-12-01T16:14:45.497-0100][5231.188s] GC(10) Concurrent Mark From Roots 40.713ms
[2021-12-01T16:14:45.497-0100][5231.188s] GC(10) Concurrent Preclean
[2021-12-01T16:14:45.498-0100][5231.188s] GC(10) Concurrent Preclean 0.328ms
[2021-12-01T16:14:45.498-0100][5231.188s] GC(10) Concurrent Mark (5231.147s, 5231.188s) 41.113ms
[2021-12-01T16:14:45.498-0100][5231.188s] GC(10) Pause Remark
[2021-12-01T16:14:45.569-0100][5231.260s] GC(10) Pause Remark 78M->78M(512M) 71.548ms
[2021-12-01T16:14:45.581-0100][5231.272s] GC(10) User=0.04s Sys=0.22s Real=0.09s
[2021-12-01T16:14:45.582-0100][5231.272s] GC(10) Concurrent Rebuild Remembered Sets
[2021-12-01T16:14:45.597-0100][5231.288s] GC(10) Concurrent Rebuild Remembered Sets 15.950ms
[2021-12-01T16:14:45.602-0100][5231.293s] GC(10) Pause Cleanup
[2021-12-01T16:14:45.616-0100][5231.306s] GC(10) Pause Cleanup 78M->78M(512M) 13.613ms
[2021-12-01T16:14:45.616-0100][5231.306s] GC(10) User=0.00s Sys=0.00s Real=0.01s
[2021-12-01T16:14:45.616-0100][5231.306s] GC(10) Concurrent Cleanup for Next Mark
[2021-12-01T16:14:45.620-0100][5231.311s] GC(10) Concurrent Cleanup for Next Mark 4.290ms
[2021-12-01T16:14:45.620-0100][5231.311s] GC(10) Concurrent Cycle 168.602ms
[2021-12-02T10:55:36.122-0100][11860.626s] GC(11) Pause Young (Normal) (G1 Evacuation Pause)
[2021-12-02T10:55:36.126-0100][11860.628s] GC(11) Using 10 workers of 10 for evacuation
[2021-12-02T10:55:36.174-0100][11860.676s] GC(11)   Pre Evacuate Collection Set: 6.4ms
[2021-12-02T10:55:36.174-0100][11860.676s] GC(11)   Merge Heap Roots: 2.0ms
[2021-12-02T10:55:36.174-0100][11860.676s] GC(11)   Evacuate Collection Set: 30.0ms
[2021-12-02T10:55:36.174-0100][11860.676s] GC(11)   Post Evacuate Collection Set: 5.2ms
[2021-12-02T10:55:36.174-0100][11860.676s] GC(11)   Other: 13.7ms
[2021-12-02T10:55:36.174-0100][11860.676s] GC(11) Eden regions: 300->0(301)
[2021-12-02T10:55:36.174-0100][11860.676s] GC(11) Survivor regions: 7->6(39)
[2021-12-02T10:55:36.174-0100][11860.676s] GC(11) Old regions: 49->49
[2021-12-02T10:55:36.174-0100][11860.676s] GC(11) Archive regions: 2->2
[2021-12-02T10:55:36.174-0100][11860.676s] GC(11) Humongous regions: 7->7
[2021-12-02T10:55:36.175-0100][11860.677s] GC(11) Metaspace: 63879K(65944K)->63879K(65944K) NonClass: 56762K(58520K)->56762K(58520K) Class: 7117K(7424K)->7117K(7424K)
[2021-12-02T10:55:36.175-0100][11860.677s] GC(11) Pause Young (Normal) (G1 Evacuation Pause) 362M->62M(512M) 54.460ms
[2021-12-02T10:55:36.175-0100][11860.677s] GC(11) User=0.03s Sys=0.15s Real=0.05s
[2021-12-02T12:13:32.109-0100][16536.541s] GC(12) Pause Young (Normal) (G1 Evacuation Pause)
[2021-12-02T12:13:32.129-0100][16536.561s] GC(12) Using 10 workers of 10 for evacuation
[2021-12-02T12:13:32.142-0100][16536.574s] GC(12)   Pre Evacuate Collection Set: 0.4ms
[2021-12-02T12:13:32.142-0100][16536.574s] GC(12)   Merge Heap Roots: 0.1ms
[2021-12-02T12:13:32.142-0100][16536.574s] GC(12)   Evacuate Collection Set: 11.5ms
[2021-12-02T12:13:32.142-0100][16536.574s] GC(12)   Post Evacuate Collection Set: 1.0ms
[2021-12-02T12:13:32.142-0100][16536.574s] GC(12)   Other: 19.9ms
[2021-12-02T12:13:32.142-0100][16536.574s] GC(12) Eden regions: 301->0(298)
[2021-12-02T12:13:32.142-0100][16536.574s] GC(12) Survivor regions: 6->9(39)
[2021-12-02T12:13:32.142-0100][16536.574s] GC(12) Old regions: 49->49
[2021-12-02T12:13:32.142-0100][16536.574s] GC(12) Archive regions: 2->2
[2021-12-02T12:13:32.142-0100][16536.574s] GC(12) Humongous regions: 7->7
[2021-12-02T12:13:32.142-0100][16536.574s] GC(12) Metaspace: 64284K(66200K)->64284K(66200K) NonClass: 57142K(58776K)->57142K(58776K) Class: 7142K(7424K)->7142K(7424K)
[2021-12-02T12:13:32.142-0100][16536.574s] GC(12) Pause Young (Normal) (G1 Evacuation Pause) 363M->65M(512M) 33.102ms
[2021-12-02T12:13:32.142-0100][16536.574s] GC(12) User=0.05s Sys=0.04s Real=0.04s
[2021-12-02T13:42:58.606-0100][18454.790s] Heap
[2021-12-02T13:42:58.606-0100][18454.790s]  garbage-first heap   total 524288K, used 333164K [0x00000007e0000000, 0x0000000800000000)
[2021-12-02T13:42:58.606-0100][18454.790s]   region size 1024K, 271 young (277504K), 9 survivors (9216K)
[2021-12-02T13:42:58.606-0100][18454.790s]  Metaspace       used 64902K, capacity 65496K, committed 66840K, reserved 1107968K
[2021-12-02T13:42:58.606-0100][18454.790s]   class space    used 7213K, capacity 7444K, committed 7552K, reserved 1048576K
