[2021-12-03T10:04:28.315-0100][0.008s] Using G1
[2021-12-03T10:04:28.524-0100][0.217s] Version: 15.0.2+7 (release)
[2021-12-03T10:04:28.524-0100][0.217s] CPUs: 12 total, 12 available
[2021-12-03T10:04:28.524-0100][0.217s] Memory: 16384M
[2021-12-03T10:04:28.524-0100][0.217s] Large Page Support: Disabled
[2021-12-03T10:04:28.524-0100][0.217s] NUMA Support: Disabled
[2021-12-03T10:04:28.524-0100][0.217s] Compressed Oops: Enabled (Zero based)
[2021-12-03T10:04:28.524-0100][0.217s] Heap Region Size: 1M
[2021-12-03T10:04:28.524-0100][0.217s] Heap Min Capacity: 512M
[2021-12-03T10:04:28.524-0100][0.217s] Heap Initial Capacity: 512M
[2021-12-03T10:04:28.524-0100][0.217s] Heap Max Capacity: 512M
[2021-12-03T10:04:28.524-0100][0.217s] Pre-touch: Enabled
[2021-12-03T10:04:28.524-0100][0.217s] Parallel Workers: 10
[2021-12-03T10:04:28.524-0100][0.217s] Concurrent Workers: 3
[2021-12-03T10:04:28.524-0100][0.217s] Concurrent Refinement Workers: 10
[2021-12-03T10:04:28.524-0100][0.217s] Periodic GC: Disabled
[2021-12-03T10:04:28.525-0100][0.218s] Mark closed archive regions in map: [0x00000007fff00000, 0x00000007fff78ff8]
[2021-12-03T10:04:28.526-0100][0.219s] Mark open archive regions in map: [0x00000007ffe00000, 0x00000007ffe50ff8]
[2021-12-03T10:04:28.526-0100][0.219s] CDS archive(s) mapped at: [0x0000000800000000-0x0000000800b2f000-0x0000000800b2f000), size 11726848, SharedBaseAddress: 0x0000000800000000, ArchiveRelocationMode: 0.
[2021-12-03T10:04:28.526-0100][0.219s] Compressed class space mapped at: 0x0000000800b30000-0x0000000840b30000, size: 1073741824
[2021-12-03T10:04:28.526-0100][0.219s] Narrow klass base: 0x0000000800000000, Narrow klass shift: 3, Narrow klass range: 0x100000000
[2021-12-03T10:04:29.123-0100][0.816s] GC(0) Pause Young (Normal) (G1 Evacuation Pause)
[2021-12-03T10:04:29.123-0100][0.816s] GC(0) Using 10 workers of 10 for evacuation
[2021-12-03T10:04:29.125-0100][0.818s] GC(0)   Pre Evacuate Collection Set: 0.1ms
[2021-12-03T10:04:29.125-0100][0.818s] GC(0)   Merge Heap Roots: 0.0ms
[2021-12-03T10:04:29.125-0100][0.818s] GC(0)   Evacuate Collection Set: 1.3ms
[2021-12-03T10:04:29.125-0100][0.818s] GC(0)   Post Evacuate Collection Set: 0.3ms
[2021-12-03T10:04:29.125-0100][0.818s] GC(0)   Other: 0.4ms
[2021-12-03T10:04:29.125-0100][0.818s] GC(0) Eden regions: 29->0(54)
[2021-12-03T10:04:29.125-0100][0.818s] GC(0) Survivor regions: 0->4(4)
[2021-12-03T10:04:29.125-0100][0.818s] GC(0) Old regions: 0->0
[2021-12-03T10:04:29.125-0100][0.818s] GC(0) Archive regions: 2->2
[2021-12-03T10:04:29.125-0100][0.818s] GC(0) Humongous regions: 0->0
[2021-12-03T10:04:29.125-0100][0.818s] GC(0) Metaspace: 7775K(8192K)->7775K(8192K) NonClass: 6879K(7168K)->6879K(7168K) Class: 895K(1024K)->895K(1024K)
[2021-12-03T10:04:29.125-0100][0.818s] GC(0) Pause Young (Normal) (G1 Evacuation Pause) 29M->4M(512M) 2.243ms
[2021-12-03T10:04:29.125-0100][0.818s] GC(0) User=0.01s Sys=0.01s Real=0.00s
[2021-12-03T10:04:29.851-0100][1.544s] GC(1) Pause Young (Normal) (G1 Evacuation Pause)
[2021-12-03T10:04:29.851-0100][1.544s] GC(1) Using 10 workers of 10 for evacuation
[2021-12-03T10:04:29.859-0100][1.552s] GC(1)   Pre Evacuate Collection Set: 0.1ms
[2021-12-03T10:04:29.859-0100][1.552s] GC(1)   Merge Heap Roots: 0.0ms
[2021-12-03T10:04:29.859-0100][1.552s] GC(1)   Evacuate Collection Set: 7.2ms
[2021-12-03T10:04:29.859-0100][1.552s] GC(1)   Post Evacuate Collection Set: 0.8ms
[2021-12-03T10:04:29.859-0100][1.552s] GC(1)   Other: 0.2ms
[2021-12-03T10:04:29.859-0100][1.552s] GC(1) Eden regions: 54->0(77)
[2021-12-03T10:04:29.859-0100][1.552s] GC(1) Survivor regions: 4->8(8)
[2021-12-03T10:04:29.859-0100][1.552s] GC(1) Old regions: 0->11
[2021-12-03T10:04:29.859-0100][1.552s] GC(1) Archive regions: 2->2
[2021-12-03T10:04:29.859-0100][1.552s] GC(1) Humongous regions: 4->4
[2021-12-03T10:04:29.859-0100][1.552s] GC(1) Metaspace: 16067K(16640K)->16067K(16640K) NonClass: 14216K(14592K)->14216K(14592K) Class: 1850K(2048K)->1850K(2048K)
[2021-12-03T10:04:29.859-0100][1.552s] GC(1) Pause Young (Normal) (G1 Evacuation Pause) 62M->23M(512M) 8.433ms
[2021-12-03T10:04:29.859-0100][1.552s] GC(1) User=0.06s Sys=0.01s Real=0.00s
[2021-12-03T10:04:30.147-0100][1.840s] GC(2) Pause Young (Concurrent Start) (Metadata GC Threshold)
[2021-12-03T10:04:30.147-0100][1.840s] GC(2) Using 10 workers of 10 for evacuation
[2021-12-03T10:04:30.151-0100][1.844s] GC(2)   Pre Evacuate Collection Set: 0.1ms
[2021-12-03T10:04:30.151-0100][1.844s] GC(2)   Merge Heap Roots: 0.1ms
[2021-12-03T10:04:30.151-0100][1.844s] GC(2)   Evacuate Collection Set: 3.2ms
[2021-12-03T10:04:30.151-0100][1.844s] GC(2)   Post Evacuate Collection Set: 0.5ms
[2021-12-03T10:04:30.151-0100][1.844s] GC(2)   Other: 0.2ms
[2021-12-03T10:04:30.151-0100][1.844s] GC(2) Eden regions: 26->0(137)
[2021-12-03T10:04:30.151-0100][1.844s] GC(2) Survivor regions: 8->2(10)
[2021-12-03T10:04:30.151-0100][1.844s] GC(2) Old regions: 11->19
[2021-12-03T10:04:30.151-0100][1.844s] GC(2) Archive regions: 2->2
[2021-12-03T10:04:30.151-0100][1.844s] GC(2) Humongous regions: 4->4
[2021-12-03T10:04:30.151-0100][1.844s] GC(2) Metaspace: 20597K(21248K)->20597K(21248K) NonClass: 18282K(18688K)->18282K(18688K) Class: 2315K(2560K)->2315K(2560K)
[2021-12-03T10:04:30.151-0100][1.844s] GC(2) Pause Young (Concurrent Start) (Metadata GC Threshold) 49M->24M(512M) 4.207ms
[2021-12-03T10:04:30.151-0100][1.844s] GC(2) User=0.03s Sys=0.00s Real=0.01s
[2021-12-03T10:04:30.151-0100][1.845s] GC(3) Concurrent Cycle
[2021-12-03T10:04:30.152-0100][1.845s] GC(3) Concurrent Clear Claimed Marks
[2021-12-03T10:04:30.152-0100][1.845s] GC(3) Concurrent Clear Claimed Marks 0.019ms
[2021-12-03T10:04:30.152-0100][1.845s] GC(3) Concurrent Scan Root Regions
[2021-12-03T10:04:30.153-0100][1.846s] GC(3) Concurrent Scan Root Regions 1.454ms
[2021-12-03T10:04:30.153-0100][1.846s] GC(3) Concurrent Mark (1.846s)
[2021-12-03T10:04:30.153-0100][1.846s] GC(3) Concurrent Mark From Roots
[2021-12-03T10:04:30.153-0100][1.846s] GC(3) Using 3 workers of 3 for marking
[2021-12-03T10:04:30.158-0100][1.851s] GC(3) Concurrent Mark From Roots 5.334ms
[2021-12-03T10:04:30.158-0100][1.851s] GC(3) Concurrent Preclean
[2021-12-03T10:04:30.158-0100][1.851s] GC(3) Concurrent Preclean 0.034ms
[2021-12-03T10:04:30.158-0100][1.851s] GC(3) Concurrent Mark (1.846s, 1.851s) 5.424ms
[2021-12-03T10:04:30.159-0100][1.852s] GC(3) Pause Remark
[2021-12-03T10:04:30.159-0100][1.852s] GC(3) Pause Remark 25M->25M(512M) 0.741ms
[2021-12-03T10:04:30.159-0100][1.852s] GC(3) User=0.00s Sys=0.00s Real=0.00s
[2021-12-03T10:04:30.159-0100][1.852s] GC(3) Concurrent Rebuild Remembered Sets
[2021-12-03T10:04:30.163-0100][1.856s] GC(3) Concurrent Rebuild Remembered Sets 3.810ms
[2021-12-03T10:04:30.164-0100][1.857s] GC(3) Pause Cleanup
[2021-12-03T10:04:30.164-0100][1.857s] GC(3) Pause Cleanup 26M->26M(512M) 0.101ms
[2021-12-03T10:04:30.164-0100][1.857s] GC(3) User=0.00s Sys=0.00s Real=0.00s
[2021-12-03T10:04:30.164-0100][1.857s] GC(3) Concurrent Cleanup for Next Mark
[2021-12-03T10:04:30.164-0100][1.857s] GC(3) Concurrent Cleanup for Next Mark 0.676ms
[2021-12-03T10:04:30.164-0100][1.857s] GC(3) Concurrent Cycle 12.941ms
[2021-12-03T10:04:31.901-0100][3.594s] GC(4) Pause Young (Concurrent Start) (Metadata GC Threshold)
[2021-12-03T10:04:31.901-0100][3.594s] GC(4) Using 10 workers of 10 for evacuation
[2021-12-03T10:04:31.905-0100][3.598s] GC(4)   Pre Evacuate Collection Set: 0.1ms
[2021-12-03T10:04:31.906-0100][3.599s] GC(4)   Merge Heap Roots: 0.0ms
[2021-12-03T10:04:31.906-0100][3.599s] GC(4)   Evacuate Collection Set: 3.4ms
[2021-12-03T10:04:31.906-0100][3.599s] GC(4)   Post Evacuate Collection Set: 0.7ms
[2021-12-03T10:04:31.906-0100][3.599s] GC(4)   Other: 0.2ms
[2021-12-03T10:04:31.906-0100][3.599s] GC(4) Eden regions: 114->0(296)
[2021-12-03T10:04:31.906-0100][3.599s] GC(4) Survivor regions: 2->11(18)
[2021-12-03T10:04:31.906-0100][3.599s] GC(4) Old regions: 19->19
[2021-12-03T10:04:31.906-0100][3.599s] GC(4) Archive regions: 2->2
[2021-12-03T10:04:31.906-0100][3.599s] GC(4) Humongous regions: 4->4
[2021-12-03T10:04:31.906-0100][3.599s] GC(4) Metaspace: 34868K(35840K)->34868K(35840K) NonClass: 30978K(31744K)->30978K(31744K) Class: 3890K(4096K)->3890K(4096K)
[2021-12-03T10:04:31.906-0100][3.599s] GC(4) Pause Young (Concurrent Start) (Metadata GC Threshold) 138M->33M(512M) 4.642ms
[2021-12-03T10:04:31.906-0100][3.599s] GC(4) User=0.03s Sys=0.00s Real=0.00s
[2021-12-03T10:04:31.906-0100][3.599s] GC(5) Concurrent Cycle
[2021-12-03T10:04:31.906-0100][3.599s] GC(5) Concurrent Clear Claimed Marks
[2021-12-03T10:04:31.906-0100][3.599s] GC(5) Concurrent Clear Claimed Marks 0.027ms
[2021-12-03T10:04:31.906-0100][3.599s] GC(5) Concurrent Scan Root Regions
[2021-12-03T10:04:31.909-0100][3.602s] GC(5) Concurrent Scan Root Regions 3.055ms
[2021-12-03T10:04:31.909-0100][3.602s] GC(5) Concurrent Mark (3.602s)
[2021-12-03T10:04:31.909-0100][3.602s] GC(5) Concurrent Mark From Roots
[2021-12-03T10:04:31.909-0100][3.602s] GC(5) Using 3 workers of 3 for marking
[2021-12-03T10:04:31.919-0100][3.612s] GC(5) Concurrent Mark From Roots 9.747ms
[2021-12-03T10:04:31.919-0100][3.612s] GC(5) Concurrent Preclean
[2021-12-03T10:04:31.919-0100][3.612s] GC(5) Concurrent Preclean 0.074ms
[2021-12-03T10:04:31.919-0100][3.612s] GC(5) Concurrent Mark (3.602s, 3.612s) 9.914ms
[2021-12-03T10:04:31.919-0100][3.612s] GC(5) Pause Remark
[2021-12-03T10:04:31.920-0100][3.613s] GC(5) Pause Remark 34M->34M(512M) 1.229ms
[2021-12-03T10:04:31.920-0100][3.613s] GC(5) User=0.01s Sys=0.00s Real=0.01s
[2021-12-03T10:04:31.920-0100][3.613s] GC(5) Concurrent Rebuild Remembered Sets
[2021-12-03T10:04:31.927-0100][3.620s] GC(5) Concurrent Rebuild Remembered Sets 6.746ms
[2021-12-03T10:04:31.928-0100][3.621s] GC(5) Pause Cleanup
[2021-12-03T10:04:31.928-0100][3.621s] GC(5) Pause Cleanup 35M->35M(512M) 0.123ms
[2021-12-03T10:04:31.928-0100][3.621s] GC(5) User=0.00s Sys=0.00s Real=0.00s
[2021-12-03T10:04:31.928-0100][3.621s] GC(5) Concurrent Cleanup for Next Mark
[2021-12-03T10:04:31.929-0100][3.622s] GC(5) Concurrent Cleanup for Next Mark 0.813ms
[2021-12-03T10:04:31.929-0100][3.622s] GC(5) Concurrent Cycle 22.866ms
[2021-12-03T10:05:04.000-0100][35.693s] GC(6) Pause Young (Normal) (GCLocker Initiated GC)
[2021-12-03T10:05:04.016-0100][35.710s] GC(6) Using 10 workers of 10 for evacuation
[2021-12-03T10:05:04.029-0100][35.722s] GC(6)   Pre Evacuate Collection Set: 0.1ms
[2021-12-03T10:05:04.029-0100][35.722s] GC(6)   Merge Heap Roots: 0.1ms
[2021-12-03T10:05:04.029-0100][35.722s] GC(6)   Evacuate Collection Set: 10.3ms
[2021-12-03T10:05:04.029-0100][35.722s] GC(6)   Post Evacuate Collection Set: 1.4ms
[2021-12-03T10:05:04.029-0100][35.722s] GC(6)   Other: 16.7ms
[2021-12-03T10:05:04.029-0100][35.722s] GC(6) Eden regions: 296->0(277)
[2021-12-03T10:05:04.029-0100][35.722s] GC(6) Survivor regions: 11->30(39)
[2021-12-03T10:05:04.029-0100][35.722s] GC(6) Old regions: 19->19
[2021-12-03T10:05:04.029-0100][35.722s] GC(6) Archive regions: 2->2
[2021-12-03T10:05:04.029-0100][35.722s] GC(6) Humongous regions: 5->4
[2021-12-03T10:05:04.029-0100][35.722s] GC(6) Metaspace: 54006K(55424K)->54006K(55424K) NonClass: 47787K(48896K)->47787K(48896K) Class: 6219K(6528K)->6219K(6528K)
[2021-12-03T10:05:04.029-0100][35.722s] GC(6) Pause Young (Normal) (GCLocker Initiated GC) 330M->53M(512M) 28.887ms
[2021-12-03T10:05:04.029-0100][35.722s] GC(6) User=0.13s Sys=0.01s Real=0.02s
[2021-12-03T10:06:36.746-0100][128.439s] GC(7) Pause Young (Normal) (G1 Evacuation Pause)
[2021-12-03T10:06:36.746-0100][128.440s] GC(7) Using 10 workers of 10 for evacuation
[2021-12-03T10:06:36.758-0100][128.452s] GC(7)   Pre Evacuate Collection Set: 0.1ms
[2021-12-03T10:06:36.758-0100][128.452s] GC(7)   Merge Heap Roots: 0.1ms
[2021-12-03T10:06:36.758-0100][128.452s] GC(7)   Evacuate Collection Set: 11.0ms
[2021-12-03T10:06:36.758-0100][128.452s] GC(7)   Post Evacuate Collection Set: 0.9ms
[2021-12-03T10:06:36.758-0100][128.452s] GC(7)   Other: 0.5ms
[2021-12-03T10:06:36.758-0100][128.452s] GC(7) Eden regions: 277->0(269)
[2021-12-03T10:06:36.758-0100][128.452s] GC(7) Survivor regions: 30->38(39)
[2021-12-03T10:06:36.758-0100][128.452s] GC(7) Old regions: 19->29
[2021-12-03T10:06:36.758-0100][128.452s] GC(7) Archive regions: 2->2
[2021-12-03T10:06:36.758-0100][128.452s] GC(7) Humongous regions: 4->4
[2021-12-03T10:06:36.758-0100][128.452s] GC(7) Metaspace: 58800K(60160K)->58800K(60160K) NonClass: 52056K(53120K)->52056K(53120K) Class: 6744K(7040K)->6744K(7040K)
[2021-12-03T10:06:36.758-0100][128.452s] GC(7) Pause Young (Normal) (G1 Evacuation Pause) 330M->71M(512M) 12.768ms
[2021-12-03T10:06:36.758-0100][128.452s] GC(7) User=0.11s Sys=0.01s Real=0.01s
[2021-12-03T10:06:36.813-0100][128.507s] GC(8) Pause Young (Concurrent Start) (Metadata GC Threshold)
[2021-12-03T10:06:36.813-0100][128.507s] GC(8) Using 10 workers of 10 for evacuation
[2021-12-03T10:06:36.823-0100][128.516s] GC(8)   Pre Evacuate Collection Set: 0.1ms
[2021-12-03T10:06:36.823-0100][128.517s] GC(8)   Merge Heap Roots: 0.0ms
[2021-12-03T10:06:36.823-0100][128.517s] GC(8)   Evacuate Collection Set: 8.6ms
[2021-12-03T10:06:36.823-0100][128.517s] GC(8)   Post Evacuate Collection Set: 0.6ms
[2021-12-03T10:06:36.823-0100][128.517s] GC(8)   Other: 0.1ms
[2021-12-03T10:06:36.823-0100][128.517s] GC(8) Eden regions: 22->0(286)
[2021-12-03T10:06:36.823-0100][128.517s] GC(8) Survivor regions: 38->21(39)
[2021-12-03T10:06:36.823-0100][128.517s] GC(8) Old regions: 29->48
[2021-12-03T10:06:36.823-0100][128.517s] GC(8) Archive regions: 2->2
[2021-12-03T10:06:36.823-0100][128.517s] GC(8) Humongous regions: 4->4
[2021-12-03T10:06:36.823-0100][128.517s] GC(8) Metaspace: 58874K(60160K)->58874K(60160K) NonClass: 52117K(53120K)->52117K(53120K) Class: 6757K(7040K)->6757K(7040K)
[2021-12-03T10:06:36.823-0100][128.517s] GC(8) Pause Young (Concurrent Start) (Metadata GC Threshold) 92M->73M(512M) 9.630ms
[2021-12-03T10:06:36.823-0100][128.517s] GC(8) User=0.09s Sys=0.00s Real=0.01s
[2021-12-03T10:06:36.823-0100][128.517s] GC(9) Concurrent Cycle
[2021-12-03T10:06:36.823-0100][128.517s] GC(9) Concurrent Clear Claimed Marks
[2021-12-03T10:06:36.823-0100][128.517s] GC(9) Concurrent Clear Claimed Marks 0.040ms
[2021-12-03T10:06:36.823-0100][128.517s] GC(9) Concurrent Scan Root Regions
[2021-12-03T10:06:36.829-0100][128.523s] GC(9) Concurrent Scan Root Regions 5.785ms
[2021-12-03T10:06:36.829-0100][128.523s] GC(9) Concurrent Mark (128.523s)
[2021-12-03T10:06:36.829-0100][128.523s] GC(9) Concurrent Mark From Roots
[2021-12-03T10:06:36.829-0100][128.523s] GC(9) Using 3 workers of 3 for marking
[2021-12-03T10:06:36.839-0100][128.533s] GC(9) Concurrent Mark From Roots 9.906ms
[2021-12-03T10:06:36.852-0100][128.546s] GC(9) Concurrent Preclean
[2021-12-03T10:06:36.853-0100][128.546s] GC(9) Concurrent Preclean 0.142ms
[2021-12-03T10:06:36.853-0100][128.546s] GC(9) Concurrent Mark (128.523s, 128.546s) 23.598ms
[2021-12-03T10:06:36.853-0100][128.546s] GC(9) Pause Remark
[2021-12-03T10:06:36.855-0100][128.548s] GC(9) Pause Remark 75M->75M(512M) 1.904ms
[2021-12-03T10:06:36.855-0100][128.548s] GC(9) User=0.02s Sys=0.01s Real=0.00s
[2021-12-03T10:06:36.855-0100][128.548s] GC(9) Concurrent Rebuild Remembered Sets
[2021-12-03T10:06:36.868-0100][128.562s] GC(9) Concurrent Rebuild Remembered Sets 13.131ms
[2021-12-03T10:06:36.878-0100][128.571s] GC(9) Pause Cleanup
[2021-12-03T10:06:36.878-0100][128.571s] GC(9) Pause Cleanup 77M->77M(512M) 0.122ms
[2021-12-03T10:06:36.878-0100][128.571s] GC(9) User=0.00s Sys=0.00s Real=0.00s
[2021-12-03T10:06:36.878-0100][128.571s] GC(9) Concurrent Cleanup for Next Mark
[2021-12-03T10:06:36.879-0100][128.572s] GC(9) Concurrent Cleanup for Next Mark 0.843ms
[2021-12-03T10:06:36.879-0100][128.572s] GC(9) Concurrent Cycle 55.582ms
[2021-12-03T10:07:10.826-0100][162.520s] GC(10) Pause Young (Normal) (G1 Evacuation Pause)
[2021-12-03T10:07:10.826-0100][162.520s] GC(10) Using 10 workers of 10 for evacuation
[2021-12-03T10:07:10.838-0100][162.532s] GC(10)   Pre Evacuate Collection Set: 0.1ms
[2021-12-03T10:07:10.838-0100][162.532s] GC(10)   Merge Heap Roots: 0.1ms
[2021-12-03T10:07:10.838-0100][162.532s] GC(10)   Evacuate Collection Set: 10.6ms
[2021-12-03T10:07:10.838-0100][162.532s] GC(10)   Post Evacuate Collection Set: 0.6ms
[2021-12-03T10:07:10.838-0100][162.532s] GC(10)   Other: 0.2ms
[2021-12-03T10:07:10.838-0100][162.532s] GC(10) Eden regions: 286->0(273)
[2021-12-03T10:07:10.838-0100][162.532s] GC(10) Survivor regions: 21->34(39)
[2021-12-03T10:07:10.838-0100][162.532s] GC(10) Old regions: 48->48
[2021-12-03T10:07:10.838-0100][162.532s] GC(10) Archive regions: 2->2
[2021-12-03T10:07:10.838-0100][162.532s] GC(10) Humongous regions: 4->4
[2021-12-03T10:07:10.838-0100][162.532s] GC(10) Metaspace: 59901K(61184K)->59901K(61184K) NonClass: 53028K(54016K)->53028K(54016K) Class: 6873K(7168K)->6873K(7168K)
[2021-12-03T10:07:10.838-0100][162.532s] GC(10) Pause Young (Normal) (G1 Evacuation Pause) 359M->85M(512M) 11.812ms
[2021-12-03T10:07:10.838-0100][162.532s] GC(10) User=0.12s Sys=0.01s Real=0.01s
[2021-12-03T10:11:15.171-0100][406.865s] GC(11) Pause Young (Normal) (G1 Evacuation Pause)
[2021-12-03T10:11:15.171-0100][406.866s] GC(11) Using 10 workers of 10 for evacuation
[2021-12-03T10:11:15.187-0100][406.881s] GC(11)   Pre Evacuate Collection Set: 0.1ms
[2021-12-03T10:11:15.187-0100][406.881s] GC(11)   Merge Heap Roots: 0.1ms
[2021-12-03T10:11:15.187-0100][406.881s] GC(11)   Evacuate Collection Set: 14.5ms
[2021-12-03T10:11:15.187-0100][406.881s] GC(11)   Post Evacuate Collection Set: 0.6ms
[2021-12-03T10:11:15.187-0100][406.881s] GC(11)   Other: 0.6ms
[2021-12-03T10:11:15.187-0100][406.881s] GC(11) Eden regions: 273->0(278)
[2021-12-03T10:11:15.187-0100][406.882s] GC(11) Survivor regions: 34->29(39)
[2021-12-03T10:11:15.187-0100][406.882s] GC(11) Old regions: 48->65
[2021-12-03T10:11:15.187-0100][406.882s] GC(11) Archive regions: 2->2
[2021-12-03T10:11:15.187-0100][406.882s] GC(11) Humongous regions: 4->4
[2021-12-03T10:11:15.187-0100][406.882s] GC(11) Metaspace: 60258K(61440K)->60258K(61440K) NonClass: 53383K(54272K)->53383K(54272K) Class: 6875K(7168K)->6875K(7168K)
[2021-12-03T10:11:15.187-0100][406.882s] GC(11) Pause Young (Normal) (G1 Evacuation Pause) 358M->97M(512M) 16.121ms
[2021-12-03T10:11:15.187-0100][406.882s] GC(11) User=0.14s Sys=0.01s Real=0.01s
[2021-12-03T10:13:50.741-0100][562.436s] GC(12) Pause Young (Normal) (G1 Evacuation Pause)
[2021-12-03T10:13:50.741-0100][562.437s] GC(12) Using 10 workers of 10 for evacuation
[2021-12-03T10:13:50.755-0100][562.451s] GC(12)   Pre Evacuate Collection Set: 0.1ms
[2021-12-03T10:13:50.755-0100][562.451s] GC(12)   Merge Heap Roots: 0.1ms
[2021-12-03T10:13:50.755-0100][562.451s] GC(12)   Evacuate Collection Set: 13.1ms
[2021-12-03T10:13:50.755-0100][562.451s] GC(12)   Post Evacuate Collection Set: 0.6ms
[2021-12-03T10:13:50.755-0100][562.451s] GC(12)   Other: 0.6ms
[2021-12-03T10:13:50.755-0100][562.451s] GC(12) Eden regions: 278->0(279)
[2021-12-03T10:13:50.755-0100][562.451s] GC(12) Survivor regions: 29->28(39)
[2021-12-03T10:13:50.755-0100][562.451s] GC(12) Old regions: 65->77
[2021-12-03T10:13:50.755-0100][562.451s] GC(12) Archive regions: 2->2
[2021-12-03T10:13:50.755-0100][562.451s] GC(12) Humongous regions: 7->7
[2021-12-03T10:13:50.755-0100][562.451s] GC(12) Metaspace: 62561K(63872K)->62561K(63872K) NonClass: 55401K(56320K)->55401K(56320K) Class: 7159K(7552K)->7159K(7552K)
[2021-12-03T10:13:50.756-0100][562.451s] GC(12) Pause Young (Normal) (G1 Evacuation Pause) 378M->112M(512M) 14.641ms
[2021-12-03T10:13:50.756-0100][562.451s] GC(12) User=0.07s Sys=0.03s Real=0.01s
[2021-12-03T10:13:51.431-0100][563.127s] GC(13) Pause Young (Normal) (G1 Evacuation Pause)
[2021-12-03T10:13:51.431-0100][563.127s] GC(13) Using 10 workers of 10 for evacuation
[2021-12-03T10:13:51.443-0100][563.138s] GC(13)   Pre Evacuate Collection Set: 0.1ms
[2021-12-03T10:13:51.443-0100][563.138s] GC(13)   Merge Heap Roots: 0.0ms
[2021-12-03T10:13:51.443-0100][563.138s] GC(13)   Evacuate Collection Set: 10.5ms
[2021-12-03T10:13:51.443-0100][563.138s] GC(13)   Post Evacuate Collection Set: 0.5ms
[2021-12-03T10:13:51.443-0100][563.138s] GC(13)   Other: 0.3ms
[2021-12-03T10:13:51.443-0100][563.138s] GC(13) Eden regions: 279->0(290)
[2021-12-03T10:13:51.443-0100][563.138s] GC(13) Survivor regions: 28->17(39)
[2021-12-03T10:13:51.443-0100][563.138s] GC(13) Old regions: 77->91
[2021-12-03T10:13:51.443-0100][563.138s] GC(13) Archive regions: 2->2
[2021-12-03T10:13:51.443-0100][563.138s] GC(13) Humongous regions: 7->7
[2021-12-03T10:13:51.443-0100][563.138s] GC(13) Metaspace: 62596K(63872K)->62596K(63872K) NonClass: 55436K(56320K)->55436K(56320K) Class: 7160K(7552K)->7160K(7552K)
[2021-12-03T10:13:51.443-0100][563.138s] GC(13) Pause Young (Normal) (G1 Evacuation Pause) 391M->115M(512M) 11.662ms
[2021-12-03T10:13:51.443-0100][563.138s] GC(13) User=0.07s Sys=0.02s Real=0.01s
[2021-12-03T10:13:52.229-0100][563.924s] GC(14) Pause Young (Normal) (G1 Evacuation Pause)
[2021-12-03T10:13:52.229-0100][563.924s] GC(14) Using 10 workers of 10 for evacuation
[2021-12-03T10:13:52.233-0100][563.928s] GC(14)   Pre Evacuate Collection Set: 0.1ms
[2021-12-03T10:13:52.233-0100][563.928s] GC(14)   Merge Heap Roots: 0.0ms
[2021-12-03T10:13:52.233-0100][563.928s] GC(14)   Evacuate Collection Set: 3.4ms
[2021-12-03T10:13:52.233-0100][563.928s] GC(14)   Post Evacuate Collection Set: 0.5ms
[2021-12-03T10:13:52.233-0100][563.928s] GC(14)   Other: 0.2ms
[2021-12-03T10:13:52.233-0100][563.928s] GC(14) Eden regions: 290->0(290)
[2021-12-03T10:13:52.233-0100][563.929s] GC(14) Survivor regions: 17->17(39)
[2021-12-03T10:13:52.233-0100][563.929s] GC(14) Old regions: 91->91
[2021-12-03T10:13:52.233-0100][563.929s] GC(14) Archive regions: 2->2
[2021-12-03T10:13:52.233-0100][563.929s] GC(14) Humongous regions: 7->7
[2021-12-03T10:13:52.233-0100][563.929s] GC(14) Metaspace: 62648K(63872K)->62648K(63872K) NonClass: 55487K(56320K)->55487K(56320K) Class: 7160K(7552K)->7160K(7552K)
[2021-12-03T10:13:52.233-0100][563.929s] GC(14) Pause Young (Normal) (G1 Evacuation Pause) 405M->115M(512M) 4.247ms
[2021-12-03T10:13:52.233-0100][563.929s] GC(14) User=0.03s Sys=0.00s Real=0.01s
[2021-12-03T10:13:52.837-0100][564.532s] GC(15) Pause Young (Normal) (G1 Evacuation Pause)
[2021-12-03T10:13:52.837-0100][564.533s] GC(15) Using 10 workers of 10 for evacuation
[2021-12-03T10:13:52.841-0100][564.537s] GC(15)   Pre Evacuate Collection Set: 0.1ms
[2021-12-03T10:13:52.841-0100][564.537s] GC(15)   Merge Heap Roots: 0.0ms
[2021-12-03T10:13:52.841-0100][564.537s] GC(15)   Evacuate Collection Set: 3.4ms
[2021-12-03T10:13:52.841-0100][564.537s] GC(15)   Post Evacuate Collection Set: 0.7ms
[2021-12-03T10:13:52.841-0100][564.537s] GC(15)   Other: 0.2ms
[2021-12-03T10:13:52.841-0100][564.537s] GC(15) Eden regions: 290->0(291)
[2021-12-03T10:13:52.841-0100][564.537s] GC(15) Survivor regions: 17->16(39)
[2021-12-03T10:13:52.842-0100][564.537s] GC(15) Old regions: 91->91
[2021-12-03T10:13:52.842-0100][564.537s] GC(15) Archive regions: 2->2
[2021-12-03T10:13:52.842-0100][564.537s] GC(15) Humongous regions: 7->7
[2021-12-03T10:13:52.842-0100][564.537s] GC(15) Metaspace: 62721K(64128K)->62721K(64128K) NonClass: 55561K(56576K)->55561K(56576K) Class: 7160K(7552K)->7160K(7552K)
[2021-12-03T10:13:52.842-0100][564.537s] GC(15) Pause Young (Normal) (G1 Evacuation Pause) 405M->114M(512M) 4.492ms
[2021-12-03T10:13:52.842-0100][564.537s] GC(15) User=0.04s Sys=0.01s Real=0.01s
[2021-12-03T10:13:53.650-0100][565.345s] GC(16) Pause Young (Normal) (G1 Evacuation Pause)
[2021-12-03T10:13:53.650-0100][565.345s] GC(16) Using 10 workers of 10 for evacuation
[2021-12-03T10:13:53.654-0100][565.350s] GC(16)   Pre Evacuate Collection Set: 0.1ms
[2021-12-03T10:13:53.654-0100][565.350s] GC(16)   Merge Heap Roots: 0.0ms
[2021-12-03T10:13:53.654-0100][565.350s] GC(16)   Evacuate Collection Set: 4.1ms
[2021-12-03T10:13:53.654-0100][565.350s] GC(16)   Post Evacuate Collection Set: 0.5ms
[2021-12-03T10:13:53.654-0100][565.350s] GC(16)   Other: 0.2ms
[2021-12-03T10:13:53.655-0100][565.350s] GC(16) Eden regions: 291->0(286)
[2021-12-03T10:13:53.655-0100][565.350s] GC(16) Survivor regions: 16->21(39)
[2021-12-03T10:13:53.655-0100][565.350s] GC(16) Old regions: 91->91
[2021-12-03T10:13:53.655-0100][565.350s] GC(16) Archive regions: 2->2
[2021-12-03T10:13:53.655-0100][565.350s] GC(16) Humongous regions: 7->7
[2021-12-03T10:13:53.655-0100][565.350s] GC(16) Metaspace: 62844K(64128K)->62844K(64128K) NonClass: 55683K(56576K)->55683K(56576K) Class: 7161K(7552K)->7161K(7552K)
[2021-12-03T10:13:53.655-0100][565.350s] GC(16) Pause Young (Normal) (G1 Evacuation Pause) 405M->118M(512M) 5.026ms
[2021-12-03T10:13:53.655-0100][565.350s] GC(16) User=0.05s Sys=0.00s Real=0.00s
[2021-12-03T10:13:54.351-0100][566.046s] GC(17) Pause Young (Normal) (G1 Evacuation Pause)
[2021-12-03T10:13:54.351-0100][566.046s] GC(17) Using 10 workers of 10 for evacuation
[2021-12-03T10:13:54.356-0100][566.051s] GC(17)   Pre Evacuate Collection Set: 0.1ms
[2021-12-03T10:13:54.356-0100][566.051s] GC(17)   Merge Heap Roots: 0.1ms
[2021-12-03T10:13:54.356-0100][566.051s] GC(17)   Evacuate Collection Set: 4.4ms
[2021-12-03T10:13:54.356-0100][566.051s] GC(17)   Post Evacuate Collection Set: 0.5ms
[2021-12-03T10:13:54.356-0100][566.052s] GC(17)   Other: 0.2ms
[2021-12-03T10:13:54.356-0100][566.052s] GC(17) Eden regions: 286->0(284)
[2021-12-03T10:13:54.356-0100][566.052s] GC(17) Survivor regions: 21->23(39)
[2021-12-03T10:13:54.356-0100][566.052s] GC(17) Old regions: 91->91
[2021-12-03T10:13:54.356-0100][566.052s] GC(17) Archive regions: 2->2
[2021-12-03T10:13:54.356-0100][566.052s] GC(17) Humongous regions: 7->7
[2021-12-03T10:13:54.356-0100][566.052s] GC(17) Metaspace: 62893K(64128K)->62893K(64128K) NonClass: 55732K(56576K)->55732K(56576K) Class: 7161K(7552K)->7161K(7552K)
[2021-12-03T10:13:54.356-0100][566.052s] GC(17) Pause Young (Normal) (G1 Evacuation Pause) 404M->121M(512M) 5.477ms
[2021-12-03T10:13:54.356-0100][566.052s] GC(17) User=0.04s Sys=0.00s Real=0.00s
[2021-12-03T10:13:55.035-0100][566.731s] GC(18) Pause Young (Normal) (G1 Evacuation Pause)
[2021-12-03T10:13:55.036-0100][566.731s] GC(18) Using 10 workers of 10 for evacuation
[2021-12-03T10:13:55.041-0100][566.737s] GC(18)   Pre Evacuate Collection Set: 0.1ms
[2021-12-03T10:13:55.041-0100][566.737s] GC(18)   Merge Heap Roots: 0.0ms
[2021-12-03T10:13:55.041-0100][566.737s] GC(18)   Evacuate Collection Set: 4.9ms
[2021-12-03T10:13:55.041-0100][566.737s] GC(18)   Post Evacuate Collection Set: 0.5ms
[2021-12-03T10:13:55.041-0100][566.737s] GC(18)   Other: 0.2ms
[2021-12-03T10:13:55.041-0100][566.737s] GC(18) Eden regions: 284->0(287)
[2021-12-03T10:13:55.041-0100][566.737s] GC(18) Survivor regions: 23->20(39)
[2021-12-03T10:13:55.041-0100][566.737s] GC(18) Old regions: 91->96
[2021-12-03T10:13:55.041-0100][566.737s] GC(18) Archive regions: 2->2
[2021-12-03T10:13:55.041-0100][566.737s] GC(18) Humongous regions: 7->7
[2021-12-03T10:13:55.041-0100][566.737s] GC(18) Metaspace: 63011K(64384K)->63011K(64384K) NonClass: 55849K(56832K)->55849K(56832K) Class: 7161K(7552K)->7161K(7552K)
[2021-12-03T10:13:55.041-0100][566.737s] GC(18) Pause Young (Normal) (G1 Evacuation Pause) 405M->122M(512M) 5.828ms
[2021-12-03T10:13:55.041-0100][566.737s] GC(18) User=0.04s Sys=0.01s Real=0.01s
[2021-12-03T10:13:55.507-0100][567.202s] GC(19) Pause Young (Normal) (G1 Evacuation Pause)
[2021-12-03T10:13:55.507-0100][567.202s] GC(19) Using 10 workers of 10 for evacuation
[2021-12-03T10:13:55.511-0100][567.206s] GC(19)   Pre Evacuate Collection Set: 0.1ms
[2021-12-03T10:13:55.511-0100][567.206s] GC(19)   Merge Heap Roots: 0.1ms
[2021-12-03T10:13:55.511-0100][567.206s] GC(19)   Evacuate Collection Set: 3.2ms
[2021-12-03T10:13:55.511-0100][567.206s] GC(19)   Post Evacuate Collection Set: 0.4ms
[2021-12-03T10:13:55.511-0100][567.206s] GC(19)   Other: 0.2ms
[2021-12-03T10:13:55.511-0100][567.206s] GC(19) Eden regions: 287->0(286)
[2021-12-03T10:13:55.511-0100][567.206s] GC(19) Survivor regions: 20->21(39)
[2021-12-03T10:13:55.511-0100][567.206s] GC(19) Old regions: 96->96
[2021-12-03T10:13:55.511-0100][567.206s] GC(19) Archive regions: 2->2
[2021-12-03T10:13:55.511-0100][567.206s] GC(19) Humongous regions: 7->7
[2021-12-03T10:13:55.511-0100][567.206s] GC(19) Metaspace: 63064K(64384K)->63064K(64384K) NonClass: 55902K(56832K)->55902K(56832K) Class: 7161K(7552K)->7161K(7552K)
[2021-12-03T10:13:55.511-0100][567.206s] GC(19) Pause Young (Normal) (G1 Evacuation Pause) 409M->123M(512M) 4.047ms
[2021-12-03T10:13:55.511-0100][567.206s] GC(19) User=0.04s Sys=0.00s Real=0.01s
[2021-12-03T10:13:56.134-0100][567.829s] GC(20) Pause Young (Normal) (G1 Evacuation Pause)
[2021-12-03T10:13:56.134-0100][567.829s] GC(20) Using 10 workers of 10 for evacuation
[2021-12-03T10:13:56.138-0100][567.833s] GC(20)   Pre Evacuate Collection Set: 0.1ms
[2021-12-03T10:13:56.138-0100][567.833s] GC(20)   Merge Heap Roots: 0.0ms
[2021-12-03T10:13:56.138-0100][567.833s] GC(20)   Evacuate Collection Set: 3.2ms
[2021-12-03T10:13:56.138-0100][567.833s] GC(20)   Post Evacuate Collection Set: 0.5ms
[2021-12-03T10:13:56.138-0100][567.833s] GC(20)   Other: 0.2ms
[2021-12-03T10:13:56.138-0100][567.833s] GC(20) Eden regions: 286->0(284)
[2021-12-03T10:13:56.138-0100][567.833s] GC(20) Survivor regions: 21->23(39)
[2021-12-03T10:13:56.138-0100][567.833s] GC(20) Old regions: 96->96
[2021-12-03T10:13:56.138-0100][567.833s] GC(20) Archive regions: 2->2
[2021-12-03T10:13:56.138-0100][567.833s] GC(20) Humongous regions: 7->7
[2021-12-03T10:13:56.138-0100][567.833s] GC(20) Metaspace: 63124K(64384K)->63124K(64384K) NonClass: 55962K(56832K)->55962K(56832K) Class: 7161K(7552K)->7161K(7552K)
[2021-12-03T10:13:56.138-0100][567.833s] GC(20) Pause Young (Normal) (G1 Evacuation Pause) 409M->125M(512M) 4.027ms
[2021-12-03T10:13:56.138-0100][567.833s] GC(20) User=0.04s Sys=0.00s Real=0.00s
[2021-12-03T10:13:56.827-0100][568.523s] GC(21) Pause Young (Normal) (G1 Evacuation Pause)
[2021-12-03T10:13:56.827-0100][568.523s] GC(21) Using 10 workers of 10 for evacuation
[2021-12-03T10:13:56.833-0100][568.528s] GC(21)   Pre Evacuate Collection Set: 0.1ms
[2021-12-03T10:13:56.833-0100][568.528s] GC(21)   Merge Heap Roots: 0.0ms
[2021-12-03T10:13:56.833-0100][568.528s] GC(21)   Evacuate Collection Set: 4.6ms
[2021-12-03T10:13:56.833-0100][568.528s] GC(21)   Post Evacuate Collection Set: 0.6ms
[2021-12-03T10:13:56.833-0100][568.528s] GC(21)   Other: 0.2ms
[2021-12-03T10:13:56.833-0100][568.528s] GC(21) Eden regions: 284->0(285)
[2021-12-03T10:13:56.833-0100][568.528s] GC(21) Survivor regions: 23->22(39)
[2021-12-03T10:13:56.833-0100][568.528s] GC(21) Old regions: 96->99
[2021-12-03T10:13:56.833-0100][568.528s] GC(21) Archive regions: 2->2
[2021-12-03T10:13:56.833-0100][568.528s] GC(21) Humongous regions: 7->7
[2021-12-03T10:13:56.833-0100][568.528s] GC(21) Metaspace: 63204K(64640K)->63204K(64640K) NonClass: 56042K(57088K)->56042K(57088K) Class: 7161K(7552K)->7161K(7552K)
[2021-12-03T10:13:56.833-0100][568.528s] GC(21) Pause Young (Normal) (G1 Evacuation Pause) 409M->128M(512M) 5.613ms
[2021-12-03T10:13:56.833-0100][568.528s] GC(21) User=0.04s Sys=0.01s Real=0.01s
[2021-12-03T10:13:57.599-0100][569.295s] GC(22) Pause Young (Normal) (G1 Evacuation Pause)
[2021-12-03T10:13:57.599-0100][569.295s] GC(22) Using 10 workers of 10 for evacuation
[2021-12-03T10:13:57.604-0100][569.299s] GC(22)   Pre Evacuate Collection Set: 0.1ms
[2021-12-03T10:13:57.604-0100][569.299s] GC(22)   Merge Heap Roots: 0.0ms
[2021-12-03T10:13:57.604-0100][569.299s] GC(22)   Evacuate Collection Set: 3.7ms
[2021-12-03T10:13:57.604-0100][569.299s] GC(22)   Post Evacuate Collection Set: 0.5ms
[2021-12-03T10:13:57.604-0100][569.299s] GC(22)   Other: 0.2ms
[2021-12-03T10:13:57.604-0100][569.299s] GC(22) Eden regions: 285->0(286)
[2021-12-03T10:13:57.604-0100][569.299s] GC(22) Survivor regions: 22->21(39)
[2021-12-03T10:13:57.604-0100][569.299s] GC(22) Old regions: 99->100
[2021-12-03T10:13:57.604-0100][569.299s] GC(22) Archive regions: 2->2
[2021-12-03T10:13:57.604-0100][569.299s] GC(22) Humongous regions: 7->7
[2021-12-03T10:13:57.604-0100][569.299s] GC(22) Metaspace: 63306K(64640K)->63306K(64640K) NonClass: 56144K(57088K)->56144K(57088K) Class: 7162K(7552K)->7162K(7552K)
[2021-12-03T10:13:57.604-0100][569.299s] GC(22) Pause Young (Normal) (G1 Evacuation Pause) 413M->128M(512M) 4.583ms
[2021-12-03T10:13:57.604-0100][569.299s] GC(22) User=0.03s Sys=0.00s Real=0.01s
[2021-12-03T10:13:58.095-0100][569.790s] GC(23) Pause Young (Normal) (G1 Evacuation Pause)
[2021-12-03T10:13:58.095-0100][569.790s] GC(23) Using 10 workers of 10 for evacuation
[2021-12-03T10:13:58.100-0100][569.795s] GC(23)   Pre Evacuate Collection Set: 0.1ms
[2021-12-03T10:13:58.100-0100][569.795s] GC(23)   Merge Heap Roots: 0.1ms
[2021-12-03T10:13:58.100-0100][569.795s] GC(23)   Evacuate Collection Set: 4.0ms
[2021-12-03T10:13:58.100-0100][569.795s] GC(23)   Post Evacuate Collection Set: 0.6ms
[2021-12-03T10:13:58.100-0100][569.795s] GC(23)   Other: 0.2ms
[2021-12-03T10:13:58.100-0100][569.795s] GC(23) Eden regions: 286->0(285)
[2021-12-03T10:13:58.100-0100][569.795s] GC(23) Survivor regions: 21->22(39)
[2021-12-03T10:13:58.100-0100][569.795s] GC(23) Old regions: 100->100
[2021-12-03T10:13:58.100-0100][569.795s] GC(23) Archive regions: 2->2
[2021-12-03T10:13:58.100-0100][569.795s] GC(23) Humongous regions: 7->7
[2021-12-03T10:13:58.100-0100][569.795s] GC(23) Metaspace: 63324K(64640K)->63324K(64640K) NonClass: 56161K(57088K)->56161K(57088K) Class: 7162K(7552K)->7162K(7552K)
[2021-12-03T10:13:58.100-0100][569.795s] GC(23) Pause Young (Normal) (G1 Evacuation Pause) 414M->129M(512M) 5.184ms
[2021-12-03T10:13:58.100-0100][569.795s] GC(23) User=0.03s Sys=0.00s Real=0.01s
[2021-12-03T10:13:58.686-0100][570.381s] GC(24) Pause Young (Normal) (G1 Evacuation Pause)
[2021-12-03T10:13:58.686-0100][570.381s] GC(24) Using 10 workers of 10 for evacuation
[2021-12-03T10:13:58.690-0100][570.386s] GC(24)   Pre Evacuate Collection Set: 0.1ms
[2021-12-03T10:13:58.690-0100][570.386s] GC(24)   Merge Heap Roots: 0.0ms
[2021-12-03T10:13:58.690-0100][570.386s] GC(24)   Evacuate Collection Set: 3.8ms
[2021-12-03T10:13:58.690-0100][570.386s] GC(24)   Post Evacuate Collection Set: 0.5ms
[2021-12-03T10:13:58.690-0100][570.386s] GC(24)   Other: 0.2ms
[2021-12-03T10:13:58.690-0100][570.386s] GC(24) Eden regions: 285->0(284)
[2021-12-03T10:13:58.690-0100][570.386s] GC(24) Survivor regions: 22->23(39)
[2021-12-03T10:13:58.690-0100][570.386s] GC(24) Old regions: 100->103
[2021-12-03T10:13:58.690-0100][570.386s] GC(24) Archive regions: 2->2
[2021-12-03T10:13:58.690-0100][570.386s] GC(24) Humongous regions: 7->7
[2021-12-03T10:13:58.690-0100][570.386s] GC(24) Metaspace: 63471K(64896K)->63471K(64896K) NonClass: 56296K(57344K)->56296K(57344K) Class: 7175K(7552K)->7175K(7552K)
[2021-12-03T10:13:58.690-0100][570.386s] GC(24) Pause Young (Normal) (G1 Evacuation Pause) 414M->132M(512M) 4.642ms
[2021-12-03T10:13:58.690-0100][570.386s] GC(24) User=0.03s Sys=0.00s Real=0.01s
[2021-12-03T10:13:59.358-0100][571.054s] GC(25) Pause Young (Normal) (G1 Evacuation Pause)
[2021-12-03T10:13:59.358-0100][571.054s] GC(25) Using 10 workers of 10 for evacuation
[2021-12-03T10:13:59.363-0100][571.058s] GC(25)   Pre Evacuate Collection Set: 0.1ms
[2021-12-03T10:13:59.363-0100][571.058s] GC(25)   Merge Heap Roots: 0.0ms
[2021-12-03T10:13:59.363-0100][571.058s] GC(25)   Evacuate Collection Set: 3.9ms
[2021-12-03T10:13:59.363-0100][571.058s] GC(25)   Post Evacuate Collection Set: 0.6ms
[2021-12-03T10:13:59.363-0100][571.058s] GC(25)   Other: 0.2ms
[2021-12-03T10:13:59.363-0100][571.058s] GC(25) Eden regions: 284->0(281)
[2021-12-03T10:13:59.363-0100][571.058s] GC(25) Survivor regions: 23->26(39)
[2021-12-03T10:13:59.363-0100][571.058s] GC(25) Old regions: 103->104
[2021-12-03T10:13:59.363-0100][571.058s] GC(25) Archive regions: 2->2
[2021-12-03T10:13:59.363-0100][571.058s] GC(25) Humongous regions: 7->7
[2021-12-03T10:13:59.363-0100][571.058s] GC(25) Metaspace: 63531K(64896K)->63531K(64896K) NonClass: 56356K(57344K)->56356K(57344K) Class: 7175K(7552K)->7175K(7552K)
[2021-12-03T10:13:59.363-0100][571.059s] GC(25) Pause Young (Normal) (G1 Evacuation Pause) 416M->136M(512M) 4.930ms
[2021-12-03T10:13:59.363-0100][571.059s] GC(25) User=0.04s Sys=0.00s Real=0.01s
[2021-12-03T10:14:00.023-0100][571.719s] GC(26) Pause Young (Normal) (G1 Evacuation Pause)
[2021-12-03T10:14:00.023-0100][571.719s] GC(26) Using 10 workers of 10 for evacuation
[2021-12-03T10:14:00.029-0100][571.724s] GC(26)   Pre Evacuate Collection Set: 0.1ms
[2021-12-03T10:14:00.029-0100][571.724s] GC(26)   Merge Heap Roots: 0.1ms
[2021-12-03T10:14:00.029-0100][571.724s] GC(26)   Evacuate Collection Set: 4.6ms
[2021-12-03T10:14:00.029-0100][571.724s] GC(26)   Post Evacuate Collection Set: 0.6ms
[2021-12-03T10:14:00.029-0100][571.725s] GC(26)   Other: 0.2ms
[2021-12-03T10:14:00.029-0100][571.725s] GC(26) Eden regions: 281->0(278)
[2021-12-03T10:14:00.029-0100][571.725s] GC(26) Survivor regions: 26->23(39)
[2021-12-03T10:14:00.029-0100][571.725s] GC(26) Old regions: 104->108
[2021-12-03T10:14:00.029-0100][571.725s] GC(26) Archive regions: 2->2
[2021-12-03T10:14:00.029-0100][571.725s] GC(26) Humongous regions: 7->7
[2021-12-03T10:14:00.029-0100][571.725s] GC(26) Metaspace: 63743K(65152K)->63743K(65152K) NonClass: 56568K(57600K)->56568K(57600K) Class: 7175K(7552K)->7175K(7552K)
[2021-12-03T10:14:00.029-0100][571.725s] GC(26) Pause Young (Normal) (G1 Evacuation Pause) 417M->137M(512M) 5.700ms
[2021-12-03T10:14:00.029-0100][571.725s] GC(26) User=0.04s Sys=0.01s Real=0.00s
[2021-12-03T10:14:00.732-0100][572.428s] GC(27) Pause Young (Normal) (G1 Evacuation Pause)
[2021-12-03T10:14:00.732-0100][572.428s] GC(27) Using 10 workers of 10 for evacuation
[2021-12-03T10:14:00.738-0100][572.433s] GC(27)   Pre Evacuate Collection Set: 0.2ms
[2021-12-03T10:14:00.738-0100][572.433s] GC(27)   Merge Heap Roots: 0.1ms
[2021-12-03T10:14:00.738-0100][572.433s] GC(27)   Evacuate Collection Set: 4.6ms
[2021-12-03T10:14:00.738-0100][572.433s] GC(27)   Post Evacuate Collection Set: 0.6ms
[2021-12-03T10:14:00.738-0100][572.433s] GC(27)   Other: 0.2ms
[2021-12-03T10:14:00.738-0100][572.433s] GC(27) Eden regions: 278->0(274)
[2021-12-03T10:14:00.738-0100][572.433s] GC(27) Survivor regions: 23->22(38)
[2021-12-03T10:14:00.738-0100][572.433s] GC(27) Old regions: 108->111
[2021-12-03T10:14:00.738-0100][572.433s] GC(27) Archive regions: 2->2
[2021-12-03T10:14:00.738-0100][572.433s] GC(27) Humongous regions: 7->7
[2021-12-03T10:14:00.738-0100][572.433s] GC(27) Metaspace: 63803K(65152K)->63803K(65152K) NonClass: 56625K(57600K)->56625K(57600K) Class: 7177K(7552K)->7177K(7552K)
[2021-12-03T10:14:00.738-0100][572.433s] GC(27) Pause Young (Normal) (G1 Evacuation Pause) 415M->139M(512M) 5.806ms
[2021-12-03T10:14:00.738-0100][572.433s] GC(27) User=0.04s Sys=0.01s Real=0.00s
[2021-12-03T10:14:01.366-0100][573.061s] GC(28) Pause Young (Normal) (G1 Evacuation Pause)
[2021-12-03T10:14:01.366-0100][573.061s] GC(28) Using 10 workers of 10 for evacuation
[2021-12-03T10:14:01.372-0100][573.067s] GC(28)   Pre Evacuate Collection Set: 0.1ms
[2021-12-03T10:14:01.372-0100][573.067s] GC(28)   Merge Heap Roots: 0.1ms
[2021-12-03T10:14:01.372-0100][573.067s] GC(28)   Evacuate Collection Set: 4.8ms
[2021-12-03T10:14:01.372-0100][573.067s] GC(28)   Post Evacuate Collection Set: 0.6ms
[2021-12-03T10:14:01.372-0100][573.067s] GC(28)   Other: 0.2ms
[2021-12-03T10:14:01.372-0100][573.067s] GC(28) Eden regions: 274->0(273)
[2021-12-03T10:14:01.372-0100][573.067s] GC(28) Survivor regions: 22->22(37)
[2021-12-03T10:14:01.372-0100][573.067s] GC(28) Old regions: 111->113
[2021-12-03T10:14:01.372-0100][573.067s] GC(28) Archive regions: 2->2
[2021-12-03T10:14:01.372-0100][573.067s] GC(28) Humongous regions: 7->7
[2021-12-03T10:14:01.372-0100][573.067s] GC(28) Metaspace: 63822K(65152K)->63822K(65152K) NonClass: 56645K(57600K)->56645K(57600K) Class: 7177K(7552K)->7177K(7552K)
[2021-12-03T10:14:01.372-0100][573.067s] GC(28) Pause Young (Normal) (G1 Evacuation Pause) 413M->142M(512M) 5.822ms
[2021-12-03T10:14:01.372-0100][573.067s] GC(28) User=0.05s Sys=0.00s Real=0.01s
[2021-12-03T10:14:01.944-0100][573.640s] GC(29) Pause Young (Normal) (G1 Evacuation Pause)
[2021-12-03T10:14:01.944-0100][573.640s] GC(29) Using 10 workers of 10 for evacuation
[2021-12-03T10:14:01.949-0100][573.644s] GC(29)   Pre Evacuate Collection Set: 0.1ms
[2021-12-03T10:14:01.949-0100][573.644s] GC(29)   Merge Heap Roots: 0.0ms
[2021-12-03T10:14:01.949-0100][573.644s] GC(29)   Evacuate Collection Set: 3.6ms
[2021-12-03T10:14:01.949-0100][573.644s] GC(29)   Post Evacuate Collection Set: 0.5ms
[2021-12-03T10:14:01.949-0100][573.644s] GC(29)   Other: 0.2ms
[2021-12-03T10:14:01.949-0100][573.644s] GC(29) Eden regions: 273->0(277)
[2021-12-03T10:14:01.949-0100][573.644s] GC(29) Survivor regions: 22->18(37)
[2021-12-03T10:14:01.949-0100][573.644s] GC(29) Old regions: 113->115
[2021-12-03T10:14:01.949-0100][573.644s] GC(29) Archive regions: 2->2
[2021-12-03T10:14:01.949-0100][573.644s] GC(29) Humongous regions: 7->7
[2021-12-03T10:14:01.949-0100][573.644s] GC(29) Metaspace: 63829K(65152K)->63829K(65152K) NonClass: 56652K(57600K)->56652K(57600K) Class: 7177K(7552K)->7177K(7552K)
[2021-12-03T10:14:01.949-0100][573.644s] GC(29) Pause Young (Normal) (G1 Evacuation Pause) 415M->140M(512M) 4.448ms
[2021-12-03T10:14:01.949-0100][573.644s] GC(29) User=0.04s Sys=0.00s Real=0.00s
[2021-12-03T10:14:02.698-0100][574.393s] GC(30) Pause Young (Normal) (G1 Evacuation Pause)
[2021-12-03T10:14:02.698-0100][574.394s] GC(30) Using 10 workers of 10 for evacuation
[2021-12-03T10:14:02.703-0100][574.398s] GC(30)   Pre Evacuate Collection Set: 0.1ms
[2021-12-03T10:14:02.703-0100][574.398s] GC(30)   Merge Heap Roots: 0.1ms
[2021-12-03T10:14:02.703-0100][574.398s] GC(30)   Evacuate Collection Set: 3.9ms
[2021-12-03T10:14:02.703-0100][574.399s] GC(30)   Post Evacuate Collection Set: 0.7ms
[2021-12-03T10:14:02.703-0100][574.399s] GC(30)   Other: 0.6ms
[2021-12-03T10:14:02.703-0100][574.399s] GC(30) Eden regions: 277->0(285)
[2021-12-03T10:14:02.703-0100][574.399s] GC(30) Survivor regions: 18->14(37)
[2021-12-03T10:14:02.703-0100][574.399s] GC(30) Old regions: 115->115
[2021-12-03T10:14:02.703-0100][574.399s] GC(30) Archive regions: 2->2
[2021-12-03T10:14:02.703-0100][574.399s] GC(30) Humongous regions: 7->7
[2021-12-03T10:14:02.703-0100][574.399s] GC(30) Metaspace: 64185K(65408K)->64185K(65408K) NonClass: 56969K(57856K)->56969K(57856K) Class: 7216K(7552K)->7216K(7552K)
[2021-12-03T10:14:02.703-0100][574.399s] GC(30) Pause Young (Normal) (G1 Evacuation Pause) 417M->136M(512M) 5.420ms
[2021-12-03T10:14:02.703-0100][574.399s] GC(30) User=0.03s Sys=0.00s Real=0.01s
[2021-12-03T10:14:20.990-0100][592.685s] GC(31) Pause Young (Normal) (G1 Evacuation Pause)
[2021-12-03T10:14:21.007-0100][592.702s] GC(31) Using 10 workers of 10 for evacuation
[2021-12-03T10:14:21.012-0100][592.708s] GC(31)   Pre Evacuate Collection Set: 0.2ms
[2021-12-03T10:14:21.034-0100][592.730s] GC(31)   Merge Heap Roots: 0.1ms
[2021-12-03T10:14:21.034-0100][592.730s] GC(31)   Evacuate Collection Set: 3.5ms
[2021-12-03T10:14:21.034-0100][592.730s] GC(31)   Post Evacuate Collection Set: 0.6ms
[2021-12-03T10:14:21.035-0100][592.730s] GC(31)   Other: 18.1ms
[2021-12-03T10:14:21.035-0100][592.730s] GC(31) Eden regions: 285->0(290)
[2021-12-03T10:14:21.035-0100][592.730s] GC(31) Survivor regions: 14->15(38)
[2021-12-03T10:14:21.035-0100][592.730s] GC(31) Old regions: 115->115
[2021-12-03T10:14:21.035-0100][592.730s] GC(31) Archive regions: 2->2
[2021-12-03T10:14:21.035-0100][592.731s] GC(31) Humongous regions: 7->7
[2021-12-03T10:14:21.035-0100][592.731s] GC(31) Metaspace: 65806K(67072K)->65806K(67072K) NonClass: 58425K(59392K)->58425K(59392K) Class: 7381K(7680K)->7381K(7680K)
[2021-12-03T10:14:21.035-0100][592.731s] GC(31) Pause Young (Normal) (G1 Evacuation Pause) 421M->137M(512M) 45.140ms
[2021-12-03T10:14:21.035-0100][592.731s] GC(31) User=0.07s Sys=0.01s Real=0.04s
[2021-12-03T12:39:24.429-0100][8802.885s] GC(32) Pause Young (Normal) (G1 Evacuation Pause)
[2021-12-03T12:39:24.430-0100][8802.886s] GC(32) Using 10 workers of 10 for evacuation
[2021-12-03T12:39:24.499-0100][8802.955s] GC(32)   Pre Evacuate Collection Set: 4.9ms
[2021-12-03T12:39:24.499-0100][8802.955s] GC(32)   Merge Heap Roots: 1.4ms
[2021-12-03T12:39:24.499-0100][8802.955s] GC(32)   Evacuate Collection Set: 60.5ms
[2021-12-03T12:39:24.499-0100][8802.955s] GC(32)   Post Evacuate Collection Set: 2.0ms
[2021-12-03T12:39:24.499-0100][8802.955s] GC(32)   Other: 1.5ms
[2021-12-03T12:39:24.499-0100][8802.955s] GC(32) Eden regions: 290->0(290)
[2021-12-03T12:39:24.499-0100][8802.955s] GC(32) Survivor regions: 15->17(39)
[2021-12-03T12:39:24.499-0100][8802.955s] GC(32) Old regions: 115->115
[2021-12-03T12:39:24.499-0100][8802.955s] GC(32) Archive regions: 2->2
[2021-12-03T12:39:24.499-0100][8802.955s] GC(32) Humongous regions: 7->7
[2021-12-03T12:39:24.499-0100][8802.955s] GC(32) Metaspace: 67726K(68992K)->67726K(68992K) NonClass: 60302K(61184K)->60302K(61184K) Class: 7423K(7808K)->7423K(7808K)
[2021-12-03T12:39:24.499-0100][8802.955s] GC(32) Pause Young (Normal) (G1 Evacuation Pause) 427M->139M(512M) 70.390ms
[2021-12-03T12:39:24.499-0100][8802.955s] GC(32) User=0.06s Sys=0.31s Real=0.07s
[2021-12-03T15:15:58.498-0100][15913.402s] GC(33) Pause Young (Normal) (G1 Evacuation Pause)
[2021-12-03T15:15:58.498-0100][15913.402s] GC(33) Using 10 workers of 10 for evacuation
[2021-12-03T15:15:58.570-0100][15913.474s] GC(33)   Pre Evacuate Collection Set: 0.7ms
[2021-12-03T15:15:58.570-0100][15913.474s] GC(33)   Merge Heap Roots: 0.2ms
[2021-12-03T15:15:58.570-0100][15913.474s] GC(33)   Evacuate Collection Set: 66.5ms
[2021-12-03T15:15:58.570-0100][15913.474s] GC(33)   Post Evacuate Collection Set: 4.0ms
[2021-12-03T15:15:58.570-0100][15913.474s] GC(33)   Other: 0.7ms
[2021-12-03T15:15:58.570-0100][15913.474s] GC(33) Eden regions: 290->0(289)
[2021-12-03T15:15:58.570-0100][15913.474s] GC(33) Survivor regions: 17->18(39)
[2021-12-03T15:15:58.570-0100][15913.474s] GC(33) Old regions: 115->115
[2021-12-03T15:15:58.570-0100][15913.474s] GC(33) Archive regions: 2->2
[2021-12-03T15:15:58.570-0100][15913.474s] GC(33) Humongous regions: 7->7
[2021-12-03T15:15:58.570-0100][15913.474s] GC(33) Metaspace: 68921K(70272K)->68921K(70272K) NonClass: 61447K(62464K)->61447K(62464K) Class: 7473K(7808K)->7473K(7808K)
[2021-12-03T15:15:58.570-0100][15913.474s] GC(33) Pause Young (Normal) (G1 Evacuation Pause) 429M->140M(512M) 72.173ms
[2021-12-03T15:15:58.570-0100][15913.474s] GC(33) User=0.05s Sys=0.28s Real=0.08s
[2021-12-03T15:16:00.539-0100][15915.442s] GC(34) Pause Young (Normal) (G1 Evacuation Pause)
[2021-12-03T15:16:00.539-0100][15915.442s] GC(34) Using 10 workers of 10 for evacuation
[2021-12-03T15:16:00.582-0100][15915.486s] GC(34)   Pre Evacuate Collection Set: 0.1ms
[2021-12-03T15:16:00.582-0100][15915.486s] GC(34)   Merge Heap Roots: 0.1ms
[2021-12-03T15:16:00.582-0100][15915.486s] GC(34)   Evacuate Collection Set: 42.4ms
[2021-12-03T15:16:00.582-0100][15915.486s] GC(34)   Post Evacuate Collection Set: 0.7ms
[2021-12-03T15:16:00.582-0100][15915.486s] GC(34)   Other: 0.2ms
[2021-12-03T15:16:00.582-0100][15915.486s] GC(34) Eden regions: 289->0(278)
[2021-12-03T15:16:00.582-0100][15915.486s] GC(34) Survivor regions: 18->29(39)
[2021-12-03T15:16:00.582-0100][15915.486s] GC(34) Old regions: 115->115
[2021-12-03T15:16:00.582-0100][15915.486s] GC(34) Archive regions: 2->2
[2021-12-03T15:16:00.582-0100][15915.486s] GC(34) Humongous regions: 7->7
[2021-12-03T15:16:00.582-0100][15915.486s] GC(34) Metaspace: 68982K(70272K)->68982K(70272K) NonClass: 61507K(62464K)->61507K(62464K) Class: 7474K(7808K)->7474K(7808K)
[2021-12-03T15:16:00.582-0100][15915.486s] GC(34) Pause Young (Normal) (G1 Evacuation Pause) 429M->151M(512M) 43.586ms
[2021-12-03T15:16:00.582-0100][15915.486s] GC(34) User=0.05s Sys=0.10s Real=0.05s
[2021-12-03T15:50:32.545-0100][17987.353s] GC(35) Pause Young (Normal) (G1 Evacuation Pause)
[2021-12-03T15:50:32.545-0100][17987.353s] GC(35) Using 10 workers of 10 for evacuation
[2021-12-03T15:50:32.592-0100][17987.400s] GC(35)   Pre Evacuate Collection Set: 0.7ms
[2021-12-03T15:50:32.592-0100][17987.400s] GC(35)   Merge Heap Roots: 0.5ms
[2021-12-03T15:50:32.592-0100][17987.400s] GC(35)   Evacuate Collection Set: 43.7ms
[2021-12-03T15:50:32.592-0100][17987.400s] GC(35)   Post Evacuate Collection Set: 1.7ms
[2021-12-03T15:50:32.592-0100][17987.400s] GC(35)   Other: 0.9ms
[2021-12-03T15:50:32.592-0100][17987.400s] GC(35) Eden regions: 278->0(292)
[2021-12-03T15:50:32.592-0100][17987.400s] GC(35) Survivor regions: 29->8(39)
[2021-12-03T15:50:32.592-0100][17987.400s] GC(35) Old regions: 115->127
[2021-12-03T15:50:32.592-0100][17987.400s] GC(35) Archive regions: 2->2
[2021-12-03T15:50:32.592-0100][17987.400s] GC(35) Humongous regions: 7->7
[2021-12-03T15:50:32.592-0100][17987.400s] GC(35) Metaspace: 69179K(70528K)->69179K(70528K) NonClass: 61693K(62720K)->61693K(62720K) Class: 7485K(7808K)->7485K(7808K)
[2021-12-03T15:50:32.593-0100][17987.400s] GC(35) Pause Young (Normal) (G1 Evacuation Pause) 429M->142M(512M) 47.660ms
[2021-12-03T15:50:32.593-0100][17987.400s] GC(35) User=0.07s Sys=0.26s Real=0.05s
[2021-12-03T18:22:07.052-0100][23845.533s] GC(36) Pause Young (Normal) (G1 Evacuation Pause)
[2021-12-03T18:22:07.053-0100][23845.534s] GC(36) Using 10 workers of 10 for evacuation
[2021-12-03T18:22:07.191-0100][23845.672s] GC(36)   Pre Evacuate Collection Set: 25.3ms
[2021-12-03T18:22:07.191-0100][23845.672s] GC(36)   Merge Heap Roots: 2.6ms
[2021-12-03T18:22:07.191-0100][23845.672s] GC(36)   Evacuate Collection Set: 98.6ms
[2021-12-03T18:22:07.191-0100][23845.672s] GC(36)   Post Evacuate Collection Set: 4.3ms
[2021-12-03T18:22:07.191-0100][23845.672s] GC(36)   Other: 10.1ms
[2021-12-03T18:22:07.191-0100][23845.672s] GC(36) Eden regions: 292->0(285)
[2021-12-03T18:22:07.191-0100][23845.672s] GC(36) Survivor regions: 8->14(38)
[2021-12-03T18:22:07.191-0100][23845.672s] GC(36) Old regions: 127->127
[2021-12-03T18:22:07.191-0100][23845.672s] GC(36) Archive regions: 2->2
[2021-12-03T18:22:07.191-0100][23845.672s] GC(36) Humongous regions: 7->7
[2021-12-03T18:22:07.191-0100][23845.672s] GC(36) Metaspace: 69630K(71040K)->69630K(71040K) NonClass: 62138K(63232K)->62138K(63232K) Class: 7491K(7808K)->7491K(7808K)
[2021-12-03T18:22:07.191-0100][23845.672s] GC(36) Pause Young (Normal) (G1 Evacuation Pause) 434M->147M(512M) 139.184ms
[2021-12-03T18:22:07.191-0100][23845.672s] GC(36) User=0.05s Sys=0.31s Real=0.14s
[2021-12-03T21:05:34.995-0100][31686.080s] GC(37) Pause Young (Normal) (G1 Evacuation Pause)
[2021-12-03T21:05:34.995-0100][31686.081s] GC(37) Using 10 workers of 10 for evacuation
[2021-12-03T21:05:35.067-0100][31686.153s] GC(37)   Pre Evacuate Collection Set: 3.1ms
[2021-12-03T21:05:35.068-0100][31686.153s] GC(37)   Merge Heap Roots: 1.6ms
[2021-12-03T21:05:35.068-0100][31686.153s] GC(37)   Evacuate Collection Set: 63.3ms
[2021-12-03T21:05:35.068-0100][31686.153s] GC(37)   Post Evacuate Collection Set: 3.2ms
[2021-12-03T21:05:35.068-0100][31686.153s] GC(37)   Other: 1.8ms
[2021-12-03T21:05:35.068-0100][31686.153s] GC(37) Eden regions: 285->0(290)
[2021-12-03T21:05:35.068-0100][31686.153s] GC(37) Survivor regions: 14->14(38)
[2021-12-03T21:05:35.068-0100][31686.153s] GC(37) Old regions: 127->127
[2021-12-03T21:05:35.068-0100][31686.153s] GC(37) Archive regions: 2->2
[2021-12-03T21:05:35.068-0100][31686.153s] GC(37) Humongous regions: 7->7
[2021-12-03T21:05:35.068-0100][31686.153s] GC(37) Metaspace: 69682K(71040K)->69682K(71040K) NonClass: 62190K(63232K)->62190K(63232K) Class: 7492K(7808K)->7492K(7808K)
[2021-12-03T21:05:35.068-0100][31686.153s] GC(37) Pause Young (Normal) (G1 Evacuation Pause) 432M->147M(512M) 73.086ms
[2021-12-03T21:05:35.068-0100][31686.153s] GC(37) User=0.07s Sys=0.31s Real=0.07s
[2021-12-03T21:47:06.947-0100][34177.922s] Heap
[2021-12-03T21:47:06.948-0100][34177.922s]  garbage-first heap   total 524288K, used 272925K [0x00000007e0000000, 0x0000000800000000)
[2021-12-03T21:47:06.948-0100][34177.922s]   region size 1024K, 134 young (137216K), 14 survivors (14336K)
[2021-12-03T21:47:06.948-0100][34177.922s]  Metaspace       used 70225K, capacity 71249K, committed 71680K, reserved 1114112K
[2021-12-03T21:47:06.948-0100][34177.922s]   class space    used 7548K, capacity 7846K, committed 7936K, reserved 1048576K
