[2021-12-02T13:47:34.352-0100][0.008s] Using G1
[2021-12-02T13:47:34.826-0100][0.482s] Version: 15.0.2+7 (release)
[2021-12-02T13:47:34.826-0100][0.482s] CPUs: 12 total, 12 available
[2021-12-02T13:47:34.826-0100][0.482s] Memory: 16384M
[2021-12-02T13:47:34.826-0100][0.482s] Large Page Support: Disabled
[2021-12-02T13:47:34.826-0100][0.482s] NUMA Support: Disabled
[2021-12-02T13:47:34.826-0100][0.482s] Compressed Oops: Enabled (Zero based)
[2021-12-02T13:47:34.826-0100][0.482s] Heap Region Size: 1M
[2021-12-02T13:47:34.826-0100][0.482s] Heap Min Capacity: 512M
[2021-12-02T13:47:34.826-0100][0.482s] Heap Initial Capacity: 512M
[2021-12-02T13:47:34.826-0100][0.482s] Heap Max Capacity: 512M
[2021-12-02T13:47:34.826-0100][0.482s] Pre-touch: Enabled
[2021-12-02T13:47:34.826-0100][0.482s] Parallel Workers: 10
[2021-12-02T13:47:34.826-0100][0.482s] Concurrent Workers: 3
[2021-12-02T13:47:34.826-0100][0.482s] Concurrent Refinement Workers: 10
[2021-12-02T13:47:34.826-0100][0.482s] Periodic GC: Disabled
[2021-12-02T13:47:34.826-0100][0.482s] Mark closed archive regions in map: [0x00000007fff00000, 0x00000007fff78ff8]
[2021-12-02T13:47:34.826-0100][0.483s] Mark open archive regions in map: [0x00000007ffe00000, 0x00000007ffe50ff8]
[2021-12-02T13:47:34.826-0100][0.483s] CDS archive(s) mapped at: [0x0000000800000000-0x0000000800b2f000-0x0000000800b2f000), size 11726848, SharedBaseAddress: 0x0000000800000000, ArchiveRelocationMode: 0.
[2021-12-02T13:47:34.826-0100][0.483s] Compressed class space mapped at: 0x0000000800b30000-0x0000000840b30000, size: 1073741824
[2021-12-02T13:47:34.826-0100][0.483s] Narrow klass base: 0x0000000800000000, Narrow klass shift: 3, Narrow klass range: 0x100000000
[2021-12-02T13:47:35.286-0100][0.942s] GC(0) Pause Young (Normal) (G1 Evacuation Pause)
[2021-12-02T13:47:35.286-0100][0.942s] GC(0) Using 10 workers of 10 for evacuation
[2021-12-02T13:47:35.288-0100][0.944s] GC(0)   Pre Evacuate Collection Set: 0.1ms
[2021-12-02T13:47:35.288-0100][0.944s] GC(0)   Merge Heap Roots: 0.0ms
[2021-12-02T13:47:35.288-0100][0.944s] GC(0)   Evacuate Collection Set: 1.3ms
[2021-12-02T13:47:35.288-0100][0.944s] GC(0)   Post Evacuate Collection Set: 0.3ms
[2021-12-02T13:47:35.288-0100][0.944s] GC(0)   Other: 0.5ms
[2021-12-02T13:47:35.288-0100][0.944s] GC(0) Eden regions: 29->0(54)
[2021-12-02T13:47:35.288-0100][0.944s] GC(0) Survivor regions: 0->4(4)
[2021-12-02T13:47:35.288-0100][0.944s] GC(0) Old regions: 0->0
[2021-12-02T13:47:35.288-0100][0.944s] GC(0) Archive regions: 2->2
[2021-12-02T13:47:35.288-0100][0.944s] GC(0) Humongous regions: 0->0
[2021-12-02T13:47:35.288-0100][0.944s] GC(0) Metaspace: 7144K(8064K)->7144K(8064K) NonClass: 6306K(7168K)->6306K(7168K) Class: 837K(896K)->837K(896K)
[2021-12-02T13:47:35.288-0100][0.944s] GC(0) Pause Young (Normal) (G1 Evacuation Pause) 29M->3M(512M) 2.350ms
[2021-12-02T13:47:35.288-0100][0.944s] GC(0) User=0.01s Sys=0.01s Real=0.00s
[2021-12-02T13:47:35.910-0100][1.567s] GC(1) Pause Young (Normal) (G1 Evacuation Pause)
[2021-12-02T13:47:35.910-0100][1.567s] GC(1) Using 10 workers of 10 for evacuation
[2021-12-02T13:47:35.917-0100][1.573s] GC(1)   Pre Evacuate Collection Set: 0.1ms
[2021-12-02T13:47:35.917-0100][1.573s] GC(1)   Merge Heap Roots: 0.1ms
[2021-12-02T13:47:35.917-0100][1.573s] GC(1)   Evacuate Collection Set: 5.5ms
[2021-12-02T13:47:35.917-0100][1.573s] GC(1)   Post Evacuate Collection Set: 0.7ms
[2021-12-02T13:47:35.917-0100][1.573s] GC(1)   Other: 0.1ms
[2021-12-02T13:47:35.917-0100][1.573s] GC(1) Eden regions: 54->0(75)
[2021-12-02T13:47:35.917-0100][1.573s] GC(1) Survivor regions: 4->8(8)
[2021-12-02T13:47:35.917-0100][1.573s] GC(1) Old regions: 0->11
[2021-12-02T13:47:35.917-0100][1.573s] GC(1) Archive regions: 2->2
[2021-12-02T13:47:35.917-0100][1.573s] GC(1) Humongous regions: 4->4
[2021-12-02T13:47:35.917-0100][1.573s] GC(1) Metaspace: 16163K(16896K)->16163K(16896K) NonClass: 14301K(14848K)->14301K(14848K) Class: 1862K(2048K)->1862K(2048K)
[2021-12-02T13:47:35.917-0100][1.573s] GC(1) Pause Young (Normal) (G1 Evacuation Pause) 61M->23M(512M) 6.608ms
[2021-12-02T13:47:35.917-0100][1.573s] GC(1) User=0.06s Sys=0.01s Real=0.00s
[2021-12-02T13:47:36.329-0100][1.985s] GC(2) Pause Young (Concurrent Start) (Metadata GC Threshold)
[2021-12-02T13:47:36.329-0100][1.985s] GC(2) Using 10 workers of 10 for evacuation
[2021-12-02T13:47:36.332-0100][1.988s] GC(2)   Pre Evacuate Collection Set: 0.1ms
[2021-12-02T13:47:36.332-0100][1.989s] GC(2)   Merge Heap Roots: 0.1ms
[2021-12-02T13:47:36.332-0100][1.989s] GC(2)   Evacuate Collection Set: 2.7ms
[2021-12-02T13:47:36.332-0100][1.989s] GC(2)   Post Evacuate Collection Set: 0.3ms
[2021-12-02T13:47:36.332-0100][1.989s] GC(2)   Other: 0.2ms
[2021-12-02T13:47:36.332-0100][1.989s] GC(2) Eden regions: 26->0(123)
[2021-12-02T13:47:36.332-0100][1.989s] GC(2) Survivor regions: 8->2(10)
[2021-12-02T13:47:36.332-0100][1.989s] GC(2) Old regions: 11->19
[2021-12-02T13:47:36.332-0100][1.989s] GC(2) Archive regions: 2->2
[2021-12-02T13:47:36.332-0100][1.989s] GC(2) Humongous regions: 4->4
[2021-12-02T13:47:36.332-0100][1.989s] GC(2) Metaspace: 20627K(21248K)->20627K(21248K) NonClass: 18271K(18688K)->18271K(18688K) Class: 2355K(2560K)->2355K(2560K)
[2021-12-02T13:47:36.332-0100][1.989s] GC(2) Pause Young (Concurrent Start) (Metadata GC Threshold) 48M->25M(512M) 3.420ms
[2021-12-02T13:47:36.332-0100][1.989s] GC(2) User=0.02s Sys=0.00s Real=0.01s
[2021-12-02T13:47:36.332-0100][1.989s] GC(3) Concurrent Cycle
[2021-12-02T13:47:36.332-0100][1.989s] GC(3) Concurrent Clear Claimed Marks
[2021-12-02T13:47:36.332-0100][1.989s] GC(3) Concurrent Clear Claimed Marks 0.017ms
[2021-12-02T13:47:36.332-0100][1.989s] GC(3) Concurrent Scan Root Regions
[2021-12-02T13:47:36.334-0100][1.990s] GC(3) Concurrent Scan Root Regions 1.300ms
[2021-12-02T13:47:36.334-0100][1.990s] GC(3) Concurrent Mark (1.990s)
[2021-12-02T13:47:36.334-0100][1.990s] GC(3) Concurrent Mark From Roots
[2021-12-02T13:47:36.334-0100][1.990s] GC(3) Using 3 workers of 3 for marking
[2021-12-02T13:47:36.338-0100][1.994s] GC(3) Concurrent Mark From Roots 4.274ms
[2021-12-02T13:47:36.338-0100][1.994s] GC(3) Concurrent Preclean
[2021-12-02T13:47:36.338-0100][1.994s] GC(3) Concurrent Preclean 0.032ms
[2021-12-02T13:47:36.338-0100][1.994s] GC(3) Concurrent Mark (1.990s, 1.994s) 4.356ms
[2021-12-02T13:47:36.338-0100][1.995s] GC(3) Pause Remark
[2021-12-02T13:47:36.339-0100][1.995s] GC(3) Pause Remark 26M->26M(512M) 0.667ms
[2021-12-02T13:47:36.339-0100][1.995s] GC(3) User=0.00s Sys=0.00s Real=0.00s
[2021-12-02T13:47:36.339-0100][1.995s] GC(3) Concurrent Rebuild Remembered Sets
[2021-12-02T13:47:36.342-0100][1.999s] GC(3) Concurrent Rebuild Remembered Sets 3.410ms
[2021-12-02T13:47:36.343-0100][1.999s] GC(3) Pause Cleanup
[2021-12-02T13:47:36.343-0100][1.999s] GC(3) Pause Cleanup 26M->26M(512M) 0.113ms
[2021-12-02T13:47:36.343-0100][1.999s] GC(3) User=0.00s Sys=0.00s Real=0.00s
[2021-12-02T13:47:36.343-0100][1.999s] GC(3) Concurrent Cleanup for Next Mark
[2021-12-02T13:47:36.343-0100][2.000s] GC(3) Concurrent Cleanup for Next Mark 0.665ms
[2021-12-02T13:47:36.343-0100][2.000s] GC(3) Concurrent Cycle 11.079ms
[2021-12-02T13:47:37.501-0100][3.157s] GC(4) Pause Young (Concurrent Start) (Metadata GC Threshold)
[2021-12-02T13:47:37.501-0100][3.157s] GC(4) Using 10 workers of 10 for evacuation
[2021-12-02T13:47:37.504-0100][3.161s] GC(4)   Pre Evacuate Collection Set: 0.1ms
[2021-12-02T13:47:37.504-0100][3.161s] GC(4)   Merge Heap Roots: 0.0ms
[2021-12-02T13:47:37.504-0100][3.161s] GC(4)   Evacuate Collection Set: 2.7ms
[2021-12-02T13:47:37.504-0100][3.161s] GC(4)   Post Evacuate Collection Set: 0.5ms
[2021-12-02T13:47:37.504-0100][3.161s] GC(4)   Other: 0.2ms
[2021-12-02T13:47:37.504-0100][3.161s] GC(4) Eden regions: 95->0(299)
[2021-12-02T13:47:37.504-0100][3.161s] GC(4) Survivor regions: 2->8(16)
[2021-12-02T13:47:37.504-0100][3.161s] GC(4) Old regions: 19->19
[2021-12-02T13:47:37.504-0100][3.161s] GC(4) Archive regions: 2->2
[2021-12-02T13:47:37.504-0100][3.161s] GC(4) Humongous regions: 4->4
[2021-12-02T13:47:37.504-0100][3.161s] GC(4) Metaspace: 34943K(35840K)->34943K(35840K) NonClass: 31018K(31744K)->31018K(31744K) Class: 3925K(4096K)->3925K(4096K)
[2021-12-02T13:47:37.505-0100][3.161s] GC(4) Pause Young (Concurrent Start) (Metadata GC Threshold) 120M->31M(512M) 3.647ms
[2021-12-02T13:47:37.505-0100][3.161s] GC(4) User=0.03s Sys=0.00s Real=0.00s
[2021-12-02T13:47:37.505-0100][3.161s] GC(5) Concurrent Cycle
[2021-12-02T13:47:37.505-0100][3.161s] GC(5) Concurrent Clear Claimed Marks
[2021-12-02T13:47:37.505-0100][3.161s] GC(5) Concurrent Clear Claimed Marks 0.021ms
[2021-12-02T13:47:37.505-0100][3.161s] GC(5) Concurrent Scan Root Regions
[2021-12-02T13:47:37.507-0100][3.163s] GC(5) Concurrent Scan Root Regions 2.259ms
[2021-12-02T13:47:37.507-0100][3.163s] GC(5) Concurrent Mark (3.163s)
[2021-12-02T13:47:37.507-0100][3.163s] GC(5) Concurrent Mark From Roots
[2021-12-02T13:47:37.507-0100][3.163s] GC(5) Using 3 workers of 3 for marking
[2021-12-02T13:47:37.516-0100][3.173s] GC(5) Concurrent Mark From Roots 9.343ms
[2021-12-02T13:47:37.516-0100][3.173s] GC(5) Concurrent Preclean
[2021-12-02T13:47:37.516-0100][3.173s] GC(5) Concurrent Preclean 0.063ms
[2021-12-02T13:47:37.516-0100][3.173s] GC(5) Concurrent Mark (3.163s, 3.173s) 9.471ms
[2021-12-02T13:47:37.517-0100][3.173s] GC(5) Pause Remark
[2021-12-02T13:47:37.518-0100][3.174s] GC(5) Pause Remark 35M->35M(512M) 1.024ms
[2021-12-02T13:47:37.518-0100][3.174s] GC(5) User=0.00s Sys=0.00s Real=0.00s
[2021-12-02T13:47:37.518-0100][3.174s] GC(5) Concurrent Rebuild Remembered Sets
[2021-12-02T13:47:37.523-0100][3.180s] GC(5) Concurrent Rebuild Remembered Sets 5.691ms
[2021-12-02T13:47:37.524-0100][3.180s] GC(5) Pause Cleanup
[2021-12-02T13:47:37.524-0100][3.180s] GC(5) Pause Cleanup 35M->35M(512M) 0.103ms
[2021-12-02T13:47:37.524-0100][3.180s] GC(5) User=0.00s Sys=0.00s Real=0.00s
[2021-12-02T13:47:37.524-0100][3.180s] GC(5) Concurrent Cleanup for Next Mark
[2021-12-02T13:47:37.525-0100][3.181s] GC(5) Concurrent Cleanup for Next Mark 0.791ms
[2021-12-02T13:47:37.525-0100][3.181s] GC(5) Concurrent Cycle 20.113ms
[2021-12-02T14:51:34.090-0100][2040.844s] GC(6) Pause Young (Normal) (G1 Evacuation Pause)
[2021-12-02T14:51:34.091-0100][2040.845s] GC(6) Using 10 workers of 10 for evacuation
[2021-12-02T14:51:34.109-0100][2040.863s] GC(6)   Pre Evacuate Collection Set: 0.1ms
[2021-12-02T14:51:34.109-0100][2040.863s] GC(6)   Merge Heap Roots: 0.1ms
[2021-12-02T14:51:34.109-0100][2040.863s] GC(6)   Evacuate Collection Set: 16.6ms
[2021-12-02T14:51:34.109-0100][2040.863s] GC(6)   Post Evacuate Collection Set: 0.9ms
[2021-12-02T14:51:34.109-0100][2040.863s] GC(6)   Other: 0.6ms
[2021-12-02T14:51:34.109-0100][2040.863s] GC(6) Eden regions: 299->0(279)
[2021-12-02T14:51:34.109-0100][2040.863s] GC(6) Survivor regions: 8->28(39)
[2021-12-02T14:51:34.109-0100][2040.863s] GC(6) Old regions: 19->19
[2021-12-02T14:51:34.109-0100][2040.863s] GC(6) Archive regions: 2->2
[2021-12-02T14:51:34.109-0100][2040.863s] GC(6) Humongous regions: 8->7
[2021-12-02T14:51:34.109-0100][2040.863s] GC(6) Metaspace: 55558K(56908K)->55558K(56908K) NonClass: 49072K(50176K)->49072K(50176K) Class: 6485K(6732K)->6485K(6732K)
[2021-12-02T14:51:34.109-0100][2040.863s] GC(6) Pause Young (Normal) (G1 Evacuation Pause) 334M->54M(512M) 18.468ms
[2021-12-02T14:51:34.109-0100][2040.863s] GC(6) User=0.10s Sys=0.05s Real=0.01s
[2021-12-02T14:51:41.165-0100][2047.919s] Heap
[2021-12-02T14:51:41.165-0100][2047.919s]  garbage-first heap   total 524288K, used 75142K [0x00000007e0000000, 0x0000000800000000)
[2021-12-02T14:51:41.165-0100][2047.919s]   region size 1024K, 48 young (49152K), 28 survivors (28672K)
[2021-12-02T14:51:41.165-0100][2047.919s]  Metaspace       used 56133K, capacity 56759K, committed 57804K, reserved 1099776K
[2021-12-02T14:51:41.165-0100][2047.919s]   class space    used 6565K, capacity 6786K, committed 6860K, reserved 1048576K
