[2021-12-01T12:18:21.300-0100][0.011s] Using G1
[2021-12-01T12:18:21.667-0100][0.378s] Version: 15.0.2+7 (release)
[2021-12-01T12:18:21.667-0100][0.378s] CPUs: 12 total, 12 available
[2021-12-01T12:18:21.667-0100][0.378s] Memory: 16384M
[2021-12-01T12:18:21.667-0100][0.378s] Large Page Support: Disabled
[2021-12-01T12:18:21.667-0100][0.378s] NUMA Support: Disabled
[2021-12-01T12:18:21.667-0100][0.378s] Compressed Oops: Enabled (Zero based)
[2021-12-01T12:18:21.667-0100][0.378s] Heap Region Size: 1M
[2021-12-01T12:18:21.667-0100][0.378s] Heap Min Capacity: 512M
[2021-12-01T12:18:21.667-0100][0.378s] Heap Initial Capacity: 512M
[2021-12-01T12:18:21.667-0100][0.378s] Heap Max Capacity: 512M
[2021-12-01T12:18:21.667-0100][0.378s] Pre-touch: Enabled
[2021-12-01T12:18:21.667-0100][0.378s] Parallel Workers: 10
[2021-12-01T12:18:21.667-0100][0.378s] Concurrent Workers: 3
[2021-12-01T12:18:21.667-0100][0.378s] Concurrent Refinement Workers: 10
[2021-12-01T12:18:21.667-0100][0.378s] Periodic GC: Disabled
[2021-12-01T12:18:21.668-0100][0.379s] Mark closed archive regions in map: [0x00000007fff00000, 0x00000007fff78ff8]
[2021-12-01T12:18:21.668-0100][0.379s] Mark open archive regions in map: [0x00000007ffe00000, 0x00000007ffe50ff8]
[2021-12-01T12:18:21.668-0100][0.379s] CDS archive(s) mapped at: [0x0000000800000000-0x0000000800b2f000-0x0000000800b2f000), size 11726848, SharedBaseAddress: 0x0000000800000000, ArchiveRelocationMode: 0.
[2021-12-01T12:18:21.668-0100][0.379s] Compressed class space mapped at: 0x0000000800b30000-0x0000000840b30000, size: 1073741824
[2021-12-01T12:18:21.668-0100][0.379s] Narrow klass base: 0x0000000800000000, Narrow klass shift: 3, Narrow klass range: 0x100000000
[2021-12-01T12:18:22.115-0100][0.826s] GC(0) Pause Young (Normal) (G1 Evacuation Pause)
[2021-12-01T12:18:22.115-0100][0.826s] GC(0) Using 10 workers of 10 for evacuation
[2021-12-01T12:18:22.117-0100][0.828s] GC(0)   Pre Evacuate Collection Set: 0.1ms
[2021-12-01T12:18:22.117-0100][0.828s] GC(0)   Merge Heap Roots: 0.0ms
[2021-12-01T12:18:22.117-0100][0.828s] GC(0)   Evacuate Collection Set: 1.4ms
[2021-12-01T12:18:22.117-0100][0.828s] GC(0)   Post Evacuate Collection Set: 0.3ms
[2021-12-01T12:18:22.117-0100][0.828s] GC(0)   Other: 0.6ms
[2021-12-01T12:18:22.117-0100][0.828s] GC(0) Eden regions: 29->0(54)
[2021-12-01T12:18:22.117-0100][0.828s] GC(0) Survivor regions: 0->4(4)
[2021-12-01T12:18:22.117-0100][0.828s] GC(0) Old regions: 0->0
[2021-12-01T12:18:22.117-0100][0.828s] GC(0) Archive regions: 2->2
[2021-12-01T12:18:22.117-0100][0.828s] GC(0) Humongous regions: 0->0
[2021-12-01T12:18:22.117-0100][0.828s] GC(0) Metaspace: 7429K(8192K)->7429K(8192K) NonClass: 6563K(7168K)->6563K(7168K) Class: 865K(1024K)->865K(1024K)
[2021-12-01T12:18:22.117-0100][0.828s] GC(0) Pause Young (Normal) (G1 Evacuation Pause) 29M->3M(512M) 2.473ms
[2021-12-01T12:18:22.117-0100][0.828s] GC(0) User=0.01s Sys=0.00s Real=0.00s
[2021-12-01T12:18:22.747-0100][1.458s] GC(1) Pause Young (Normal) (G1 Evacuation Pause)
[2021-12-01T12:18:22.747-0100][1.458s] GC(1) Using 10 workers of 10 for evacuation
[2021-12-01T12:18:22.754-0100][1.465s] GC(1)   Pre Evacuate Collection Set: 0.1ms
[2021-12-01T12:18:22.754-0100][1.465s] GC(1)   Merge Heap Roots: 0.0ms
[2021-12-01T12:18:22.754-0100][1.465s] GC(1)   Evacuate Collection Set: 5.4ms
[2021-12-01T12:18:22.754-0100][1.465s] GC(1)   Post Evacuate Collection Set: 0.7ms
[2021-12-01T12:18:22.754-0100][1.465s] GC(1)   Other: 0.1ms
[2021-12-01T12:18:22.754-0100][1.465s] GC(1) Eden regions: 54->0(76)
[2021-12-01T12:18:22.754-0100][1.465s] GC(1) Survivor regions: 4->8(8)
[2021-12-01T12:18:22.754-0100][1.465s] GC(1) Old regions: 0->11
[2021-12-01T12:18:22.754-0100][1.465s] GC(1) Archive regions: 2->2
[2021-12-01T12:18:22.754-0100][1.465s] GC(1) Humongous regions: 4->4
[2021-12-01T12:18:22.754-0100][1.465s] GC(1) Metaspace: 16046K(16640K)->16046K(16640K) NonClass: 14193K(14592K)->14193K(14592K) Class: 1853K(2048K)->1853K(2048K)
[2021-12-01T12:18:22.754-0100][1.465s] GC(1) Pause Young (Normal) (G1 Evacuation Pause) 61M->23M(512M) 6.436ms
[2021-12-01T12:18:22.754-0100][1.465s] GC(1) User=0.05s Sys=0.01s Real=0.01s
[2021-12-01T12:18:23.167-0100][1.878s] GC(2) Pause Young (Concurrent Start) (Metadata GC Threshold)
[2021-12-01T12:18:23.167-0100][1.878s] GC(2) Using 10 workers of 10 for evacuation
[2021-12-01T12:18:23.170-0100][1.881s] GC(2)   Pre Evacuate Collection Set: 0.1ms
[2021-12-01T12:18:23.170-0100][1.881s] GC(2)   Merge Heap Roots: 0.1ms
[2021-12-01T12:18:23.170-0100][1.881s] GC(2)   Evacuate Collection Set: 2.6ms
[2021-12-01T12:18:23.170-0100][1.881s] GC(2)   Post Evacuate Collection Set: 0.4ms
[2021-12-01T12:18:23.170-0100][1.881s] GC(2)   Other: 0.2ms
[2021-12-01T12:18:23.170-0100][1.881s] GC(2) Eden regions: 27->0(126)
[2021-12-01T12:18:23.170-0100][1.881s] GC(2) Survivor regions: 8->2(10)
[2021-12-01T12:18:23.170-0100][1.881s] GC(2) Old regions: 11->19
[2021-12-01T12:18:23.170-0100][1.881s] GC(2) Archive regions: 2->2
[2021-12-01T12:18:23.170-0100][1.881s] GC(2) Humongous regions: 4->4
[2021-12-01T12:18:23.170-0100][1.881s] GC(2) Metaspace: 20560K(21248K)->20560K(21248K) NonClass: 18204K(18688K)->18204K(18688K) Class: 2355K(2560K)->2355K(2560K)
[2021-12-01T12:18:23.170-0100][1.881s] GC(2) Pause Young (Concurrent Start) (Metadata GC Threshold) 49M->24M(512M) 3.488ms
[2021-12-01T12:18:23.170-0100][1.881s] GC(2) User=0.03s Sys=0.01s Real=0.01s
[2021-12-01T12:18:23.170-0100][1.881s] GC(3) Concurrent Cycle
[2021-12-01T12:18:23.170-0100][1.881s] GC(3) Concurrent Clear Claimed Marks
[2021-12-01T12:18:23.170-0100][1.881s] GC(3) Concurrent Clear Claimed Marks 0.019ms
[2021-12-01T12:18:23.170-0100][1.881s] GC(3) Concurrent Scan Root Regions
[2021-12-01T12:18:23.172-0100][1.883s] GC(3) Concurrent Scan Root Regions 1.204ms
[2021-12-01T12:18:23.172-0100][1.883s] GC(3) Concurrent Mark (1.883s)
[2021-12-01T12:18:23.172-0100][1.883s] GC(3) Concurrent Mark From Roots
[2021-12-01T12:18:23.172-0100][1.883s] GC(3) Using 3 workers of 3 for marking
[2021-12-01T12:18:23.176-0100][1.887s] GC(3) Concurrent Mark From Roots 4.588ms
[2021-12-01T12:18:23.176-0100][1.887s] GC(3) Concurrent Preclean
[2021-12-01T12:18:23.176-0100][1.887s] GC(3) Concurrent Preclean 0.032ms
[2021-12-01T12:18:23.176-0100][1.887s] GC(3) Concurrent Mark (1.883s, 1.887s) 4.671ms
[2021-12-01T12:18:23.176-0100][1.887s] GC(3) Pause Remark
[2021-12-01T12:18:23.177-0100][1.888s] GC(3) Pause Remark 26M->26M(512M) 0.707ms
[2021-12-01T12:18:23.177-0100][1.888s] GC(3) User=0.01s Sys=0.00s Real=0.00s
[2021-12-01T12:18:23.177-0100][1.888s] GC(3) Concurrent Rebuild Remembered Sets
[2021-12-01T12:18:23.181-0100][1.892s] GC(3) Concurrent Rebuild Remembered Sets 3.553ms
[2021-12-01T12:18:23.181-0100][1.892s] GC(3) Pause Cleanup
[2021-12-01T12:18:23.181-0100][1.892s] GC(3) Pause Cleanup 26M->26M(512M) 0.085ms
[2021-12-01T12:18:23.181-0100][1.892s] GC(3) User=0.00s Sys=0.00s Real=0.00s
[2021-12-01T12:18:23.181-0100][1.892s] GC(3) Concurrent Cleanup for Next Mark
[2021-12-01T12:18:23.182-0100][1.893s] GC(3) Concurrent Cleanup for Next Mark 0.678ms
[2021-12-01T12:18:23.182-0100][1.893s] GC(3) Concurrent Cycle 11.414ms
[2021-12-01T12:18:24.471-0100][3.182s] GC(4) Pause Young (Concurrent Start) (Metadata GC Threshold)
[2021-12-01T12:18:24.471-0100][3.182s] GC(4) Using 10 workers of 10 for evacuation
[2021-12-01T12:18:24.474-0100][3.185s] GC(4)   Pre Evacuate Collection Set: 0.1ms
[2021-12-01T12:18:24.474-0100][3.185s] GC(4)   Merge Heap Roots: 0.0ms
[2021-12-01T12:18:24.474-0100][3.185s] GC(4)   Evacuate Collection Set: 2.7ms
[2021-12-01T12:18:24.475-0100][3.185s] GC(4)   Post Evacuate Collection Set: 0.5ms
[2021-12-01T12:18:24.475-0100][3.185s] GC(4)   Other: 0.2ms
[2021-12-01T12:18:24.475-0100][3.185s] GC(4) Eden regions: 92->0(299)
[2021-12-01T12:18:24.475-0100][3.186s] GC(4) Survivor regions: 2->8(16)
[2021-12-01T12:18:24.475-0100][3.186s] GC(4) Old regions: 19->19
[2021-12-01T12:18:24.475-0100][3.186s] GC(4) Archive regions: 2->2
[2021-12-01T12:18:24.475-0100][3.186s] GC(4) Humongous regions: 4->4
[2021-12-01T12:18:24.475-0100][3.186s] GC(4) Metaspace: 34800K(35840K)->34800K(35840K) NonClass: 30881K(31744K)->30881K(31744K) Class: 3919K(4096K)->3919K(4096K)
[2021-12-01T12:18:24.475-0100][3.186s] GC(4) Pause Young (Concurrent Start) (Metadata GC Threshold) 116M->30M(512M) 3.710ms
[2021-12-01T12:18:24.475-0100][3.186s] GC(4) User=0.03s Sys=0.00s Real=0.00s
[2021-12-01T12:18:24.475-0100][3.186s] GC(5) Concurrent Cycle
[2021-12-01T12:18:24.475-0100][3.186s] GC(5) Concurrent Clear Claimed Marks
[2021-12-01T12:18:24.475-0100][3.186s] GC(5) Concurrent Clear Claimed Marks 0.020ms
[2021-12-01T12:18:24.475-0100][3.186s] GC(5) Concurrent Scan Root Regions
[2021-12-01T12:18:24.477-0100][3.188s] GC(5) Concurrent Scan Root Regions 1.876ms
[2021-12-01T12:18:24.477-0100][3.188s] GC(5) Concurrent Mark (3.188s)
[2021-12-01T12:18:24.477-0100][3.188s] GC(5) Concurrent Mark From Roots
[2021-12-01T12:18:24.477-0100][3.188s] GC(5) Using 3 workers of 3 for marking
[2021-12-01T12:18:24.485-0100][3.196s] GC(5) Concurrent Mark From Roots 8.431ms
[2021-12-01T12:18:24.485-0100][3.196s] GC(5) Concurrent Preclean
[2021-12-01T12:18:24.485-0100][3.196s] GC(5) Concurrent Preclean 0.068ms
[2021-12-01T12:18:24.485-0100][3.196s] GC(5) Concurrent Mark (3.188s, 3.196s) 8.565ms
[2021-12-01T12:18:24.485-0100][3.196s] GC(5) Pause Remark
[2021-12-01T12:18:24.486-0100][3.197s] GC(5) Pause Remark 34M->34M(512M) 0.960ms
[2021-12-01T12:18:24.486-0100][3.197s] GC(5) User=0.01s Sys=0.00s Real=0.00s
[2021-12-01T12:18:24.486-0100][3.197s] GC(5) Concurrent Rebuild Remembered Sets
[2021-12-01T12:18:24.491-0100][3.202s] GC(5) Concurrent Rebuild Remembered Sets 4.793ms
[2021-12-01T12:18:24.492-0100][3.203s] GC(5) Pause Cleanup
[2021-12-01T12:18:24.492-0100][3.203s] GC(5) Pause Cleanup 34M->34M(512M) 0.109ms
[2021-12-01T12:18:24.492-0100][3.203s] GC(5) User=0.00s Sys=0.00s Real=0.00s
[2021-12-01T12:18:24.492-0100][3.203s] GC(5) Concurrent Cleanup for Next Mark
[2021-12-01T12:18:24.493-0100][3.204s] GC(5) Concurrent Cleanup for Next Mark 0.811ms
[2021-12-01T12:18:24.493-0100][3.204s] GC(5) Concurrent Cycle 17.985ms
[2021-12-01T15:38:57.100-0100][3075.705s] GC(6) Pause Young (Normal) (G1 Evacuation Pause)
[2021-12-01T15:38:57.101-0100][3075.706s] GC(6) Using 10 workers of 10 for evacuation
[2021-12-01T15:38:57.206-0100][3075.811s] GC(6)   Pre Evacuate Collection Set: 0.7ms
[2021-12-01T15:38:57.206-0100][3075.811s] GC(6)   Merge Heap Roots: 1.0ms
[2021-12-01T15:38:57.206-0100][3075.811s] GC(6)   Evacuate Collection Set: 101.8ms
[2021-12-01T15:38:57.206-0100][3075.811s] GC(6)   Post Evacuate Collection Set: 1.3ms
[2021-12-01T15:38:57.206-0100][3075.811s] GC(6)   Other: 1.3ms
[2021-12-01T15:38:57.206-0100][3075.811s] GC(6) Eden regions: 299->0(278)
[2021-12-01T15:38:57.206-0100][3075.811s] GC(6) Survivor regions: 8->29(39)
[2021-12-01T15:38:57.206-0100][3075.811s] GC(6) Old regions: 19->19
[2021-12-01T15:38:57.206-0100][3075.811s] GC(6) Archive regions: 2->2
[2021-12-01T15:38:57.206-0100][3075.811s] GC(6) Humongous regions: 8->7
[2021-12-01T15:38:57.206-0100][3075.811s] GC(6) Metaspace: 55257K(56960K)->55257K(56960K) NonClass: 48778K(50176K)->48778K(50176K) Class: 6478K(6784K)->6478K(6784K)
[2021-12-01T15:38:57.206-0100][3075.811s] GC(6) Pause Young (Normal) (G1 Evacuation Pause) 333M->54M(512M) 106.147ms
[2021-12-01T15:38:57.206-0100][3075.811s] GC(6) User=0.14s Sys=0.63s Real=0.10s
[2021-12-02T13:43:06.906-0100][18455.912s] Heap
[2021-12-02T13:43:06.906-0100][18455.912s]  garbage-first heap   total 524288K, used 148245K [0x00000007e0000000, 0x0000000800000000)
[2021-12-02T13:43:06.906-0100][18455.912s]   region size 1024K, 120 young (122880K), 29 survivors (29696K)
[2021-12-02T13:43:06.906-0100][18455.912s]  Metaspace       used 56376K, capacity 57018K, committed 58112K, reserved 1099776K
[2021-12-02T13:43:06.906-0100][18455.912s]   class space    used 6550K, capacity 6788K, committed 6912K, reserved 1048576K
