[2021-12-15T12:53:53.762-0100][0.010s] Using G1
[2021-12-15T12:53:54.003-0100][0.251s] Version: 15.0.2+7 (release)
[2021-12-15T12:53:54.003-0100][0.251s] CPUs: 12 total, 12 available
[2021-12-15T12:53:54.003-0100][0.251s] Memory: 16384M
[2021-12-15T12:53:54.003-0100][0.251s] Large Page Support: Disabled
[2021-12-15T12:53:54.003-0100][0.251s] NUMA Support: Disabled
[2021-12-15T12:53:54.003-0100][0.251s] Compressed Oops: Enabled (Zero based)
[2021-12-15T12:53:54.003-0100][0.251s] Heap Region Size: 1M
[2021-12-15T12:53:54.003-0100][0.251s] Heap Min Capacity: 512M
[2021-12-15T12:53:54.003-0100][0.251s] Heap Initial Capacity: 512M
[2021-12-15T12:53:54.003-0100][0.251s] Heap Max Capacity: 512M
[2021-12-15T12:53:54.003-0100][0.251s] Pre-touch: Enabled
[2021-12-15T12:53:54.003-0100][0.251s] Parallel Workers: 10
[2021-12-15T12:53:54.003-0100][0.251s] Concurrent Workers: 3
[2021-12-15T12:53:54.003-0100][0.251s] Concurrent Refinement Workers: 10
[2021-12-15T12:53:54.003-0100][0.251s] Periodic GC: Disabled
[2021-12-15T12:53:54.003-0100][0.252s] Mark closed archive regions in map: [0x00000007fff00000, 0x00000007fff78ff8]
[2021-12-15T12:53:54.003-0100][0.252s] Mark open archive regions in map: [0x00000007ffe00000, 0x00000007ffe50ff8]
[2021-12-15T12:53:54.003-0100][0.252s] CDS archive(s) mapped at: [0x0000000800000000-0x0000000800b2f000-0x0000000800b2f000), size 11726848, SharedBaseAddress: 0x0000000800000000, ArchiveRelocationMode: 0.
[2021-12-15T12:53:54.003-0100][0.252s] Compressed class space mapped at: 0x0000000800b30000-0x0000000840b30000, size: 1073741824
[2021-12-15T12:53:54.003-0100][0.252s] Narrow klass base: 0x0000000800000000, Narrow klass shift: 3, Narrow klass range: 0x100000000
[2021-12-15T12:53:54.462-0100][0.711s] GC(0) Pause Young (Normal) (G1 Evacuation Pause)
[2021-12-15T12:53:54.462-0100][0.711s] GC(0) Using 10 workers of 10 for evacuation
[2021-12-15T12:53:54.464-0100][0.713s] GC(0)   Pre Evacuate Collection Set: 0.1ms
[2021-12-15T12:53:54.464-0100][0.713s] GC(0)   Merge Heap Roots: 0.0ms
[2021-12-15T12:53:54.464-0100][0.713s] GC(0)   Evacuate Collection Set: 1.4ms
[2021-12-15T12:53:54.464-0100][0.713s] GC(0)   Post Evacuate Collection Set: 0.3ms
[2021-12-15T12:53:54.464-0100][0.713s] GC(0)   Other: 0.5ms
[2021-12-15T12:53:54.464-0100][0.713s] GC(0) Eden regions: 29->0(54)
[2021-12-15T12:53:54.464-0100][0.713s] GC(0) Survivor regions: 0->4(4)
[2021-12-15T12:53:54.464-0100][0.713s] GC(0) Old regions: 0->0
[2021-12-15T12:53:54.464-0100][0.713s] GC(0) Archive regions: 2->2
[2021-12-15T12:53:54.464-0100][0.713s] GC(0) Humongous regions: 0->0
[2021-12-15T12:53:54.464-0100][0.713s] GC(0) Metaspace: 7925K(8192K)->7925K(8192K) NonClass: 7007K(7168K)->7007K(7168K) Class: 918K(1024K)->918K(1024K)
[2021-12-15T12:53:54.464-0100][0.713s] GC(0) Pause Young (Normal) (G1 Evacuation Pause) 29M->4M(512M) 2.458ms
[2021-12-15T12:53:54.464-0100][0.713s] GC(0) User=0.02s Sys=0.00s Real=0.00s
[2021-12-15T12:53:55.023-0100][1.272s] GC(1) Pause Young (Normal) (G1 Evacuation Pause)
[2021-12-15T12:53:55.023-0100][1.272s] GC(1) Using 10 workers of 10 for evacuation
[2021-12-15T12:53:55.030-0100][1.278s] GC(1)   Pre Evacuate Collection Set: 0.1ms
[2021-12-15T12:53:55.030-0100][1.278s] GC(1)   Merge Heap Roots: 0.1ms
[2021-12-15T12:53:55.030-0100][1.278s] GC(1)   Evacuate Collection Set: 5.6ms
[2021-12-15T12:53:55.030-0100][1.278s] GC(1)   Post Evacuate Collection Set: 0.7ms
[2021-12-15T12:53:55.030-0100][1.278s] GC(1)   Other: 0.1ms
[2021-12-15T12:53:55.030-0100][1.278s] GC(1) Eden regions: 54->0(78)
[2021-12-15T12:53:55.030-0100][1.278s] GC(1) Survivor regions: 4->8(8)
[2021-12-15T12:53:55.030-0100][1.278s] GC(1) Old regions: 0->11
[2021-12-15T12:53:55.030-0100][1.278s] GC(1) Archive regions: 2->2
[2021-12-15T12:53:55.030-0100][1.278s] GC(1) Humongous regions: 4->4
[2021-12-15T12:53:55.030-0100][1.278s] GC(1) Metaspace: 16033K(16640K)->16033K(16640K) NonClass: 14183K(14592K)->14183K(14592K) Class: 1850K(2048K)->1850K(2048K)
[2021-12-15T12:53:55.030-0100][1.278s] GC(1) Pause Young (Normal) (G1 Evacuation Pause) 62M->23M(512M) 6.633ms
[2021-12-15T12:53:55.030-0100][1.278s] GC(1) User=0.06s Sys=0.00s Real=0.01s
[2021-12-15T12:53:55.438-0100][1.687s] GC(2) Pause Young (Concurrent Start) (GCLocker Initiated GC)
[2021-12-15T12:53:55.438-0100][1.687s] GC(2) Using 10 workers of 10 for evacuation
[2021-12-15T12:53:55.441-0100][1.690s] GC(2)   Pre Evacuate Collection Set: 0.1ms
[2021-12-15T12:53:55.441-0100][1.690s] GC(2)   Merge Heap Roots: 0.1ms
[2021-12-15T12:53:55.441-0100][1.690s] GC(2)   Evacuate Collection Set: 2.4ms
[2021-12-15T12:53:55.441-0100][1.690s] GC(2)   Post Evacuate Collection Set: 0.4ms
[2021-12-15T12:53:55.441-0100][1.690s] GC(2)   Other: 0.2ms
[2021-12-15T12:53:55.441-0100][1.690s] GC(2) Eden regions: 26->0(138)
[2021-12-15T12:53:55.441-0100][1.690s] GC(2) Survivor regions: 8->2(10)
[2021-12-15T12:53:55.441-0100][1.690s] GC(2) Old regions: 11->19
[2021-12-15T12:53:55.441-0100][1.690s] GC(2) Archive regions: 2->2
[2021-12-15T12:53:55.441-0100][1.690s] GC(2) Humongous regions: 4->4
[2021-12-15T12:53:55.441-0100][1.690s] GC(2) Metaspace: 20484K(21504K)->20484K(21504K) NonClass: 18134K(18944K)->18134K(18944K) Class: 2349K(2560K)->2349K(2560K)
[2021-12-15T12:53:55.441-0100][1.690s] GC(2) Pause Young (Concurrent Start) (GCLocker Initiated GC) 48M->24M(512M) 3.271ms
[2021-12-15T12:53:55.441-0100][1.690s] GC(2) User=0.03s Sys=0.01s Real=0.01s
[2021-12-15T12:53:55.442-0100][1.690s] GC(3) Concurrent Cycle
[2021-12-15T12:53:55.442-0100][1.690s] GC(3) Concurrent Clear Claimed Marks
[2021-12-15T12:53:55.442-0100][1.690s] GC(3) Concurrent Clear Claimed Marks 0.022ms
[2021-12-15T12:53:55.442-0100][1.690s] GC(3) Concurrent Scan Root Regions
[2021-12-15T12:53:55.443-0100][1.691s] GC(3) Concurrent Scan Root Regions 1.181ms
[2021-12-15T12:53:55.443-0100][1.692s] GC(3) Concurrent Mark (1.692s)
[2021-12-15T12:53:55.443-0100][1.692s] GC(3) Concurrent Mark From Roots
[2021-12-15T12:53:55.443-0100][1.692s] GC(3) Using 3 workers of 3 for marking
[2021-12-15T12:53:55.448-0100][1.697s] GC(3) Concurrent Mark From Roots 5.104ms
[2021-12-15T12:53:55.448-0100][1.697s] GC(3) Concurrent Preclean
[2021-12-15T12:53:55.448-0100][1.697s] GC(3) Concurrent Preclean 0.035ms
[2021-12-15T12:53:55.448-0100][1.697s] GC(3) Concurrent Mark (1.692s, 1.697s) 5.192ms
[2021-12-15T12:53:55.448-0100][1.697s] GC(3) Pause Remark
[2021-12-15T12:53:55.449-0100][1.698s] GC(3) Pause Remark 25M->25M(512M) 0.736ms
[2021-12-15T12:53:55.449-0100][1.698s] GC(3) User=0.00s Sys=0.00s Real=0.00s
[2021-12-15T12:53:55.449-0100][1.698s] GC(3) Concurrent Rebuild Remembered Sets
[2021-12-15T12:53:55.453-0100][1.702s] GC(3) Concurrent Rebuild Remembered Sets 3.893ms
[2021-12-15T12:53:55.454-0100][1.702s] GC(3) Pause Cleanup
[2021-12-15T12:53:55.454-0100][1.702s] GC(3) Pause Cleanup 26M->26M(512M) 0.102ms
[2021-12-15T12:53:55.454-0100][1.702s] GC(3) User=0.00s Sys=0.00s Real=0.00s
[2021-12-15T12:53:55.454-0100][1.703s] GC(3) Concurrent Cleanup for Next Mark
[2021-12-15T12:53:55.455-0100][1.703s] GC(3) Concurrent Cleanup for Next Mark 0.752ms
[2021-12-15T12:53:55.455-0100][1.703s] GC(3) Concurrent Cycle 13.100ms
[2021-12-15T12:53:56.584-0100][2.832s] GC(4) Pause Young (Concurrent Start) (Metadata GC Threshold)
[2021-12-15T12:53:56.584-0100][2.833s] GC(4) Using 10 workers of 10 for evacuation
[2021-12-15T12:53:56.587-0100][2.836s] GC(4)   Pre Evacuate Collection Set: 0.1ms
[2021-12-15T12:53:56.587-0100][2.836s] GC(4)   Merge Heap Roots: 0.1ms
[2021-12-15T12:53:56.587-0100][2.836s] GC(4)   Evacuate Collection Set: 2.8ms
[2021-12-15T12:53:56.587-0100][2.836s] GC(4)   Post Evacuate Collection Set: 0.5ms
[2021-12-15T12:53:56.587-0100][2.836s] GC(4)   Other: 0.2ms
[2021-12-15T12:53:56.587-0100][2.836s] GC(4) Eden regions: 94->0(299)
[2021-12-15T12:53:56.587-0100][2.836s] GC(4) Survivor regions: 2->8(18)
[2021-12-15T12:53:56.587-0100][2.836s] GC(4) Old regions: 19->19
[2021-12-15T12:53:56.587-0100][2.836s] GC(4) Archive regions: 2->2
[2021-12-15T12:53:56.587-0100][2.836s] GC(4) Humongous regions: 4->4
[2021-12-15T12:53:56.587-0100][2.836s] GC(4) Metaspace: 34729K(35840K)->34729K(35840K) NonClass: 30822K(31744K)->30822K(31744K) Class: 3906K(4096K)->3906K(4096K)
[2021-12-15T12:53:56.588-0100][2.836s] GC(4) Pause Young (Concurrent Start) (Metadata GC Threshold) 118M->30M(512M) 3.722ms
[2021-12-15T12:53:56.588-0100][2.836s] GC(4) User=0.02s Sys=0.00s Real=0.00s
[2021-12-15T12:53:56.588-0100][2.836s] GC(5) Concurrent Cycle
[2021-12-15T12:53:56.588-0100][2.836s] GC(5) Concurrent Clear Claimed Marks
[2021-12-15T12:53:56.588-0100][2.836s] GC(5) Concurrent Clear Claimed Marks 0.021ms
[2021-12-15T12:53:56.588-0100][2.836s] GC(5) Concurrent Scan Root Regions
[2021-12-15T12:53:56.590-0100][2.838s] GC(5) Concurrent Scan Root Regions 2.116ms
[2021-12-15T12:53:56.590-0100][2.838s] GC(5) Concurrent Mark (2.838s)
[2021-12-15T12:53:56.590-0100][2.838s] GC(5) Concurrent Mark From Roots
[2021-12-15T12:53:56.590-0100][2.838s] GC(5) Using 3 workers of 3 for marking
[2021-12-15T12:53:56.597-0100][2.846s] GC(5) Concurrent Mark From Roots 7.315ms
[2021-12-15T12:53:56.597-0100][2.846s] GC(5) Concurrent Preclean
[2021-12-15T12:53:56.597-0100][2.846s] GC(5) Concurrent Preclean 0.054ms
[2021-12-15T12:53:56.597-0100][2.846s] GC(5) Concurrent Mark (2.838s, 2.846s) 7.422ms
[2021-12-15T12:53:56.597-0100][2.846s] GC(5) Pause Remark
[2021-12-15T12:53:56.598-0100][2.847s] GC(5) Pause Remark 31M->31M(512M) 1.008ms
[2021-12-15T12:53:56.598-0100][2.847s] GC(5) User=0.01s Sys=0.00s Real=0.00s
[2021-12-15T12:53:56.598-0100][2.847s] GC(5) Concurrent Rebuild Remembered Sets
[2021-12-15T12:53:56.603-0100][2.851s] GC(5) Concurrent Rebuild Remembered Sets 4.355ms
[2021-12-15T12:53:56.603-0100][2.852s] GC(5) Pause Cleanup
[2021-12-15T12:53:56.603-0100][2.852s] GC(5) Pause Cleanup 32M->32M(512M) 0.106ms
[2021-12-15T12:53:56.603-0100][2.852s] GC(5) User=0.00s Sys=0.00s Real=0.00s
[2021-12-15T12:53:56.603-0100][2.852s] GC(5) Concurrent Cleanup for Next Mark
[2021-12-15T12:53:56.604-0100][2.853s] GC(5) Concurrent Cleanup for Next Mark 0.790ms
[2021-12-15T12:53:56.604-0100][2.853s] GC(5) Concurrent Cycle 16.444ms
[2021-12-15T12:54:23.428-0100][29.677s] GC(6) Pause Young (Normal) (G1 Evacuation Pause)
[2021-12-15T12:54:23.440-0100][29.689s] GC(6) Using 10 workers of 10 for evacuation
[2021-12-15T12:54:23.450-0100][29.699s] GC(6)   Pre Evacuate Collection Set: 0.1ms
[2021-12-15T12:54:23.450-0100][29.699s] GC(6)   Merge Heap Roots: 0.1ms
[2021-12-15T12:54:23.450-0100][29.699s] GC(6)   Evacuate Collection Set: 8.7ms
[2021-12-15T12:54:23.450-0100][29.699s] GC(6)   Post Evacuate Collection Set: 1.0ms
[2021-12-15T12:54:23.450-0100][29.699s] GC(6)   Other: 11.9ms
[2021-12-15T12:54:23.450-0100][29.699s] GC(6) Eden regions: 299->0(277)
[2021-12-15T12:54:23.450-0100][29.699s] GC(6) Survivor regions: 8->30(39)
[2021-12-15T12:54:23.450-0100][29.699s] GC(6) Old regions: 19->19
[2021-12-15T12:54:23.450-0100][29.699s] GC(6) Archive regions: 2->2
[2021-12-15T12:54:23.450-0100][29.699s] GC(6) Humongous regions: 5->4
[2021-12-15T12:54:23.450-0100][29.699s] GC(6) Metaspace: 50793K(52352K)->50793K(52352K) NonClass: 44809K(46080K)->44809K(46080K) Class: 5983K(6272K)->5983K(6272K)
[2021-12-15T12:54:23.450-0100][29.699s] GC(6) Pause Young (Normal) (G1 Evacuation Pause) 330M->52M(512M) 21.766ms
[2021-12-15T12:54:23.450-0100][29.699s] GC(6) User=0.09s Sys=0.00s Real=0.03s
[2021-12-15T18:24:28.593-0100][12200.820s] GC(7) Pause Young (Concurrent Start) (Metadata GC Threshold)
[2021-12-15T18:24:28.593-0100][12200.821s] GC(7) Using 10 workers of 10 for evacuation
[2021-12-15T18:24:28.671-0100][12200.899s] GC(7)   Pre Evacuate Collection Set: 0.9ms
[2021-12-15T18:24:28.671-0100][12200.899s] GC(7)   Merge Heap Roots: 0.1ms
[2021-12-15T18:24:28.671-0100][12200.899s] GC(7)   Evacuate Collection Set: 75.1ms
[2021-12-15T18:24:28.671-0100][12200.899s] GC(7)   Post Evacuate Collection Set: 1.1ms
[2021-12-15T18:24:28.671-0100][12200.899s] GC(7)   Other: 1.2ms
[2021-12-15T18:24:28.671-0100][12200.899s] GC(7) Eden regions: 223->0(292)
[2021-12-15T18:24:28.671-0100][12200.899s] GC(7) Survivor regions: 30->15(39)
[2021-12-15T18:24:28.671-0100][12200.899s] GC(7) Old regions: 19->47
[2021-12-15T18:24:28.671-0100][12200.899s] GC(7) Archive regions: 2->2
[2021-12-15T18:24:28.671-0100][12200.899s] GC(7) Humongous regions: 7->7
[2021-12-15T18:24:28.671-0100][12200.899s] GC(7) Metaspace: 58665K(60160K)->58665K(60160K) NonClass: 51824K(52992K)->51824K(52992K) Class: 6841K(7168K)->6841K(7168K)
[2021-12-15T18:24:28.671-0100][12200.899s] GC(7) Pause Young (Concurrent Start) (Metadata GC Threshold) 278M->69M(512M) 78.670ms
[2021-12-15T18:24:28.671-0100][12200.899s] GC(7) User=0.16s Sys=0.41s Real=0.08s
[2021-12-15T18:24:28.671-0100][12200.899s] GC(8) Concurrent Cycle
[2021-12-15T18:24:28.671-0100][12200.899s] GC(8) Concurrent Clear Claimed Marks
[2021-12-15T18:24:28.671-0100][12200.899s] GC(8) Concurrent Clear Claimed Marks 0.051ms
[2021-12-15T18:24:28.671-0100][12200.899s] GC(8) Concurrent Scan Root Regions
[2021-12-15T18:24:28.683-0100][12200.911s] GC(8) Concurrent Scan Root Regions 11.528ms
[2021-12-15T18:24:28.683-0100][12200.911s] GC(8) Concurrent Mark (12200.911s)
[2021-12-15T18:24:28.683-0100][12200.911s] GC(8) Concurrent Mark From Roots
[2021-12-15T18:24:28.683-0100][12200.911s] GC(8) Using 3 workers of 3 for marking
[2021-12-15T18:24:28.698-0100][12200.926s] GC(8) Concurrent Mark From Roots 14.771ms
[2021-12-15T18:24:28.698-0100][12200.926s] GC(8) Concurrent Preclean
[2021-12-15T18:24:28.698-0100][12200.926s] GC(8) Concurrent Preclean 0.206ms
[2021-12-15T18:24:28.698-0100][12200.926s] GC(8) Concurrent Mark (12200.911s, 12200.926s) 15.074ms
[2021-12-15T18:24:28.698-0100][12200.926s] GC(8) Pause Remark
[2021-12-15T18:24:28.734-0100][12200.962s] GC(8) Pause Remark 80M->80M(512M) 35.369ms
[2021-12-15T18:24:28.734-0100][12200.962s] GC(8) User=0.05s Sys=0.16s Real=0.04s
[2021-12-15T18:24:28.734-0100][12200.962s] GC(8) Concurrent Rebuild Remembered Sets
[2021-12-15T18:24:28.749-0100][12200.977s] GC(8) Concurrent Rebuild Remembered Sets 15.102ms
[2021-12-15T18:24:28.750-0100][12200.978s] GC(8) Pause Cleanup
[2021-12-15T18:24:28.750-0100][12200.978s] GC(8) Pause Cleanup 80M->80M(512M) 0.301ms
[2021-12-15T18:24:28.750-0100][12200.978s] GC(8) User=0.00s Sys=0.00s Real=0.00s
[2021-12-15T18:24:28.750-0100][12200.978s] GC(8) Concurrent Cleanup for Next Mark
[2021-12-15T18:24:28.754-0100][12200.982s] GC(8) Concurrent Cleanup for Next Mark 4.340ms
[2021-12-15T18:24:28.754-0100][12200.982s] GC(8) Concurrent Cycle 83.160ms
[2021-12-15T18:24:32.944-0100][12205.172s] Heap
[2021-12-15T18:24:32.944-0100][12205.172s]  garbage-first heap   total 524288K, used 84156K [0x00000007e0000000, 0x0000000800000000)
[2021-12-15T18:24:32.944-0100][12205.172s]   region size 1024K, 30 young (30720K), 15 survivors (15360K)
[2021-12-15T18:24:32.944-0100][12205.172s]  Metaspace       used 58774K, capacity 59482K, committed 60416K, reserved 1101824K
[2021-12-15T18:24:32.944-0100][12205.172s]   class space    used 6864K, capacity 7100K, committed 7168K, reserved 1048576K
