[2021-12-02T15:02:38.011-0100][0.008s] Using G1
[2021-12-02T15:02:38.209-0100][0.205s] Version: 15.0.2+7 (release)
[2021-12-02T15:02:38.209-0100][0.206s] CPUs: 12 total, 12 available
[2021-12-02T15:02:38.209-0100][0.206s] Memory: 16384M
[2021-12-02T15:02:38.209-0100][0.206s] Large Page Support: Disabled
[2021-12-02T15:02:38.209-0100][0.206s] NUMA Support: Disabled
[2021-12-02T15:02:38.209-0100][0.206s] Compressed Oops: Enabled (Zero based)
[2021-12-02T15:02:38.209-0100][0.206s] Heap Region Size: 1M
[2021-12-02T15:02:38.209-0100][0.206s] Heap Min Capacity: 512M
[2021-12-02T15:02:38.209-0100][0.206s] Heap Initial Capacity: 512M
[2021-12-02T15:02:38.209-0100][0.206s] Heap Max Capacity: 512M
[2021-12-02T15:02:38.209-0100][0.206s] Pre-touch: Enabled
[2021-12-02T15:02:38.209-0100][0.206s] Parallel Workers: 10
[2021-12-02T15:02:38.209-0100][0.206s] Concurrent Workers: 3
[2021-12-02T15:02:38.209-0100][0.206s] Concurrent Refinement Workers: 10
[2021-12-02T15:02:38.209-0100][0.206s] Periodic GC: Disabled
[2021-12-02T15:02:38.210-0100][0.206s] Mark closed archive regions in map: [0x00000007fff00000, 0x00000007fff78ff8]
[2021-12-02T15:02:38.210-0100][0.206s] Mark open archive regions in map: [0x00000007ffe00000, 0x00000007ffe50ff8]
[2021-12-02T15:02:38.210-0100][0.206s] CDS archive(s) mapped at: [0x0000000800000000-0x0000000800b2f000-0x0000000800b2f000), size 11726848, SharedBaseAddress: 0x0000000800000000, ArchiveRelocationMode: 0.
[2021-12-02T15:02:38.210-0100][0.206s] Compressed class space mapped at: 0x0000000800b30000-0x0000000840b30000, size: 1073741824
[2021-12-02T15:02:38.210-0100][0.206s] Narrow klass base: 0x0000000800000000, Narrow klass shift: 3, Narrow klass range: 0x100000000
[2021-12-02T15:02:38.591-0100][0.587s] GC(0) Pause Young (Normal) (G1 Evacuation Pause)
[2021-12-02T15:02:38.591-0100][0.587s] GC(0) Using 10 workers of 10 for evacuation
[2021-12-02T15:02:38.593-0100][0.589s] GC(0)   Pre Evacuate Collection Set: 0.1ms
[2021-12-02T15:02:38.593-0100][0.589s] GC(0)   Merge Heap Roots: 0.0ms
[2021-12-02T15:02:38.593-0100][0.589s] GC(0)   Evacuate Collection Set: 1.2ms
[2021-12-02T15:02:38.593-0100][0.589s] GC(0)   Post Evacuate Collection Set: 0.2ms
[2021-12-02T15:02:38.593-0100][0.589s] GC(0)   Other: 0.5ms
[2021-12-02T15:02:38.593-0100][0.589s] GC(0) Eden regions: 29->0(54)
[2021-12-02T15:02:38.593-0100][0.589s] GC(0) Survivor regions: 0->4(4)
[2021-12-02T15:02:38.593-0100][0.589s] GC(0) Old regions: 0->0
[2021-12-02T15:02:38.593-0100][0.589s] GC(0) Archive regions: 2->2
[2021-12-02T15:02:38.593-0100][0.589s] GC(0) Humongous regions: 0->0
[2021-12-02T15:02:38.593-0100][0.589s] GC(0) Metaspace: 7128K(8064K)->7128K(8064K) NonClass: 6291K(7168K)->6291K(7168K) Class: 836K(896K)->836K(896K)
[2021-12-02T15:02:38.593-0100][0.589s] GC(0) Pause Young (Normal) (G1 Evacuation Pause) 29M->3M(512M) 2.141ms
[2021-12-02T15:02:38.593-0100][0.589s] GC(0) User=0.02s Sys=0.00s Real=0.00s
[2021-12-02T15:02:39.083-0100][1.080s] GC(1) Pause Young (Normal) (G1 Evacuation Pause)
[2021-12-02T15:02:39.083-0100][1.080s] GC(1) Using 10 workers of 10 for evacuation
[2021-12-02T15:02:39.090-0100][1.086s] GC(1)   Pre Evacuate Collection Set: 0.1ms
[2021-12-02T15:02:39.090-0100][1.086s] GC(1)   Merge Heap Roots: 0.0ms
[2021-12-02T15:02:39.090-0100][1.086s] GC(1)   Evacuate Collection Set: 5.7ms
[2021-12-02T15:02:39.090-0100][1.086s] GC(1)   Post Evacuate Collection Set: 0.7ms
[2021-12-02T15:02:39.090-0100][1.086s] GC(1)   Other: 0.1ms
[2021-12-02T15:02:39.090-0100][1.086s] GC(1) Eden regions: 54->0(75)
[2021-12-02T15:02:39.090-0100][1.086s] GC(1) Survivor regions: 4->8(8)
[2021-12-02T15:02:39.090-0100][1.086s] GC(1) Old regions: 0->11
[2021-12-02T15:02:39.090-0100][1.086s] GC(1) Archive regions: 2->2
[2021-12-02T15:02:39.090-0100][1.086s] GC(1) Humongous regions: 4->4
[2021-12-02T15:02:39.090-0100][1.086s] GC(1) Metaspace: 16127K(16640K)->16127K(16640K) NonClass: 14265K(14592K)->14265K(14592K) Class: 1862K(2048K)->1862K(2048K)
[2021-12-02T15:02:39.090-0100][1.086s] GC(1) Pause Young (Normal) (G1 Evacuation Pause) 61M->23M(512M) 6.785ms
[2021-12-02T15:02:39.090-0100][1.086s] GC(1) User=0.07s Sys=0.00s Real=0.01s
[2021-12-02T15:02:39.445-0100][1.441s] GC(2) Pause Young (Concurrent Start) (Metadata GC Threshold)
[2021-12-02T15:02:39.445-0100][1.441s] GC(2) Using 10 workers of 10 for evacuation
[2021-12-02T15:02:39.448-0100][1.445s] GC(2)   Pre Evacuate Collection Set: 0.1ms
[2021-12-02T15:02:39.448-0100][1.445s] GC(2)   Merge Heap Roots: 0.1ms
[2021-12-02T15:02:39.448-0100][1.445s] GC(2)   Evacuate Collection Set: 2.8ms
[2021-12-02T15:02:39.448-0100][1.445s] GC(2)   Post Evacuate Collection Set: 0.4ms
[2021-12-02T15:02:39.448-0100][1.445s] GC(2)   Other: 0.2ms
[2021-12-02T15:02:39.449-0100][1.445s] GC(2) Eden regions: 26->0(118)
[2021-12-02T15:02:39.449-0100][1.445s] GC(2) Survivor regions: 8->2(9)
[2021-12-02T15:02:39.449-0100][1.445s] GC(2) Old regions: 11->20
[2021-12-02T15:02:39.449-0100][1.445s] GC(2) Archive regions: 2->2
[2021-12-02T15:02:39.449-0100][1.445s] GC(2) Humongous regions: 4->4
[2021-12-02T15:02:39.449-0100][1.445s] GC(2) Metaspace: 20665K(21248K)->20665K(21248K) NonClass: 18305K(18688K)->18305K(18688K) Class: 2359K(2560K)->2359K(2560K)
[2021-12-02T15:02:39.449-0100][1.445s] GC(2) Pause Young (Concurrent Start) (Metadata GC Threshold) 48M->25M(512M) 3.640ms
[2021-12-02T15:02:39.449-0100][1.445s] GC(2) User=0.03s Sys=0.00s Real=0.00s
[2021-12-02T15:02:39.449-0100][1.445s] GC(3) Concurrent Cycle
[2021-12-02T15:02:39.449-0100][1.445s] GC(3) Concurrent Clear Claimed Marks
[2021-12-02T15:02:39.449-0100][1.445s] GC(3) Concurrent Clear Claimed Marks 0.020ms
[2021-12-02T15:02:39.449-0100][1.445s] GC(3) Concurrent Scan Root Regions
[2021-12-02T15:02:39.450-0100][1.446s] GC(3) Concurrent Scan Root Regions 1.306ms
[2021-12-02T15:02:39.450-0100][1.446s] GC(3) Concurrent Mark (1.446s)
[2021-12-02T15:02:39.450-0100][1.446s] GC(3) Concurrent Mark From Roots
[2021-12-02T15:02:39.450-0100][1.446s] GC(3) Using 3 workers of 3 for marking
[2021-12-02T15:02:39.455-0100][1.452s] GC(3) Concurrent Mark From Roots 5.169ms
[2021-12-02T15:02:39.455-0100][1.452s] GC(3) Concurrent Preclean
[2021-12-02T15:02:39.455-0100][1.452s] GC(3) Concurrent Preclean 0.035ms
[2021-12-02T15:02:39.455-0100][1.452s] GC(3) Concurrent Mark (1.446s, 1.452s) 5.256ms
[2021-12-02T15:02:39.456-0100][1.452s] GC(3) Pause Remark
[2021-12-02T15:02:39.456-0100][1.453s] GC(3) Pause Remark 27M->27M(512M) 0.730ms
[2021-12-02T15:02:39.456-0100][1.453s] GC(3) User=0.01s Sys=0.00s Real=0.00s
[2021-12-02T15:02:39.456-0100][1.453s] GC(3) Concurrent Rebuild Remembered Sets
[2021-12-02T15:02:39.460-0100][1.456s] GC(3) Concurrent Rebuild Remembered Sets 3.697ms
[2021-12-02T15:02:39.461-0100][1.457s] GC(3) Pause Cleanup
[2021-12-02T15:02:39.461-0100][1.457s] GC(3) Pause Cleanup 27M->27M(512M) 0.092ms
[2021-12-02T15:02:39.461-0100][1.457s] GC(3) User=0.00s Sys=0.00s Real=0.00s
[2021-12-02T15:02:39.461-0100][1.457s] GC(3) Concurrent Cleanup for Next Mark
[2021-12-02T15:02:39.461-0100][1.458s] GC(3) Concurrent Cleanup for Next Mark 0.699ms
[2021-12-02T15:02:39.461-0100][1.458s] GC(3) Concurrent Cycle 12.792ms
[2021-12-02T15:03:05.532-0100][27.528s] GC(4) Pause Young (Concurrent Start) (Metadata GC Threshold)
[2021-12-02T15:03:05.532-0100][27.528s] GC(4) Using 10 workers of 10 for evacuation
[2021-12-02T15:03:05.536-0100][27.533s] GC(4)   Pre Evacuate Collection Set: 0.1ms
[2021-12-02T15:03:05.536-0100][27.533s] GC(4)   Merge Heap Roots: 0.1ms
[2021-12-02T15:03:05.536-0100][27.533s] GC(4)   Evacuate Collection Set: 3.3ms
[2021-12-02T15:03:05.536-0100][27.533s] GC(4)   Post Evacuate Collection Set: 0.6ms
[2021-12-02T15:03:05.536-0100][27.533s] GC(4)   Other: 0.2ms
[2021-12-02T15:03:05.536-0100][27.533s] GC(4) Eden regions: 88->0(299)
[2021-12-02T15:03:05.536-0100][27.533s] GC(4) Survivor regions: 2->8(15)
[2021-12-02T15:03:05.536-0100][27.533s] GC(4) Old regions: 20->20
[2021-12-02T15:03:05.536-0100][27.533s] GC(4) Archive regions: 2->2
[2021-12-02T15:03:05.536-0100][27.533s] GC(4) Humongous regions: 4->4
[2021-12-02T15:03:05.536-0100][27.533s] GC(4) Metaspace: 34891K(35840K)->34891K(35840K) NonClass: 30965K(31744K)->30965K(31744K) Class: 3926K(4096K)->3926K(4096K)
[2021-12-02T15:03:05.536-0100][27.533s] GC(4) Pause Young (Concurrent Start) (Metadata GC Threshold) 113M->31M(512M) 4.411ms
[2021-12-02T15:03:05.536-0100][27.533s] GC(4) User=0.03s Sys=0.00s Real=0.00s
[2021-12-02T15:03:05.536-0100][27.533s] GC(5) Concurrent Cycle
[2021-12-02T15:03:05.536-0100][27.533s] GC(5) Concurrent Clear Claimed Marks
[2021-12-02T15:03:05.536-0100][27.533s] GC(5) Concurrent Clear Claimed Marks 0.024ms
[2021-12-02T15:03:05.536-0100][27.533s] GC(5) Concurrent Scan Root Regions
[2021-12-02T15:03:05.540-0100][27.536s] GC(5) Concurrent Scan Root Regions 3.146ms
[2021-12-02T15:03:05.540-0100][27.536s] GC(5) Concurrent Mark (27.536s)
[2021-12-02T15:03:05.540-0100][27.536s] GC(5) Concurrent Mark From Roots
[2021-12-02T15:03:05.540-0100][27.536s] GC(5) Using 3 workers of 3 for marking
[2021-12-02T15:03:05.551-0100][27.548s] GC(5) Concurrent Mark From Roots 11.428ms
[2021-12-02T15:03:05.551-0100][27.548s] GC(5) Concurrent Preclean
[2021-12-02T15:03:05.551-0100][27.548s] GC(5) Concurrent Preclean 0.145ms
[2021-12-02T15:03:05.551-0100][27.548s] GC(5) Concurrent Mark (27.536s, 27.548s) 11.665ms
[2021-12-02T15:03:05.551-0100][27.548s] GC(5) Pause Remark
[2021-12-02T15:03:05.553-0100][27.549s] GC(5) Pause Remark 35M->35M(512M) 1.275ms
[2021-12-02T15:03:05.553-0100][27.549s] GC(5) User=0.01s Sys=0.01s Real=0.00s
[2021-12-02T15:03:05.553-0100][27.549s] GC(5) Concurrent Rebuild Remembered Sets
[2021-12-02T15:03:05.560-0100][27.557s] GC(5) Concurrent Rebuild Remembered Sets 7.390ms
[2021-12-02T15:03:05.560-0100][27.557s] GC(5) Pause Cleanup
[2021-12-02T15:03:05.561-0100][27.557s] GC(5) Pause Cleanup 36M->36M(512M) 0.119ms
[2021-12-02T15:03:05.561-0100][27.557s] GC(5) User=0.01s Sys=0.00s Real=0.00s
[2021-12-02T15:03:05.561-0100][27.557s] GC(5) Concurrent Cleanup for Next Mark
[2021-12-02T15:03:05.561-0100][27.558s] GC(5) Concurrent Cleanup for Next Mark 0.780ms
[2021-12-02T15:03:05.561-0100][27.558s] GC(5) Concurrent Cycle 25.203ms
[2021-12-02T15:21:22.800-0100][969.302s] GC(6) Pause Young (Normal) (G1 Evacuation Pause)
[2021-12-02T15:21:22.800-0100][969.302s] GC(6) Using 10 workers of 10 for evacuation
[2021-12-02T15:21:22.883-0100][969.385s] GC(6)   Pre Evacuate Collection Set: 0.1ms
[2021-12-02T15:21:22.883-0100][969.385s] GC(6)   Merge Heap Roots: 0.1ms
[2021-12-02T15:21:22.883-0100][969.385s] GC(6)   Evacuate Collection Set: 81.2ms
[2021-12-02T15:21:22.883-0100][969.385s] GC(6)   Post Evacuate Collection Set: 1.2ms
[2021-12-02T15:21:22.883-0100][969.385s] GC(6)   Other: 0.6ms
[2021-12-02T15:21:22.883-0100][969.385s] GC(6) Eden regions: 299->0(275)
[2021-12-02T15:21:22.883-0100][969.385s] GC(6) Survivor regions: 8->32(39)
[2021-12-02T15:21:22.883-0100][969.385s] GC(6) Old regions: 20->20
[2021-12-02T15:21:22.883-0100][969.385s] GC(6) Archive regions: 2->2
[2021-12-02T15:21:22.883-0100][969.385s] GC(6) Humongous regions: 8->7
[2021-12-02T15:21:22.883-0100][969.385s] GC(6) Metaspace: 54698K(56396K)->54698K(56396K) NonClass: 48246K(49664K)->48246K(49664K) Class: 6451K(6732K)->6451K(6732K)
[2021-12-02T15:21:22.883-0100][969.385s] GC(6) Pause Young (Normal) (G1 Evacuation Pause) 334M->58M(512M) 83.325ms
[2021-12-02T15:21:22.883-0100][969.385s] GC(6) User=0.14s Sys=0.43s Real=0.08s
[2021-12-02T18:36:56.604-0100][7643.038s] Heap
[2021-12-02T18:36:56.604-0100][7643.038s]  garbage-first heap   total 524288K, used 277401K [0x00000007e0000000, 0x0000000800000000)
[2021-12-02T18:36:56.604-0100][7643.038s]   region size 1024K, 246 young (251904K), 32 survivors (32768K)
[2021-12-02T18:36:56.604-0100][7643.038s]  Metaspace       used 56436K, capacity 57123K, committed 57804K, reserved 1099776K
[2021-12-02T18:36:56.604-0100][7643.038s]   class space    used 6553K, capacity 6793K, committed 6860K, reserved 1048576K
