[2021-12-02T14:54:31.357-0100][0.008s] Using G1
[2021-12-02T14:54:31.547-0100][0.197s] Version: 15.0.2+7 (release)
[2021-12-02T14:54:31.547-0100][0.197s] CPUs: 12 total, 12 available
[2021-12-02T14:54:31.547-0100][0.197s] Memory: 16384M
[2021-12-02T14:54:31.547-0100][0.197s] Large Page Support: Disabled
[2021-12-02T14:54:31.547-0100][0.197s] NUMA Support: Disabled
[2021-12-02T14:54:31.547-0100][0.197s] Compressed Oops: Enabled (Zero based)
[2021-12-02T14:54:31.547-0100][0.197s] Heap Region Size: 1M
[2021-12-02T14:54:31.547-0100][0.197s] Heap Min Capacity: 512M
[2021-12-02T14:54:31.547-0100][0.197s] Heap Initial Capacity: 512M
[2021-12-02T14:54:31.547-0100][0.197s] Heap Max Capacity: 512M
[2021-12-02T14:54:31.547-0100][0.197s] Pre-touch: Enabled
[2021-12-02T14:54:31.547-0100][0.197s] Parallel Workers: 10
[2021-12-02T14:54:31.547-0100][0.197s] Concurrent Workers: 3
[2021-12-02T14:54:31.547-0100][0.197s] Concurrent Refinement Workers: 10
[2021-12-02T14:54:31.547-0100][0.198s] Periodic GC: Disabled
[2021-12-02T14:54:31.547-0100][0.198s] Mark closed archive regions in map: [0x00000007fff00000, 0x00000007fff78ff8]
[2021-12-02T14:54:31.547-0100][0.198s] Mark open archive regions in map: [0x00000007ffe00000, 0x00000007ffe50ff8]
[2021-12-02T14:54:31.547-0100][0.198s] CDS archive(s) mapped at: [0x0000000800000000-0x0000000800b2f000-0x0000000800b2f000), size 11726848, SharedBaseAddress: 0x0000000800000000, ArchiveRelocationMode: 0.
[2021-12-02T14:54:31.547-0100][0.198s] Compressed class space mapped at: 0x0000000800b30000-0x0000000840b30000, size: 1073741824
[2021-12-02T14:54:31.547-0100][0.198s] Narrow klass base: 0x0000000800000000, Narrow klass shift: 3, Narrow klass range: 0x100000000
[2021-12-02T14:54:31.949-0100][0.600s] GC(0) Pause Young (Normal) (G1 Evacuation Pause)
[2021-12-02T14:54:31.950-0100][0.600s] GC(0) Using 10 workers of 10 for evacuation
[2021-12-02T14:54:31.952-0100][0.602s] GC(0)   Pre Evacuate Collection Set: 0.1ms
[2021-12-02T14:54:31.952-0100][0.602s] GC(0)   Merge Heap Roots: 0.0ms
[2021-12-02T14:54:31.952-0100][0.602s] GC(0)   Evacuate Collection Set: 1.4ms
[2021-12-02T14:54:31.952-0100][0.602s] GC(0)   Post Evacuate Collection Set: 0.3ms
[2021-12-02T14:54:31.952-0100][0.602s] GC(0)   Other: 0.5ms
[2021-12-02T14:54:31.952-0100][0.602s] GC(0) Eden regions: 29->0(54)
[2021-12-02T14:54:31.952-0100][0.602s] GC(0) Survivor regions: 0->4(4)
[2021-12-02T14:54:31.952-0100][0.602s] GC(0) Old regions: 0->0
[2021-12-02T14:54:31.952-0100][0.602s] GC(0) Archive regions: 2->2
[2021-12-02T14:54:31.952-0100][0.603s] GC(0) Humongous regions: 0->0
[2021-12-02T14:54:31.952-0100][0.603s] GC(0) Metaspace: 7682K(8192K)->7682K(8192K) NonClass: 6794K(7168K)->6794K(7168K) Class: 887K(1024K)->887K(1024K)
[2021-12-02T14:54:31.952-0100][0.603s] GC(0) Pause Young (Normal) (G1 Evacuation Pause) 29M->4M(512M) 2.491ms
[2021-12-02T14:54:31.952-0100][0.603s] GC(0) User=0.01s Sys=0.00s Real=0.01s
[2021-12-02T14:54:32.590-0100][1.241s] GC(1) Pause Young (Normal) (G1 Evacuation Pause)
[2021-12-02T14:54:32.590-0100][1.241s] GC(1) Using 10 workers of 10 for evacuation
[2021-12-02T14:54:32.599-0100][1.249s] GC(1)   Pre Evacuate Collection Set: 0.1ms
[2021-12-02T14:54:32.599-0100][1.249s] GC(1)   Merge Heap Roots: 0.0ms
[2021-12-02T14:54:32.599-0100][1.249s] GC(1)   Evacuate Collection Set: 7.2ms
[2021-12-02T14:54:32.599-0100][1.249s] GC(1)   Post Evacuate Collection Set: 1.0ms
[2021-12-02T14:54:32.599-0100][1.249s] GC(1)   Other: 0.2ms
[2021-12-02T14:54:32.599-0100][1.249s] GC(1) Eden regions: 54->0(77)
[2021-12-02T14:54:32.599-0100][1.249s] GC(1) Survivor regions: 4->8(8)
[2021-12-02T14:54:32.599-0100][1.249s] GC(1) Old regions: 0->11
[2021-12-02T14:54:32.599-0100][1.249s] GC(1) Archive regions: 2->2
[2021-12-02T14:54:32.599-0100][1.249s] GC(1) Humongous regions: 4->4
[2021-12-02T14:54:32.599-0100][1.249s] GC(1) Metaspace: 16014K(16896K)->16014K(16896K) NonClass: 14163K(14848K)->14163K(14848K) Class: 1850K(2048K)->1850K(2048K)
[2021-12-02T14:54:32.599-0100][1.249s] GC(1) Pause Young (Normal) (G1 Evacuation Pause) 62M->23M(512M) 8.618ms
[2021-12-02T14:54:32.599-0100][1.250s] GC(1) User=0.07s Sys=0.01s Real=0.00s
[2021-12-02T14:54:33.020-0100][1.670s] GC(2) Pause Young (Concurrent Start) (Metadata GC Threshold)
[2021-12-02T14:54:33.020-0100][1.670s] GC(2) Using 10 workers of 10 for evacuation
[2021-12-02T14:54:33.023-0100][1.674s] GC(2)   Pre Evacuate Collection Set: 0.1ms
[2021-12-02T14:54:33.023-0100][1.674s] GC(2)   Merge Heap Roots: 0.1ms
[2021-12-02T14:54:33.023-0100][1.674s] GC(2)   Evacuate Collection Set: 2.6ms
[2021-12-02T14:54:33.023-0100][1.674s] GC(2)   Post Evacuate Collection Set: 0.5ms
[2021-12-02T14:54:33.023-0100][1.674s] GC(2)   Other: 0.2ms
[2021-12-02T14:54:33.023-0100][1.674s] GC(2) Eden regions: 27->0(136)
[2021-12-02T14:54:33.023-0100][1.674s] GC(2) Survivor regions: 8->2(10)
[2021-12-02T14:54:33.023-0100][1.674s] GC(2) Old regions: 11->20
[2021-12-02T14:54:33.023-0100][1.674s] GC(2) Archive regions: 2->2
[2021-12-02T14:54:33.023-0100][1.674s] GC(2) Humongous regions: 4->4
[2021-12-02T14:54:33.023-0100][1.674s] GC(2) Metaspace: 20518K(21248K)->20518K(21248K) NonClass: 18164K(18688K)->18164K(18688K) Class: 2353K(2560K)->2353K(2560K)
[2021-12-02T14:54:33.023-0100][1.674s] GC(2) Pause Young (Concurrent Start) (Metadata GC Threshold) 49M->25M(512M) 3.578ms
[2021-12-02T14:54:33.023-0100][1.674s] GC(2) User=0.02s Sys=0.00s Real=0.00s
[2021-12-02T14:54:33.023-0100][1.674s] GC(3) Concurrent Cycle
[2021-12-02T14:54:33.023-0100][1.674s] GC(3) Concurrent Clear Claimed Marks
[2021-12-02T14:54:33.023-0100][1.674s] GC(3) Concurrent Clear Claimed Marks 0.020ms
[2021-12-02T14:54:33.023-0100][1.674s] GC(3) Concurrent Scan Root Regions
[2021-12-02T14:54:33.025-0100][1.675s] GC(3) Concurrent Scan Root Regions 1.229ms
[2021-12-02T14:54:33.025-0100][1.675s] GC(3) Concurrent Mark (1.675s)
[2021-12-02T14:54:33.025-0100][1.675s] GC(3) Concurrent Mark From Roots
[2021-12-02T14:54:33.025-0100][1.675s] GC(3) Using 3 workers of 3 for marking
[2021-12-02T14:54:33.030-0100][1.681s] GC(3) Concurrent Mark From Roots 5.888ms
[2021-12-02T14:54:33.031-0100][1.681s] GC(3) Concurrent Preclean
[2021-12-02T14:54:33.031-0100][1.681s] GC(3) Concurrent Preclean 0.033ms
[2021-12-02T14:54:33.031-0100][1.681s] GC(3) Concurrent Mark (1.675s, 1.681s) 5.984ms
[2021-12-02T14:54:33.031-0100][1.681s] GC(3) Pause Remark
[2021-12-02T14:54:33.031-0100][1.682s] GC(3) Pause Remark 26M->26M(512M) 0.798ms
[2021-12-02T14:54:33.031-0100][1.682s] GC(3) User=0.01s Sys=0.00s Real=0.00s
[2021-12-02T14:54:33.032-0100][1.682s] GC(3) Concurrent Rebuild Remembered Sets
[2021-12-02T14:54:33.036-0100][1.687s] GC(3) Concurrent Rebuild Remembered Sets 4.871ms
[2021-12-02T14:54:33.037-0100][1.688s] GC(3) Pause Cleanup
[2021-12-02T14:54:33.037-0100][1.688s] GC(3) Pause Cleanup 27M->27M(512M) 0.122ms
[2021-12-02T14:54:33.037-0100][1.688s] GC(3) User=0.00s Sys=0.01s Real=0.00s
[2021-12-02T14:54:33.037-0100][1.688s] GC(3) Concurrent Cleanup for Next Mark
[2021-12-02T14:54:33.038-0100][1.689s] GC(3) Concurrent Cleanup for Next Mark 0.804ms
[2021-12-02T14:54:33.038-0100][1.689s] GC(3) Concurrent Cycle 15.015ms
[2021-12-02T14:54:53.544-0100][22.195s] GC(4) Pause Young (Concurrent Start) (Metadata GC Threshold)
[2021-12-02T14:54:53.544-0100][22.195s] GC(4) Using 10 workers of 10 for evacuation
[2021-12-02T14:54:53.549-0100][22.199s] GC(4)   Pre Evacuate Collection Set: 0.1ms
[2021-12-02T14:54:53.549-0100][22.199s] GC(4)   Merge Heap Roots: 0.1ms
[2021-12-02T14:54:53.549-0100][22.200s] GC(4)   Evacuate Collection Set: 3.6ms
[2021-12-02T14:54:53.549-0100][22.200s] GC(4)   Post Evacuate Collection Set: 0.6ms
[2021-12-02T14:54:53.549-0100][22.200s] GC(4)   Other: 0.2ms
[2021-12-02T14:54:53.549-0100][22.200s] GC(4) Eden regions: 86->0(299)
[2021-12-02T14:54:53.549-0100][22.200s] GC(4) Survivor regions: 2->8(18)
[2021-12-02T14:54:53.549-0100][22.200s] GC(4) Old regions: 20->20
[2021-12-02T14:54:53.549-0100][22.200s] GC(4) Archive regions: 2->2
[2021-12-02T14:54:53.549-0100][22.200s] GC(4) Humongous regions: 4->4
[2021-12-02T14:54:53.549-0100][22.200s] GC(4) Metaspace: 34748K(35840K)->34748K(35840K) NonClass: 30835K(31744K)->30835K(31744K) Class: 3912K(4096K)->3912K(4096K)
[2021-12-02T14:54:53.549-0100][22.200s] GC(4) Pause Young (Concurrent Start) (Metadata GC Threshold) 111M->31M(512M) 4.780ms
[2021-12-02T14:54:53.549-0100][22.200s] GC(4) User=0.04s Sys=0.00s Real=0.00s
[2021-12-02T14:54:53.549-0100][22.200s] GC(5) Concurrent Cycle
[2021-12-02T14:54:53.549-0100][22.200s] GC(5) Concurrent Clear Claimed Marks
[2021-12-02T14:54:53.549-0100][22.200s] GC(5) Concurrent Clear Claimed Marks 0.025ms
[2021-12-02T14:54:53.549-0100][22.200s] GC(5) Concurrent Scan Root Regions
[2021-12-02T14:54:53.551-0100][22.202s] GC(5) Concurrent Scan Root Regions 2.417ms
[2021-12-02T14:54:53.551-0100][22.202s] GC(5) Concurrent Mark (22.202s)
[2021-12-02T14:54:53.551-0100][22.202s] GC(5) Concurrent Mark From Roots
[2021-12-02T14:54:53.551-0100][22.202s] GC(5) Using 3 workers of 3 for marking
[2021-12-02T14:54:53.561-0100][22.212s] GC(5) Concurrent Mark From Roots 9.818ms
[2021-12-02T14:54:53.561-0100][22.212s] GC(5) Concurrent Preclean
[2021-12-02T14:54:53.561-0100][22.212s] GC(5) Concurrent Preclean 0.094ms
[2021-12-02T14:54:53.561-0100][22.212s] GC(5) Concurrent Mark (22.202s, 22.212s) 9.994ms
[2021-12-02T14:54:53.562-0100][22.212s] GC(5) Pause Remark
[2021-12-02T14:54:53.563-0100][22.214s] GC(5) Pause Remark 33M->33M(512M) 1.463ms
[2021-12-02T14:54:53.563-0100][22.214s] GC(5) User=0.01s Sys=0.00s Real=0.00s
[2021-12-02T14:54:53.563-0100][22.214s] GC(5) Concurrent Rebuild Remembered Sets
[2021-12-02T14:54:53.570-0100][22.221s] GC(5) Concurrent Rebuild Remembered Sets 6.874ms
[2021-12-02T14:54:53.571-0100][22.221s] GC(5) Pause Cleanup
[2021-12-02T14:54:53.571-0100][22.221s] GC(5) Pause Cleanup 35M->35M(512M) 0.142ms
[2021-12-02T14:54:53.571-0100][22.221s] GC(5) User=0.00s Sys=0.00s Real=0.00s
[2021-12-02T14:54:53.571-0100][22.222s] GC(5) Concurrent Cleanup for Next Mark
[2021-12-02T14:54:53.572-0100][22.222s] GC(5) Concurrent Cleanup for Next Mark 0.873ms
[2021-12-02T14:54:53.572-0100][22.223s] GC(5) Concurrent Cycle 22.772ms
[2021-12-02T14:56:24.280-0100][112.932s] Heap
[2021-12-02T14:56:24.280-0100][112.932s]  garbage-first heap   total 524288K, used 319561K [0x00000007e0000000, 0x0000000800000000)
[2021-12-02T14:56:24.280-0100][112.932s]   region size 1024K, 287 young (293888K), 8 survivors (8192K)
[2021-12-02T14:56:24.280-0100][112.932s]  Metaspace       used 54346K, capacity 54975K, committed 55808K, reserved 1097728K
[2021-12-02T14:56:24.280-0100][112.932s]   class space    used 6439K, capacity 6642K, committed 6656K, reserved 1048576K
