[2021-12-02T14:51:51.098-0100][0.008s] Using G1
[2021-12-02T14:51:51.310-0100][0.221s] Version: 15.0.2+7 (release)
[2021-12-02T14:51:51.310-0100][0.221s] CPUs: 12 total, 12 available
[2021-12-02T14:51:51.310-0100][0.221s] Memory: 16384M
[2021-12-02T14:51:51.310-0100][0.221s] Large Page Support: Disabled
[2021-12-02T14:51:51.310-0100][0.221s] NUMA Support: Disabled
[2021-12-02T14:51:51.310-0100][0.221s] Compressed Oops: Enabled (Zero based)
[2021-12-02T14:51:51.310-0100][0.221s] Heap Region Size: 1M
[2021-12-02T14:51:51.310-0100][0.221s] Heap Min Capacity: 512M
[2021-12-02T14:51:51.310-0100][0.221s] Heap Initial Capacity: 512M
[2021-12-02T14:51:51.310-0100][0.221s] Heap Max Capacity: 512M
[2021-12-02T14:51:51.310-0100][0.221s] Pre-touch: Enabled
[2021-12-02T14:51:51.310-0100][0.221s] Parallel Workers: 10
[2021-12-02T14:51:51.310-0100][0.221s] Concurrent Workers: 3
[2021-12-02T14:51:51.310-0100][0.221s] Concurrent Refinement Workers: 10
[2021-12-02T14:51:51.310-0100][0.221s] Periodic GC: Disabled
[2021-12-02T14:51:51.311-0100][0.221s] Mark closed archive regions in map: [0x00000007fff00000, 0x00000007fff78ff8]
[2021-12-02T14:51:51.311-0100][0.221s] Mark open archive regions in map: [0x00000007ffe00000, 0x00000007ffe50ff8]
[2021-12-02T14:51:51.311-0100][0.221s] CDS archive(s) mapped at: [0x0000000800000000-0x0000000800b2f000-0x0000000800b2f000), size 11726848, SharedBaseAddress: 0x0000000800000000, ArchiveRelocationMode: 0.
[2021-12-02T14:51:51.311-0100][0.221s] Compressed class space mapped at: 0x0000000800b30000-0x0000000840b30000, size: 1073741824
[2021-12-02T14:51:51.311-0100][0.221s] Narrow klass base: 0x0000000800000000, Narrow klass shift: 3, Narrow klass range: 0x100000000
[2021-12-02T14:51:51.748-0100][0.659s] GC(0) Pause Young (Normal) (G1 Evacuation Pause)
[2021-12-02T14:51:51.749-0100][0.659s] GC(0) Using 10 workers of 10 for evacuation
[2021-12-02T14:51:51.751-0100][0.661s] GC(0)   Pre Evacuate Collection Set: 0.1ms
[2021-12-02T14:51:51.751-0100][0.661s] GC(0)   Merge Heap Roots: 0.0ms
[2021-12-02T14:51:51.751-0100][0.661s] GC(0)   Evacuate Collection Set: 1.3ms
[2021-12-02T14:51:51.751-0100][0.661s] GC(0)   Post Evacuate Collection Set: 0.2ms
[2021-12-02T14:51:51.751-0100][0.661s] GC(0)   Other: 0.5ms
[2021-12-02T14:51:51.751-0100][0.661s] GC(0) Eden regions: 29->0(54)
[2021-12-02T14:51:51.751-0100][0.661s] GC(0) Survivor regions: 0->4(4)
[2021-12-02T14:51:51.751-0100][0.661s] GC(0) Old regions: 0->0
[2021-12-02T14:51:51.751-0100][0.661s] GC(0) Archive regions: 2->2
[2021-12-02T14:51:51.751-0100][0.661s] GC(0) Humongous regions: 0->0
[2021-12-02T14:51:51.751-0100][0.661s] GC(0) Metaspace: 7127K(8064K)->7127K(8064K) NonClass: 6291K(7168K)->6291K(7168K) Class: 836K(896K)->836K(896K)
[2021-12-02T14:51:51.751-0100][0.661s] GC(0) Pause Young (Normal) (G1 Evacuation Pause) 29M->3M(512M) 2.349ms
[2021-12-02T14:51:51.751-0100][0.661s] GC(0) User=0.01s Sys=0.01s Real=0.01s
[2021-12-02T14:51:52.322-0100][1.233s] GC(1) Pause Young (Normal) (G1 Evacuation Pause)
[2021-12-02T14:51:52.323-0100][1.233s] GC(1) Using 10 workers of 10 for evacuation
[2021-12-02T14:51:52.329-0100][1.239s] GC(1)   Pre Evacuate Collection Set: 0.1ms
[2021-12-02T14:51:52.329-0100][1.239s] GC(1)   Merge Heap Roots: 0.1ms
[2021-12-02T14:51:52.329-0100][1.240s] GC(1)   Evacuate Collection Set: 5.4ms
[2021-12-02T14:51:52.329-0100][1.240s] GC(1)   Post Evacuate Collection Set: 0.8ms
[2021-12-02T14:51:52.329-0100][1.240s] GC(1)   Other: 0.1ms
[2021-12-02T14:51:52.329-0100][1.240s] GC(1) Eden regions: 54->0(75)
[2021-12-02T14:51:52.329-0100][1.240s] GC(1) Survivor regions: 4->8(8)
[2021-12-02T14:51:52.329-0100][1.240s] GC(1) Old regions: 0->11
[2021-12-02T14:51:52.329-0100][1.240s] GC(1) Archive regions: 2->2
[2021-12-02T14:51:52.329-0100][1.240s] GC(1) Humongous regions: 4->4
[2021-12-02T14:51:52.329-0100][1.240s] GC(1) Metaspace: 16030K(16640K)->16030K(16640K) NonClass: 14180K(14592K)->14180K(14592K) Class: 1850K(2048K)->1850K(2048K)
[2021-12-02T14:51:52.329-0100][1.240s] GC(1) Pause Young (Normal) (G1 Evacuation Pause) 61M->23M(512M) 6.618ms
[2021-12-02T14:51:52.329-0100][1.240s] GC(1) User=0.05s Sys=0.01s Real=0.00s
[2021-12-02T14:51:52.723-0100][1.634s] GC(2) Pause Young (Concurrent Start) (Metadata GC Threshold)
[2021-12-02T14:51:52.723-0100][1.634s] GC(2) Using 10 workers of 10 for evacuation
[2021-12-02T14:51:52.726-0100][1.637s] GC(2)   Pre Evacuate Collection Set: 0.1ms
[2021-12-02T14:51:52.726-0100][1.637s] GC(2)   Merge Heap Roots: 0.1ms
[2021-12-02T14:51:52.726-0100][1.637s] GC(2)   Evacuate Collection Set: 2.5ms
[2021-12-02T14:51:52.726-0100][1.637s] GC(2)   Post Evacuate Collection Set: 0.4ms
[2021-12-02T14:51:52.726-0100][1.637s] GC(2)   Other: 0.2ms
[2021-12-02T14:51:52.726-0100][1.637s] GC(2) Eden regions: 26->0(123)
[2021-12-02T14:51:52.726-0100][1.637s] GC(2) Survivor regions: 8->2(9)
[2021-12-02T14:51:52.726-0100][1.637s] GC(2) Old regions: 11->19
[2021-12-02T14:51:52.726-0100][1.637s] GC(2) Archive regions: 2->2
[2021-12-02T14:51:52.726-0100][1.637s] GC(2) Humongous regions: 4->4
[2021-12-02T14:51:52.726-0100][1.637s] GC(2) Metaspace: 20500K(21248K)->20500K(21248K) NonClass: 18150K(18688K)->18150K(18688K) Class: 2349K(2560K)->2349K(2560K)
[2021-12-02T14:51:52.726-0100][1.637s] GC(2) Pause Young (Concurrent Start) (Metadata GC Threshold) 48M->25M(512M) 3.302ms
[2021-12-02T14:51:52.726-0100][1.637s] GC(2) User=0.02s Sys=0.01s Real=0.00s
[2021-12-02T14:51:52.726-0100][1.637s] GC(3) Concurrent Cycle
[2021-12-02T14:51:52.726-0100][1.637s] GC(3) Concurrent Clear Claimed Marks
[2021-12-02T14:51:52.726-0100][1.637s] GC(3) Concurrent Clear Claimed Marks 0.019ms
[2021-12-02T14:51:52.726-0100][1.637s] GC(3) Concurrent Scan Root Regions
[2021-12-02T14:51:52.728-0100][1.638s] GC(3) Concurrent Scan Root Regions 1.369ms
[2021-12-02T14:51:52.728-0100][1.638s] GC(3) Concurrent Mark (1.638s)
[2021-12-02T14:51:52.728-0100][1.638s] GC(3) Concurrent Mark From Roots
[2021-12-02T14:51:52.728-0100][1.638s] GC(3) Using 3 workers of 3 for marking
[2021-12-02T14:51:52.732-0100][1.643s] GC(3) Concurrent Mark From Roots 4.455ms
[2021-12-02T14:51:52.732-0100][1.643s] GC(3) Concurrent Preclean
[2021-12-02T14:51:52.732-0100][1.643s] GC(3) Concurrent Preclean 0.032ms
[2021-12-02T14:51:52.732-0100][1.643s] GC(3) Concurrent Mark (1.638s, 1.643s) 4.539ms
[2021-12-02T14:51:52.733-0100][1.644s] GC(3) Pause Remark
[2021-12-02T14:51:52.734-0100][1.645s] GC(3) Pause Remark 26M->26M(512M) 0.739ms
[2021-12-02T14:51:52.734-0100][1.645s] GC(3) User=0.00s Sys=0.00s Real=0.00s
[2021-12-02T14:51:52.734-0100][1.645s] GC(3) Concurrent Rebuild Remembered Sets
[2021-12-02T14:51:52.738-0100][1.648s] GC(3) Concurrent Rebuild Remembered Sets 3.358ms
[2021-12-02T14:51:52.738-0100][1.648s] GC(3) Pause Cleanup
[2021-12-02T14:51:52.738-0100][1.648s] GC(3) Pause Cleanup 27M->27M(512M) 0.106ms
[2021-12-02T14:51:52.738-0100][1.648s] GC(3) User=0.01s Sys=0.00s Real=0.00s
[2021-12-02T14:51:52.738-0100][1.649s] GC(3) Concurrent Cleanup for Next Mark
[2021-12-02T14:51:52.739-0100][1.649s] GC(3) Concurrent Cleanup for Next Mark 0.681ms
[2021-12-02T14:51:52.739-0100][1.649s] GC(3) Concurrent Cycle 12.261ms
[2021-12-02T14:52:17.773-0100][26.684s] GC(4) Pause Young (Concurrent Start) (Metadata GC Threshold)
[2021-12-02T14:52:17.774-0100][26.684s] GC(4) Using 10 workers of 10 for evacuation
[2021-12-02T14:52:17.778-0100][26.689s] GC(4)   Pre Evacuate Collection Set: 0.1ms
[2021-12-02T14:52:17.778-0100][26.689s] GC(4)   Merge Heap Roots: 0.1ms
[2021-12-02T14:52:17.778-0100][26.689s] GC(4)   Evacuate Collection Set: 3.6ms
[2021-12-02T14:52:17.778-0100][26.689s] GC(4)   Post Evacuate Collection Set: 0.6ms
[2021-12-02T14:52:17.778-0100][26.689s] GC(4)   Other: 0.5ms
[2021-12-02T14:52:17.778-0100][26.689s] GC(4) Eden regions: 88->0(299)
[2021-12-02T14:52:17.778-0100][26.689s] GC(4) Survivor regions: 2->8(16)
[2021-12-02T14:52:17.778-0100][26.689s] GC(4) Old regions: 19->19
[2021-12-02T14:52:17.778-0100][26.689s] GC(4) Archive regions: 2->2
[2021-12-02T14:52:17.778-0100][26.689s] GC(4) Humongous regions: 4->4
[2021-12-02T14:52:17.778-0100][26.689s] GC(4) Metaspace: 34774K(35840K)->34774K(35840K) NonClass: 30862K(31744K)->30862K(31744K) Class: 3912K(4096K)->3912K(4096K)
[2021-12-02T14:52:17.778-0100][26.689s] GC(4) Pause Young (Concurrent Start) (Metadata GC Threshold) 112M->30M(512M) 5.214ms
[2021-12-02T14:52:17.778-0100][26.689s] GC(4) User=0.04s Sys=0.00s Real=0.00s
[2021-12-02T14:52:17.778-0100][26.689s] GC(5) Concurrent Cycle
[2021-12-02T14:52:17.778-0100][26.689s] GC(5) Concurrent Clear Claimed Marks
[2021-12-02T14:52:17.778-0100][26.689s] GC(5) Concurrent Clear Claimed Marks 0.025ms
[2021-12-02T14:52:17.778-0100][26.689s] GC(5) Concurrent Scan Root Regions
[2021-12-02T14:52:17.781-0100][26.692s] GC(5) Concurrent Scan Root Regions 2.528ms
[2021-12-02T14:52:17.781-0100][26.692s] GC(5) Concurrent Mark (26.692s)
[2021-12-02T14:52:17.781-0100][26.692s] GC(5) Concurrent Mark From Roots
[2021-12-02T14:52:17.781-0100][26.692s] GC(5) Using 3 workers of 3 for marking
[2021-12-02T14:52:17.790-0100][26.700s] GC(5) Concurrent Mark From Roots 8.505ms
[2021-12-02T14:52:17.790-0100][26.700s] GC(5) Concurrent Preclean
[2021-12-02T14:52:17.790-0100][26.700s] GC(5) Concurrent Preclean 0.066ms
[2021-12-02T14:52:17.790-0100][26.700s] GC(5) Concurrent Mark (26.692s, 26.700s) 8.685ms
[2021-12-02T14:52:17.790-0100][26.701s] GC(5) Pause Remark
[2021-12-02T14:52:17.791-0100][26.702s] GC(5) Pause Remark 31M->31M(512M) 1.079ms
[2021-12-02T14:52:17.791-0100][26.702s] GC(5) User=0.00s Sys=0.00s Real=0.00s
[2021-12-02T14:52:17.791-0100][26.702s] GC(5) Concurrent Rebuild Remembered Sets
[2021-12-02T14:52:17.797-0100][26.708s] GC(5) Concurrent Rebuild Remembered Sets 6.142ms
[2021-12-02T14:52:17.797-0100][26.708s] GC(5) Pause Cleanup
[2021-12-02T14:52:17.798-0100][26.708s] GC(5) Pause Cleanup 32M->32M(512M) 0.135ms
[2021-12-02T14:52:17.798-0100][26.708s] GC(5) User=0.00s Sys=0.00s Real=0.00s
[2021-12-02T14:52:17.798-0100][26.708s] GC(5) Concurrent Cleanup for Next Mark
[2021-12-02T14:52:17.798-0100][26.709s] GC(5) Concurrent Cleanup for Next Mark 0.784ms
[2021-12-02T14:52:17.799-0100][26.709s] GC(5) Concurrent Cycle 20.102ms
[2021-12-02T14:54:06.249-0100][135.161s] Heap
[2021-12-02T14:54:06.249-0100][135.161s]  garbage-first heap   total 524288K, used 317295K [0x00000007e0000000, 0x0000000800000000)
[2021-12-02T14:54:06.249-0100][135.161s]   region size 1024K, 285 young (291840K), 8 survivors (8192K)
[2021-12-02T14:54:06.249-0100][135.161s]  Metaspace       used 54347K, capacity 54964K, committed 56064K, reserved 1099776K
[2021-12-02T14:54:06.249-0100][135.161s]   class space    used 6435K, capacity 6638K, committed 6656K, reserved 1048576K
