[2021-12-03T10:04:35.351-0100][0.008s] Using G1
[2021-12-03T10:04:35.564-0100][0.222s] Version: 15.0.2+7 (release)
[2021-12-03T10:04:35.564-0100][0.222s] CPUs: 12 total, 12 available
[2021-12-03T10:04:35.564-0100][0.222s] Memory: 16384M
[2021-12-03T10:04:35.564-0100][0.222s] Large Page Support: Disabled
[2021-12-03T10:04:35.564-0100][0.222s] NUMA Support: Disabled
[2021-12-03T10:04:35.564-0100][0.222s] Compressed Oops: Enabled (Zero based)
[2021-12-03T10:04:35.564-0100][0.222s] Heap Region Size: 1M
[2021-12-03T10:04:35.564-0100][0.222s] Heap Min Capacity: 512M
[2021-12-03T10:04:35.564-0100][0.222s] Heap Initial Capacity: 512M
[2021-12-03T10:04:35.564-0100][0.222s] Heap Max Capacity: 512M
[2021-12-03T10:04:35.564-0100][0.222s] Pre-touch: Enabled
[2021-12-03T10:04:35.565-0100][0.222s] Parallel Workers: 10
[2021-12-03T10:04:35.565-0100][0.222s] Concurrent Workers: 3
[2021-12-03T10:04:35.565-0100][0.222s] Concurrent Refinement Workers: 10
[2021-12-03T10:04:35.565-0100][0.222s] Periodic GC: Disabled
[2021-12-03T10:04:35.565-0100][0.222s] Mark closed archive regions in map: [0x00000007fff00000, 0x00000007fff78ff8]
[2021-12-03T10:04:35.565-0100][0.222s] Mark open archive regions in map: [0x00000007ffe00000, 0x00000007ffe50ff8]
[2021-12-03T10:04:35.565-0100][0.222s] CDS archive(s) mapped at: [0x0000000800000000-0x0000000800b2f000-0x0000000800b2f000), size 11726848, SharedBaseAddress: 0x0000000800000000, ArchiveRelocationMode: 0.
[2021-12-03T10:04:35.565-0100][0.222s] Compressed class space mapped at: 0x0000000800b30000-0x0000000840b30000, size: 1073741824
[2021-12-03T10:04:35.565-0100][0.222s] Narrow klass base: 0x0000000800000000, Narrow klass shift: 3, Narrow klass range: 0x100000000
[2021-12-03T10:04:36.031-0100][0.689s] GC(0) Pause Young (Normal) (G1 Evacuation Pause)
[2021-12-03T10:04:36.032-0100][0.689s] GC(0) Using 10 workers of 10 for evacuation
[2021-12-03T10:04:36.034-0100][0.691s] GC(0)   Pre Evacuate Collection Set: 0.1ms
[2021-12-03T10:04:36.034-0100][0.691s] GC(0)   Merge Heap Roots: 0.0ms
[2021-12-03T10:04:36.034-0100][0.691s] GC(0)   Evacuate Collection Set: 1.4ms
[2021-12-03T10:04:36.034-0100][0.691s] GC(0)   Post Evacuate Collection Set: 0.3ms
[2021-12-03T10:04:36.034-0100][0.691s] GC(0)   Other: 0.5ms
[2021-12-03T10:04:36.034-0100][0.691s] GC(0) Eden regions: 29->0(54)
[2021-12-03T10:04:36.034-0100][0.691s] GC(0) Survivor regions: 0->4(4)
[2021-12-03T10:04:36.034-0100][0.691s] GC(0) Old regions: 0->0
[2021-12-03T10:04:36.034-0100][0.691s] GC(0) Archive regions: 2->2
[2021-12-03T10:04:36.034-0100][0.691s] GC(0) Humongous regions: 0->0
[2021-12-03T10:04:36.034-0100][0.691s] GC(0) Metaspace: 7132K(8064K)->7132K(8064K) NonClass: 6296K(7168K)->6296K(7168K) Class: 836K(896K)->836K(896K)
[2021-12-03T10:04:36.034-0100][0.691s] GC(0) Pause Young (Normal) (G1 Evacuation Pause) 29M->3M(512M) 2.545ms
[2021-12-03T10:04:36.034-0100][0.691s] GC(0) User=0.02s Sys=0.00s Real=0.00s
[2021-12-03T10:04:36.578-0100][1.236s] GC(1) Pause Young (Normal) (G1 Evacuation Pause)
[2021-12-03T10:04:36.578-0100][1.236s] GC(1) Using 10 workers of 10 for evacuation
[2021-12-03T10:04:36.585-0100][1.243s] GC(1)   Pre Evacuate Collection Set: 0.1ms
[2021-12-03T10:04:36.585-0100][1.243s] GC(1)   Merge Heap Roots: 0.0ms
[2021-12-03T10:04:36.585-0100][1.243s] GC(1)   Evacuate Collection Set: 5.9ms
[2021-12-03T10:04:36.585-0100][1.243s] GC(1)   Post Evacuate Collection Set: 0.8ms
[2021-12-03T10:04:36.585-0100][1.243s] GC(1)   Other: 0.1ms
[2021-12-03T10:04:36.585-0100][1.243s] GC(1) Eden regions: 54->0(74)
[2021-12-03T10:04:36.585-0100][1.243s] GC(1) Survivor regions: 4->8(8)
[2021-12-03T10:04:36.585-0100][1.243s] GC(1) Old regions: 0->11
[2021-12-03T10:04:36.585-0100][1.243s] GC(1) Archive regions: 2->2
[2021-12-03T10:04:36.585-0100][1.243s] GC(1) Humongous regions: 4->4
[2021-12-03T10:04:36.585-0100][1.243s] GC(1) Metaspace: 16120K(16896K)->16120K(16896K) NonClass: 14258K(14848K)->14258K(14848K) Class: 1862K(2048K)->1862K(2048K)
[2021-12-03T10:04:36.585-0100][1.243s] GC(1) Pause Young (Normal) (G1 Evacuation Pause) 61M->23M(512M) 7.074ms
[2021-12-03T10:04:36.585-0100][1.243s] GC(1) User=0.06s Sys=0.01s Real=0.01s
[2021-12-03T10:04:36.983-0100][1.640s] GC(2) Pause Young (Concurrent Start) (Metadata GC Threshold)
[2021-12-03T10:04:36.983-0100][1.640s] GC(2) Using 10 workers of 10 for evacuation
[2021-12-03T10:04:36.987-0100][1.644s] GC(2)   Pre Evacuate Collection Set: 0.1ms
[2021-12-03T10:04:36.987-0100][1.644s] GC(2)   Merge Heap Roots: 0.1ms
[2021-12-03T10:04:36.987-0100][1.644s] GC(2)   Evacuate Collection Set: 3.2ms
[2021-12-03T10:04:36.987-0100][1.644s] GC(2)   Post Evacuate Collection Set: 0.4ms
[2021-12-03T10:04:36.987-0100][1.644s] GC(2)   Other: 0.2ms
[2021-12-03T10:04:36.987-0100][1.644s] GC(2) Eden regions: 25->0(123)
[2021-12-03T10:04:36.987-0100][1.644s] GC(2) Survivor regions: 8->2(10)
[2021-12-03T10:04:36.987-0100][1.644s] GC(2) Old regions: 11->20
[2021-12-03T10:04:36.987-0100][1.644s] GC(2) Archive regions: 2->2
[2021-12-03T10:04:36.987-0100][1.644s] GC(2) Humongous regions: 4->4
[2021-12-03T10:04:36.987-0100][1.644s] GC(2) Metaspace: 20589K(21248K)->20589K(21248K) NonClass: 18234K(18688K)->18234K(18688K) Class: 2355K(2560K)->2355K(2560K)
[2021-12-03T10:04:36.987-0100][1.645s] GC(2) Pause Young (Concurrent Start) (Metadata GC Threshold) 48M->25M(512M) 4.269ms
[2021-12-03T10:04:36.987-0100][1.645s] GC(2) User=0.03s Sys=0.00s Real=0.00s
[2021-12-03T10:04:36.987-0100][1.645s] GC(3) Concurrent Cycle
[2021-12-03T10:04:36.987-0100][1.645s] GC(3) Concurrent Clear Claimed Marks
[2021-12-03T10:04:36.987-0100][1.645s] GC(3) Concurrent Clear Claimed Marks 0.031ms
[2021-12-03T10:04:36.987-0100][1.645s] GC(3) Concurrent Scan Root Regions
[2021-12-03T10:04:36.989-0100][1.646s] GC(3) Concurrent Scan Root Regions 1.294ms
[2021-12-03T10:04:36.989-0100][1.646s] GC(3) Concurrent Mark (1.646s)
[2021-12-03T10:04:36.989-0100][1.646s] GC(3) Concurrent Mark From Roots
[2021-12-03T10:04:36.989-0100][1.646s] GC(3) Using 3 workers of 3 for marking
[2021-12-03T10:04:36.995-0100][1.652s] GC(3) Concurrent Mark From Roots 5.753ms
[2021-12-03T10:04:36.995-0100][1.652s] GC(3) Concurrent Preclean
[2021-12-03T10:04:36.995-0100][1.652s] GC(3) Concurrent Preclean 0.205ms
[2021-12-03T10:04:36.995-0100][1.652s] GC(3) Concurrent Mark (1.646s, 1.652s) 6.048ms
[2021-12-03T10:04:36.995-0100][1.653s] GC(3) Pause Remark
[2021-12-03T10:04:36.996-0100][1.654s] GC(3) Pause Remark 27M->27M(512M) 0.768ms
[2021-12-03T10:04:36.996-0100][1.654s] GC(3) User=0.01s Sys=0.00s Real=0.00s
[2021-12-03T10:04:36.996-0100][1.654s] GC(3) Concurrent Rebuild Remembered Sets
[2021-12-03T10:04:37.000-0100][1.658s] GC(3) Concurrent Rebuild Remembered Sets 4.057ms
[2021-12-03T10:04:37.001-0100][1.658s] GC(3) Pause Cleanup
[2021-12-03T10:04:37.001-0100][1.658s] GC(3) Pause Cleanup 28M->28M(512M) 0.210ms
[2021-12-03T10:04:37.001-0100][1.658s] GC(3) User=0.01s Sys=0.00s Real=0.00s
[2021-12-03T10:04:37.001-0100][1.658s] GC(3) Concurrent Cleanup for Next Mark
[2021-12-03T10:04:37.002-0100][1.659s] GC(3) Concurrent Cleanup for Next Mark 0.682ms
[2021-12-03T10:04:37.002-0100][1.659s] GC(3) Concurrent Cycle 14.336ms
[2021-12-03T10:04:38.064-0100][2.721s] GC(4) Pause Young (Concurrent Start) (Metadata GC Threshold)
[2021-12-03T10:04:38.064-0100][2.721s] GC(4) Using 10 workers of 10 for evacuation
[2021-12-03T10:04:38.069-0100][2.726s] GC(4)   Pre Evacuate Collection Set: 0.1ms
[2021-12-03T10:04:38.069-0100][2.726s] GC(4)   Merge Heap Roots: 0.1ms
[2021-12-03T10:04:38.069-0100][2.727s] GC(4)   Evacuate Collection Set: 4.0ms
[2021-12-03T10:04:38.069-0100][2.727s] GC(4)   Post Evacuate Collection Set: 0.7ms
[2021-12-03T10:04:38.069-0100][2.727s] GC(4)   Other: 0.3ms
[2021-12-03T10:04:38.069-0100][2.727s] GC(4) Eden regions: 90->0(299)
[2021-12-03T10:04:38.069-0100][2.727s] GC(4) Survivor regions: 2->8(16)
[2021-12-03T10:04:38.069-0100][2.727s] GC(4) Old regions: 20->20
[2021-12-03T10:04:38.069-0100][2.727s] GC(4) Archive regions: 2->2
[2021-12-03T10:04:38.069-0100][2.727s] GC(4) Humongous regions: 4->4
[2021-12-03T10:04:38.069-0100][2.727s] GC(4) Metaspace: 35213K(36224K)->35213K(36224K) NonClass: 31250K(32000K)->31250K(32000K) Class: 3963K(4224K)->3963K(4224K)
[2021-12-03T10:04:38.069-0100][2.727s] GC(4) Pause Young (Concurrent Start) (Metadata GC Threshold) 115M->32M(512M) 5.417ms
[2021-12-03T10:04:38.069-0100][2.727s] GC(4) User=0.04s Sys=0.00s Real=0.00s
[2021-12-03T10:04:38.069-0100][2.727s] GC(5) Concurrent Cycle
[2021-12-03T10:04:38.069-0100][2.727s] GC(5) Concurrent Clear Claimed Marks
[2021-12-03T10:04:38.069-0100][2.727s] GC(5) Concurrent Clear Claimed Marks 0.030ms
[2021-12-03T10:04:38.069-0100][2.727s] GC(5) Concurrent Scan Root Regions
[2021-12-03T10:04:38.073-0100][2.730s] GC(5) Concurrent Scan Root Regions 3.220ms
[2021-12-03T10:04:38.073-0100][2.730s] GC(5) Concurrent Mark (2.730s)
[2021-12-03T10:04:38.073-0100][2.730s] GC(5) Concurrent Mark From Roots
[2021-12-03T10:04:38.073-0100][2.730s] GC(5) Using 3 workers of 3 for marking
[2021-12-03T10:04:38.087-0100][2.744s] GC(5) Concurrent Mark From Roots 14.197ms
[2021-12-03T10:04:38.087-0100][2.744s] GC(5) Concurrent Preclean
[2021-12-03T10:04:38.087-0100][2.745s] GC(5) Concurrent Preclean 0.106ms
[2021-12-03T10:04:38.087-0100][2.745s] GC(5) Concurrent Mark (2.730s, 2.745s) 14.418ms
[2021-12-03T10:04:38.087-0100][2.745s] GC(5) Pause Remark
[2021-12-03T10:04:38.089-0100][2.746s] GC(5) Pause Remark 35M->35M(512M) 1.256ms
[2021-12-03T10:04:38.089-0100][2.746s] GC(5) User=0.01s Sys=0.00s Real=0.00s
[2021-12-03T10:04:38.089-0100][2.746s] GC(5) Concurrent Rebuild Remembered Sets
[2021-12-03T10:04:38.097-0100][2.754s] GC(5) Concurrent Rebuild Remembered Sets 7.792ms
[2021-12-03T10:04:38.097-0100][2.754s] GC(5) Pause Cleanup
[2021-12-03T10:04:38.097-0100][2.754s] GC(5) Pause Cleanup 36M->36M(512M) 0.155ms
[2021-12-03T10:04:38.097-0100][2.754s] GC(5) User=0.00s Sys=0.00s Real=0.00s
[2021-12-03T10:04:38.097-0100][2.755s] GC(5) Concurrent Cleanup for Next Mark
[2021-12-03T10:04:38.098-0100][2.755s] GC(5) Concurrent Cleanup for Next Mark 0.882ms
[2021-12-03T10:04:38.098-0100][2.755s] GC(5) Concurrent Cycle 28.679ms
[2021-12-03T10:05:06.819-0100][31.477s] GC(6) Pause Young (Normal) (G1 Evacuation Pause)
[2021-12-03T10:05:06.819-0100][31.477s] GC(6) Using 10 workers of 10 for evacuation
[2021-12-03T10:05:06.833-0100][31.490s] GC(6)   Pre Evacuate Collection Set: 0.3ms
[2021-12-03T10:05:06.853-0100][31.511s] GC(6)   Merge Heap Roots: 0.4ms
[2021-12-03T10:05:06.853-0100][31.511s] GC(6)   Evacuate Collection Set: 11.1ms
[2021-12-03T10:05:06.853-0100][31.511s] GC(6)   Post Evacuate Collection Set: 1.5ms
[2021-12-03T10:05:06.853-0100][31.511s] GC(6)   Other: 0.3ms
[2021-12-03T10:05:06.853-0100][31.511s] GC(6) Eden regions: 299->0(277)
[2021-12-03T10:05:06.853-0100][31.511s] GC(6) Survivor regions: 8->30(39)
[2021-12-03T10:05:06.853-0100][31.511s] GC(6) Old regions: 20->20
[2021-12-03T10:05:06.854-0100][31.511s] GC(6) Archive regions: 2->2
[2021-12-03T10:05:06.854-0100][31.511s] GC(6) Humongous regions: 5->4
[2021-12-03T10:05:06.854-0100][31.511s] GC(6) Metaspace: 52999K(54400K)->52999K(54400K) NonClass: 46760K(47872K)->46760K(47872K) Class: 6238K(6528K)->6238K(6528K)
[2021-12-03T10:05:06.854-0100][31.511s] GC(6) Pause Young (Normal) (G1 Evacuation Pause) 332M->54M(512M) 34.398ms
[2021-12-03T10:05:06.854-0100][31.511s] GC(6) User=0.10s Sys=0.01s Real=0.04s
[2021-12-03T10:11:15.027-0100][399.686s] GC(7) Pause Young (Normal) (G1 Evacuation Pause)
[2021-12-03T10:11:15.028-0100][399.687s] GC(7) Using 10 workers of 10 for evacuation
[2021-12-03T10:11:15.055-0100][399.715s] GC(7)   Pre Evacuate Collection Set: 0.3ms
[2021-12-03T10:11:15.056-0100][399.715s] GC(7)   Merge Heap Roots: 0.1ms
[2021-12-03T10:11:15.056-0100][399.715s] GC(7)   Evacuate Collection Set: 24.4ms
[2021-12-03T10:11:15.056-0100][399.715s] GC(7)   Post Evacuate Collection Set: 3.0ms
[2021-12-03T10:11:15.056-0100][399.715s] GC(7)   Other: 0.6ms
[2021-12-03T10:11:15.056-0100][399.715s] GC(7) Eden regions: 277->0(283)
[2021-12-03T10:11:15.056-0100][399.715s] GC(7) Survivor regions: 30->24(39)
[2021-12-03T10:11:15.056-0100][399.715s] GC(7) Old regions: 20->47
[2021-12-03T10:11:15.056-0100][399.715s] GC(7) Archive regions: 2->2
[2021-12-03T10:11:15.056-0100][399.715s] GC(7) Humongous regions: 4->4
[2021-12-03T10:11:15.056-0100][399.715s] GC(7) Metaspace: 56751K(57728K)->56751K(57728K) NonClass: 50070K(50688K)->50070K(50688K) Class: 6680K(7040K)->6680K(7040K)
[2021-12-03T10:11:15.056-0100][399.715s] GC(7) Pause Young (Normal) (G1 Evacuation Pause) 331M->75M(512M) 28.534ms
[2021-12-03T10:11:15.056-0100][399.715s] GC(7) User=0.17s Sys=0.04s Real=0.03s
[2021-12-03T10:13:52.088-0100][556.748s] GC(8) Pause Young (Normal) (G1 Evacuation Pause)
[2021-12-03T10:13:52.089-0100][556.748s] GC(8) Using 10 workers of 10 for evacuation
[2021-12-03T10:13:52.101-0100][556.761s] GC(8)   Pre Evacuate Collection Set: 0.1ms
[2021-12-03T10:13:52.101-0100][556.761s] GC(8)   Merge Heap Roots: 0.1ms
[2021-12-03T10:13:52.101-0100][556.761s] GC(8)   Evacuate Collection Set: 11.4ms
[2021-12-03T10:13:52.101-0100][556.761s] GC(8)   Post Evacuate Collection Set: 0.6ms
[2021-12-03T10:13:52.101-0100][556.761s] GC(8)   Other: 0.9ms
[2021-12-03T10:13:52.101-0100][556.761s] GC(8) Eden regions: 283->0(292)
[2021-12-03T10:13:52.101-0100][556.761s] GC(8) Survivor regions: 24->15(39)
[2021-12-03T10:13:52.101-0100][556.761s] GC(8) Old regions: 47->63
[2021-12-03T10:13:52.101-0100][556.761s] GC(8) Archive regions: 2->2
[2021-12-03T10:13:52.101-0100][556.761s] GC(8) Humongous regions: 7->7
[2021-12-03T10:13:52.101-0100][556.761s] GC(8) Metaspace: 57792K(58880K)->57792K(58880K) NonClass: 51007K(51712K)->51007K(51712K) Class: 6785K(7168K)->6785K(7168K)
[2021-12-03T10:13:52.101-0100][556.761s] GC(8) Pause Young (Normal) (G1 Evacuation Pause) 361M->85M(512M) 13.203ms
[2021-12-03T10:13:52.101-0100][556.761s] GC(8) User=0.06s Sys=0.03s Real=0.02s
[2021-12-03T10:13:53.151-0100][557.811s] GC(9) Pause Young (Normal) (G1 Evacuation Pause)
[2021-12-03T10:13:53.151-0100][557.811s] GC(9) Using 10 workers of 10 for evacuation
[2021-12-03T10:13:53.157-0100][557.817s] GC(9)   Pre Evacuate Collection Set: 0.1ms
[2021-12-03T10:13:53.157-0100][557.817s] GC(9)   Merge Heap Roots: 0.0ms
[2021-12-03T10:13:53.158-0100][557.817s] GC(9)   Evacuate Collection Set: 5.6ms
[2021-12-03T10:13:53.158-0100][557.817s] GC(9)   Post Evacuate Collection Set: 0.5ms
[2021-12-03T10:13:53.158-0100][557.817s] GC(9)   Other: 0.1ms
[2021-12-03T10:13:53.158-0100][557.817s] GC(9) Eden regions: 292->0(295)
[2021-12-03T10:13:53.158-0100][557.817s] GC(9) Survivor regions: 15->12(39)
[2021-12-03T10:13:53.158-0100][557.817s] GC(9) Old regions: 63->63
[2021-12-03T10:13:53.158-0100][557.817s] GC(9) Archive regions: 2->2
[2021-12-03T10:13:53.158-0100][557.817s] GC(9) Humongous regions: 7->7
[2021-12-03T10:13:53.158-0100][557.817s] GC(9) Metaspace: 57979K(59136K)->57979K(59136K) NonClass: 51192K(51968K)->51192K(51968K) Class: 6786K(7168K)->6786K(7168K)
[2021-12-03T10:13:53.158-0100][557.817s] GC(9) Pause Young (Normal) (G1 Evacuation Pause) 377M->82M(512M) 6.554ms
[2021-12-03T10:13:53.158-0100][557.817s] GC(9) User=0.04s Sys=0.02s Real=0.00s
[2021-12-03T10:13:54.175-0100][558.835s] GC(10) Pause Young (Normal) (G1 Evacuation Pause)
[2021-12-03T10:13:54.175-0100][558.835s] GC(10) Using 10 workers of 10 for evacuation
[2021-12-03T10:13:54.178-0100][558.838s] GC(10)   Pre Evacuate Collection Set: 0.1ms
[2021-12-03T10:13:54.178-0100][558.838s] GC(10)   Merge Heap Roots: 0.0ms
[2021-12-03T10:13:54.178-0100][558.838s] GC(10)   Evacuate Collection Set: 2.6ms
[2021-12-03T10:13:54.178-0100][558.838s] GC(10)   Post Evacuate Collection Set: 0.5ms
[2021-12-03T10:13:54.178-0100][558.838s] GC(10)   Other: 0.1ms
[2021-12-03T10:13:54.178-0100][558.838s] GC(10) Eden regions: 295->0(294)
[2021-12-03T10:13:54.178-0100][558.838s] GC(10) Survivor regions: 12->13(39)
[2021-12-03T10:13:54.178-0100][558.838s] GC(10) Old regions: 63->63
[2021-12-03T10:13:54.178-0100][558.838s] GC(10) Archive regions: 2->2
[2021-12-03T10:13:54.178-0100][558.838s] GC(10) Humongous regions: 7->7
[2021-12-03T10:13:54.178-0100][558.838s] GC(10) Metaspace: 58094K(59136K)->58094K(59136K) NonClass: 51307K(51968K)->51307K(51968K) Class: 6786K(7168K)->6786K(7168K)
[2021-12-03T10:13:54.178-0100][558.838s] GC(10) Pause Young (Normal) (G1 Evacuation Pause) 377M->83M(512M) 3.531ms
[2021-12-03T10:13:54.178-0100][558.838s] GC(10) User=0.02s Sys=0.00s Real=0.00s
[2021-12-03T10:13:55.017-0100][559.677s] GC(11) Pause Young (Normal) (G1 Evacuation Pause)
[2021-12-03T10:13:55.017-0100][559.677s] GC(11) Using 10 workers of 10 for evacuation
[2021-12-03T10:13:55.021-0100][559.681s] GC(11)   Pre Evacuate Collection Set: 0.1ms
[2021-12-03T10:13:55.021-0100][559.681s] GC(11)   Merge Heap Roots: 0.0ms
[2021-12-03T10:13:55.021-0100][559.681s] GC(11)   Evacuate Collection Set: 3.4ms
[2021-12-03T10:13:55.021-0100][559.681s] GC(11)   Post Evacuate Collection Set: 0.6ms
[2021-12-03T10:13:55.021-0100][559.681s] GC(11)   Other: 0.1ms
[2021-12-03T10:13:55.021-0100][559.681s] GC(11) Eden regions: 294->0(288)
[2021-12-03T10:13:55.021-0100][559.681s] GC(11) Survivor regions: 13->19(39)
[2021-12-03T10:13:55.021-0100][559.681s] GC(11) Old regions: 63->63
[2021-12-03T10:13:55.021-0100][559.681s] GC(11) Archive regions: 2->2
[2021-12-03T10:13:55.021-0100][559.681s] GC(11) Humongous regions: 7->7
[2021-12-03T10:13:55.021-0100][559.681s] GC(11) Metaspace: 58268K(59392K)->58268K(59392K) NonClass: 51481K(52224K)->51481K(52224K) Class: 6786K(7168K)->6786K(7168K)
[2021-12-03T10:13:55.021-0100][559.681s] GC(11) Pause Young (Normal) (G1 Evacuation Pause) 377M->89M(512M) 4.353ms
[2021-12-03T10:13:55.021-0100][559.681s] GC(11) User=0.04s Sys=0.01s Real=0.01s
[2021-12-03T10:13:57.062-0100][561.722s] GC(12) Pause Young (Normal) (G1 Evacuation Pause)
[2021-12-03T10:13:57.062-0100][561.722s] GC(12) Using 10 workers of 10 for evacuation
[2021-12-03T10:13:57.066-0100][561.726s] GC(12)   Pre Evacuate Collection Set: 0.1ms
[2021-12-03T10:13:57.066-0100][561.726s] GC(12)   Merge Heap Roots: 0.0ms
[2021-12-03T10:13:57.066-0100][561.726s] GC(12)   Evacuate Collection Set: 3.3ms
[2021-12-03T10:13:57.066-0100][561.726s] GC(12)   Post Evacuate Collection Set: 0.5ms
[2021-12-03T10:13:57.066-0100][561.726s] GC(12)   Other: 0.2ms
[2021-12-03T10:13:57.066-0100][561.726s] GC(12) Eden regions: 288->0(288)
[2021-12-03T10:13:57.066-0100][561.726s] GC(12) Survivor regions: 19->19(39)
[2021-12-03T10:13:57.066-0100][561.726s] GC(12) Old regions: 63->63
[2021-12-03T10:13:57.066-0100][561.726s] GC(12) Archive regions: 2->2
[2021-12-03T10:13:57.066-0100][561.726s] GC(12) Humongous regions: 7->7
[2021-12-03T10:13:57.066-0100][561.726s] GC(12) Metaspace: 58419K(59392K)->58419K(59392K) NonClass: 51632K(52224K)->51632K(52224K) Class: 6787K(7168K)->6787K(7168K)
[2021-12-03T10:13:57.066-0100][561.726s] GC(12) Pause Young (Normal) (G1 Evacuation Pause) 377M->89M(512M) 4.150ms
[2021-12-03T10:13:57.066-0100][561.726s] GC(12) User=0.04s Sys=0.00s Real=0.00s
[2021-12-03T10:13:57.935-0100][562.595s] GC(13) Pause Young (Normal) (G1 Evacuation Pause)
[2021-12-03T10:13:57.935-0100][562.595s] GC(13) Using 10 workers of 10 for evacuation
[2021-12-03T10:13:57.941-0100][562.601s] GC(13)   Pre Evacuate Collection Set: 0.1ms
[2021-12-03T10:13:57.941-0100][562.601s] GC(13)   Merge Heap Roots: 0.0ms
[2021-12-03T10:13:57.941-0100][562.601s] GC(13)   Evacuate Collection Set: 5.0ms
[2021-12-03T10:13:57.941-0100][562.601s] GC(13)   Post Evacuate Collection Set: 0.6ms
[2021-12-03T10:13:57.941-0100][562.601s] GC(13)   Other: 0.2ms
[2021-12-03T10:13:57.941-0100][562.601s] GC(13) Eden regions: 288->0(278)
[2021-12-03T10:13:57.941-0100][562.601s] GC(13) Survivor regions: 19->29(39)
[2021-12-03T10:13:57.941-0100][562.601s] GC(13) Old regions: 63->63
[2021-12-03T10:13:57.941-0100][562.601s] GC(13) Archive regions: 2->2
[2021-12-03T10:13:57.941-0100][562.601s] GC(13) Humongous regions: 7->7
[2021-12-03T10:13:57.941-0100][562.601s] GC(13) Metaspace: 58656K(59648K)->58656K(59648K) NonClass: 51856K(52480K)->51856K(52480K) Class: 6799K(7168K)->6799K(7168K)
[2021-12-03T10:13:57.941-0100][562.601s] GC(13) Pause Young (Normal) (G1 Evacuation Pause) 377M->99M(512M) 5.936ms
[2021-12-03T10:13:57.941-0100][562.601s] GC(13) User=0.04s Sys=0.00s Real=0.01s
[2021-12-03T10:13:59.272-0100][563.931s] GC(14) Pause Young (Normal) (G1 Evacuation Pause)
[2021-12-03T10:13:59.272-0100][563.931s] GC(14) Using 10 workers of 10 for evacuation
[2021-12-03T10:13:59.281-0100][563.941s] GC(14)   Pre Evacuate Collection Set: 0.1ms
[2021-12-03T10:13:59.281-0100][563.941s] GC(14)   Merge Heap Roots: 0.1ms
[2021-12-03T10:13:59.281-0100][563.941s] GC(14)   Evacuate Collection Set: 8.7ms
[2021-12-03T10:13:59.281-0100][563.941s] GC(14)   Post Evacuate Collection Set: 0.6ms
[2021-12-03T10:13:59.281-0100][563.941s] GC(14)   Other: 0.2ms
[2021-12-03T10:13:59.281-0100][563.941s] GC(14) Eden regions: 278->0(292)
[2021-12-03T10:13:59.281-0100][563.941s] GC(14) Survivor regions: 29->15(39)
[2021-12-03T10:13:59.281-0100][563.941s] GC(14) Old regions: 63->73
[2021-12-03T10:13:59.281-0100][563.941s] GC(14) Archive regions: 2->2
[2021-12-03T10:13:59.281-0100][563.941s] GC(14) Humongous regions: 7->7
[2021-12-03T10:13:59.281-0100][563.941s] GC(14) Metaspace: 58777K(59904K)->58777K(59904K) NonClass: 51977K(52736K)->51977K(52736K) Class: 6799K(7168K)->6799K(7168K)
[2021-12-03T10:13:59.281-0100][563.941s] GC(14) Pause Young (Normal) (G1 Evacuation Pause) 377M->95M(512M) 9.669ms
[2021-12-03T10:13:59.281-0100][563.941s] GC(14) User=0.05s Sys=0.03s Real=0.01s
[2021-12-03T10:14:00.469-0100][565.128s] GC(15) Pause Young (Normal) (G1 Evacuation Pause)
[2021-12-03T10:14:00.469-0100][565.128s] GC(15) Using 10 workers of 10 for evacuation
[2021-12-03T10:14:00.472-0100][565.132s] GC(15)   Pre Evacuate Collection Set: 0.1ms
[2021-12-03T10:14:00.472-0100][565.132s] GC(15)   Merge Heap Roots: 0.0ms
[2021-12-03T10:14:00.472-0100][565.132s] GC(15)   Evacuate Collection Set: 2.9ms
[2021-12-03T10:14:00.472-0100][565.132s] GC(15)   Post Evacuate Collection Set: 0.5ms
[2021-12-03T10:14:00.472-0100][565.132s] GC(15)   Other: 0.1ms
[2021-12-03T10:14:00.472-0100][565.132s] GC(15) Eden regions: 292->0(288)
[2021-12-03T10:14:00.472-0100][565.132s] GC(15) Survivor regions: 15->19(39)
[2021-12-03T10:14:00.472-0100][565.132s] GC(15) Old regions: 73->73
[2021-12-03T10:14:00.472-0100][565.132s] GC(15) Archive regions: 2->2
[2021-12-03T10:14:00.472-0100][565.132s] GC(15) Humongous regions: 7->7
[2021-12-03T10:14:00.472-0100][565.132s] GC(15) Metaspace: 59017K(59904K)->59017K(59904K) NonClass: 52212K(52736K)->52212K(52736K) Class: 6804K(7168K)->6804K(7168K)
[2021-12-03T10:14:00.472-0100][565.132s] GC(15) Pause Young (Normal) (G1 Evacuation Pause) 387M->98M(512M) 3.726ms
[2021-12-03T10:14:00.472-0100][565.132s] GC(15) User=0.03s Sys=0.00s Real=0.01s
[2021-12-03T10:14:02.973-0100][567.632s] GC(16) Pause Young (Concurrent Start) (Metadata GC Threshold)
[2021-12-03T10:14:02.973-0100][567.633s] GC(16) Using 10 workers of 10 for evacuation
[2021-12-03T10:14:02.980-0100][567.640s] GC(16)   Pre Evacuate Collection Set: 0.1ms
[2021-12-03T10:14:02.980-0100][567.640s] GC(16)   Merge Heap Roots: 0.1ms
[2021-12-03T10:14:02.980-0100][567.640s] GC(16)   Evacuate Collection Set: 6.1ms
[2021-12-03T10:14:02.980-0100][567.640s] GC(16)   Post Evacuate Collection Set: 0.7ms
[2021-12-03T10:14:02.980-0100][567.640s] GC(16)   Other: 0.6ms
[2021-12-03T10:14:02.980-0100][567.640s] GC(16) Eden regions: 224->0(289)
[2021-12-03T10:14:02.980-0100][567.640s] GC(16) Survivor regions: 19->18(39)
[2021-12-03T10:14:02.980-0100][567.640s] GC(16) Old regions: 73->73
[2021-12-03T10:14:02.980-0100][567.640s] GC(16) Archive regions: 2->2
[2021-12-03T10:14:02.980-0100][567.640s] GC(16) Humongous regions: 7->7
[2021-12-03T10:14:02.980-0100][567.640s] GC(16) Metaspace: 59914K(60800K)->59914K(60800K) NonClass: 53042K(53632K)->53042K(53632K) Class: 6872K(7168K)->6872K(7168K)
[2021-12-03T10:14:02.981-0100][567.640s] GC(16) Pause Young (Concurrent Start) (Metadata GC Threshold) 322M->98M(512M) 7.884ms
[2021-12-03T10:14:02.981-0100][567.640s] GC(16) User=0.03s Sys=0.00s Real=0.01s
[2021-12-03T10:14:02.981-0100][567.641s] GC(17) Concurrent Cycle
[2021-12-03T10:14:02.981-0100][567.641s] GC(17) Concurrent Clear Claimed Marks
[2021-12-03T10:14:02.981-0100][567.641s] GC(17) Concurrent Clear Claimed Marks 0.067ms
[2021-12-03T10:14:02.981-0100][567.641s] GC(17) Concurrent Scan Root Regions
[2021-12-03T10:14:02.985-0100][567.644s] GC(17) Concurrent Scan Root Regions 3.597ms
[2021-12-03T10:14:02.985-0100][567.645s] GC(17) Concurrent Mark (567.645s)
[2021-12-03T10:14:02.985-0100][567.645s] GC(17) Concurrent Mark From Roots
[2021-12-03T10:14:02.985-0100][567.645s] GC(17) Using 3 workers of 3 for marking
[2021-12-03T10:14:03.092-0100][567.752s] GC(17) Concurrent Mark From Roots 106.985ms
[2021-12-03T10:14:03.092-0100][567.752s] GC(17) Concurrent Preclean
[2021-12-03T10:14:03.092-0100][567.752s] GC(17) Concurrent Preclean 0.374ms
[2021-12-03T10:14:03.092-0100][567.752s] GC(17) Concurrent Mark (567.645s, 567.752s) 107.462ms
[2021-12-03T10:14:03.093-0100][567.752s] GC(17) Pause Remark
[2021-12-03T10:14:03.125-0100][567.785s] GC(17) Pause Remark 100M->100M(512M) 32.137ms
[2021-12-03T10:14:03.125-0100][567.785s] GC(17) User=0.04s Sys=0.08s Real=0.03s
[2021-12-03T10:14:03.125-0100][567.785s] GC(17) Concurrent Rebuild Remembered Sets
[2021-12-03T10:14:03.146-0100][567.806s] GC(17) Concurrent Rebuild Remembered Sets 20.999ms
[2021-12-03T10:14:03.149-0100][567.809s] GC(17) Pause Cleanup
[2021-12-03T10:14:03.150-0100][567.809s] GC(17) Pause Cleanup 101M->101M(512M) 0.248ms
[2021-12-03T10:14:03.150-0100][567.810s] GC(17) User=0.00s Sys=0.00s Real=0.01s
[2021-12-03T10:14:03.150-0100][567.810s] GC(17) Concurrent Cleanup for Next Mark
[2021-12-03T10:14:03.155-0100][567.814s] GC(17) Concurrent Cleanup for Next Mark 4.810ms
[2021-12-03T10:14:03.187-0100][567.846s] GC(17) Concurrent Cycle 205.749ms
[2021-12-03T11:52:47.673-0100][5999.121s] GC(18) Pause Young (Normal) (G1 Evacuation Pause)
[2021-12-03T11:52:47.676-0100][5999.124s] GC(18) Using 10 workers of 10 for evacuation
[2021-12-03T11:52:47.789-0100][5999.237s] GC(18)   Pre Evacuate Collection Set: 10.7ms
[2021-12-03T11:52:47.789-0100][5999.237s] GC(18)   Merge Heap Roots: 6.1ms
[2021-12-03T11:52:47.789-0100][5999.237s] GC(18)   Evacuate Collection Set: 86.5ms
[2021-12-03T11:52:47.789-0100][5999.237s] GC(18)   Post Evacuate Collection Set: 4.4ms
[2021-12-03T11:52:47.789-0100][5999.238s] GC(18)   Other: 18.1ms
[2021-12-03T11:52:47.790-0100][5999.238s] GC(18) Eden regions: 289->0(288)
[2021-12-03T11:52:47.790-0100][5999.238s] GC(18) Survivor regions: 18->19(39)
[2021-12-03T11:52:47.790-0100][5999.238s] GC(18) Old regions: 73->73
[2021-12-03T11:52:47.790-0100][5999.238s] GC(18) Archive regions: 2->2
[2021-12-03T11:52:47.790-0100][5999.238s] GC(18) Humongous regions: 7->7
[2021-12-03T11:52:47.790-0100][5999.239s] GC(18) Metaspace: 61047K(62208K)->61047K(62208K) NonClass: 54109K(54912K)->54109K(54912K) Class: 6938K(7296K)->6938K(7296K)
[2021-12-03T11:52:47.790-0100][5999.239s] GC(18) Pause Young (Normal) (G1 Evacuation Pause) 387M->98M(512M) 118.438ms
[2021-12-03T11:52:47.790-0100][5999.239s] GC(18) User=0.06s Sys=0.31s Real=0.12s
[2021-12-03T15:16:00.747-0100][15908.615s] GC(19) Pause Young (Normal) (G1 Evacuation Pause)
[2021-12-03T15:16:00.764-0100][15908.632s] GC(19) Using 10 workers of 10 for evacuation
[2021-12-03T15:16:00.876-0100][15908.744s] GC(19)   Pre Evacuate Collection Set: 0.3ms
[2021-12-03T15:16:00.883-0100][15908.751s] GC(19)   Merge Heap Roots: 0.2ms
[2021-12-03T15:16:00.883-0100][15908.751s] GC(19)   Evacuate Collection Set: 109.9ms
[2021-12-03T15:16:00.883-0100][15908.751s] GC(19)   Post Evacuate Collection Set: 0.9ms
[2021-12-03T15:16:00.883-0100][15908.751s] GC(19)   Other: 17.8ms
[2021-12-03T15:16:00.883-0100][15908.751s] GC(19) Eden regions: 288->0(270)
[2021-12-03T15:16:00.883-0100][15908.751s] GC(19) Survivor regions: 19->37(39)
[2021-12-03T15:16:00.883-0100][15908.751s] GC(19) Old regions: 73->73
[2021-12-03T15:16:00.883-0100][15908.751s] GC(19) Archive regions: 2->2
[2021-12-03T15:16:00.883-0100][15908.751s] GC(19) Humongous regions: 7->7
[2021-12-03T15:16:00.883-0100][15908.751s] GC(19) Metaspace: 62274K(63744K)->62274K(63744K) NonClass: 55302K(56320K)->55302K(56320K) Class: 6972K(7424K)->6972K(7424K)
[2021-12-03T15:16:00.883-0100][15908.751s] GC(19) Pause Young (Normal) (G1 Evacuation Pause) 386M->116M(512M) 136.150ms
[2021-12-03T15:16:00.883-0100][15908.751s] GC(19) User=0.14s Sys=0.38s Real=0.14s
[2021-12-03T16:04:46.239-0100][18833.998s] GC(20) Pause Young (Normal) (G1 Evacuation Pause)
[2021-12-03T16:04:46.240-0100][18833.999s] GC(20) Using 10 workers of 10 for evacuation
[2021-12-03T16:04:46.303-0100][18834.062s] GC(20)   Pre Evacuate Collection Set: 3.0ms
[2021-12-03T16:04:46.303-0100][18834.062s] GC(20)   Merge Heap Roots: 1.2ms
[2021-12-03T16:04:46.304-0100][18834.062s] GC(20)   Evacuate Collection Set: 54.4ms
[2021-12-03T16:04:46.304-0100][18834.062s] GC(20)   Post Evacuate Collection Set: 4.4ms
[2021-12-03T16:04:46.304-0100][18834.062s] GC(20)   Other: 1.1ms
[2021-12-03T16:04:46.304-0100][18834.062s] GC(20) Eden regions: 270->0(292)
[2021-12-03T16:04:46.304-0100][18834.062s] GC(20) Survivor regions: 37->15(39)
[2021-12-03T16:04:46.304-0100][18834.062s] GC(20) Old regions: 73->89
[2021-12-03T16:04:46.304-0100][18834.062s] GC(20) Archive regions: 2->2
[2021-12-03T16:04:46.304-0100][18834.062s] GC(20) Humongous regions: 7->7
[2021-12-03T16:04:46.304-0100][18834.062s] GC(20) Metaspace: 62440K(64000K)->62440K(64000K) NonClass: 55464K(56576K)->55464K(56576K) Class: 6976K(7424K)->6976K(7424K)
[2021-12-03T16:04:46.304-0100][18834.062s] GC(20) Pause Young (Normal) (G1 Evacuation Pause) 386M->110M(512M) 64.214ms
[2021-12-03T16:04:46.304-0100][18834.062s] GC(20) User=0.08s Sys=0.28s Real=0.07s
[2021-12-03T21:47:23.164-0100][34187.103s] Heap
[2021-12-03T21:47:23.165-0100][34187.103s]  garbage-first heap   total 524288K, used 220969K [0x00000007e0000000, 0x0000000800000000)
[2021-12-03T21:47:23.165-0100][34187.103s]   region size 1024K, 121 young (123904K), 15 survivors (15360K)
[2021-12-03T21:47:23.165-0100][34187.103s]  Metaspace       used 62893K, capacity 63657K, committed 64256K, reserved 1105920K
[2021-12-03T21:47:23.165-0100][34187.103s]   class space    used 7009K, capacity 7251K, committed 7424K, reserved 1048576K
