[2021-11-29T12:03:11.256-0100][0.008s] Using G1
[2021-11-29T12:03:11.546-0100][0.297s] Version: 15.0.2+7 (release)
[2021-11-29T12:03:11.546-0100][0.297s] CPUs: 12 total, 12 available
[2021-11-29T12:03:11.546-0100][0.297s] Memory: 16384M
[2021-11-29T12:03:11.546-0100][0.297s] Large Page Support: Disabled
[2021-11-29T12:03:11.546-0100][0.297s] NUMA Support: Disabled
[2021-11-29T12:03:11.546-0100][0.297s] Compressed Oops: Enabled (Zero based)
[2021-11-29T12:03:11.546-0100][0.297s] Heap Region Size: 1M
[2021-11-29T12:03:11.546-0100][0.297s] Heap Min Capacity: 512M
[2021-11-29T12:03:11.546-0100][0.297s] Heap Initial Capacity: 512M
[2021-11-29T12:03:11.546-0100][0.297s] Heap Max Capacity: 512M
[2021-11-29T12:03:11.546-0100][0.297s] Pre-touch: Enabled
[2021-11-29T12:03:11.546-0100][0.297s] Parallel Workers: 10
[2021-11-29T12:03:11.546-0100][0.297s] Concurrent Workers: 3
[2021-11-29T12:03:11.546-0100][0.298s] Concurrent Refinement Workers: 10
[2021-11-29T12:03:11.546-0100][0.298s] Periodic GC: Disabled
[2021-11-29T12:03:11.546-0100][0.298s] Mark closed archive regions in map: [0x00000007fff00000, 0x00000007fff78ff8]
[2021-11-29T12:03:11.546-0100][0.298s] Mark open archive regions in map: [0x00000007ffe00000, 0x00000007ffe50ff8]
[2021-11-29T12:03:11.546-0100][0.298s] CDS archive(s) mapped at: [0x0000000800000000-0x0000000800b2f000-0x0000000800b2f000), size 11726848, SharedBaseAddress: 0x0000000800000000, ArchiveRelocationMode: 0.
[2021-11-29T12:03:11.546-0100][0.298s] Compressed class space mapped at: 0x0000000800b30000-0x0000000840b30000, size: 1073741824
[2021-11-29T12:03:11.546-0100][0.298s] Narrow klass base: 0x0000000800000000, Narrow klass shift: 3, Narrow klass range: 0x100000000
[2021-11-29T12:03:11.967-0100][0.719s] GC(0) Pause Young (Normal) (G1 Evacuation Pause)
[2021-11-29T12:03:11.968-0100][0.720s] GC(0) Using 10 workers of 10 for evacuation
[2021-11-29T12:03:11.970-0100][0.721s] GC(0)   Pre Evacuate Collection Set: 0.1ms
[2021-11-29T12:03:11.970-0100][0.721s] GC(0)   Merge Heap Roots: 0.0ms
[2021-11-29T12:03:11.970-0100][0.721s] GC(0)   Evacuate Collection Set: 1.4ms
[2021-11-29T12:03:11.970-0100][0.721s] GC(0)   Post Evacuate Collection Set: 0.2ms
[2021-11-29T12:03:11.970-0100][0.721s] GC(0)   Other: 0.5ms
[2021-11-29T12:03:11.970-0100][0.721s] GC(0) Eden regions: 29->0(54)
[2021-11-29T12:03:11.970-0100][0.721s] GC(0) Survivor regions: 0->4(4)
[2021-11-29T12:03:11.970-0100][0.721s] GC(0) Old regions: 0->0
[2021-11-29T12:03:11.970-0100][0.721s] GC(0) Archive regions: 2->2
[2021-11-29T12:03:11.970-0100][0.721s] GC(0) Humongous regions: 0->0
[2021-11-29T12:03:11.970-0100][0.721s] GC(0) Metaspace: 7928K(8192K)->7928K(8192K) NonClass: 7010K(7168K)->7010K(7168K) Class: 918K(1024K)->918K(1024K)
[2021-11-29T12:03:11.970-0100][0.722s] GC(0) Pause Young (Normal) (G1 Evacuation Pause) 29M->4M(512M) 2.349ms
[2021-11-29T12:03:11.970-0100][0.722s] GC(0) User=0.01s Sys=0.01s Real=0.01s
[2021-11-29T12:03:12.464-0100][1.216s] GC(1) Pause Young (Normal) (G1 Evacuation Pause)
[2021-11-29T12:03:12.464-0100][1.216s] GC(1) Using 10 workers of 10 for evacuation
[2021-11-29T12:03:12.471-0100][1.222s] GC(1)   Pre Evacuate Collection Set: 0.1ms
[2021-11-29T12:03:12.471-0100][1.223s] GC(1)   Merge Heap Roots: 0.1ms
[2021-11-29T12:03:12.471-0100][1.223s] GC(1)   Evacuate Collection Set: 5.4ms
[2021-11-29T12:03:12.471-0100][1.223s] GC(1)   Post Evacuate Collection Set: 0.7ms
[2021-11-29T12:03:12.471-0100][1.223s] GC(1)   Other: 0.1ms
[2021-11-29T12:03:12.471-0100][1.223s] GC(1) Eden regions: 54->0(77)
[2021-11-29T12:03:12.471-0100][1.223s] GC(1) Survivor regions: 4->8(8)
[2021-11-29T12:03:12.471-0100][1.223s] GC(1) Old regions: 0->11
[2021-11-29T12:03:12.471-0100][1.223s] GC(1) Archive regions: 2->2
[2021-11-29T12:03:12.471-0100][1.223s] GC(1) Humongous regions: 4->4
[2021-11-29T12:03:12.471-0100][1.223s] GC(1) Metaspace: 16033K(16640K)->16033K(16640K) NonClass: 14183K(14592K)->14183K(14592K) Class: 1850K(2048K)->1850K(2048K)
[2021-11-29T12:03:12.471-0100][1.223s] GC(1) Pause Young (Normal) (G1 Evacuation Pause) 62M->23M(512M) 6.434ms
[2021-11-29T12:03:12.471-0100][1.223s] GC(1) User=0.06s Sys=0.00s Real=0.01s
[2021-11-29T12:03:12.844-0100][1.596s] GC(2) Pause Young (Concurrent Start) (Metadata GC Threshold)
[2021-11-29T12:03:12.844-0100][1.596s] GC(2) Using 10 workers of 10 for evacuation
[2021-11-29T12:03:12.847-0100][1.599s] GC(2)   Pre Evacuate Collection Set: 0.1ms
[2021-11-29T12:03:12.847-0100][1.599s] GC(2)   Merge Heap Roots: 0.1ms
[2021-11-29T12:03:12.847-0100][1.599s] GC(2)   Evacuate Collection Set: 2.9ms
[2021-11-29T12:03:12.847-0100][1.599s] GC(2)   Post Evacuate Collection Set: 0.5ms
[2021-11-29T12:03:12.848-0100][1.599s] GC(2)   Other: 0.2ms
[2021-11-29T12:03:12.848-0100][1.599s] GC(2) Eden regions: 27->0(131)
[2021-11-29T12:03:12.848-0100][1.599s] GC(2) Survivor regions: 8->2(9)
[2021-11-29T12:03:12.848-0100][1.599s] GC(2) Old regions: 11->20
[2021-11-29T12:03:12.848-0100][1.599s] GC(2) Archive regions: 2->2
[2021-11-29T12:03:12.848-0100][1.599s] GC(2) Humongous regions: 4->4
[2021-11-29T12:03:12.848-0100][1.599s] GC(2) Metaspace: 20736K(21248K)->20736K(21248K) NonClass: 18372K(18688K)->18372K(18688K) Class: 2363K(2560K)->2363K(2560K)
[2021-11-29T12:03:12.848-0100][1.599s] GC(2) Pause Young (Concurrent Start) (Metadata GC Threshold) 49M->25M(512M) 3.742ms
[2021-11-29T12:03:12.848-0100][1.599s] GC(2) User=0.03s Sys=0.00s Real=0.00s
[2021-11-29T12:03:12.848-0100][1.599s] GC(3) Concurrent Cycle
[2021-11-29T12:03:12.848-0100][1.599s] GC(3) Concurrent Clear Claimed Marks
[2021-11-29T12:03:12.848-0100][1.599s] GC(3) Concurrent Clear Claimed Marks 0.018ms
[2021-11-29T12:03:12.848-0100][1.599s] GC(3) Concurrent Scan Root Regions
[2021-11-29T12:03:12.849-0100][1.601s] GC(3) Concurrent Scan Root Regions 1.206ms
[2021-11-29T12:03:12.849-0100][1.601s] GC(3) Concurrent Mark (1.601s)
[2021-11-29T12:03:12.849-0100][1.601s] GC(3) Concurrent Mark From Roots
[2021-11-29T12:03:12.849-0100][1.601s] GC(3) Using 3 workers of 3 for marking
[2021-11-29T12:03:12.853-0100][1.605s] GC(3) Concurrent Mark From Roots 4.497ms
[2021-11-29T12:03:12.853-0100][1.605s] GC(3) Concurrent Preclean
[2021-11-29T12:03:12.853-0100][1.605s] GC(3) Concurrent Preclean 0.029ms
[2021-11-29T12:03:12.853-0100][1.605s] GC(3) Concurrent Mark (1.601s, 1.605s) 4.576ms
[2021-11-29T12:03:12.854-0100][1.605s] GC(3) Pause Remark
[2021-11-29T12:03:12.854-0100][1.606s] GC(3) Pause Remark 26M->26M(512M) 0.801ms
[2021-11-29T12:03:12.854-0100][1.606s] GC(3) User=0.00s Sys=0.00s Real=0.00s
[2021-11-29T12:03:12.854-0100][1.606s] GC(3) Concurrent Rebuild Remembered Sets
[2021-11-29T12:03:12.858-0100][1.610s] GC(3) Concurrent Rebuild Remembered Sets 3.631ms
[2021-11-29T12:03:12.858-0100][1.610s] GC(3) Pause Cleanup
[2021-11-29T12:03:12.858-0100][1.610s] GC(3) Pause Cleanup 27M->27M(512M) 0.104ms
[2021-11-29T12:03:12.858-0100][1.610s] GC(3) User=0.00s Sys=0.00s Real=0.00s
[2021-11-29T12:03:12.859-0100][1.610s] GC(3) Concurrent Cleanup for Next Mark
[2021-11-29T12:03:12.859-0100][1.611s] GC(3) Concurrent Cleanup for Next Mark 0.771ms
[2021-11-29T12:03:12.859-0100][1.611s] GC(3) Concurrent Cycle 11.735ms
[2021-11-29T12:03:13.904-0100][2.656s] GC(4) Pause Young (Concurrent Start) (Metadata GC Threshold)
[2021-11-29T12:03:13.904-0100][2.656s] GC(4) Using 10 workers of 10 for evacuation
[2021-11-29T12:03:13.908-0100][2.660s] GC(4)   Pre Evacuate Collection Set: 0.1ms
[2021-11-29T12:03:13.908-0100][2.660s] GC(4)   Merge Heap Roots: 0.1ms
[2021-11-29T12:03:13.908-0100][2.660s] GC(4)   Evacuate Collection Set: 3.0ms
[2021-11-29T12:03:13.908-0100][2.660s] GC(4)   Post Evacuate Collection Set: 0.6ms
[2021-11-29T12:03:13.908-0100][2.660s] GC(4)   Other: 0.2ms
[2021-11-29T12:03:13.908-0100][2.660s] GC(4) Eden regions: 90->0(299)
[2021-11-29T12:03:13.908-0100][2.660s] GC(4) Survivor regions: 2->8(17)
[2021-11-29T12:03:13.908-0100][2.660s] GC(4) Old regions: 20->20
[2021-11-29T12:03:13.908-0100][2.660s] GC(4) Archive regions: 2->2
[2021-11-29T12:03:13.908-0100][2.660s] GC(4) Humongous regions: 4->4
[2021-11-29T12:03:13.908-0100][2.660s] GC(4) Metaspace: 35286K(35840K)->35286K(35840K) NonClass: 31314K(31616K)->31314K(31616K) Class: 3971K(4224K)->3971K(4224K)
[2021-11-29T12:03:13.908-0100][2.660s] GC(4) Pause Young (Concurrent Start) (Metadata GC Threshold) 114M->32M(512M) 4.028ms
[2021-11-29T12:03:13.908-0100][2.660s] GC(4) User=0.03s Sys=0.00s Real=0.00s
[2021-11-29T12:03:13.908-0100][2.660s] GC(5) Concurrent Cycle
[2021-11-29T12:03:13.908-0100][2.660s] GC(5) Concurrent Clear Claimed Marks
[2021-11-29T12:03:13.908-0100][2.660s] GC(5) Concurrent Clear Claimed Marks 0.021ms
[2021-11-29T12:03:13.908-0100][2.660s] GC(5) Concurrent Scan Root Regions
[2021-11-29T12:03:13.911-0100][2.662s] GC(5) Concurrent Scan Root Regions 2.218ms
[2021-11-29T12:03:13.911-0100][2.662s] GC(5) Concurrent Mark (2.662s)
[2021-11-29T12:03:13.911-0100][2.662s] GC(5) Concurrent Mark From Roots
[2021-11-29T12:03:13.911-0100][2.662s] GC(5) Using 3 workers of 3 for marking
[2021-11-29T12:03:13.920-0100][2.671s] GC(5) Concurrent Mark From Roots 8.814ms
[2021-11-29T12:03:13.920-0100][2.671s] GC(5) Concurrent Preclean
[2021-11-29T12:03:13.920-0100][2.671s] GC(5) Concurrent Preclean 0.061ms
[2021-11-29T12:03:13.920-0100][2.671s] GC(5) Concurrent Mark (2.662s, 2.671s) 8.941ms
[2021-11-29T12:03:13.920-0100][2.672s] GC(5) Pause Remark
[2021-11-29T12:03:13.921-0100][2.673s] GC(5) Pause Remark 35M->35M(512M) 0.983ms
[2021-11-29T12:03:13.921-0100][2.673s] GC(5) User=0.01s Sys=0.00s Real=0.00s
[2021-11-29T12:03:13.921-0100][2.673s] GC(5) Concurrent Rebuild Remembered Sets
[2021-11-29T12:03:13.926-0100][2.678s] GC(5) Concurrent Rebuild Remembered Sets 5.046ms
[2021-11-29T12:03:13.926-0100][2.678s] GC(5) Pause Cleanup
[2021-11-29T12:03:13.926-0100][2.678s] GC(5) Pause Cleanup 36M->36M(512M) 0.098ms
[2021-11-29T12:03:13.926-0100][2.678s] GC(5) User=0.00s Sys=0.00s Real=0.00s
[2021-11-29T12:03:13.926-0100][2.678s] GC(5) Concurrent Cleanup for Next Mark
[2021-11-29T12:03:13.927-0100][2.679s] GC(5) Concurrent Cleanup for Next Mark 0.718ms
[2021-11-29T12:03:13.927-0100][2.679s] GC(5) Concurrent Cycle 18.809ms
[2021-11-29T13:55:40.737-0100][4496.159s] GC(6) Pause Young (Normal) (G1 Evacuation Pause)
[2021-11-29T13:55:40.738-0100][4496.160s] GC(6) Using 10 workers of 10 for evacuation
[2021-11-29T13:55:40.964-0100][4496.386s] GC(6)   Pre Evacuate Collection Set: 2.5ms
[2021-11-29T13:55:40.964-0100][4496.386s] GC(6)   Merge Heap Roots: 0.7ms
[2021-11-29T13:55:40.964-0100][4496.386s] GC(6)   Evacuate Collection Set: 220.7ms
[2021-11-29T13:55:40.964-0100][4496.386s] GC(6)   Post Evacuate Collection Set: 1.8ms
[2021-11-29T13:55:40.964-0100][4496.386s] GC(6)   Other: 1.8ms
[2021-11-29T13:55:40.964-0100][4496.386s] GC(6) Eden regions: 299->0(225)
[2021-11-29T13:55:40.964-0100][4496.386s] GC(6) Survivor regions: 8->28(39)
[2021-11-29T13:55:40.964-0100][4496.386s] GC(6) Old regions: 20->20
[2021-11-29T13:55:40.964-0100][4496.386s] GC(6) Archive regions: 2->2
[2021-11-29T13:55:40.964-0100][4496.386s] GC(6) Humongous regions: 8->7
[2021-11-29T13:55:40.964-0100][4496.386s] GC(6) Metaspace: 54823K(55808K)->54823K(55808K) NonClass: 48400K(49152K)->48400K(49152K) Class: 6423K(6656K)->6423K(6656K)
[2021-11-29T13:55:40.964-0100][4496.386s] GC(6) Pause Young (Normal) (G1 Evacuation Pause) 335M->55M(512M) 227.202ms
[2021-11-29T13:55:40.964-0100][4496.387s] GC(6) User=0.14s Sys=0.77s Real=0.23s
[2021-12-01T09:48:51.398-0100][41120.114s] GC(7) Pause Young (Normal) (G1 Evacuation Pause)
[2021-12-01T09:48:51.400-0100][41120.116s] GC(7) Using 10 workers of 10 for evacuation
[2021-12-01T09:48:51.625-0100][41120.340s] GC(7)   Pre Evacuate Collection Set: 8.1ms
[2021-12-01T09:48:51.625-0100][41120.340s] GC(7)   Merge Heap Roots: 2.9ms
[2021-12-01T09:48:51.625-0100][41120.340s] GC(7)   Evacuate Collection Set: 197.7ms
[2021-12-01T09:48:51.625-0100][41120.340s] GC(7)   Post Evacuate Collection Set: 10.5ms
[2021-12-01T09:48:51.625-0100][41120.341s] GC(7)   Other: 11.6ms
[2021-12-01T09:48:51.626-0100][41120.341s] GC(7) Eden regions: 225->0(303)
[2021-12-01T09:48:51.626-0100][41120.341s] GC(7) Survivor regions: 28->4(32)
[2021-12-01T09:48:51.626-0100][41120.341s] GC(7) Old regions: 20->47
[2021-12-01T09:48:51.626-0100][41120.341s] GC(7) Archive regions: 2->2
[2021-12-01T09:48:51.626-0100][41120.341s] GC(7) Humongous regions: 7->7
[2021-12-01T09:48:51.626-0100][41120.342s] GC(7) Metaspace: 55950K(56832K)->55950K(56832K) NonClass: 49507K(50176K)->49507K(50176K) Class: 6443K(6656K)->6443K(6656K)
[2021-12-01T09:48:51.626-0100][41120.342s] GC(7) Pause Young (Normal) (G1 Evacuation Pause) 280M->57M(512M) 228.447ms
[2021-12-01T09:48:51.626-0100][41120.342s] GC(7) User=0.09s Sys=0.38s Real=0.23s
[2021-12-01T11:51:33.431-0100][47940.468s] GC(8) Pause Young (Normal) (G1 Evacuation Pause)
[2021-12-01T11:51:33.432-0100][47940.469s] GC(8) Using 10 workers of 10 for evacuation
[2021-12-01T11:51:33.444-0100][47940.481s] GC(8)   Pre Evacuate Collection Set: 0.5ms
[2021-12-01T11:51:33.444-0100][47940.481s] GC(8)   Merge Heap Roots: 1.1ms
[2021-12-01T11:51:33.444-0100][47940.481s] GC(8)   Evacuate Collection Set: 8.5ms
[2021-12-01T11:51:33.444-0100][47940.481s] GC(8)   Post Evacuate Collection Set: 1.4ms
[2021-12-01T11:51:33.444-0100][47940.481s] GC(8)   Other: 1.8ms
[2021-12-01T11:51:33.444-0100][47940.481s] GC(8) Eden regions: 303->0(305)
[2021-12-01T11:51:33.444-0100][47940.481s] GC(8) Survivor regions: 4->2(39)
[2021-12-01T11:51:33.444-0100][47940.481s] GC(8) Old regions: 47->47
[2021-12-01T11:51:33.444-0100][47940.481s] GC(8) Archive regions: 2->2
[2021-12-01T11:51:33.444-0100][47940.481s] GC(8) Humongous regions: 7->7
[2021-12-01T11:51:33.444-0100][47940.481s] GC(8) Metaspace: 55952K(56832K)->55952K(56832K) NonClass: 49508K(50176K)->49508K(50176K) Class: 6443K(6656K)->6443K(6656K)
[2021-12-01T11:51:33.445-0100][47940.482s] GC(8) Pause Young (Normal) (G1 Evacuation Pause) 360M->55M(512M) 13.959ms
[2021-12-01T11:51:33.445-0100][47940.482s] GC(8) User=0.01s Sys=0.05s Real=0.01s
[2021-12-01T12:17:50.986-0100][49517.973s] Heap
[2021-12-01T12:17:50.986-0100][49517.974s]  garbage-first heap   total 524288K, used 152933K [0x00000007e0000000, 0x0000000800000000)
[2021-12-01T12:17:50.986-0100][49517.974s]   region size 1024K, 97 young (99328K), 2 survivors (2048K)
[2021-12-01T12:17:50.986-0100][49517.974s]  Metaspace       used 56379K, capacity 57026K, committed 57216K, reserved 1099776K
[2021-12-01T12:17:50.986-0100][49517.974s]   class space    used 6503K, capacity 6745K, committed 6784K, reserved 1048576K
