[2021-12-02T20:32:03.307-0100][0.013s] Using G1
[2021-12-02T20:32:03.683-0100][0.389s] Version: 15.0.2+7 (release)
[2021-12-02T20:32:03.683-0100][0.389s] CPUs: 12 total, 12 available
[2021-12-02T20:32:03.683-0100][0.389s] Memory: 16384M
[2021-12-02T20:32:03.683-0100][0.389s] Large Page Support: Disabled
[2021-12-02T20:32:03.683-0100][0.389s] NUMA Support: Disabled
[2021-12-02T20:32:03.683-0100][0.389s] Compressed Oops: Enabled (Zero based)
[2021-12-02T20:32:03.683-0100][0.389s] Heap Region Size: 1M
[2021-12-02T20:32:03.683-0100][0.389s] Heap Min Capacity: 512M
[2021-12-02T20:32:03.683-0100][0.389s] Heap Initial Capacity: 512M
[2021-12-02T20:32:03.683-0100][0.389s] Heap Max Capacity: 512M
[2021-12-02T20:32:03.683-0100][0.389s] Pre-touch: Enabled
[2021-12-02T20:32:03.683-0100][0.389s] Parallel Workers: 10
[2021-12-02T20:32:03.683-0100][0.389s] Concurrent Workers: 3
[2021-12-02T20:32:03.683-0100][0.389s] Concurrent Refinement Workers: 10
[2021-12-02T20:32:03.683-0100][0.389s] Periodic GC: Disabled
[2021-12-02T20:32:03.683-0100][0.389s] Mark closed archive regions in map: [0x00000007fff00000, 0x00000007fff78ff8]
[2021-12-02T20:32:03.683-0100][0.389s] Mark open archive regions in map: [0x00000007ffe00000, 0x00000007ffe50ff8]
[2021-12-02T20:32:03.684-0100][0.389s] CDS archive(s) mapped at: [0x0000000800000000-0x0000000800b2f000-0x0000000800b2f000), size 11726848, SharedBaseAddress: 0x0000000800000000, ArchiveRelocationMode: 0.
[2021-12-02T20:32:03.684-0100][0.389s] Compressed class space mapped at: 0x0000000800b30000-0x0000000840b30000, size: 1073741824
[2021-12-02T20:32:03.684-0100][0.389s] Narrow klass base: 0x0000000800000000, Narrow klass shift: 3, Narrow klass range: 0x100000000
[2021-12-02T20:32:04.132-0100][0.838s] GC(0) Pause Young (Normal) (G1 Evacuation Pause)
[2021-12-02T20:32:04.132-0100][0.838s] GC(0) Using 10 workers of 10 for evacuation
[2021-12-02T20:32:04.134-0100][0.840s] GC(0)   Pre Evacuate Collection Set: 0.1ms
[2021-12-02T20:32:04.134-0100][0.840s] GC(0)   Merge Heap Roots: 0.0ms
[2021-12-02T20:32:04.134-0100][0.840s] GC(0)   Evacuate Collection Set: 1.3ms
[2021-12-02T20:32:04.134-0100][0.840s] GC(0)   Post Evacuate Collection Set: 0.3ms
[2021-12-02T20:32:04.134-0100][0.840s] GC(0)   Other: 0.5ms
[2021-12-02T20:32:04.134-0100][0.840s] GC(0) Eden regions: 29->0(54)
[2021-12-02T20:32:04.134-0100][0.840s] GC(0) Survivor regions: 0->4(4)
[2021-12-02T20:32:04.134-0100][0.840s] GC(0) Old regions: 0->0
[2021-12-02T20:32:04.134-0100][0.840s] GC(0) Archive regions: 2->2
[2021-12-02T20:32:04.134-0100][0.840s] GC(0) Humongous regions: 0->0
[2021-12-02T20:32:04.134-0100][0.840s] GC(0) Metaspace: 7121K(8064K)->7121K(8064K) NonClass: 6286K(7168K)->6286K(7168K) Class: 834K(896K)->834K(896K)
[2021-12-02T20:32:04.134-0100][0.840s] GC(0) Pause Young (Normal) (G1 Evacuation Pause) 29M->3M(512M) 2.368ms
[2021-12-02T20:32:04.134-0100][0.840s] GC(0) User=0.01s Sys=0.00s Real=0.00s
[2021-12-02T20:32:04.733-0100][1.439s] GC(1) Pause Young (Normal) (G1 Evacuation Pause)
[2021-12-02T20:32:04.733-0100][1.439s] GC(1) Using 10 workers of 10 for evacuation
[2021-12-02T20:32:04.739-0100][1.445s] GC(1)   Pre Evacuate Collection Set: 0.1ms
[2021-12-02T20:32:04.739-0100][1.445s] GC(1)   Merge Heap Roots: 0.0ms
[2021-12-02T20:32:04.739-0100][1.445s] GC(1)   Evacuate Collection Set: 5.7ms
[2021-12-02T20:32:04.739-0100][1.445s] GC(1)   Post Evacuate Collection Set: 0.7ms
[2021-12-02T20:32:04.739-0100][1.445s] GC(1)   Other: 0.1ms
[2021-12-02T20:32:04.739-0100][1.445s] GC(1) Eden regions: 54->0(75)
[2021-12-02T20:32:04.740-0100][1.445s] GC(1) Survivor regions: 4->8(8)
[2021-12-02T20:32:04.740-0100][1.445s] GC(1) Old regions: 0->11
[2021-12-02T20:32:04.740-0100][1.445s] GC(1) Archive regions: 2->2
[2021-12-02T20:32:04.740-0100][1.445s] GC(1) Humongous regions: 4->4
[2021-12-02T20:32:04.740-0100][1.445s] GC(1) Metaspace: 16006K(16640K)->16006K(16640K) NonClass: 14155K(14592K)->14155K(14592K) Class: 1850K(2048K)->1850K(2048K)
[2021-12-02T20:32:04.740-0100][1.445s] GC(1) Pause Young (Normal) (G1 Evacuation Pause) 61M->23M(512M) 6.744ms
[2021-12-02T20:32:04.740-0100][1.445s] GC(1) User=0.06s Sys=0.01s Real=0.01s
[2021-12-02T20:32:05.166-0100][1.871s] GC(2) Pause Young (Concurrent Start) (Metadata GC Threshold)
[2021-12-02T20:32:05.166-0100][1.871s] GC(2) Using 10 workers of 10 for evacuation
[2021-12-02T20:32:05.170-0100][1.875s] GC(2)   Pre Evacuate Collection Set: 0.1ms
[2021-12-02T20:32:05.170-0100][1.875s] GC(2)   Merge Heap Roots: 0.1ms
[2021-12-02T20:32:05.170-0100][1.875s] GC(2)   Evacuate Collection Set: 3.3ms
[2021-12-02T20:32:05.170-0100][1.875s] GC(2)   Post Evacuate Collection Set: 0.4ms
[2021-12-02T20:32:05.170-0100][1.875s] GC(2)   Other: 0.2ms
[2021-12-02T20:32:05.170-0100][1.876s] GC(2) Eden regions: 27->0(126)
[2021-12-02T20:32:05.170-0100][1.876s] GC(2) Survivor regions: 8->2(10)
[2021-12-02T20:32:05.170-0100][1.876s] GC(2) Old regions: 11->20
[2021-12-02T20:32:05.170-0100][1.876s] GC(2) Archive regions: 2->2
[2021-12-02T20:32:05.170-0100][1.876s] GC(2) Humongous regions: 4->4
[2021-12-02T20:32:05.170-0100][1.876s] GC(2) Metaspace: 20650K(21248K)->20650K(21248K) NonClass: 18290K(18688K)->18290K(18688K) Class: 2359K(2560K)->2359K(2560K)
[2021-12-02T20:32:05.170-0100][1.876s] GC(2) Pause Young (Concurrent Start) (Metadata GC Threshold) 49M->25M(512M) 4.125ms
[2021-12-02T20:32:05.170-0100][1.876s] GC(2) User=0.03s Sys=0.00s Real=0.01s
[2021-12-02T20:32:05.170-0100][1.876s] GC(3) Concurrent Cycle
[2021-12-02T20:32:05.170-0100][1.876s] GC(3) Concurrent Clear Claimed Marks
[2021-12-02T20:32:05.170-0100][1.876s] GC(3) Concurrent Clear Claimed Marks 0.019ms
[2021-12-02T20:32:05.170-0100][1.876s] GC(3) Concurrent Scan Root Regions
[2021-12-02T20:32:05.171-0100][1.877s] GC(3) Concurrent Scan Root Regions 1.421ms
[2021-12-02T20:32:05.171-0100][1.877s] GC(3) Concurrent Mark (1.877s)
[2021-12-02T20:32:05.171-0100][1.877s] GC(3) Concurrent Mark From Roots
[2021-12-02T20:32:05.171-0100][1.877s] GC(3) Using 3 workers of 3 for marking
[2021-12-02T20:32:05.176-0100][1.882s] GC(3) Concurrent Mark From Roots 4.784ms
[2021-12-02T20:32:05.176-0100][1.882s] GC(3) Concurrent Preclean
[2021-12-02T20:32:05.176-0100][1.882s] GC(3) Concurrent Preclean 0.034ms
[2021-12-02T20:32:05.176-0100][1.882s] GC(3) Concurrent Mark (1.877s, 1.882s) 4.876ms
[2021-12-02T20:32:05.176-0100][1.882s] GC(3) Pause Remark
[2021-12-02T20:32:05.177-0100][1.883s] GC(3) Pause Remark 26M->26M(512M) 0.796ms
[2021-12-02T20:32:05.177-0100][1.883s] GC(3) User=0.00s Sys=0.00s Real=0.00s
[2021-12-02T20:32:05.177-0100][1.883s] GC(3) Concurrent Rebuild Remembered Sets
[2021-12-02T20:32:05.181-0100][1.887s] GC(3) Concurrent Rebuild Remembered Sets 3.809ms
[2021-12-02T20:32:05.181-0100][1.887s] GC(3) Pause Cleanup
[2021-12-02T20:32:05.181-0100][1.887s] GC(3) Pause Cleanup 27M->27M(512M) 0.093ms
[2021-12-02T20:32:05.181-0100][1.887s] GC(3) User=0.00s Sys=0.00s Real=0.00s
[2021-12-02T20:32:05.181-0100][1.887s] GC(3) Concurrent Cleanup for Next Mark
[2021-12-02T20:32:05.182-0100][1.888s] GC(3) Concurrent Cleanup for Next Mark 0.662ms
[2021-12-02T20:32:05.182-0100][1.888s] GC(3) Concurrent Cycle 12.252ms
[2021-12-02T20:32:06.530-0100][3.236s] GC(4) Pause Young (Concurrent Start) (Metadata GC Threshold)
[2021-12-02T20:32:06.530-0100][3.236s] GC(4) Using 10 workers of 10 for evacuation
[2021-12-02T20:32:06.534-0100][3.239s] GC(4)   Pre Evacuate Collection Set: 0.1ms
[2021-12-02T20:32:06.534-0100][3.240s] GC(4)   Merge Heap Roots: 0.0ms
[2021-12-02T20:32:06.534-0100][3.240s] GC(4)   Evacuate Collection Set: 2.8ms
[2021-12-02T20:32:06.534-0100][3.240s] GC(4)   Post Evacuate Collection Set: 0.5ms
[2021-12-02T20:32:06.534-0100][3.240s] GC(4)   Other: 0.2ms
[2021-12-02T20:32:06.534-0100][3.240s] GC(4) Eden regions: 117->0(299)
[2021-12-02T20:32:06.534-0100][3.240s] GC(4) Survivor regions: 2->8(16)
[2021-12-02T20:32:06.534-0100][3.240s] GC(4) Old regions: 20->20
[2021-12-02T20:32:06.534-0100][3.240s] GC(4) Archive regions: 2->2
[2021-12-02T20:32:06.534-0100][3.240s] GC(4) Humongous regions: 4->4
[2021-12-02T20:32:06.534-0100][3.240s] GC(4) Metaspace: 34976K(35840K)->34976K(35840K) NonClass: 31045K(31744K)->31045K(31744K) Class: 3930K(4096K)->3930K(4096K)
[2021-12-02T20:32:06.534-0100][3.240s] GC(4) Pause Young (Concurrent Start) (Metadata GC Threshold) 142M->31M(512M) 3.784ms
[2021-12-02T20:32:06.534-0100][3.240s] GC(4) User=0.03s Sys=0.00s Real=0.00s
[2021-12-02T20:32:06.534-0100][3.240s] GC(5) Concurrent Cycle
[2021-12-02T20:32:06.534-0100][3.240s] GC(5) Concurrent Clear Claimed Marks
[2021-12-02T20:32:06.534-0100][3.240s] GC(5) Concurrent Clear Claimed Marks 0.019ms
[2021-12-02T20:32:06.534-0100][3.240s] GC(5) Concurrent Scan Root Regions
[2021-12-02T20:32:06.536-0100][3.242s] GC(5) Concurrent Scan Root Regions 2.341ms
[2021-12-02T20:32:06.536-0100][3.242s] GC(5) Concurrent Mark (3.242s)
[2021-12-02T20:32:06.536-0100][3.242s] GC(5) Concurrent Mark From Roots
[2021-12-02T20:32:06.536-0100][3.242s] GC(5) Using 3 workers of 3 for marking
[2021-12-02T20:32:06.546-0100][3.252s] GC(5) Concurrent Mark From Roots 10.052ms
[2021-12-02T20:32:06.546-0100][3.252s] GC(5) Concurrent Preclean
[2021-12-02T20:32:06.547-0100][3.252s] GC(5) Concurrent Preclean 0.083ms
[2021-12-02T20:32:06.547-0100][3.252s] GC(5) Concurrent Mark (3.242s, 3.252s) 10.234ms
[2021-12-02T20:32:06.547-0100][3.253s] GC(5) Pause Remark
[2021-12-02T20:32:06.548-0100][3.254s] GC(5) Pause Remark 35M->35M(512M) 0.987ms
[2021-12-02T20:32:06.548-0100][3.254s] GC(5) User=0.01s Sys=0.00s Real=0.00s
[2021-12-02T20:32:06.548-0100][3.254s] GC(5) Concurrent Rebuild Remembered Sets
[2021-12-02T20:32:06.553-0100][3.259s] GC(5) Concurrent Rebuild Remembered Sets 5.458ms
[2021-12-02T20:32:06.554-0100][3.259s] GC(5) Pause Cleanup
[2021-12-02T20:32:06.554-0100][3.260s] GC(5) Pause Cleanup 35M->35M(512M) 0.125ms
[2021-12-02T20:32:06.554-0100][3.260s] GC(5) User=0.00s Sys=0.00s Real=0.00s
[2021-12-02T20:32:06.554-0100][3.260s] GC(5) Concurrent Cleanup for Next Mark
[2021-12-02T20:32:06.555-0100][3.260s] GC(5) Concurrent Cleanup for Next Mark 0.763ms
[2021-12-02T20:32:06.555-0100][3.260s] GC(5) Concurrent Cycle 20.739ms
[2021-12-02T21:30:17.152-0100][3493.768s] GC(6) Pause Young (Normal) (G1 Evacuation Pause)
[2021-12-02T21:30:17.154-0100][3493.769s] GC(6) Using 10 workers of 10 for evacuation
[2021-12-02T21:30:17.320-0100][3493.935s] GC(6)   Pre Evacuate Collection Set: 6.8ms
[2021-12-02T21:30:17.320-0100][3493.935s] GC(6)   Merge Heap Roots: 1.6ms
[2021-12-02T21:30:17.320-0100][3493.935s] GC(6)   Evacuate Collection Set: 152.1ms
[2021-12-02T21:30:17.320-0100][3493.935s] GC(6)   Post Evacuate Collection Set: 3.8ms
[2021-12-02T21:30:17.320-0100][3493.935s] GC(6)   Other: 4.1ms
[2021-12-02T21:30:17.320-0100][3493.935s] GC(6) Eden regions: 299->0(279)
[2021-12-02T21:30:17.320-0100][3493.935s] GC(6) Survivor regions: 8->28(39)
[2021-12-02T21:30:17.320-0100][3493.935s] GC(6) Old regions: 20->20
[2021-12-02T21:30:17.320-0100][3493.935s] GC(6) Archive regions: 2->2
[2021-12-02T21:30:17.320-0100][3493.935s] GC(6) Humongous regions: 8->7
[2021-12-02T21:30:17.320-0100][3493.935s] GC(6) Metaspace: 54932K(56268K)->54932K(56268K) NonClass: 48513K(49612K)->48513K(49612K) Class: 6419K(6656K)->6419K(6656K)
[2021-12-02T21:30:17.320-0100][3493.935s] GC(6) Pause Young (Normal) (G1 Evacuation Pause) 334M->55M(512M) 168.513ms
[2021-12-02T21:30:17.320-0100][3493.935s] GC(6) User=0.12s Sys=0.64s Real=0.17s
[2021-12-03T07:21:28.888-0100][38234.534s] GC(7) Pause Young (Normal) (G1 Evacuation Pause)
[2021-12-03T07:21:28.890-0100][38234.536s] GC(7) Using 10 workers of 10 for evacuation
[2021-12-03T07:21:28.975-0100][38234.621s] GC(7)   Pre Evacuate Collection Set: 4.9ms
[2021-12-03T07:21:28.975-0100][38234.621s] GC(7)   Merge Heap Roots: 1.7ms
[2021-12-03T07:21:28.975-0100][38234.621s] GC(7)   Evacuate Collection Set: 70.7ms
[2021-12-03T07:21:28.975-0100][38234.621s] GC(7)   Post Evacuate Collection Set: 7.2ms
[2021-12-03T07:21:28.975-0100][38234.621s] GC(7)   Other: 3.0ms
[2021-12-03T07:21:28.975-0100][38234.622s] GC(7) Eden regions: 279->0(303)
[2021-12-03T07:21:28.975-0100][38234.622s] GC(7) Survivor regions: 28->4(39)
[2021-12-03T07:21:28.975-0100][38234.622s] GC(7) Old regions: 20->47
[2021-12-03T07:21:28.975-0100][38234.622s] GC(7) Archive regions: 2->2
[2021-12-03T07:21:28.975-0100][38234.622s] GC(7) Humongous regions: 7->7
[2021-12-03T07:21:28.975-0100][38234.622s] GC(7) Metaspace: 56083K(57292K)->56083K(57292K) NonClass: 49654K(50636K)->49654K(50636K) Class: 6429K(6656K)->6429K(6656K)
[2021-12-03T07:21:28.975-0100][38234.622s] GC(7) Pause Young (Normal) (G1 Evacuation Pause) 334M->58M(512M) 87.768ms
[2021-12-03T07:21:28.975-0100][38234.622s] GC(7) User=0.09s Sys=0.29s Real=0.09s
[2021-12-03T10:04:14.989-0100][44582.710s] Heap
[2021-12-03T10:04:14.990-0100][44582.711s]  garbage-first heap   total 524288K, used 300305K [0x00000007e0000000, 0x0000000800000000)
[2021-12-03T10:04:14.990-0100][44582.711s]   region size 1024K, 241 young (246784K), 4 survivors (4096K)
[2021-12-03T10:04:14.990-0100][44582.711s]  Metaspace       used 57614K, capacity 58275K, committed 58828K, reserved 1101824K
[2021-12-03T10:04:14.990-0100][44582.711s]   class space    used 6583K, capacity 6845K, committed 6912K, reserved 1048576K
