[2023-02-09T14:00:03.724-0100][0.007s] Using G1
[2023-02-09T14:00:04.006-0100][0.290s] Version: 15.0.2+7 (release)
[2023-02-09T14:00:04.006-0100][0.290s] CPUs: 12 total, 12 available
[2023-02-09T14:00:04.006-0100][0.290s] Memory: 16384M
[2023-02-09T14:00:04.006-0100][0.290s] Large Page Support: Disabled
[2023-02-09T14:00:04.006-0100][0.290s] NUMA Support: Disabled
[2023-02-09T14:00:04.006-0100][0.290s] Compressed Oops: Enabled (Zero based)
[2023-02-09T14:00:04.006-0100][0.290s] Heap Region Size: 1M
[2023-02-09T14:00:04.006-0100][0.290s] Heap Min Capacity: 512M
[2023-02-09T14:00:04.006-0100][0.290s] Heap Initial Capacity: 512M
[2023-02-09T14:00:04.006-0100][0.290s] Heap Max Capacity: 512M
[2023-02-09T14:00:04.006-0100][0.290s] Pre-touch: Enabled
[2023-02-09T14:00:04.006-0100][0.290s] Parallel Workers: 10
[2023-02-09T14:00:04.006-0100][0.290s] Concurrent Workers: 3
[2023-02-09T14:00:04.006-0100][0.290s] Concurrent Refinement Workers: 10
[2023-02-09T14:00:04.006-0100][0.290s] Periodic GC: Disabled
[2023-02-09T14:00:04.007-0100][0.290s] Mark closed archive regions in map: [0x00000007fff00000, 0x00000007fff78ff8]
[2023-02-09T14:00:04.007-0100][0.291s] Mark open archive regions in map: [0x00000007ffe00000, 0x00000007ffe50ff8]
[2023-02-09T14:00:04.007-0100][0.291s] CDS archive(s) mapped at: [0x0000000800000000-0x0000000800b2f000-0x0000000800b2f000), size 11726848, SharedBaseAddress: 0x0000000800000000, ArchiveRelocationMode: 0.
[2023-02-09T14:00:04.007-0100][0.291s] Compressed class space mapped at: 0x0000000800b30000-0x0000000840b30000, size: 1073741824
[2023-02-09T14:00:04.007-0100][0.291s] Narrow klass base: 0x0000000800000000, Narrow klass shift: 3, Narrow klass range: 0x100000000
[2023-02-09T14:00:04.750-0100][1.034s] GC(0) Pause Young (Normal) (G1 Evacuation Pause)
[2023-02-09T14:00:04.751-0100][1.034s] GC(0) Using 10 workers of 10 for evacuation
[2023-02-09T14:00:04.753-0100][1.037s] GC(0)   Pre Evacuate Collection Set: 0.1ms
[2023-02-09T14:00:04.753-0100][1.037s] GC(0)   Merge Heap Roots: 0.1ms
[2023-02-09T14:00:04.753-0100][1.037s] GC(0)   Evacuate Collection Set: 1.5ms
[2023-02-09T14:00:04.753-0100][1.037s] GC(0)   Post Evacuate Collection Set: 0.3ms
[2023-02-09T14:00:04.753-0100][1.037s] GC(0)   Other: 0.5ms
[2023-02-09T14:00:04.753-0100][1.037s] GC(0) Eden regions: 29->0(54)
[2023-02-09T14:00:04.753-0100][1.037s] GC(0) Survivor regions: 0->4(4)
[2023-02-09T14:00:04.753-0100][1.037s] GC(0) Old regions: 0->0
[2023-02-09T14:00:04.753-0100][1.037s] GC(0) Archive regions: 2->2
[2023-02-09T14:00:04.753-0100][1.037s] GC(0) Humongous regions: 0->0
[2023-02-09T14:00:04.753-0100][1.037s] GC(0) Metaspace: 7054K(8064K)->7054K(8064K) NonClass: 6234K(7168K)->6234K(7168K) Class: 820K(896K)->820K(896K)
[2023-02-09T14:00:04.753-0100][1.037s] GC(0) Pause Young (Normal) (G1 Evacuation Pause) 29M->3M(512M) 2.683ms
[2023-02-09T14:00:04.753-0100][1.037s] GC(0) User=0.01s Sys=0.00s Real=0.00s
[2023-02-09T14:00:05.523-0100][1.807s] GC(1) Pause Young (Normal) (G1 Evacuation Pause)
[2023-02-09T14:00:05.523-0100][1.807s] GC(1) Using 10 workers of 10 for evacuation
[2023-02-09T14:00:05.531-0100][1.815s] GC(1)   Pre Evacuate Collection Set: 0.1ms
[2023-02-09T14:00:05.531-0100][1.815s] GC(1)   Merge Heap Roots: 0.1ms
[2023-02-09T14:00:05.531-0100][1.815s] GC(1)   Evacuate Collection Set: 6.7ms
[2023-02-09T14:00:05.531-0100][1.815s] GC(1)   Post Evacuate Collection Set: 0.8ms
[2023-02-09T14:00:05.531-0100][1.815s] GC(1)   Other: 0.1ms
[2023-02-09T14:00:05.531-0100][1.815s] GC(1) Eden regions: 54->0(74)
[2023-02-09T14:00:05.531-0100][1.815s] GC(1) Survivor regions: 4->8(8)
[2023-02-09T14:00:05.531-0100][1.815s] GC(1) Old regions: 0->11
[2023-02-09T14:00:05.531-0100][1.815s] GC(1) Archive regions: 2->2
[2023-02-09T14:00:05.531-0100][1.815s] GC(1) Humongous regions: 4->4
[2023-02-09T14:00:05.531-0100][1.815s] GC(1) Metaspace: 16017K(16640K)->16017K(16640K) NonClass: 14166K(14592K)->14166K(14592K) Class: 1851K(2048K)->1851K(2048K)
[2023-02-09T14:00:05.531-0100][1.815s] GC(1) Pause Young (Normal) (G1 Evacuation Pause) 61M->23M(512M) 7.907ms
[2023-02-09T14:00:05.531-0100][1.815s] GC(1) User=0.03s Sys=0.01s Real=0.01s
[2023-02-09T14:00:05.826-0100][2.110s] GC(2) Pause Young (Concurrent Start) (Metadata GC Threshold)
[2023-02-09T14:00:05.826-0100][2.110s] GC(2) Using 10 workers of 10 for evacuation
[2023-02-09T14:00:05.830-0100][2.114s] GC(2)   Pre Evacuate Collection Set: 0.1ms
[2023-02-09T14:00:05.830-0100][2.114s] GC(2)   Merge Heap Roots: 0.1ms
[2023-02-09T14:00:05.830-0100][2.114s] GC(2)   Evacuate Collection Set: 3.0ms
[2023-02-09T14:00:05.830-0100][2.114s] GC(2)   Post Evacuate Collection Set: 0.5ms
[2023-02-09T14:00:05.830-0100][2.114s] GC(2)   Other: 0.2ms
[2023-02-09T14:00:05.830-0100][2.114s] GC(2) Eden regions: 26->0(129)
[2023-02-09T14:00:05.830-0100][2.114s] GC(2) Survivor regions: 8->2(10)
[2023-02-09T14:00:05.830-0100][2.114s] GC(2) Old regions: 11->19
[2023-02-09T14:00:05.830-0100][2.114s] GC(2) Archive regions: 2->2
[2023-02-09T14:00:05.830-0100][2.114s] GC(2) Humongous regions: 4->4
[2023-02-09T14:00:05.830-0100][2.114s] GC(2) Metaspace: 20415K(21248K)->20415K(21248K) NonClass: 18112K(18688K)->18112K(18688K) Class: 2302K(2560K)->2302K(2560K)
[2023-02-09T14:00:05.830-0100][2.114s] GC(2) Pause Young (Concurrent Start) (Metadata GC Threshold) 49M->24M(512M) 4.051ms
[2023-02-09T14:00:05.830-0100][2.114s] GC(2) User=0.01s Sys=0.00s Real=0.01s
[2023-02-09T14:00:05.830-0100][2.114s] GC(3) Concurrent Cycle
[2023-02-09T14:00:05.830-0100][2.114s] GC(3) Concurrent Clear Claimed Marks
[2023-02-09T14:00:05.830-0100][2.114s] GC(3) Concurrent Clear Claimed Marks 0.021ms
[2023-02-09T14:00:05.830-0100][2.114s] GC(3) Concurrent Scan Root Regions
[2023-02-09T14:00:05.831-0100][2.115s] GC(3) Concurrent Scan Root Regions 1.197ms
[2023-02-09T14:00:05.831-0100][2.115s] GC(3) Concurrent Mark (2.115s)
[2023-02-09T14:00:05.831-0100][2.115s] GC(3) Concurrent Mark From Roots
[2023-02-09T14:00:05.831-0100][2.115s] GC(3) Using 3 workers of 3 for marking
[2023-02-09T14:00:05.837-0100][2.120s] GC(3) Concurrent Mark From Roots 5.212ms
[2023-02-09T14:00:05.837-0100][2.120s] GC(3) Concurrent Preclean
[2023-02-09T14:00:05.837-0100][2.120s] GC(3) Concurrent Preclean 0.028ms
[2023-02-09T14:00:05.837-0100][2.120s] GC(3) Concurrent Mark (2.115s, 2.120s) 5.287ms
[2023-02-09T14:00:05.837-0100][2.121s] GC(3) Pause Remark
[2023-02-09T14:00:05.838-0100][2.122s] GC(3) Pause Remark 25M->25M(512M) 0.991ms
[2023-02-09T14:00:05.838-0100][2.122s] GC(3) User=0.00s Sys=0.00s Real=0.00s
[2023-02-09T14:00:05.838-0100][2.122s] GC(3) Concurrent Rebuild Remembered Sets
[2023-02-09T14:00:05.842-0100][2.126s] GC(3) Concurrent Rebuild Remembered Sets 3.927ms
[2023-02-09T14:00:05.842-0100][2.126s] GC(3) Pause Cleanup
[2023-02-09T14:00:05.842-0100][2.126s] GC(3) Pause Cleanup 26M->26M(512M) 0.112ms
[2023-02-09T14:00:05.842-0100][2.126s] GC(3) User=0.00s Sys=0.00s Real=0.00s
[2023-02-09T14:00:05.842-0100][2.126s] GC(3) Concurrent Cleanup for Next Mark
[2023-02-09T14:00:05.843-0100][2.127s] GC(3) Concurrent Cleanup for Next Mark 0.748ms
[2023-02-09T14:00:05.843-0100][2.127s] GC(3) Concurrent Cycle 12.885ms
[2023-02-09T14:00:07.565-0100][3.849s] GC(4) Pause Young (Concurrent Start) (Metadata GC Threshold)
[2023-02-09T14:00:07.565-0100][3.849s] GC(4) Using 10 workers of 10 for evacuation
[2023-02-09T14:00:07.570-0100][3.854s] GC(4)   Pre Evacuate Collection Set: 0.2ms
[2023-02-09T14:00:07.570-0100][3.854s] GC(4)   Merge Heap Roots: 0.5ms
[2023-02-09T14:00:07.570-0100][3.854s] GC(4)   Evacuate Collection Set: 4.0ms
[2023-02-09T14:00:07.570-0100][3.854s] GC(4)   Post Evacuate Collection Set: 0.8ms
[2023-02-09T14:00:07.570-0100][3.854s] GC(4)   Other: 0.2ms
[2023-02-09T14:00:07.570-0100][3.854s] GC(4) Eden regions: 102->0(297)
[2023-02-09T14:00:07.570-0100][3.854s] GC(4) Survivor regions: 2->10(17)
[2023-02-09T14:00:07.570-0100][3.854s] GC(4) Old regions: 19->19
[2023-02-09T14:00:07.570-0100][3.854s] GC(4) Archive regions: 2->2
[2023-02-09T14:00:07.570-0100][3.854s] GC(4) Humongous regions: 4->4
[2023-02-09T14:00:07.570-0100][3.854s] GC(4) Metaspace: 34691K(35840K)->34691K(35840K) NonClass: 30802K(31744K)->30802K(31744K) Class: 3888K(4096K)->3888K(4096K)
[2023-02-09T14:00:07.571-0100][3.854s] GC(4) Pause Young (Concurrent Start) (Metadata GC Threshold) 126M->33M(512M) 5.845ms
[2023-02-09T14:00:07.571-0100][3.854s] GC(4) User=0.02s Sys=0.00s Real=0.01s
[2023-02-09T14:00:07.571-0100][3.854s] GC(5) Concurrent Cycle
[2023-02-09T14:00:07.571-0100][3.854s] GC(5) Concurrent Clear Claimed Marks
[2023-02-09T14:00:07.571-0100][3.855s] GC(5) Concurrent Clear Claimed Marks 0.026ms
[2023-02-09T14:00:07.571-0100][3.855s] GC(5) Concurrent Scan Root Regions
[2023-02-09T14:00:07.573-0100][3.856s] GC(5) Concurrent Scan Root Regions 1.944ms
[2023-02-09T14:00:07.573-0100][3.857s] GC(5) Concurrent Mark (3.857s)
[2023-02-09T14:00:07.573-0100][3.857s] GC(5) Concurrent Mark From Roots
[2023-02-09T14:00:07.573-0100][3.857s] GC(5) Using 3 workers of 3 for marking
[2023-02-09T14:00:07.580-0100][3.864s] GC(5) Concurrent Mark From Roots 7.701ms
[2023-02-09T14:00:07.580-0100][3.864s] GC(5) Concurrent Preclean
[2023-02-09T14:00:07.580-0100][3.864s] GC(5) Concurrent Preclean 0.074ms
[2023-02-09T14:00:07.580-0100][3.864s] GC(5) Concurrent Mark (3.857s, 3.864s) 7.841ms
[2023-02-09T14:00:07.581-0100][3.865s] GC(5) Pause Remark
[2023-02-09T14:00:07.582-0100][3.866s] GC(5) Pause Remark 35M->35M(512M) 1.384ms
[2023-02-09T14:00:07.582-0100][3.866s] GC(5) User=0.01s Sys=0.00s Real=0.00s
[2023-02-09T14:00:07.582-0100][3.866s] GC(5) Concurrent Rebuild Remembered Sets
[2023-02-09T14:00:07.587-0100][3.871s] GC(5) Concurrent Rebuild Remembered Sets 4.803ms
[2023-02-09T14:00:07.587-0100][3.871s] GC(5) Pause Cleanup
[2023-02-09T14:00:07.588-0100][3.872s] GC(5) Pause Cleanup 35M->35M(512M) 0.436ms
[2023-02-09T14:00:07.588-0100][3.872s] GC(5) User=0.00s Sys=0.00s Real=0.00s
[2023-02-09T14:00:07.588-0100][3.872s] GC(5) Concurrent Cleanup for Next Mark
[2023-02-09T14:00:07.589-0100][3.873s] GC(5) Concurrent Cleanup for Next Mark 0.854ms
[2023-02-09T14:00:07.589-0100][3.873s] GC(5) Concurrent Cycle 18.335ms
[2023-02-09T14:00:39.214-0100][35.500s] GC(6) Pause Young (Normal) (G1 Evacuation Pause)
[2023-02-09T14:00:39.215-0100][35.500s] GC(6) Using 10 workers of 10 for evacuation
[2023-02-09T14:00:39.225-0100][35.510s] GC(6)   Pre Evacuate Collection Set: 0.1ms
[2023-02-09T14:00:39.225-0100][35.510s] GC(6)   Merge Heap Roots: 0.1ms
[2023-02-09T14:00:39.225-0100][35.510s] GC(6)   Evacuate Collection Set: 9.2ms
[2023-02-09T14:00:39.225-0100][35.510s] GC(6)   Post Evacuate Collection Set: 1.0ms
[2023-02-09T14:00:39.225-0100][35.510s] GC(6)   Other: 0.2ms
[2023-02-09T14:00:39.225-0100][35.510s] GC(6) Eden regions: 297->0(276)
[2023-02-09T14:00:39.225-0100][35.510s] GC(6) Survivor regions: 10->31(39)
[2023-02-09T14:00:39.225-0100][35.510s] GC(6) Old regions: 19->19
[2023-02-09T14:00:39.225-0100][35.510s] GC(6) Archive regions: 2->2
[2023-02-09T14:00:39.225-0100][35.510s] GC(6) Humongous regions: 5->4
[2023-02-09T14:00:39.225-0100][35.510s] GC(6) Metaspace: 51881K(53376K)->51881K(53376K) NonClass: 45907K(47104K)->45907K(47104K) Class: 5973K(6272K)->5973K(6272K)
[2023-02-09T14:00:39.225-0100][35.510s] GC(6) Pause Young (Normal) (G1 Evacuation Pause) 331M->54M(512M) 10.687ms
[2023-02-09T14:00:39.225-0100][35.510s] GC(6) User=0.06s Sys=0.01s Real=0.01s
[2023-02-09T14:04:12.947-0100][249.242s] GC(7) Pause Young (Concurrent Start) (Metadata GC Threshold)
[2023-02-09T14:04:12.947-0100][249.242s] GC(7) Using 10 workers of 10 for evacuation
[2023-02-09T14:04:12.975-0100][249.269s] GC(7)   Pre Evacuate Collection Set: 0.1ms
[2023-02-09T14:04:12.975-0100][249.269s] GC(7)   Merge Heap Roots: 0.1ms
[2023-02-09T14:04:12.975-0100][249.269s] GC(7)   Evacuate Collection Set: 26.0ms
[2023-02-09T14:04:12.975-0100][249.269s] GC(7)   Post Evacuate Collection Set: 1.1ms
[2023-02-09T14:04:12.975-0100][249.269s] GC(7)   Other: 0.5ms
[2023-02-09T14:04:12.975-0100][249.269s] GC(7) Eden regions: 222->0(288)
[2023-02-09T14:04:12.975-0100][249.269s] GC(7) Survivor regions: 31->19(39)
[2023-02-09T14:04:12.975-0100][249.269s] GC(7) Old regions: 19->49
[2023-02-09T14:04:12.975-0100][249.269s] GC(7) Archive regions: 2->2
[2023-02-09T14:04:12.975-0100][249.269s] GC(7) Humongous regions: 7->7
[2023-02-09T14:04:12.975-0100][249.269s] GC(7) Metaspace: 58776K(60160K)->58776K(60160K) NonClass: 51962K(53120K)->51962K(53120K) Class: 6814K(7040K)->6814K(7040K)
[2023-02-09T14:04:12.975-0100][249.269s] GC(7) Pause Young (Concurrent Start) (Metadata GC Threshold) 278M->74M(512M) 27.968ms
[2023-02-09T14:04:12.975-0100][249.270s] GC(7) User=0.09s Sys=0.02s Real=0.03s
[2023-02-09T14:04:12.975-0100][249.270s] GC(8) Concurrent Cycle
[2023-02-09T14:04:12.975-0100][249.270s] GC(8) Concurrent Clear Claimed Marks
[2023-02-09T14:04:12.975-0100][249.270s] GC(8) Concurrent Clear Claimed Marks 0.035ms
[2023-02-09T14:04:12.975-0100][249.270s] GC(8) Concurrent Scan Root Regions
[2023-02-09T14:04:12.984-0100][249.279s] GC(8) Concurrent Scan Root Regions 9.011ms
[2023-02-09T14:04:12.984-0100][249.279s] GC(8) Concurrent Mark (249.279s)
[2023-02-09T14:04:12.984-0100][249.279s] GC(8) Concurrent Mark From Roots
[2023-02-09T14:04:12.984-0100][249.279s] GC(8) Using 3 workers of 3 for marking
[2023-02-09T14:04:12.992-0100][249.287s] GC(8) Concurrent Mark From Roots 8.287ms
[2023-02-09T14:04:12.992-0100][249.287s] GC(8) Concurrent Preclean
[2023-02-09T14:04:12.992-0100][249.287s] GC(8) Concurrent Preclean 0.062ms
[2023-02-09T14:04:12.992-0100][249.287s] GC(8) Concurrent Mark (249.279s, 249.287s) 8.411ms
[2023-02-09T14:04:12.993-0100][249.287s] GC(8) Pause Remark
[2023-02-09T14:04:12.996-0100][249.291s] GC(8) Pause Remark 75M->75M(512M) 3.326ms
[2023-02-09T14:04:12.996-0100][249.291s] GC(8) User=0.01s Sys=0.01s Real=0.00s
[2023-02-09T14:04:12.996-0100][249.291s] GC(8) Concurrent Rebuild Remembered Sets
[2023-02-09T14:04:13.008-0100][249.303s] GC(8) Concurrent Rebuild Remembered Sets 12.034ms
[2023-02-09T14:04:13.010-0100][249.304s] GC(8) Pause Cleanup
[2023-02-09T14:04:13.010-0100][249.304s] GC(8) Pause Cleanup 75M->75M(512M) 0.216ms
[2023-02-09T14:04:13.010-0100][249.305s] GC(8) User=0.00s Sys=0.00s Real=0.00s
[2023-02-09T14:04:13.010-0100][249.305s] GC(8) Concurrent Cleanup for Next Mark
[2023-02-09T14:04:13.011-0100][249.305s] GC(8) Concurrent Cleanup for Next Mark 0.772ms
[2023-02-09T14:04:13.011-0100][249.305s] GC(8) Concurrent Cycle 35.869ms
[2023-02-09T14:06:20.860-0100][377.160s] Heap
[2023-02-09T14:06:20.860-0100][377.160s]  garbage-first heap   total 524288K, used 121707K [0x00000007e0000000, 0x0000000800000000)
[2023-02-09T14:06:20.860-0100][377.160s]   region size 1024K, 64 young (65536K), 19 survivors (19456K)
[2023-02-09T14:06:20.860-0100][377.160s]  Metaspace       used 61214K, capacity 62001K, committed 62720K, reserved 1103872K
[2023-02-09T14:06:20.860-0100][377.160s]   class space    used 7131K, capacity 7390K, committed 7424K, reserved 1048576K
