[2023-02-09T14:49:10.197-0100][0.007s] Using G1
[2023-02-09T14:49:10.410-0100][0.220s] Version: 15.0.2+7 (release)
[2023-02-09T14:49:10.410-0100][0.220s] CPUs: 12 total, 12 available
[2023-02-09T14:49:10.410-0100][0.220s] Memory: 16384M
[2023-02-09T14:49:10.410-0100][0.220s] Large Page Support: Disabled
[2023-02-09T14:49:10.410-0100][0.220s] NUMA Support: Disabled
[2023-02-09T14:49:10.410-0100][0.220s] Compressed Oops: Enabled (Zero based)
[2023-02-09T14:49:10.410-0100][0.220s] Heap Region Size: 1M
[2023-02-09T14:49:10.410-0100][0.220s] Heap Min Capacity: 512M
[2023-02-09T14:49:10.410-0100][0.220s] Heap Initial Capacity: 512M
[2023-02-09T14:49:10.410-0100][0.220s] Heap Max Capacity: 512M
[2023-02-09T14:49:10.410-0100][0.220s] Pre-touch: Enabled
[2023-02-09T14:49:10.410-0100][0.220s] Parallel Workers: 10
[2023-02-09T14:49:10.410-0100][0.220s] Concurrent Workers: 3
[2023-02-09T14:49:10.410-0100][0.220s] Concurrent Refinement Workers: 10
[2023-02-09T14:49:10.410-0100][0.220s] Periodic GC: Disabled
[2023-02-09T14:49:10.410-0100][0.221s] Mark closed archive regions in map: [0x00000007fff00000, 0x00000007fff78ff8]
[2023-02-09T14:49:10.411-0100][0.221s] Mark open archive regions in map: [0x00000007ffe00000, 0x00000007ffe50ff8]
[2023-02-09T14:49:10.411-0100][0.221s] CDS archive(s) mapped at: [0x0000000800000000-0x0000000800b2f000-0x0000000800b2f000), size 11726848, SharedBaseAddress: 0x0000000800000000, ArchiveRelocationMode: 0.
[2023-02-09T14:49:10.411-0100][0.221s] Compressed class space mapped at: 0x0000000800b30000-0x0000000840b30000, size: 1073741824
[2023-02-09T14:49:10.411-0100][0.221s] Narrow klass base: 0x0000000800000000, Narrow klass shift: 3, Narrow klass range: 0x100000000
[2023-02-09T14:49:11.135-0100][0.945s] GC(0) Pause Young (Normal) (G1 Evacuation Pause)
[2023-02-09T14:49:11.140-0100][0.950s] GC(0) Using 10 workers of 10 for evacuation
[2023-02-09T14:49:11.165-0100][0.975s] GC(0)   Pre Evacuate Collection Set: 0.3ms
[2023-02-09T14:49:11.186-0100][0.996s] GC(0)   Merge Heap Roots: 0.2ms
[2023-02-09T14:49:11.186-0100][0.996s] GC(0)   Evacuate Collection Set: 2.6ms
[2023-02-09T14:49:11.186-0100][0.996s] GC(0)   Post Evacuate Collection Set: 0.5ms
[2023-02-09T14:49:11.186-0100][0.996s] GC(0)   Other: 25.9ms
[2023-02-09T14:49:11.186-0100][0.996s] GC(0) Eden regions: 29->0(54)
[2023-02-09T14:49:11.187-0100][0.997s] GC(0) Survivor regions: 0->4(4)
[2023-02-09T14:49:11.187-0100][0.997s] GC(0) Old regions: 0->0
[2023-02-09T14:49:11.187-0100][0.997s] GC(0) Archive regions: 2->2
[2023-02-09T14:49:11.187-0100][0.997s] GC(0) Humongous regions: 0->0
[2023-02-09T14:49:11.187-0100][0.997s] GC(0) Metaspace: 6890K(8064K)->6890K(8064K) NonClass: 6083K(7168K)->6083K(7168K) Class: 806K(896K)->806K(896K)
[2023-02-09T14:49:11.187-0100][0.997s] GC(0) Pause Young (Normal) (G1 Evacuation Pause) 29M->3M(512M) 51.527ms
[2023-02-09T14:49:11.208-0100][1.018s] GC(0) User=0.03s Sys=0.00s Real=0.07s
[2023-02-09T14:49:11.992-0100][1.802s] GC(1) Pause Young (Normal) (G1 Evacuation Pause)
[2023-02-09T14:49:11.992-0100][1.802s] GC(1) Using 10 workers of 10 for evacuation
[2023-02-09T14:49:11.999-0100][1.809s] GC(1)   Pre Evacuate Collection Set: 0.1ms
[2023-02-09T14:49:11.999-0100][1.809s] GC(1)   Merge Heap Roots: 0.1ms
[2023-02-09T14:49:11.999-0100][1.809s] GC(1)   Evacuate Collection Set: 6.6ms
[2023-02-09T14:49:11.999-0100][1.809s] GC(1)   Post Evacuate Collection Set: 0.7ms
[2023-02-09T14:49:11.999-0100][1.809s] GC(1)   Other: 0.1ms
[2023-02-09T14:49:11.999-0100][1.809s] GC(1) Eden regions: 54->0(181)
[2023-02-09T14:49:11.999-0100][1.809s] GC(1) Survivor regions: 4->8(8)
[2023-02-09T14:49:11.999-0100][1.809s] GC(1) Old regions: 0->11
[2023-02-09T14:49:11.999-0100][1.809s] GC(1) Archive regions: 2->2
[2023-02-09T14:49:11.999-0100][1.809s] GC(1) Humongous regions: 4->4
[2023-02-09T14:49:11.999-0100][1.809s] GC(1) Metaspace: 15999K(16640K)->15999K(16640K) NonClass: 14149K(14592K)->14149K(14592K) Class: 1850K(2048K)->1850K(2048K)
[2023-02-09T14:49:11.999-0100][1.809s] GC(1) Pause Young (Normal) (G1 Evacuation Pause) 61M->23M(512M) 7.672ms
[2023-02-09T14:49:11.999-0100][1.809s] GC(1) User=0.04s Sys=0.00s Real=0.00s
[2023-02-09T14:49:12.305-0100][2.115s] GC(2) Pause Young (Concurrent Start) (Metadata GC Threshold)
[2023-02-09T14:49:12.305-0100][2.115s] GC(2) Using 10 workers of 10 for evacuation
[2023-02-09T14:49:12.309-0100][2.119s] GC(2)   Pre Evacuate Collection Set: 0.1ms
[2023-02-09T14:49:12.309-0100][2.119s] GC(2)   Merge Heap Roots: 0.1ms
[2023-02-09T14:49:12.309-0100][2.119s] GC(2)   Evacuate Collection Set: 2.8ms
[2023-02-09T14:49:12.309-0100][2.119s] GC(2)   Post Evacuate Collection Set: 0.5ms
[2023-02-09T14:49:12.309-0100][2.119s] GC(2)   Other: 0.2ms
[2023-02-09T14:49:12.309-0100][2.119s] GC(2) Eden regions: 29->0(289)
[2023-02-09T14:49:12.309-0100][2.119s] GC(2) Survivor regions: 8->9(18)
[2023-02-09T14:49:12.309-0100][2.119s] GC(2) Old regions: 11->11
[2023-02-09T14:49:12.309-0100][2.119s] GC(2) Archive regions: 2->2
[2023-02-09T14:49:12.309-0100][2.119s] GC(2) Humongous regions: 4->4
[2023-02-09T14:49:12.309-0100][2.119s] GC(2) Metaspace: 20442K(21248K)->20442K(21248K) NonClass: 18143K(18688K)->18143K(18688K) Class: 2299K(2560K)->2299K(2560K)
[2023-02-09T14:49:12.309-0100][2.119s] GC(2) Pause Young (Concurrent Start) (Metadata GC Threshold) 51M->24M(512M) 3.814ms
[2023-02-09T14:49:12.309-0100][2.119s] GC(2) User=0.02s Sys=0.00s Real=0.00s
[2023-02-09T14:49:12.309-0100][2.119s] GC(3) Concurrent Cycle
[2023-02-09T14:49:12.309-0100][2.119s] GC(3) Concurrent Clear Claimed Marks
[2023-02-09T14:49:12.309-0100][2.119s] GC(3) Concurrent Clear Claimed Marks 0.022ms
[2023-02-09T14:49:12.309-0100][2.119s] GC(3) Concurrent Scan Root Regions
[2023-02-09T14:49:12.313-0100][2.123s] GC(3) Concurrent Scan Root Regions 3.615ms
[2023-02-09T14:49:12.313-0100][2.123s] GC(3) Concurrent Mark (2.123s)
[2023-02-09T14:49:12.313-0100][2.123s] GC(3) Concurrent Mark From Roots
[2023-02-09T14:49:12.313-0100][2.123s] GC(3) Using 3 workers of 3 for marking
[2023-02-09T14:49:12.318-0100][2.128s] GC(3) Concurrent Mark From Roots 5.252ms
[2023-02-09T14:49:12.318-0100][2.129s] GC(3) Concurrent Preclean
[2023-02-09T14:49:12.318-0100][2.129s] GC(3) Concurrent Preclean 0.034ms
[2023-02-09T14:49:12.318-0100][2.129s] GC(3) Concurrent Mark (2.123s, 2.129s) 5.510ms
[2023-02-09T14:49:12.319-0100][2.129s] GC(3) Pause Remark
[2023-02-09T14:49:12.320-0100][2.130s] GC(3) Pause Remark 25M->25M(512M) 0.929ms
[2023-02-09T14:49:12.320-0100][2.130s] GC(3) User=0.00s Sys=0.00s Real=0.01s
[2023-02-09T14:49:12.320-0100][2.130s] GC(3) Concurrent Rebuild Remembered Sets
[2023-02-09T14:49:12.323-0100][2.133s] GC(3) Concurrent Rebuild Remembered Sets 2.943ms
[2023-02-09T14:49:12.323-0100][2.133s] GC(3) Pause Cleanup
[2023-02-09T14:49:12.323-0100][2.133s] GC(3) Pause Cleanup 25M->25M(512M) 0.107ms
[2023-02-09T14:49:12.323-0100][2.133s] GC(3) User=0.00s Sys=0.00s Real=0.00s
[2023-02-09T14:49:12.323-0100][2.133s] GC(3) Concurrent Cleanup for Next Mark
[2023-02-09T14:49:12.324-0100][2.134s] GC(3) Concurrent Cleanup for Next Mark 0.716ms
[2023-02-09T14:49:12.324-0100][2.134s] GC(3) Concurrent Cycle 14.663ms
[2023-02-09T14:49:14.087-0100][3.898s] GC(4) Pause Young (Concurrent Start) (Metadata GC Threshold)
[2023-02-09T14:49:14.087-0100][3.898s] GC(4) Using 10 workers of 10 for evacuation
[2023-02-09T14:49:14.095-0100][3.906s] GC(4)   Pre Evacuate Collection Set: 0.1ms
[2023-02-09T14:49:14.095-0100][3.906s] GC(4)   Merge Heap Roots: 0.1ms
[2023-02-09T14:49:14.095-0100][3.906s] GC(4)   Evacuate Collection Set: 6.7ms
[2023-02-09T14:49:14.095-0100][3.906s] GC(4)   Post Evacuate Collection Set: 0.9ms
[2023-02-09T14:49:14.095-0100][3.906s] GC(4)   Other: 0.2ms
[2023-02-09T14:49:14.095-0100][3.906s] GC(4) Eden regions: 108->0(288)
[2023-02-09T14:49:14.095-0100][3.906s] GC(4) Survivor regions: 9->19(36)
[2023-02-09T14:49:14.095-0100][3.906s] GC(4) Old regions: 11->11
[2023-02-09T14:49:14.095-0100][3.906s] GC(4) Archive regions: 2->2
[2023-02-09T14:49:14.095-0100][3.906s] GC(4) Humongous regions: 4->4
[2023-02-09T14:49:14.095-0100][3.906s] GC(4) Metaspace: 34804K(35840K)->34804K(35840K) NonClass: 30921K(31744K)->30921K(31744K) Class: 3882K(4096K)->3882K(4096K)
[2023-02-09T14:49:14.095-0100][3.906s] GC(4) Pause Young (Concurrent Start) (Metadata GC Threshold) 131M->33M(512M) 8.093ms
[2023-02-09T14:49:14.095-0100][3.906s] GC(4) User=0.04s Sys=0.01s Real=0.01s
[2023-02-09T14:49:14.095-0100][3.906s] GC(5) Concurrent Cycle
[2023-02-09T14:49:14.096-0100][3.906s] GC(5) Concurrent Clear Claimed Marks
[2023-02-09T14:49:14.096-0100][3.906s] GC(5) Concurrent Clear Claimed Marks 0.039ms
[2023-02-09T14:49:14.096-0100][3.906s] GC(5) Concurrent Scan Root Regions
[2023-02-09T14:49:14.099-0100][3.909s] GC(5) Concurrent Scan Root Regions 3.235ms
[2023-02-09T14:49:14.099-0100][3.909s] GC(5) Concurrent Mark (3.909s)
[2023-02-09T14:49:14.099-0100][3.909s] GC(5) Concurrent Mark From Roots
[2023-02-09T14:49:14.099-0100][3.909s] GC(5) Using 3 workers of 3 for marking
[2023-02-09T14:49:14.105-0100][3.915s] GC(5) Concurrent Mark From Roots 6.012ms
[2023-02-09T14:49:14.105-0100][3.915s] GC(5) Concurrent Preclean
[2023-02-09T14:49:14.105-0100][3.915s] GC(5) Concurrent Preclean 0.032ms
[2023-02-09T14:49:14.105-0100][3.915s] GC(5) Concurrent Mark (3.909s, 3.915s) 6.105ms
[2023-02-09T14:49:14.105-0100][3.915s] GC(5) Pause Remark
[2023-02-09T14:49:14.107-0100][3.917s] GC(5) Pause Remark 34M->34M(512M) 1.578ms
[2023-02-09T14:49:14.107-0100][3.917s] GC(5) User=0.00s Sys=0.00s Real=0.00s
[2023-02-09T14:49:14.107-0100][3.917s] GC(5) Concurrent Rebuild Remembered Sets
[2023-02-09T14:49:14.111-0100][3.922s] GC(5) Concurrent Rebuild Remembered Sets 4.563ms
[2023-02-09T14:49:14.112-0100][3.922s] GC(5) Pause Cleanup
[2023-02-09T14:49:14.112-0100][3.922s] GC(5) Pause Cleanup 35M->35M(512M) 0.111ms
[2023-02-09T14:49:14.112-0100][3.922s] GC(5) User=0.00s Sys=0.00s Real=0.00s
[2023-02-09T14:49:14.112-0100][3.922s] GC(5) Concurrent Cleanup for Next Mark
[2023-02-09T14:49:14.113-0100][3.924s] GC(5) Concurrent Cleanup for Next Mark 1.200ms
[2023-02-09T14:49:14.113-0100][3.924s] GC(5) Concurrent Cycle 17.794ms
[2023-02-09T14:49:15.777-0100][5.587s] GC(6) Pause Young (Normal) (G1 Evacuation Pause)
[2023-02-09T14:49:15.777-0100][5.587s] GC(6) Using 10 workers of 10 for evacuation
[2023-02-09T14:49:15.796-0100][5.606s] GC(6)   Pre Evacuate Collection Set: 0.1ms
[2023-02-09T14:49:15.796-0100][5.606s] GC(6)   Merge Heap Roots: 0.1ms
[2023-02-09T14:49:15.796-0100][5.607s] GC(6)   Evacuate Collection Set: 17.3ms
[2023-02-09T14:49:15.796-0100][5.607s] GC(6)   Post Evacuate Collection Set: 1.7ms
[2023-02-09T14:49:15.796-0100][5.607s] GC(6)   Other: 0.2ms
[2023-02-09T14:49:15.796-0100][5.607s] GC(6) Eden regions: 288->0(268)
[2023-02-09T14:49:15.796-0100][5.607s] GC(6) Survivor regions: 19->39(39)
[2023-02-09T14:49:15.796-0100][5.607s] GC(6) Old regions: 11->11
[2023-02-09T14:49:15.796-0100][5.607s] GC(6) Archive regions: 2->2
[2023-02-09T14:49:15.796-0100][5.607s] GC(6) Humongous regions: 5->4
[2023-02-09T14:49:15.796-0100][5.607s] GC(6) Metaspace: 51189K(52736K)->51189K(52736K) NonClass: 45259K(46592K)->45259K(46592K) Class: 5930K(6144K)->5930K(6144K)
[2023-02-09T14:49:15.796-0100][5.607s] GC(6) Pause Young (Normal) (G1 Evacuation Pause) 322M->54M(512M) 19.560ms
[2023-02-09T14:49:15.796-0100][5.607s] GC(6) User=0.08s Sys=0.01s Real=0.02s
[2023-02-09T14:50:47.575-0100][97.389s] GC(7) Pause Young (Concurrent Start) (Metadata GC Threshold)
[2023-02-09T14:50:47.575-0100][97.389s] GC(7) Using 10 workers of 10 for evacuation
[2023-02-09T14:50:47.602-0100][97.416s] GC(7)   Pre Evacuate Collection Set: 0.1ms
[2023-02-09T14:50:47.602-0100][97.416s] GC(7)   Merge Heap Roots: 0.1ms
[2023-02-09T14:50:47.602-0100][97.416s] GC(7)   Evacuate Collection Set: 24.8ms
[2023-02-09T14:50:47.602-0100][97.416s] GC(7)   Post Evacuate Collection Set: 1.6ms
[2023-02-09T14:50:47.602-0100][97.416s] GC(7)   Other: 0.2ms
[2023-02-09T14:50:47.602-0100][97.416s] GC(7) Eden regions: 218->0(287)
[2023-02-09T14:50:47.602-0100][97.416s] GC(7) Survivor regions: 39->20(39)
[2023-02-09T14:50:47.602-0100][97.416s] GC(7) Old regions: 11->49
[2023-02-09T14:50:47.602-0100][97.416s] GC(7) Archive regions: 2->2
[2023-02-09T14:50:47.602-0100][97.416s] GC(7) Humongous regions: 7->7
[2023-02-09T14:50:47.602-0100][97.416s] GC(7) Metaspace: 58696K(60160K)->58696K(60160K) NonClass: 51856K(52992K)->51856K(52992K) Class: 6840K(7168K)->6840K(7168K)
[2023-02-09T14:50:47.602-0100][97.416s] GC(7) Pause Young (Concurrent Start) (Metadata GC Threshold) 274M->75M(512M) 26.959ms
[2023-02-09T14:50:47.602-0100][97.416s] GC(7) User=0.12s Sys=0.00s Real=0.03s
[2023-02-09T14:50:47.602-0100][97.416s] GC(8) Concurrent Cycle
[2023-02-09T14:50:47.602-0100][97.416s] GC(8) Concurrent Clear Claimed Marks
[2023-02-09T14:50:47.602-0100][97.416s] GC(8) Concurrent Clear Claimed Marks 0.038ms
[2023-02-09T14:50:47.602-0100][97.417s] GC(8) Concurrent Scan Root Regions
[2023-02-09T14:50:47.611-0100][97.425s] GC(8) Concurrent Scan Root Regions 8.674ms
[2023-02-09T14:50:47.611-0100][97.425s] GC(8) Concurrent Mark (97.425s)
[2023-02-09T14:50:47.611-0100][97.425s] GC(8) Concurrent Mark From Roots
[2023-02-09T14:50:47.611-0100][97.425s] GC(8) Using 3 workers of 3 for marking
[2023-02-09T14:50:47.616-0100][97.431s] GC(8) Concurrent Mark From Roots 5.537ms
[2023-02-09T14:50:47.616-0100][97.431s] GC(8) Concurrent Preclean
[2023-02-09T14:50:47.616-0100][97.431s] GC(8) Concurrent Preclean 0.031ms
[2023-02-09T14:50:47.616-0100][97.431s] GC(8) Concurrent Mark (97.425s, 97.431s) 5.624ms
[2023-02-09T14:50:47.617-0100][97.431s] GC(8) Pause Remark
[2023-02-09T14:50:47.619-0100][97.433s] GC(8) Pause Remark 77M->77M(512M) 2.130ms
[2023-02-09T14:50:47.619-0100][97.433s] GC(8) User=0.01s Sys=0.00s Real=0.00s
[2023-02-09T14:50:47.619-0100][97.433s] GC(8) Concurrent Rebuild Remembered Sets
[2023-02-09T14:50:47.630-0100][97.445s] GC(8) Concurrent Rebuild Remembered Sets 11.305ms
[2023-02-09T14:50:47.631-0100][97.445s] GC(8) Pause Cleanup
[2023-02-09T14:50:47.631-0100][97.445s] GC(8) Pause Cleanup 78M->78M(512M) 0.114ms
[2023-02-09T14:50:47.631-0100][97.445s] GC(8) User=0.00s Sys=0.00s Real=0.00s
[2023-02-09T14:50:47.631-0100][97.445s] GC(8) Concurrent Cleanup for Next Mark
[2023-02-09T14:50:47.631-0100][97.446s] GC(8) Concurrent Cleanup for Next Mark 0.661ms
[2023-02-09T14:50:47.631-0100][97.446s] GC(8) Concurrent Cycle 29.454ms
[2023-02-09T17:54:52.786-0100][10296.448s] GC(9) Pause Young (Normal) (G1 Evacuation Pause)
[2023-02-09T17:54:52.788-0100][10296.450s] GC(9) Using 10 workers of 10 for evacuation
[2023-02-09T17:54:52.834-0100][10296.496s] GC(9)   Pre Evacuate Collection Set: 1.1ms
[2023-02-09T17:54:52.834-0100][10296.496s] GC(9)   Merge Heap Roots: 1.0ms
[2023-02-09T17:54:52.834-0100][10296.496s] GC(9)   Evacuate Collection Set: 41.7ms
[2023-02-09T17:54:52.834-0100][10296.496s] GC(9)   Post Evacuate Collection Set: 2.2ms
[2023-02-09T17:54:52.834-0100][10296.496s] GC(9)   Other: 2.0ms
[2023-02-09T17:54:52.834-0100][10296.496s] GC(9) Eden regions: 287->0(287)
[2023-02-09T17:54:52.834-0100][10296.496s] GC(9) Survivor regions: 20->20(39)
[2023-02-09T17:54:52.834-0100][10296.496s] GC(9) Old regions: 49->49
[2023-02-09T17:54:52.834-0100][10296.496s] GC(9) Archive regions: 2->2
[2023-02-09T17:54:52.834-0100][10296.496s] GC(9) Humongous regions: 7->7
[2023-02-09T17:54:52.834-0100][10296.496s] GC(9) Metaspace: 61646K(63488K)->61646K(63488K) NonClass: 54613K(56064K)->54613K(56064K) Class: 7033K(7424K)->7033K(7424K)
[2023-02-09T17:54:52.834-0100][10296.496s] GC(9) Pause Young (Normal) (G1 Evacuation Pause) 362M->75M(512M) 47.999ms
[2023-02-09T17:54:52.834-0100][10296.496s] GC(9) User=0.07s Sys=0.16s Real=0.05s
[2023-02-09T20:57:57.323-0100][21207.805s] GC(10) Pause Young (Normal) (G1 Evacuation Pause)
[2023-02-09T20:57:57.324-0100][21207.806s] GC(10) Using 10 workers of 10 for evacuation
[2023-02-09T20:57:57.383-0100][21207.864s] GC(10)   Pre Evacuate Collection Set: 0.5ms
[2023-02-09T20:57:57.383-0100][21207.864s] GC(10)   Merge Heap Roots: 0.3ms
[2023-02-09T20:57:57.383-0100][21207.864s] GC(10)   Evacuate Collection Set: 55.0ms
[2023-02-09T20:57:57.383-0100][21207.864s] GC(10)   Post Evacuate Collection Set: 2.7ms
[2023-02-09T20:57:57.383-0100][21207.864s] GC(10)   Other: 1.4ms
[2023-02-09T20:57:57.383-0100][21207.864s] GC(10) Eden regions: 287->0(289)
[2023-02-09T20:57:57.383-0100][21207.864s] GC(10) Survivor regions: 20->18(39)
[2023-02-09T20:57:57.383-0100][21207.864s] GC(10) Old regions: 49->49
[2023-02-09T20:57:57.383-0100][21207.864s] GC(10) Archive regions: 2->2
[2023-02-09T20:57:57.383-0100][21207.864s] GC(10) Humongous regions: 7->7
[2023-02-09T20:57:57.383-0100][21207.864s] GC(10) Metaspace: 62041K(63744K)->62041K(63744K) NonClass: 55008K(56320K)->55008K(56320K) Class: 7033K(7424K)->7033K(7424K)
[2023-02-09T20:57:57.384-0100][21207.865s] GC(10) Pause Young (Normal) (G1 Evacuation Pause) 362M->73M(512M) 60.795ms
[2023-02-09T20:57:57.384-0100][21207.865s] GC(10) User=0.07s Sys=0.19s Real=0.06s
[2023-02-13T12:33:06.569-0100][33773.080s] GC(11) Pause Young (Normal) (G1 Evacuation Pause)
[2023-02-13T12:33:06.570-0100][33773.081s] GC(11) Using 10 workers of 10 for evacuation
[2023-02-13T12:33:06.622-0100][33773.133s] GC(11)   Pre Evacuate Collection Set: 0.5ms
[2023-02-13T12:33:06.622-0100][33773.133s] GC(11)   Merge Heap Roots: 0.3ms
[2023-02-13T12:33:06.622-0100][33773.133s] GC(11)   Evacuate Collection Set: 49.1ms
[2023-02-13T12:33:06.622-0100][33773.133s] GC(11)   Post Evacuate Collection Set: 1.5ms
[2023-02-13T12:33:06.622-0100][33773.133s] GC(11)   Other: 1.3ms
[2023-02-13T12:33:06.622-0100][33773.133s] GC(11) Eden regions: 289->0(289)
[2023-02-13T12:33:06.622-0100][33773.133s] GC(11) Survivor regions: 18->18(39)
[2023-02-13T12:33:06.622-0100][33773.133s] GC(11) Old regions: 49->49
[2023-02-13T12:33:06.622-0100][33773.133s] GC(11) Archive regions: 2->2
[2023-02-13T12:33:06.622-0100][33773.133s] GC(11) Humongous regions: 7->7
[2023-02-13T12:33:06.622-0100][33773.133s] GC(11) Metaspace: 62656K(64512K)->62656K(64512K) NonClass: 55594K(57088K)->55594K(57088K) Class: 7062K(7424K)->7062K(7424K)
[2023-02-13T12:33:06.622-0100][33773.133s] GC(11) Pause Young (Normal) (G1 Evacuation Pause) 362M->74M(512M) 52.791ms
[2023-02-13T12:33:06.622-0100][33773.133s] GC(11) User=0.06s Sys=0.18s Real=0.06s
[2023-02-15T17:38:59.783-0100][44109.458s] GC(12) Pause Young (Normal) (G1 Evacuation Pause)
[2023-02-15T17:38:59.785-0100][44109.460s] GC(12) Using 10 workers of 10 for evacuation
[2023-02-15T17:38:59.847-0100][44109.522s] GC(12)   Pre Evacuate Collection Set: 1.8ms
[2023-02-15T17:38:59.847-0100][44109.522s] GC(12)   Merge Heap Roots: 0.8ms
[2023-02-15T17:38:59.847-0100][44109.522s] GC(12)   Evacuate Collection Set: 51.8ms
[2023-02-15T17:38:59.847-0100][44109.522s] GC(12)   Post Evacuate Collection Set: 3.3ms
[2023-02-15T17:38:59.848-0100][44109.523s] GC(12)   Other: 11.3ms
[2023-02-15T17:38:59.848-0100][44109.523s] GC(12) Eden regions: 289->0(289)
[2023-02-15T17:38:59.848-0100][44109.523s] GC(12) Survivor regions: 18->18(39)
[2023-02-15T17:38:59.848-0100][44109.523s] GC(12) Old regions: 49->49
[2023-02-15T17:38:59.848-0100][44109.523s] GC(12) Archive regions: 2->2
[2023-02-15T17:38:59.848-0100][44109.523s] GC(12) Humongous regions: 7->7
[2023-02-15T17:38:59.848-0100][44109.524s] GC(12) Metaspace: 62743K(64512K)->62743K(64512K) NonClass: 55681K(57088K)->55681K(57088K) Class: 7062K(7424K)->7062K(7424K)
[2023-02-15T17:38:59.849-0100][44109.524s] GC(12) Pause Young (Normal) (G1 Evacuation Pause) 363M->74M(512M) 67.085ms
[2023-02-15T17:38:59.849-0100][44109.524s] GC(12) User=0.07s Sys=0.21s Real=0.06s
[2023-02-17T13:12:58.986-0100][56561.178s] GC(13) Pause Young (Normal) (G1 Evacuation Pause)
[2023-02-17T13:12:58.988-0100][56561.180s] GC(13) Using 10 workers of 10 for evacuation
[2023-02-17T13:12:59.091-0100][56561.283s] GC(13)   Pre Evacuate Collection Set: 4.6ms
[2023-02-17T13:12:59.091-0100][56561.283s] GC(13)   Merge Heap Roots: 1.4ms
[2023-02-17T13:12:59.091-0100][56561.283s] GC(13)   Evacuate Collection Set: 90.4ms
[2023-02-17T13:12:59.091-0100][56561.283s] GC(13)   Post Evacuate Collection Set: 4.1ms
[2023-02-17T13:12:59.116-0100][56561.308s] GC(13)   Other: 7.1ms
[2023-02-17T13:12:59.117-0100][56561.309s] GC(13) Eden regions: 289->0(288)
[2023-02-17T13:12:59.117-0100][56561.309s] GC(13) Survivor regions: 18->19(39)
[2023-02-17T13:12:59.117-0100][56561.309s] GC(13) Old regions: 49->49
[2023-02-17T13:12:59.117-0100][56561.309s] GC(13) Archive regions: 2->2
[2023-02-17T13:12:59.117-0100][56561.309s] GC(13) Humongous regions: 7->7
[2023-02-17T13:12:59.117-0100][56561.309s] GC(13) Metaspace: 62876K(64512K)->62876K(64512K) NonClass: 55814K(57088K)->55814K(57088K) Class: 7062K(7424K)->7062K(7424K)
[2023-02-17T13:12:59.118-0100][56561.310s] GC(13) Pause Young (Normal) (G1 Evacuation Pause) 363M->74M(512M) 132.693ms
[2023-02-17T13:12:59.118-0100][56561.310s] GC(13) User=0.07s Sys=0.24s Real=0.13s
[2023-02-20T15:52:14.712-0100][66352.679s] GC(14) Pause Young (Normal) (G1 Evacuation Pause)
[2023-02-20T15:52:14.716-0100][66352.681s] GC(14) Using 10 workers of 10 for evacuation
[2023-02-20T15:52:14.795-0100][66352.760s] GC(14)   Pre Evacuate Collection Set: 2.0ms
[2023-02-20T15:52:14.795-0100][66352.760s] GC(14)   Merge Heap Roots: 1.1ms
[2023-02-20T15:52:14.795-0100][66352.760s] GC(14)   Evacuate Collection Set: 66.8ms
[2023-02-20T15:52:14.795-0100][66352.760s] GC(14)   Post Evacuate Collection Set: 3.6ms
[2023-02-20T15:52:14.795-0100][66352.761s] GC(14)   Other: 14.3ms
[2023-02-20T15:52:14.795-0100][66352.761s] GC(14) Eden regions: 288->0(288)
[2023-02-20T15:52:14.795-0100][66352.761s] GC(14) Survivor regions: 19->19(39)
[2023-02-20T15:52:14.795-0100][66352.761s] GC(14) Old regions: 49->49
[2023-02-20T15:52:14.795-0100][66352.761s] GC(14) Archive regions: 2->2
[2023-02-20T15:52:14.796-0100][66352.761s] GC(14) Humongous regions: 7->7
[2023-02-20T15:52:14.796-0100][66352.762s] GC(14) Metaspace: 62930K(64512K)->62930K(64512K) NonClass: 55868K(57088K)->55868K(57088K) Class: 7062K(7424K)->7062K(7424K)
[2023-02-20T15:52:14.796-0100][66352.762s] GC(14) Pause Young (Normal) (G1 Evacuation Pause) 362M->74M(512M) 84.981ms
[2023-02-20T15:52:14.796-0100][66352.762s] GC(14) User=0.07s Sys=0.24s Real=0.08s
[2023-02-20T18:57:06.363-0100][77444.136s] GC(15) Pause Young (Normal) (G1 Evacuation Pause)
[2023-02-20T18:57:06.363-0100][77444.137s] GC(15) Using 10 workers of 10 for evacuation
[2023-02-20T18:57:06.376-0100][77444.149s] GC(15)   Pre Evacuate Collection Set: 0.2ms
[2023-02-20T18:57:06.376-0100][77444.149s] GC(15)   Merge Heap Roots: 0.1ms
[2023-02-20T18:57:06.376-0100][77444.149s] GC(15)   Evacuate Collection Set: 11.2ms
[2023-02-20T18:57:06.376-0100][77444.150s] GC(15)   Post Evacuate Collection Set: 0.9ms
[2023-02-20T18:57:06.376-0100][77444.150s] GC(15)   Other: 0.9ms
[2023-02-20T18:57:06.376-0100][77444.150s] GC(15) Eden regions: 288->0(287)
[2023-02-20T18:57:06.376-0100][77444.150s] GC(15) Survivor regions: 19->20(39)
[2023-02-20T18:57:06.376-0100][77444.150s] GC(15) Old regions: 49->49
[2023-02-20T18:57:06.376-0100][77444.150s] GC(15) Archive regions: 2->2
[2023-02-20T18:57:06.376-0100][77444.150s] GC(15) Humongous regions: 7->7
[2023-02-20T18:57:06.376-0100][77444.150s] GC(15) Metaspace: 62999K(64768K)->62999K(64768K) NonClass: 55921K(57344K)->55921K(57344K) Class: 7078K(7424K)->7078K(7424K)
[2023-02-20T18:57:06.376-0100][77444.150s] GC(15) Pause Young (Normal) (G1 Evacuation Pause) 362M->75M(512M) 13.468ms
[2023-02-20T18:57:06.376-0100][77444.150s] GC(15) User=0.05s Sys=0.01s Real=0.01s
[2023-02-22T14:44:59.264-0100][83568.613s] GC(16) Pause Young (Normal) (G1 Evacuation Pause)
[2023-02-22T14:44:59.264-0100][83568.614s] GC(16) Using 10 workers of 10 for evacuation
[2023-02-22T14:44:59.337-0100][83568.687s] GC(16)   Pre Evacuate Collection Set: 0.6ms
[2023-02-22T14:44:59.337-0100][83568.687s] GC(16)   Merge Heap Roots: 0.9ms
[2023-02-22T14:44:59.337-0100][83568.687s] GC(16)   Evacuate Collection Set: 68.5ms
[2023-02-22T14:44:59.337-0100][83568.687s] GC(16)   Post Evacuate Collection Set: 2.5ms
[2023-02-22T14:44:59.337-0100][83568.687s] GC(16)   Other: 1.1ms
[2023-02-22T14:44:59.337-0100][83568.687s] GC(16) Eden regions: 287->0(288)
[2023-02-22T14:44:59.337-0100][83568.687s] GC(16) Survivor regions: 20->19(39)
[2023-02-22T14:44:59.337-0100][83568.687s] GC(16) Old regions: 49->49
[2023-02-22T14:44:59.337-0100][83568.687s] GC(16) Archive regions: 2->2
[2023-02-22T14:44:59.337-0100][83568.687s] GC(16) Humongous regions: 7->7
[2023-02-22T14:44:59.337-0100][83568.687s] GC(16) Metaspace: 63017K(64768K)->63017K(64768K) NonClass: 55938K(57344K)->55938K(57344K) Class: 7078K(7424K)->7078K(7424K)
[2023-02-22T14:44:59.337-0100][83568.687s] GC(16) Pause Young (Normal) (G1 Evacuation Pause) 362M->75M(512M) 73.797ms
[2023-02-22T14:44:59.337-0100][83568.687s] GC(16) User=0.07s Sys=0.23s Real=0.07s
[2023-02-24T17:11:45.044-0100][94048.845s] GC(17) Pause Young (Normal) (G1 Evacuation Pause)
[2023-02-24T17:11:45.047-0100][94048.848s] GC(17) Using 10 workers of 10 for evacuation
[2023-02-24T17:11:45.161-0100][94048.962s] GC(17)   Pre Evacuate Collection Set: 2.5ms
[2023-02-24T17:11:45.161-0100][94048.962s] GC(17)   Merge Heap Roots: 1.0ms
[2023-02-24T17:11:45.161-0100][94048.962s] GC(17)   Evacuate Collection Set: 101.2ms
[2023-02-24T17:11:45.161-0100][94048.962s] GC(17)   Post Evacuate Collection Set: 6.0ms
[2023-02-24T17:11:45.162-0100][94048.963s] GC(17)   Other: 12.5ms
[2023-02-24T17:11:45.162-0100][94048.963s] GC(17) Eden regions: 288->0(289)
[2023-02-24T17:11:45.162-0100][94048.963s] GC(17) Survivor regions: 19->18(39)
[2023-02-24T17:11:45.162-0100][94048.963s] GC(17) Old regions: 49->49
[2023-02-24T17:11:45.162-0100][94048.963s] GC(17) Archive regions: 2->2
[2023-02-24T17:11:45.162-0100][94048.963s] GC(17) Humongous regions: 7->7
[2023-02-24T17:11:45.162-0100][94048.963s] GC(17) Metaspace: 63039K(64768K)->63039K(64768K) NonClass: 55961K(57344K)->55961K(57344K) Class: 7078K(7424K)->7078K(7424K)
[2023-02-24T17:11:45.163-0100][94048.964s] GC(17) Pause Young (Normal) (G1 Evacuation Pause) 363M->74M(512M) 119.822ms
[2023-02-24T17:11:45.163-0100][94048.964s] GC(17) User=0.10s Sys=0.32s Real=0.12s
[2023-02-28T20:36:46.498-0100][102099.589s] GC(18) Pause Young (Normal) (G1 Evacuation Pause)
[2023-02-28T20:36:46.503-0100][102099.593s] GC(18) Using 10 workers of 10 for evacuation
[2023-02-28T20:36:46.574-0100][102099.664s] GC(18)   Pre Evacuate Collection Set: 4.8ms
[2023-02-28T20:36:46.574-0100][102099.664s] GC(18)   Merge Heap Roots: 2.0ms
[2023-02-28T20:36:46.574-0100][102099.664s] GC(18)   Evacuate Collection Set: 56.5ms
[2023-02-28T20:36:46.574-0100][102099.664s] GC(18)   Post Evacuate Collection Set: 4.6ms
[2023-02-28T20:36:46.574-0100][102099.664s] GC(18)   Other: 11.3ms
[2023-02-28T20:36:46.575-0100][102099.665s] GC(18) Eden regions: 289->0(288)
[2023-02-28T20:36:46.575-0100][102099.665s] GC(18) Survivor regions: 18->19(39)
[2023-02-28T20:36:46.575-0100][102099.665s] GC(18) Old regions: 49->49
[2023-02-28T20:36:46.575-0100][102099.665s] GC(18) Archive regions: 2->2
[2023-02-28T20:36:46.575-0100][102099.665s] GC(18) Humongous regions: 7->7
[2023-02-28T20:36:46.575-0100][102099.665s] GC(18) Metaspace: 63082K(64768K)->63082K(64768K) NonClass: 56002K(57344K)->56002K(57344K) Class: 7079K(7424K)->7079K(7424K)
[2023-02-28T20:36:46.576-0100][102099.666s] GC(18) Pause Young (Normal) (G1 Evacuation Pause) 363M->75M(512M) 77.641ms
[2023-02-28T20:36:46.576-0100][102099.666s] GC(18) User=0.06s Sys=0.23s Real=0.08s
[2023-02-28T22:52:52.465-0100][106202.691s] GC(19) Pause Young (Normal) (G1 Evacuation Pause)
[2023-02-28T22:52:52.466-0100][106202.691s] GC(19) Using 10 workers of 10 for evacuation
[2023-02-28T22:52:52.477-0100][106202.702s] GC(19)   Pre Evacuate Collection Set: 0.2ms
[2023-02-28T22:52:52.477-0100][106202.702s] GC(19)   Merge Heap Roots: 0.1ms
[2023-02-28T22:52:52.477-0100][106202.702s] GC(19)   Evacuate Collection Set: 10.0ms
[2023-02-28T22:52:52.477-0100][106202.702s] GC(19)   Post Evacuate Collection Set: 0.9ms
[2023-02-28T22:52:52.477-0100][106202.702s] GC(19)   Other: 0.3ms
[2023-02-28T22:52:52.477-0100][106202.702s] GC(19) Eden regions: 288->0(288)
[2023-02-28T22:52:52.477-0100][106202.702s] GC(19) Survivor regions: 19->19(39)
[2023-02-28T22:52:52.477-0100][106202.702s] GC(19) Old regions: 49->49
[2023-02-28T22:52:52.477-0100][106202.702s] GC(19) Archive regions: 2->2
[2023-02-28T22:52:52.477-0100][106202.702s] GC(19) Humongous regions: 7->7
[2023-02-28T22:52:52.477-0100][106202.702s] GC(19) Metaspace: 63090K(64768K)->63090K(64768K) NonClass: 56009K(57344K)->56009K(57344K) Class: 7080K(7424K)->7080K(7424K)
[2023-02-28T22:52:52.477-0100][106202.702s] GC(19) Pause Young (Normal) (G1 Evacuation Pause) 363M->75M(512M) 11.641ms
[2023-02-28T22:52:52.477-0100][106202.702s] GC(19) User=0.05s Sys=0.01s Real=0.01s
[2023-03-02T19:59:05.003-0100][117182.593s] GC(20) Pause Young (Normal) (G1 Evacuation Pause)
[2023-03-02T19:59:05.006-0100][117182.595s] GC(20) Using 10 workers of 10 for evacuation
[2023-03-02T19:59:05.082-0100][117182.671s] GC(20)   Pre Evacuate Collection Set: 4.7ms
[2023-03-02T19:59:05.082-0100][117182.671s] GC(20)   Merge Heap Roots: 2.9ms
[2023-03-02T19:59:05.082-0100][117182.671s] GC(20)   Evacuate Collection Set: 58.8ms
[2023-03-02T19:59:05.082-0100][117182.671s] GC(20)   Post Evacuate Collection Set: 4.7ms
[2023-03-02T19:59:05.082-0100][117182.671s] GC(20)   Other: 13.3ms
[2023-03-02T19:59:05.082-0100][117182.671s] GC(20) Eden regions: 288->0(289)
[2023-03-02T19:59:05.082-0100][117182.671s] GC(20) Survivor regions: 19->18(39)
[2023-03-02T19:59:05.082-0100][117182.671s] GC(20) Old regions: 49->49
[2023-03-02T19:59:05.082-0100][117182.671s] GC(20) Archive regions: 2->2
[2023-03-02T19:59:05.082-0100][117182.671s] GC(20) Humongous regions: 7->7
[2023-03-02T19:59:05.083-0100][117182.672s] GC(20) Metaspace: 63091K(64768K)->63091K(64768K) NonClass: 56010K(57344K)->56010K(57344K) Class: 7080K(7424K)->7080K(7424K)
[2023-03-02T19:59:05.083-0100][117182.672s] GC(20) Pause Young (Normal) (G1 Evacuation Pause) 363M->74M(512M) 81.291ms
[2023-03-02T19:59:05.083-0100][117182.672s] GC(20) User=0.06s Sys=0.23s Real=0.08s
[2023-03-03T20:23:14.319-0100][128310.253s] GC(21) Pause Young (Normal) (G1 Evacuation Pause)
[2023-03-03T20:23:14.323-0100][128310.257s] GC(21) Using 10 workers of 10 for evacuation
[2023-03-03T20:23:14.398-0100][128310.332s] GC(21)   Pre Evacuate Collection Set: 5.0ms
[2023-03-03T20:23:14.398-0100][128310.332s] GC(21)   Merge Heap Roots: 1.0ms
[2023-03-03T20:23:14.398-0100][128310.332s] GC(21)   Evacuate Collection Set: 59.7ms
[2023-03-03T20:23:14.398-0100][128310.332s] GC(21)   Post Evacuate Collection Set: 4.8ms
[2023-03-03T20:23:14.398-0100][128310.332s] GC(21)   Other: 15.7ms
[2023-03-03T20:23:14.399-0100][128310.333s] GC(21) Eden regions: 289->0(288)
[2023-03-03T20:23:14.399-0100][128310.333s] GC(21) Survivor regions: 18->19(39)
[2023-03-03T20:23:14.399-0100][128310.333s] GC(21) Old regions: 49->49
[2023-03-03T20:23:14.399-0100][128310.333s] GC(21) Archive regions: 2->2
[2023-03-03T20:23:14.399-0100][128310.333s] GC(21) Humongous regions: 7->7
[2023-03-03T20:23:14.399-0100][128310.333s] GC(21) Metaspace: 63110K(64768K)->63110K(64768K) NonClass: 56029K(57344K)->56029K(57344K) Class: 7081K(7424K)->7081K(7424K)
[2023-03-03T20:23:14.400-0100][128310.333s] GC(21) Pause Young (Normal) (G1 Evacuation Pause) 363M->75M(512M) 81.192ms
[2023-03-03T20:23:14.400-0100][128310.333s] GC(21) User=0.07s Sys=0.24s Real=0.09s
[2023-03-05T18:05:42.686-0100][139407.907s] GC(22) Pause Young (Normal) (G1 Evacuation Pause)
[2023-03-05T18:05:42.688-0100][139407.908s] GC(22) Using 10 workers of 10 for evacuation
[2023-03-05T18:05:42.760-0100][139407.981s] GC(22)   Pre Evacuate Collection Set: 0.5ms
[2023-03-05T18:05:42.760-0100][139407.981s] GC(22)   Merge Heap Roots: 0.3ms
[2023-03-05T18:05:42.760-0100][139407.981s] GC(22)   Evacuate Collection Set: 69.1ms
[2023-03-05T18:05:42.760-0100][139407.981s] GC(22)   Post Evacuate Collection Set: 2.1ms
[2023-03-05T18:05:42.760-0100][139407.981s] GC(22)   Other: 1.6ms
[2023-03-05T18:05:42.760-0100][139407.981s] GC(22) Eden regions: 288->0(287)
[2023-03-05T18:05:42.760-0100][139407.981s] GC(22) Survivor regions: 19->20(39)
[2023-03-05T18:05:42.760-0100][139407.981s] GC(22) Old regions: 49->49
[2023-03-05T18:05:42.760-0100][139407.981s] GC(22) Archive regions: 2->2
[2023-03-05T18:05:42.760-0100][139407.981s] GC(22) Humongous regions: 7->7
[2023-03-05T18:05:42.760-0100][139407.981s] GC(22) Metaspace: 63128K(64768K)->63128K(64768K) NonClass: 56046K(57344K)->56046K(57344K) Class: 7081K(7424K)->7081K(7424K)
[2023-03-05T18:05:42.760-0100][139407.981s] GC(22) Pause Young (Normal) (G1 Evacuation Pause) 363M->75M(512M) 73.782ms
[2023-03-05T18:05:42.760-0100][139407.981s] GC(22) User=0.07s Sys=0.18s Real=0.08s
[2023-03-09T20:04:47.993-0100][155551.836s] GC(23) Pause Young (Normal) (G1 Evacuation Pause)
[2023-03-09T20:04:47.997-0100][155551.839s] GC(23) Using 10 workers of 10 for evacuation
[2023-03-09T20:04:48.055-0100][155551.898s] GC(23)   Pre Evacuate Collection Set: 2.9ms
[2023-03-09T20:04:48.055-0100][155551.898s] GC(23)   Merge Heap Roots: 1.1ms
[2023-03-09T20:04:48.055-0100][155551.898s] GC(23)   Evacuate Collection Set: 45.4ms
[2023-03-09T20:04:48.055-0100][155551.898s] GC(23)   Post Evacuate Collection Set: 4.4ms
[2023-03-09T20:04:48.055-0100][155551.898s] GC(23)   Other: 15.2ms
[2023-03-09T20:04:48.056-0100][155551.899s] GC(23) Eden regions: 287->0(301)
[2023-03-09T20:04:48.056-0100][155551.899s] GC(23) Survivor regions: 20->6(39)
[2023-03-09T20:04:48.056-0100][155551.899s] GC(23) Old regions: 49->63
[2023-03-09T20:04:48.056-0100][155551.899s] GC(23) Archive regions: 2->2
[2023-03-09T20:04:48.056-0100][155551.899s] GC(23) Humongous regions: 7->7
[2023-03-09T20:04:48.057-0100][155551.899s] GC(23) Metaspace: 63153K(64768K)->63153K(64768K) NonClass: 56070K(57344K)->56070K(57344K) Class: 7083K(7424K)->7083K(7424K)
[2023-03-09T20:04:48.057-0100][155551.900s] GC(23) Pause Young (Normal) (G1 Evacuation Pause) 362M->75M(512M) 65.644ms
[2023-03-09T20:04:48.057-0100][155551.900s] GC(23) User=0.07s Sys=0.18s Real=0.06s
[2023-03-13T18:45:32.885-0100][174055.753s] GC(24) Pause Young (Normal) (G1 Evacuation Pause)
[2023-03-13T18:45:32.886-0100][174055.754s] GC(24) Using 10 workers of 10 for evacuation
[2023-03-13T18:45:32.911-0100][174055.779s] GC(24)   Pre Evacuate Collection Set: 1.8ms
[2023-03-13T18:45:32.912-0100][174055.779s] GC(24)   Merge Heap Roots: 1.0ms
[2023-03-13T18:45:32.912-0100][174055.779s] GC(24)   Evacuate Collection Set: 19.3ms
[2023-03-13T18:45:32.912-0100][174055.779s] GC(24)   Post Evacuate Collection Set: 3.1ms
[2023-03-13T18:45:32.912-0100][174055.779s] GC(24)   Other: 1.6ms
[2023-03-13T18:45:32.912-0100][174055.779s] GC(24) Eden regions: 301->0(303)
[2023-03-13T18:45:32.912-0100][174055.779s] GC(24) Survivor regions: 6->4(39)
[2023-03-13T18:45:32.912-0100][174055.779s] GC(24) Old regions: 63->65
[2023-03-13T18:45:32.912-0100][174055.779s] GC(24) Archive regions: 2->2
[2023-03-13T18:45:32.912-0100][174055.780s] GC(24) Humongous regions: 7->7
[2023-03-13T18:45:32.912-0100][174055.780s] GC(24) Metaspace: 63182K(64768K)->63182K(64768K) NonClass: 56098K(57344K)->56098K(57344K) Class: 7084K(7424K)->7084K(7424K)
[2023-03-13T18:45:32.912-0100][174055.780s] GC(24) Pause Young (Normal) (G1 Evacuation Pause) 376M->75M(512M) 27.542ms
[2023-03-13T18:45:32.912-0100][174055.780s] GC(24) User=0.03s Sys=0.08s Real=0.03s
[2023-03-15T16:38:01.125-0100][192973.132s] GC(25) Pause Young (Normal) (G1 Evacuation Pause)
[2023-03-15T16:38:01.127-0100][192973.133s] GC(25) Using 10 workers of 10 for evacuation
[2023-03-15T16:38:01.172-0100][192973.178s] GC(25)   Pre Evacuate Collection Set: 5.5ms
[2023-03-15T16:38:01.172-0100][192973.178s] GC(25)   Merge Heap Roots: 0.9ms
[2023-03-15T16:38:01.172-0100][192973.178s] GC(25)   Evacuate Collection Set: 33.4ms
[2023-03-15T16:38:01.172-0100][192973.178s] GC(25)   Post Evacuate Collection Set: 4.6ms
[2023-03-15T16:38:01.172-0100][192973.178s] GC(25)   Other: 3.3ms
[2023-03-15T16:38:01.173-0100][192973.178s] GC(25) Eden regions: 303->0(304)
[2023-03-15T16:38:01.173-0100][192973.178s] GC(25) Survivor regions: 4->3(39)
[2023-03-15T16:38:01.173-0100][192973.178s] GC(25) Old regions: 65->66
[2023-03-15T16:38:01.173-0100][192973.178s] GC(25) Archive regions: 2->2
[2023-03-15T16:38:01.173-0100][192973.178s] GC(25) Humongous regions: 7->7
[2023-03-15T16:38:01.173-0100][192973.178s] GC(25) Metaspace: 63200K(64768K)->63200K(64768K) NonClass: 56115K(57344K)->56115K(57344K) Class: 7085K(7424K)->7085K(7424K)
[2023-03-15T16:38:01.173-0100][192973.178s] GC(25) Pause Young (Normal) (G1 Evacuation Pause) 378M->75M(512M) 47.212ms
[2023-03-15T16:38:01.173-0100][192973.179s] GC(25) User=0.03s Sys=0.10s Real=0.05s
[2023-03-21T00:12:37.510-0100][212604.167s] GC(26) Pause Young (Normal) (G1 Evacuation Pause)
[2023-03-21T00:12:37.517-0100][212604.173s] GC(26) Using 10 workers of 10 for evacuation
[2023-03-21T00:12:37.592-0100][212604.248s] GC(26)   Pre Evacuate Collection Set: 4.5ms
[2023-03-21T00:12:37.592-0100][212604.248s] GC(26)   Merge Heap Roots: 1.8ms
[2023-03-21T00:12:37.592-0100][212604.248s] GC(26)   Evacuate Collection Set: 51.5ms
[2023-03-21T00:12:37.592-0100][212604.248s] GC(26)   Post Evacuate Collection Set: 9.2ms
[2023-03-21T00:12:37.593-0100][212604.249s] GC(26)   Other: 22.6ms
[2023-03-21T00:12:37.594-0100][212604.250s] GC(26) Eden regions: 304->0(304)
[2023-03-21T00:12:37.594-0100][212604.250s] GC(26) Survivor regions: 3->3(39)
[2023-03-21T00:12:37.594-0100][212604.250s] GC(26) Old regions: 66->66
[2023-03-21T00:12:37.594-0100][212604.250s] GC(26) Archive regions: 2->2
[2023-03-21T00:12:37.594-0100][212604.250s] GC(26) Humongous regions: 7->7
[2023-03-21T00:12:37.595-0100][212604.251s] GC(26) Metaspace: 63215K(64768K)->63215K(64768K) NonClass: 56129K(57344K)->56129K(57344K) Class: 7086K(7424K)->7086K(7424K)
[2023-03-21T00:12:37.596-0100][212604.252s] GC(26) Pause Young (Normal) (G1 Evacuation Pause) 379M->75M(512M) 87.701ms
[2023-03-21T00:12:37.596-0100][212604.252s] GC(26) User=0.07s Sys=0.23s Real=0.09s
[2023-03-21T05:52:26.272-0100][231914.847s] GC(27) Pause Young (Normal) (G1 Evacuation Pause)
[2023-03-21T05:52:26.274-0100][231914.849s] GC(27) Using 10 workers of 10 for evacuation
[2023-03-21T05:52:26.283-0100][231914.858s] GC(27)   Pre Evacuate Collection Set: 0.4ms
[2023-03-21T05:52:26.283-0100][231914.858s] GC(27)   Merge Heap Roots: 0.2ms
[2023-03-21T05:52:26.283-0100][231914.858s] GC(27)   Evacuate Collection Set: 6.0ms
[2023-03-21T05:52:26.283-0100][231914.858s] GC(27)   Post Evacuate Collection Set: 1.7ms
[2023-03-21T05:52:26.283-0100][231914.858s] GC(27)   Other: 2.3ms
[2023-03-21T05:52:26.283-0100][231914.858s] GC(27) Eden regions: 304->0(304)
[2023-03-21T05:52:26.283-0100][231914.858s] GC(27) Survivor regions: 3->3(39)
[2023-03-21T05:52:26.283-0100][231914.858s] GC(27) Old regions: 66->66
[2023-03-21T05:52:26.283-0100][231914.858s] GC(27) Archive regions: 2->2
[2023-03-21T05:52:26.283-0100][231914.858s] GC(27) Humongous regions: 7->7
[2023-03-21T05:52:26.283-0100][231914.858s] GC(27) Metaspace: 63215K(64768K)->63215K(64768K) NonClass: 56129K(57344K)->56129K(57344K) Class: 7086K(7424K)->7086K(7424K)
[2023-03-21T05:52:26.283-0100][231914.858s] GC(27) Pause Young (Normal) (G1 Evacuation Pause) 379M->76M(512M) 11.106ms
[2023-03-21T05:52:26.283-0100][231914.858s] GC(27) User=0.02s Sys=0.01s Real=0.01s
[2023-03-21T20:45:42.006-0100][251574.002s] GC(28) Pause Young (Normal) (G1 Evacuation Pause)
[2023-03-21T20:45:42.008-0100][251574.003s] GC(28) Using 10 workers of 10 for evacuation
[2023-03-21T20:45:42.039-0100][251574.034s] GC(28)   Pre Evacuate Collection Set: 6.2ms
[2023-03-21T20:45:42.039-0100][251574.034s] GC(28)   Merge Heap Roots: 1.4ms
[2023-03-21T20:45:42.039-0100][251574.034s] GC(28)   Evacuate Collection Set: 15.2ms
[2023-03-21T20:45:42.039-0100][251574.034s] GC(28)   Post Evacuate Collection Set: 4.6ms
[2023-03-21T20:45:42.039-0100][251574.034s] GC(28)   Other: 8.2ms
[2023-03-21T20:45:42.039-0100][251574.034s] GC(28) Eden regions: 304->0(304)
[2023-03-21T20:45:42.039-0100][251574.034s] GC(28) Survivor regions: 3->3(39)
[2023-03-21T20:45:42.039-0100][251574.034s] GC(28) Old regions: 66->66
[2023-03-21T20:45:42.039-0100][251574.034s] GC(28) Archive regions: 2->2
[2023-03-21T20:45:42.039-0100][251574.034s] GC(28) Humongous regions: 7->7
[2023-03-21T20:45:42.039-0100][251574.035s] GC(28) Metaspace: 63215K(64768K)->63215K(64768K) NonClass: 56129K(57344K)->56129K(57344K) Class: 7086K(7424K)->7086K(7424K)
[2023-03-21T20:45:42.040-0100][251574.035s] GC(28) Pause Young (Normal) (G1 Evacuation Pause) 380M->76M(512M) 33.777ms
[2023-03-21T20:45:42.040-0100][251574.035s] GC(28) User=0.01s Sys=0.06s Real=0.04s
[2023-03-24T18:07:03.553-0100][270835.541s] GC(29) Pause Young (Normal) (G1 Evacuation Pause)
[2023-03-24T18:07:03.557-0100][270835.544s] GC(29) Using 10 workers of 10 for evacuation
[2023-03-24T18:07:03.587-0100][270835.574s] GC(29)   Pre Evacuate Collection Set: 5.0ms
[2023-03-24T18:07:03.587-0100][270835.574s] GC(29)   Merge Heap Roots: 2.0ms
[2023-03-24T18:07:03.587-0100][270835.574s] GC(29)   Evacuate Collection Set: 13.4ms
[2023-03-24T18:07:03.587-0100][270835.574s] GC(29)   Post Evacuate Collection Set: 4.2ms
[2023-03-24T18:07:03.588-0100][270835.575s] GC(29)   Other: 14.9ms
[2023-03-24T18:07:03.588-0100][270835.575s] GC(29) Eden regions: 304->0(305)
[2023-03-24T18:07:03.588-0100][270835.575s] GC(29) Survivor regions: 3->2(39)
[2023-03-24T18:07:03.588-0100][270835.575s] GC(29) Old regions: 66->66
[2023-03-24T18:07:03.588-0100][270835.575s] GC(29) Archive regions: 2->2
[2023-03-24T18:07:03.588-0100][270835.575s] GC(29) Humongous regions: 7->7
[2023-03-24T18:07:03.589-0100][270835.576s] GC(29) Metaspace: 63226K(64768K)->63226K(64768K) NonClass: 56140K(57344K)->56140K(57344K) Class: 7086K(7424K)->7086K(7424K)
[2023-03-24T18:07:03.589-0100][270835.576s] GC(29) Pause Young (Normal) (G1 Evacuation Pause) 380M->75M(512M) 37.202ms
[2023-03-24T18:07:03.589-0100][270835.576s] GC(29) User=0.01s Sys=0.06s Real=0.03s
[2023-03-27T01:59:42.116-0100][289950.759s] GC(30) Pause Young (Normal) (G1 Evacuation Pause)
[2023-03-27T01:59:42.118-0100][289950.760s] GC(30) Using 10 workers of 10 for evacuation
[2023-03-27T01:59:42.201-0100][289950.843s] GC(30)   Pre Evacuate Collection Set: 4.6ms
[2023-03-27T01:59:42.201-0100][289950.843s] GC(30)   Merge Heap Roots: 2.2ms
[2023-03-27T01:59:42.201-0100][289950.843s] GC(30)   Evacuate Collection Set: 64.4ms
[2023-03-27T01:59:42.201-0100][289950.843s] GC(30)   Post Evacuate Collection Set: 6.2ms
[2023-03-27T01:59:42.201-0100][289950.843s] GC(30)   Other: 8.7ms
[2023-03-27T01:59:42.201-0100][289950.843s] GC(30) Eden regions: 305->0(305)
[2023-03-27T01:59:42.201-0100][289950.843s] GC(30) Survivor regions: 2->2(39)
[2023-03-27T01:59:42.201-0100][289950.844s] GC(30) Old regions: 66->67
[2023-03-27T01:59:42.201-0100][289950.844s] GC(30) Archive regions: 2->2
[2023-03-27T01:59:42.201-0100][289950.844s] GC(30) Humongous regions: 7->7
[2023-03-27T01:59:42.202-0100][289950.844s] GC(30) Metaspace: 63227K(64768K)->63227K(64768K) NonClass: 56140K(57344K)->56140K(57344K) Class: 7086K(7424K)->7086K(7424K)
[2023-03-27T01:59:42.202-0100][289950.844s] GC(30) Pause Young (Normal) (G1 Evacuation Pause) 380M->75M(512M) 86.197ms
[2023-03-27T01:59:42.202-0100][289950.844s] GC(30) User=0.02s Sys=0.11s Real=0.09s
[2023-03-28T13:03:43.831-0100][308865.974s] GC(31) Pause Young (Normal) (G1 Evacuation Pause)
[2023-03-28T13:03:43.832-0100][308865.974s] GC(31) Using 10 workers of 10 for evacuation
[2023-03-28T13:03:43.847-0100][308865.990s] GC(31)   Pre Evacuate Collection Set: 1.2ms
[2023-03-28T13:03:43.848-0100][308865.990s] GC(31)   Merge Heap Roots: 0.8ms
[2023-03-28T13:03:43.848-0100][308865.990s] GC(31)   Evacuate Collection Set: 10.8ms
[2023-03-28T13:03:43.848-0100][308865.990s] GC(31)   Post Evacuate Collection Set: 2.9ms
[2023-03-28T13:03:43.848-0100][308865.990s] GC(31)   Other: 2.4ms
[2023-03-28T13:03:43.848-0100][308865.990s] GC(31) Eden regions: 305->0(304)
[2023-03-28T13:03:43.848-0100][308865.990s] GC(31) Survivor regions: 2->3(39)
[2023-03-28T13:03:43.848-0100][308865.990s] GC(31) Old regions: 67->67
[2023-03-28T13:03:43.848-0100][308865.990s] GC(31) Archive regions: 2->2
[2023-03-28T13:03:43.848-0100][308865.990s] GC(31) Humongous regions: 7->7
[2023-03-28T13:03:43.848-0100][308865.990s] GC(31) Metaspace: 63228K(64768K)->63228K(64768K) NonClass: 56142K(57344K)->56142K(57344K) Class: 7086K(7424K)->7086K(7424K)
[2023-03-28T13:03:43.848-0100][308865.990s] GC(31) Pause Young (Normal) (G1 Evacuation Pause) 380M->75M(512M) 17.015ms
[2023-03-28T13:03:43.848-0100][308865.990s] GC(31) User=0.01s Sys=0.04s Real=0.01s
[2023-03-31T22:30:37.704-0100][327597.754s] GC(32) Pause Young (Normal) (G1 Evacuation Pause)
[2023-03-31T22:30:37.709-0100][327597.758s] GC(32) Using 10 workers of 10 for evacuation
[2023-03-31T22:30:37.733-0100][327597.782s] GC(32)   Pre Evacuate Collection Set: 3.1ms
[2023-03-31T22:30:37.733-0100][327597.782s] GC(32)   Merge Heap Roots: 0.8ms
[2023-03-31T22:30:37.733-0100][327597.782s] GC(32)   Evacuate Collection Set: 13.0ms
[2023-03-31T22:30:37.733-0100][327597.782s] GC(32)   Post Evacuate Collection Set: 3.6ms
[2023-03-31T22:30:37.734-0100][327597.783s] GC(32)   Other: 12.5ms
[2023-03-31T22:30:37.734-0100][327597.783s] GC(32) Eden regions: 304->0(305)
[2023-03-31T22:30:37.734-0100][327597.783s] GC(32) Survivor regions: 3->2(39)
[2023-03-31T22:30:37.734-0100][327597.783s] GC(32) Old regions: 67->67
[2023-03-31T22:30:37.734-0100][327597.783s] GC(32) Archive regions: 2->2
[2023-03-31T22:30:37.734-0100][327597.783s] GC(32) Humongous regions: 7->7
[2023-03-31T22:30:37.734-0100][327597.784s] GC(32) Metaspace: 63245K(64768K)->63245K(64768K) NonClass: 56159K(57344K)->56159K(57344K) Class: 7086K(7424K)->7086K(7424K)
[2023-03-31T22:30:37.735-0100][327597.784s] GC(32) Pause Young (Normal) (G1 Evacuation Pause) 379M->75M(512M) 31.309ms
[2023-03-31T22:30:37.735-0100][327597.784s] GC(32) User=0.02s Sys=0.06s Real=0.03s
[2023-04-06T16:22:42.131-0100][341692.287s] GC(33) Pause Young (Normal) (G1 Evacuation Pause)
[2023-04-06T16:22:42.134-0100][341692.289s] GC(33) Using 10 workers of 10 for evacuation
[2023-04-06T16:22:42.180-0100][341692.335s] GC(33)   Pre Evacuate Collection Set: 3.4ms
[2023-04-06T16:22:42.180-0100][341692.335s] GC(33)   Merge Heap Roots: 1.3ms
[2023-04-06T16:22:42.180-0100][341692.335s] GC(33)   Evacuate Collection Set: 31.3ms
[2023-04-06T16:22:42.180-0100][341692.335s] GC(33)   Post Evacuate Collection Set: 5.3ms
[2023-04-06T16:22:42.180-0100][341692.335s] GC(33)   Other: 10.9ms
[2023-04-06T16:22:42.181-0100][341692.336s] GC(33) Eden regions: 305->0(304)
[2023-04-06T16:22:42.181-0100][341692.336s] GC(33) Survivor regions: 2->3(39)
[2023-04-06T16:22:42.181-0100][341692.336s] GC(33) Old regions: 67->67
[2023-04-06T16:22:42.181-0100][341692.336s] GC(33) Archive regions: 2->2
[2023-04-06T16:22:42.181-0100][341692.336s] GC(33) Humongous regions: 7->7
[2023-04-06T16:22:42.181-0100][341692.336s] GC(33) Metaspace: 63287K(65024K)->63287K(65024K) NonClass: 56200K(57600K)->56200K(57600K) Class: 7086K(7424K)->7086K(7424K)
[2023-04-06T16:22:42.181-0100][341692.336s] GC(33) Pause Young (Normal) (G1 Evacuation Pause) 380M->76M(512M) 50.978ms
[2023-04-06T16:22:42.181-0100][341692.336s] GC(33) User=0.01s Sys=0.06s Real=0.05s
[2023-04-08T14:27:25.719-0100][353372.880s] GC(34) Pause Young (Normal) (G1 Evacuation Pause)
[2023-04-08T14:27:25.724-0100][353372.883s] GC(34) Using 10 workers of 10 for evacuation
[2023-04-08T14:27:25.752-0100][353372.911s] GC(34)   Pre Evacuate Collection Set: 2.8ms
[2023-04-08T14:27:25.752-0100][353372.911s] GC(34)   Merge Heap Roots: 2.3ms
[2023-04-08T14:27:25.752-0100][353372.911s] GC(34)   Evacuate Collection Set: 14.7ms
[2023-04-08T14:27:25.752-0100][353372.911s] GC(34)   Post Evacuate Collection Set: 3.3ms
[2023-04-08T14:27:25.752-0100][353372.912s] GC(34)   Other: 14.8ms
[2023-04-08T14:27:25.753-0100][353372.912s] GC(34) Eden regions: 304->0(304)
[2023-04-08T14:27:25.753-0100][353372.912s] GC(34) Survivor regions: 3->3(39)
[2023-04-08T14:27:25.753-0100][353372.912s] GC(34) Old regions: 67->67
[2023-04-08T14:27:25.753-0100][353372.912s] GC(34) Archive regions: 2->2
[2023-04-08T14:27:25.753-0100][353372.912s] GC(34) Humongous regions: 7->7
[2023-04-08T14:27:25.753-0100][353372.913s] GC(34) Metaspace: 63287K(65024K)->63287K(65024K) NonClass: 56200K(57600K)->56200K(57600K) Class: 7086K(7424K)->7086K(7424K)
[2023-04-08T14:27:25.753-0100][353372.913s] GC(34) Pause Young (Normal) (G1 Evacuation Pause) 380M->76M(512M) 35.679ms
[2023-04-08T14:27:25.754-0100][353372.913s] GC(34) User=0.02s Sys=0.07s Real=0.04s
[2023-04-12T18:22:46.342-0100][369116.616s] GC(35) Pause Young (Normal) (G1 Evacuation Pause)
[2023-04-12T18:22:46.345-0100][369116.617s] GC(35) Using 10 workers of 10 for evacuation
[2023-04-12T18:22:46.380-0100][369116.653s] GC(35)   Pre Evacuate Collection Set: 3.7ms
[2023-04-12T18:22:46.380-0100][369116.653s] GC(35)   Merge Heap Roots: 1.4ms
[2023-04-12T18:22:46.380-0100][369116.653s] GC(35)   Evacuate Collection Set: 21.6ms
[2023-04-12T18:22:46.380-0100][369116.653s] GC(35)   Post Evacuate Collection Set: 3.3ms
[2023-04-12T18:22:46.380-0100][369116.653s] GC(35)   Other: 12.0ms
[2023-04-12T18:22:46.380-0100][369116.653s] GC(35) Eden regions: 304->0(304)
[2023-04-12T18:22:46.380-0100][369116.653s] GC(35) Survivor regions: 3->3(39)
[2023-04-12T18:22:46.380-0100][369116.653s] GC(35) Old regions: 67->67
[2023-04-12T18:22:46.380-0100][369116.653s] GC(35) Archive regions: 2->2
[2023-04-12T18:22:46.380-0100][369116.653s] GC(35) Humongous regions: 7->7
[2023-04-12T18:22:46.381-0100][369116.653s] GC(35) Metaspace: 63315K(65024K)->63315K(65024K) NonClass: 56228K(57600K)->56228K(57600K) Class: 7086K(7424K)->7086K(7424K)
[2023-04-12T18:22:46.381-0100][369116.654s] GC(35) Pause Young (Normal) (G1 Evacuation Pause) 380M->76M(512M) 40.130ms
[2023-04-12T18:22:46.381-0100][369116.654s] GC(35) User=0.01s Sys=0.09s Real=0.04s
[2023-04-14T16:12:42.715-0100][386314.927s] GC(36) Pause Young (Normal) (G1 Evacuation Pause)
[2023-04-14T16:12:42.716-0100][386314.928s] GC(36) Using 10 workers of 10 for evacuation
[2023-04-14T16:12:42.747-0100][386314.959s] GC(36)   Pre Evacuate Collection Set: 3.5ms
[2023-04-14T16:12:42.747-0100][386314.960s] GC(36)   Merge Heap Roots: 1.8ms
[2023-04-14T16:12:42.747-0100][386314.960s] GC(36)   Evacuate Collection Set: 19.3ms
[2023-04-14T16:12:42.747-0100][386314.960s] GC(36)   Post Evacuate Collection Set: 5.2ms
[2023-04-14T16:12:42.747-0100][386314.960s] GC(36)   Other: 2.5ms
[2023-04-14T16:12:42.747-0100][386314.960s] GC(36) Eden regions: 304->0(304)
[2023-04-14T16:12:42.747-0100][386314.960s] GC(36) Survivor regions: 3->3(39)
[2023-04-14T16:12:42.747-0100][386314.960s] GC(36) Old regions: 67->67
[2023-04-14T16:12:42.747-0100][386314.960s] GC(36) Archive regions: 2->2
[2023-04-14T16:12:42.747-0100][386314.960s] GC(36) Humongous regions: 7->7
[2023-04-14T16:12:42.747-0100][386314.960s] GC(36) Metaspace: 63340K(65024K)->63340K(65024K) NonClass: 56253K(57600K)->56253K(57600K) Class: 7086K(7424K)->7086K(7424K)
[2023-04-14T16:12:42.748-0100][386314.960s] GC(36) Pause Young (Normal) (G1 Evacuation Pause) 380M->76M(512M) 32.881ms
[2023-04-14T16:12:42.748-0100][386314.960s] GC(36) User=0.01s Sys=0.08s Real=0.03s
[2023-04-14T21:33:09.051-0100][405473.857s] GC(37) Pause Young (Normal) (G1 Evacuation Pause)
[2023-04-14T21:33:09.052-0100][405473.859s] GC(37) Using 10 workers of 10 for evacuation
[2023-04-14T21:33:09.058-0100][405473.865s] GC(37)   Pre Evacuate Collection Set: 0.1ms
[2023-04-14T21:33:09.058-0100][405473.865s] GC(37)   Merge Heap Roots: 0.1ms
[2023-04-14T21:33:09.058-0100][405473.865s] GC(37)   Evacuate Collection Set: 5.1ms
[2023-04-14T21:33:09.058-0100][405473.865s] GC(37)   Post Evacuate Collection Set: 0.6ms
[2023-04-14T21:33:09.058-0100][405473.865s] GC(37)   Other: 1.4ms
[2023-04-14T21:33:09.058-0100][405473.865s] GC(37) Eden regions: 304->0(304)
[2023-04-14T21:33:09.058-0100][405473.865s] GC(37) Survivor regions: 3->3(39)
[2023-04-14T21:33:09.058-0100][405473.865s] GC(37) Old regions: 67->67
[2023-04-14T21:33:09.058-0100][405473.865s] GC(37) Archive regions: 2->2
[2023-04-14T21:33:09.058-0100][405473.865s] GC(37) Humongous regions: 7->7
[2023-04-14T21:33:09.058-0100][405473.865s] GC(37) Metaspace: 63340K(65024K)->63340K(65024K) NonClass: 56253K(57600K)->56253K(57600K) Class: 7086K(7424K)->7086K(7424K)
[2023-04-14T21:33:09.058-0100][405473.865s] GC(37) Pause Young (Normal) (G1 Evacuation Pause) 380M->76M(512M) 7.484ms
[2023-04-14T21:33:09.058-0100][405473.865s] GC(37) User=0.01s Sys=0.01s Real=0.00s
[2023-04-18T01:10:44.570-0100][423755.221s] GC(38) Pause Young (Normal) (G1 Evacuation Pause)
[2023-04-18T01:10:44.571-0100][423755.222s] GC(38) Using 10 workers of 10 for evacuation
[2023-04-18T01:10:44.591-0100][423755.242s] GC(38)   Pre Evacuate Collection Set: 0.6ms
[2023-04-18T01:10:44.591-0100][423755.242s] GC(38)   Merge Heap Roots: 1.3ms
[2023-04-18T01:10:44.591-0100][423755.242s] GC(38)   Evacuate Collection Set: 15.1ms
[2023-04-18T01:10:44.591-0100][423755.242s] GC(38)   Post Evacuate Collection Set: 2.7ms
[2023-04-18T01:10:44.591-0100][423755.243s] GC(38)   Other: 1.9ms
[2023-04-18T01:10:44.591-0100][423755.243s] GC(38) Eden regions: 304->0(304)
[2023-04-18T01:10:44.591-0100][423755.243s] GC(38) Survivor regions: 3->3(39)
[2023-04-18T01:10:44.591-0100][423755.243s] GC(38) Old regions: 67->67
[2023-04-18T01:10:44.591-0100][423755.243s] GC(38) Archive regions: 2->2
[2023-04-18T01:10:44.591-0100][423755.243s] GC(38) Humongous regions: 7->7
[2023-04-18T01:10:44.591-0100][423755.243s] GC(38) Metaspace: 63351K(65024K)->63351K(65024K) NonClass: 56264K(57600K)->56264K(57600K) Class: 7086K(7424K)->7086K(7424K)
[2023-04-18T01:10:44.592-0100][423755.243s] GC(38) Pause Young (Normal) (G1 Evacuation Pause) 380M->76M(512M) 21.873ms
[2023-04-18T01:10:44.592-0100][423755.243s] GC(38) User=0.01s Sys=0.07s Real=0.02s
[2023-04-18T22:42:36.505-0100][442149.874s] GC(39) Pause Young (Normal) (G1 Evacuation Pause)
[2023-04-18T22:42:36.506-0100][442149.875s] GC(39) Using 10 workers of 10 for evacuation
[2023-04-18T22:42:36.522-0100][442149.891s] GC(39)   Pre Evacuate Collection Set: 0.7ms
[2023-04-18T22:42:36.522-0100][442149.891s] GC(39)   Merge Heap Roots: 0.2ms
[2023-04-18T22:42:36.522-0100][442149.891s] GC(39)   Evacuate Collection Set: 12.8ms
[2023-04-18T22:42:36.522-0100][442149.891s] GC(39)   Post Evacuate Collection Set: 2.3ms
[2023-04-18T22:42:36.522-0100][442149.891s] GC(39)   Other: 1.3ms
[2023-04-18T22:42:36.522-0100][442149.891s] GC(39) Eden regions: 304->0(305)
[2023-04-18T22:42:36.522-0100][442149.891s] GC(39) Survivor regions: 3->2(39)
[2023-04-18T22:42:36.522-0100][442149.891s] GC(39) Old regions: 67->67
[2023-04-18T22:42:36.522-0100][442149.891s] GC(39) Archive regions: 2->2
[2023-04-18T22:42:36.522-0100][442149.891s] GC(39) Humongous regions: 7->7
[2023-04-18T22:42:36.522-0100][442149.891s] GC(39) Metaspace: 63355K(65024K)->63355K(65024K) NonClass: 56268K(57600K)->56268K(57600K) Class: 7086K(7424K)->7086K(7424K)
[2023-04-18T22:42:36.522-0100][442149.891s] GC(39) Pause Young (Normal) (G1 Evacuation Pause) 380M->76M(512M) 17.338ms
[2023-04-18T22:42:36.522-0100][442149.891s] GC(39) User=0.01s Sys=0.06s Real=0.02s
[2023-04-22T20:32:16.919-0100][455743.018s] GC(40) Pause Young (Normal) (G1 Evacuation Pause)
[2023-04-22T20:32:16.926-0100][455743.025s] GC(40) Using 10 workers of 10 for evacuation
[2023-04-22T20:32:16.963-0100][455743.062s] GC(40)   Pre Evacuate Collection Set: 2.4ms
[2023-04-22T20:32:16.984-0100][455743.083s] GC(40)   Merge Heap Roots: 0.9ms
[2023-04-22T20:32:16.984-0100][455743.083s] GC(40)   Evacuate Collection Set: 30.0ms
[2023-04-22T20:32:16.984-0100][455743.083s] GC(40)   Post Evacuate Collection Set: 3.2ms
[2023-04-22T20:32:16.984-0100][455743.083s] GC(40)   Other: 7.9ms
[2023-04-22T20:32:16.984-0100][455743.083s] GC(40) Eden regions: 305->0(305)
[2023-04-22T20:32:16.984-0100][455743.083s] GC(40) Survivor regions: 2->2(39)
[2023-04-22T20:32:16.984-0100][455743.083s] GC(40) Old regions: 67->67
[2023-04-22T20:32:16.984-0100][455743.083s] GC(40) Archive regions: 2->2
[2023-04-22T20:32:16.984-0100][455743.083s] GC(40) Humongous regions: 7->7
[2023-04-22T20:32:16.984-0100][455743.083s] GC(40) Metaspace: 63390K(65024K)->63390K(65024K) NonClass: 56304K(57600K)->56304K(57600K) Class: 7086K(7424K)->7086K(7424K)
[2023-04-22T20:32:16.985-0100][455743.084s] GC(40) Pause Young (Normal) (G1 Evacuation Pause) 381M->76M(512M) 65.880ms
[2023-04-22T20:32:16.985-0100][455743.084s] GC(40) User=0.02s Sys=0.09s Real=0.07s
[2023-04-23T21:34:45.445-0100][467414.250s] GC(41) Pause Young (Normal) (G1 Evacuation Pause)
[2023-04-23T21:34:45.449-0100][467414.253s] GC(41) Using 10 workers of 10 for evacuation
[2023-04-23T21:34:45.475-0100][467414.278s] GC(41)   Pre Evacuate Collection Set: 1.9ms
[2023-04-23T21:34:45.475-0100][467414.278s] GC(41)   Merge Heap Roots: 0.7ms
[2023-04-23T21:34:45.475-0100][467414.278s] GC(41)   Evacuate Collection Set: 11.6ms
[2023-04-23T21:34:45.475-0100][467414.279s] GC(41)   Post Evacuate Collection Set: 6.9ms
[2023-04-23T21:34:45.476-0100][467414.279s] GC(41)   Other: 14.4ms
[2023-04-23T21:34:45.476-0100][467414.279s] GC(41) Eden regions: 305->0(304)
[2023-04-23T21:34:45.476-0100][467414.279s] GC(41) Survivor regions: 2->3(39)
[2023-04-23T21:34:45.476-0100][467414.279s] GC(41) Old regions: 67->67
[2023-04-23T21:34:45.476-0100][467414.279s] GC(41) Archive regions: 2->2
[2023-04-23T21:34:45.476-0100][467414.279s] GC(41) Humongous regions: 7->7
[2023-04-23T21:34:45.477-0100][467414.280s] GC(41) Metaspace: 63401K(65024K)->63401K(65024K) NonClass: 56314K(57600K)->56314K(57600K) Class: 7086K(7424K)->7086K(7424K)
[2023-04-23T21:34:45.477-0100][467414.280s] GC(41) Pause Young (Normal) (G1 Evacuation Pause) 381M->76M(512M) 33.248ms
[2023-04-23T21:34:45.477-0100][467414.280s] GC(41) User=0.01s Sys=0.06s Real=0.03s
[2023-04-25T14:58:40.073-0100][485071.225s] GC(42) Pause Young (Normal) (G1 Evacuation Pause)
[2023-04-25T14:58:40.077-0100][485071.228s] GC(42) Using 10 workers of 10 for evacuation
[2023-04-25T14:58:40.127-0100][485071.278s] GC(42)   Pre Evacuate Collection Set: 4.4ms
[2023-04-25T14:58:40.127-0100][485071.278s] GC(42)   Merge Heap Roots: 2.1ms
[2023-04-25T14:58:40.127-0100][485071.278s] GC(42)   Evacuate Collection Set: 31.5ms
[2023-04-25T14:58:40.127-0100][485071.278s] GC(42)   Post Evacuate Collection Set: 7.2ms
[2023-04-25T14:58:40.127-0100][485071.278s] GC(42)   Other: 11.4ms
[2023-04-25T14:58:40.127-0100][485071.278s] GC(42) Eden regions: 304->0(304)
[2023-04-25T14:58:40.127-0100][485071.278s] GC(42) Survivor regions: 3->3(39)
[2023-04-25T14:58:40.127-0100][485071.278s] GC(42) Old regions: 67->67
[2023-04-25T14:58:40.127-0100][485071.278s] GC(42) Archive regions: 2->2
[2023-04-25T14:58:40.127-0100][485071.278s] GC(42) Humongous regions: 7->7
[2023-04-25T14:58:40.128-0100][485071.279s] GC(42) Metaspace: 63404K(65024K)->63404K(65024K) NonClass: 56318K(57600K)->56318K(57600K) Class: 7086K(7424K)->7086K(7424K)
[2023-04-25T14:58:40.128-0100][485071.279s] GC(42) Pause Young (Normal) (G1 Evacuation Pause) 380M->76M(512M) 55.299ms
[2023-04-25T14:58:40.128-0100][485071.279s] GC(42) User=0.02s Sys=0.12s Real=0.05s
[2023-04-27T19:11:16.061-0100][502474.793s] GC(43) Pause Young (Normal) (G1 Evacuation Pause)
[2023-04-27T19:11:16.064-0100][502474.796s] GC(43) Using 10 workers of 10 for evacuation
[2023-04-27T19:11:16.095-0100][502474.826s] GC(43)   Pre Evacuate Collection Set: 2.4ms
[2023-04-27T19:11:16.095-0100][502474.826s] GC(43)   Merge Heap Roots: 1.0ms
[2023-04-27T19:11:16.095-0100][502474.826s] GC(43)   Evacuate Collection Set: 18.0ms
[2023-04-27T19:11:16.095-0100][502474.826s] GC(43)   Post Evacuate Collection Set: 4.8ms
[2023-04-27T19:11:16.095-0100][502474.827s] GC(43)   Other: 11.4ms
[2023-04-27T19:11:16.096-0100][502474.827s] GC(43) Eden regions: 304->0(305)
[2023-04-27T19:11:16.096-0100][502474.827s] GC(43) Survivor regions: 3->2(39)
[2023-04-27T19:11:16.096-0100][502474.827s] GC(43) Old regions: 67->67
[2023-04-27T19:11:16.096-0100][502474.827s] GC(43) Archive regions: 2->2
[2023-04-27T19:11:16.096-0100][502474.827s] GC(43) Humongous regions: 7->7
[2023-04-27T19:11:16.096-0100][502474.828s] GC(43) Metaspace: 63451K(65024K)->63451K(65024K) NonClass: 56364K(57600K)->56364K(57600K) Class: 7086K(7424K)->7086K(7424K)
[2023-04-27T19:11:16.097-0100][502474.828s] GC(43) Pause Young (Normal) (G1 Evacuation Pause) 380M->76M(512M) 36.147ms
[2023-04-27T19:11:16.097-0100][502474.828s] GC(43) User=0.02s Sys=0.07s Real=0.03s
[2023-04-28T12:04:39.412-0100][514323.841s] GC(44) Pause Young (Normal) (G1 Evacuation Pause)
[2023-04-28T12:04:39.415-0100][514323.843s] GC(44) Using 10 workers of 10 for evacuation
[2023-04-28T12:04:39.443-0100][514323.871s] GC(44)   Pre Evacuate Collection Set: 2.1ms
[2023-04-28T12:04:39.443-0100][514323.871s] GC(44)   Merge Heap Roots: 0.9ms
[2023-04-28T12:04:39.443-0100][514323.871s] GC(44)   Evacuate Collection Set: 15.6ms
[2023-04-28T12:04:39.443-0100][514323.871s] GC(44)   Post Evacuate Collection Set: 4.1ms
[2023-04-28T12:04:39.444-0100][514323.872s] GC(44)   Other: 11.6ms
[2023-04-28T12:04:39.444-0100][514323.873s] GC(44) Eden regions: 305->0(304)
[2023-04-28T12:04:39.445-0100][514323.873s] GC(44) Survivor regions: 2->3(39)
[2023-04-28T12:04:39.445-0100][514323.873s] GC(44) Old regions: 67->67
[2023-04-28T12:04:39.445-0100][514323.873s] GC(44) Archive regions: 2->2
[2023-04-28T12:04:39.445-0100][514323.873s] GC(44) Humongous regions: 7->7
[2023-04-28T12:04:39.445-0100][514323.873s] GC(44) Metaspace: 63451K(65024K)->63451K(65024K) NonClass: 56364K(57600K)->56364K(57600K) Class: 7086K(7424K)->7086K(7424K)
[2023-04-28T12:04:39.445-0100][514323.873s] GC(44) Pause Young (Normal) (G1 Evacuation Pause) 381M->76M(512M) 33.201ms
[2023-04-28T12:04:39.445-0100][514323.873s] GC(44) User=0.01s Sys=0.06s Real=0.03s
[2023-05-02T11:32:32.576-0100][526508.350s] GC(45) Pause Young (Normal) (G1 Evacuation Pause)
[2023-05-02T11:32:32.578-0100][526508.352s] GC(45) Using 10 workers of 10 for evacuation
[2023-05-02T11:32:32.625-0100][526508.399s] GC(45)   Pre Evacuate Collection Set: 3.9ms
[2023-05-02T11:32:32.625-0100][526508.399s] GC(45)   Merge Heap Roots: 1.9ms
[2023-05-02T11:32:32.625-0100][526508.399s] GC(45)   Evacuate Collection Set: 34.5ms
[2023-05-02T11:32:32.625-0100][526508.399s] GC(45)   Post Evacuate Collection Set: 4.6ms
[2023-05-02T11:32:32.625-0100][526508.399s] GC(45)   Other: 6.4ms
[2023-05-02T11:32:32.625-0100][526508.399s] GC(45) Eden regions: 304->0(304)
[2023-05-02T11:32:32.625-0100][526508.399s] GC(45) Survivor regions: 3->3(39)
[2023-05-02T11:32:32.625-0100][526508.399s] GC(45) Old regions: 67->67
[2023-05-02T11:32:32.625-0100][526508.399s] GC(45) Archive regions: 2->2
[2023-05-02T11:32:32.625-0100][526508.399s] GC(45) Humongous regions: 7->7
[2023-05-02T11:32:32.625-0100][526508.399s] GC(45) Metaspace: 63478K(65280K)->63478K(65280K) NonClass: 56390K(57856K)->56390K(57856K) Class: 7087K(7424K)->7087K(7424K)
[2023-05-02T11:32:32.626-0100][526508.400s] GC(45) Pause Young (Normal) (G1 Evacuation Pause) 380M->76M(512M) 50.819ms
[2023-05-02T11:32:32.626-0100][526508.400s] GC(45) User=0.02s Sys=0.13s Real=0.05s
[2023-05-03T14:16:54.605-0100][538288.102s] GC(46) Pause Young (Normal) (G1 Evacuation Pause)
[2023-05-03T14:16:54.608-0100][538288.104s] GC(46) Using 10 workers of 10 for evacuation
[2023-05-03T14:16:54.668-0100][538288.164s] GC(46)   Pre Evacuate Collection Set: 7.9ms
[2023-05-03T14:16:54.668-0100][538288.164s] GC(46)   Merge Heap Roots: 1.5ms
[2023-05-03T14:16:54.668-0100][538288.164s] GC(46)   Evacuate Collection Set: 31.3ms
[2023-05-03T14:16:54.668-0100][538288.164s] GC(46)   Post Evacuate Collection Set: 12.4ms
[2023-05-03T14:16:54.669-0100][538288.165s] GC(46)   Other: 16.0ms
[2023-05-03T14:16:54.669-0100][538288.166s] GC(46) Eden regions: 304->0(304)
[2023-05-03T14:16:54.669-0100][538288.166s] GC(46) Survivor regions: 3->3(39)
[2023-05-03T14:16:54.669-0100][538288.166s] GC(46) Old regions: 67->67
[2023-05-03T14:16:54.669-0100][538288.166s] GC(46) Archive regions: 2->2
[2023-05-03T14:16:54.669-0100][538288.166s] GC(46) Humongous regions: 7->7
[2023-05-03T14:16:54.671-0100][538288.168s] GC(46) Metaspace: 63496K(65280K)->63496K(65280K) NonClass: 56408K(57856K)->56408K(57856K) Class: 7087K(7424K)->7087K(7424K)
[2023-05-03T14:16:54.672-0100][538288.168s] GC(46) Pause Young (Normal) (G1 Evacuation Pause) 380M->76M(512M) 67.805ms
[2023-05-03T14:16:54.672-0100][538288.168s] GC(46) User=0.01s Sys=0.09s Real=0.07s
[2023-05-08T10:44:13.121-0100][549744.119s] GC(47) Pause Young (Normal) (G1 Evacuation Pause)
[2023-05-08T10:44:13.125-0100][549744.121s] GC(47) Using 10 workers of 10 for evacuation
[2023-05-08T10:44:13.183-0100][549744.180s] GC(47)   Pre Evacuate Collection Set: 7.0ms
[2023-05-08T10:44:13.183-0100][549744.180s] GC(47)   Merge Heap Roots: 2.5ms
[2023-05-08T10:44:13.183-0100][549744.180s] GC(47)   Evacuate Collection Set: 34.2ms
[2023-05-08T10:44:13.184-0100][549744.180s] GC(47)   Post Evacuate Collection Set: 10.1ms
[2023-05-08T10:44:13.184-0100][549744.181s] GC(47)   Other: 12.9ms
[2023-05-08T10:44:13.184-0100][549744.181s] GC(47) Eden regions: 304->0(304)
[2023-05-08T10:44:13.185-0100][549744.181s] GC(47) Survivor regions: 3->3(39)
[2023-05-08T10:44:13.185-0100][549744.181s] GC(47) Old regions: 67->67
[2023-05-08T10:44:13.185-0100][549744.181s] GC(47) Archive regions: 2->2
[2023-05-08T10:44:13.185-0100][549744.181s] GC(47) Humongous regions: 7->7
[2023-05-08T10:44:13.185-0100][549744.182s] GC(47) Metaspace: 63520K(65280K)->63520K(65280K) NonClass: 56432K(57856K)->56432K(57856K) Class: 7087K(7424K)->7087K(7424K)
[2023-05-08T10:44:13.185-0100][549744.182s] GC(47) Pause Young (Normal) (G1 Evacuation Pause) 380M->76M(512M) 64.608ms
[2023-05-08T10:44:13.185-0100][549744.182s] GC(47) User=0.03s Sys=0.16s Real=0.06s
[2023-05-08T21:05:57.671-0100][556456.996s] GC(48) Pause Young (Normal) (G1 Evacuation Pause)
[2023-05-08T21:05:57.672-0100][556456.997s] GC(48) Using 10 workers of 10 for evacuation
[2023-05-08T21:05:57.690-0100][556457.015s] GC(48)   Pre Evacuate Collection Set: 0.9ms
[2023-05-08T21:05:57.690-0100][556457.015s] GC(48)   Merge Heap Roots: 0.2ms
[2023-05-08T21:05:57.690-0100][556457.015s] GC(48)   Evacuate Collection Set: 11.8ms
[2023-05-08T21:05:57.690-0100][556457.015s] GC(48)   Post Evacuate Collection Set: 4.8ms
[2023-05-08T21:05:57.690-0100][556457.015s] GC(48)   Other: 1.5ms
[2023-05-08T21:05:57.690-0100][556457.015s] GC(48) Eden regions: 304->0(304)
[2023-05-08T21:05:57.690-0100][556457.015s] GC(48) Survivor regions: 3->3(39)
[2023-05-08T21:05:57.690-0100][556457.015s] GC(48) Old regions: 67->67
[2023-05-08T21:05:57.690-0100][556457.015s] GC(48) Archive regions: 2->2
[2023-05-08T21:05:57.690-0100][556457.015s] GC(48) Humongous regions: 7->7
[2023-05-08T21:05:57.690-0100][556457.015s] GC(48) Metaspace: 63520K(65280K)->63520K(65280K) NonClass: 56432K(57856K)->56432K(57856K) Class: 7087K(7424K)->7087K(7424K)
[2023-05-08T21:05:57.690-0100][556457.015s] GC(48) Pause Young (Normal) (G1 Evacuation Pause) 380M->76M(512M) 19.403ms
[2023-05-08T21:05:57.690-0100][556457.015s] GC(48) User=0.02s Sys=0.05s Real=0.02s
[2023-05-10T16:47:52.340-0100][564146.035s] GC(49) Pause Young (Normal) (G1 Evacuation Pause)
[2023-05-10T16:47:52.343-0100][564146.036s] GC(49) Using 10 workers of 10 for evacuation
[2023-05-10T16:47:52.381-0100][564146.074s] GC(49)   Pre Evacuate Collection Set: 5.2ms
[2023-05-10T16:47:52.381-0100][564146.074s] GC(49)   Merge Heap Roots: 1.9ms
[2023-05-10T16:47:52.381-0100][564146.074s] GC(49)   Evacuate Collection Set: 26.8ms
[2023-05-10T16:47:52.381-0100][564146.074s] GC(49)   Post Evacuate Collection Set: 4.1ms
[2023-05-10T16:47:52.381-0100][564146.074s] GC(49)   Other: 4.1ms
[2023-05-10T16:47:52.381-0100][564146.074s] GC(49) Eden regions: 304->0(304)
[2023-05-10T16:47:52.381-0100][564146.074s] GC(49) Survivor regions: 3->3(39)
[2023-05-10T16:47:52.381-0100][564146.074s] GC(49) Old regions: 67->67
[2023-05-10T16:47:52.381-0100][564146.074s] GC(49) Archive regions: 2->2
[2023-05-10T16:47:52.381-0100][564146.074s] GC(49) Humongous regions: 7->7
[2023-05-10T16:47:52.381-0100][564146.074s] GC(49) Metaspace: 63520K(65280K)->63520K(65280K) NonClass: 56432K(57856K)->56432K(57856K) Class: 7087K(7424K)->7087K(7424K)
[2023-05-10T16:47:52.381-0100][564146.074s] GC(49) Pause Young (Normal) (G1 Evacuation Pause) 380M->76M(512M) 41.036ms
[2023-05-10T16:47:52.381-0100][564146.074s] GC(49) User=0.01s Sys=0.08s Real=0.04s
[2023-05-14T21:10:06.021-0100][575899.052s] GC(50) Pause Young (Normal) (G1 Evacuation Pause)
[2023-05-14T21:10:06.025-0100][575899.055s] GC(50) Using 10 workers of 10 for evacuation
[2023-05-14T21:10:06.099-0100][575899.130s] GC(50)   Pre Evacuate Collection Set: 7.0ms
[2023-05-14T21:10:06.099-0100][575899.130s] GC(50)   Merge Heap Roots: 1.1ms
[2023-05-14T21:10:06.099-0100][575899.130s] GC(50)   Evacuate Collection Set: 52.4ms
[2023-05-14T21:10:06.099-0100][575899.130s] GC(50)   Post Evacuate Collection Set: 7.2ms
[2023-05-14T21:10:06.099-0100][575899.130s] GC(50)   Other: 17.9ms
[2023-05-14T21:10:06.100-0100][575899.130s] GC(50) Eden regions: 304->0(304)
[2023-05-14T21:10:06.100-0100][575899.131s] GC(50) Survivor regions: 3->3(39)
[2023-05-14T21:10:06.100-0100][575899.131s] GC(50) Old regions: 67->67
[2023-05-14T21:10:06.100-0100][575899.131s] GC(50) Archive regions: 2->2
[2023-05-14T21:10:06.100-0100][575899.131s] GC(50) Humongous regions: 7->7
[2023-05-14T21:10:06.101-0100][575899.131s] GC(50) Metaspace: 63520K(65280K)->63520K(65280K) NonClass: 56432K(57856K)->56432K(57856K) Class: 7087K(7424K)->7087K(7424K)
[2023-05-14T21:10:06.101-0100][575899.132s] GC(50) Pause Young (Normal) (G1 Evacuation Pause) 380M->77M(512M) 81.896ms
[2023-05-14T21:10:06.102-0100][575899.132s] GC(50) User=0.01s Sys=0.10s Real=0.09s
[2023-05-16T00:19:16.084-0100][586578.045s] GC(51) Pause Young (Normal) (G1 Evacuation Pause)
[2023-05-16T00:19:16.089-0100][586578.049s] GC(51) Using 10 workers of 10 for evacuation
[2023-05-16T00:19:16.132-0100][586578.092s] GC(51)   Pre Evacuate Collection Set: 5.9ms
[2023-05-16T00:19:16.132-0100][586578.092s] GC(51)   Merge Heap Roots: 0.6ms
[2023-05-16T00:19:16.132-0100][586578.092s] GC(51)   Evacuate Collection Set: 23.9ms
[2023-05-16T00:19:16.132-0100][586578.092s] GC(51)   Post Evacuate Collection Set: 4.5ms
[2023-05-16T00:19:16.132-0100][586578.092s] GC(51)   Other: 17.3ms
[2023-05-16T00:19:16.133-0100][586578.093s] GC(51) Eden regions: 304->0(304)
[2023-05-16T00:19:16.133-0100][586578.093s] GC(51) Survivor regions: 3->3(39)
[2023-05-16T00:19:16.133-0100][586578.093s] GC(51) Old regions: 67->68
[2023-05-16T00:19:16.133-0100][586578.093s] GC(51) Archive regions: 2->2
[2023-05-16T00:19:16.133-0100][586578.093s] GC(51) Humongous regions: 7->7
[2023-05-16T00:19:16.133-0100][586578.093s] GC(51) Metaspace: 63520K(65280K)->63520K(65280K) NonClass: 56432K(57856K)->56432K(57856K) Class: 7087K(7424K)->7087K(7424K)
[2023-05-16T00:19:16.133-0100][586578.093s] GC(51) Pause Young (Normal) (G1 Evacuation Pause) 381M->77M(512M) 49.431ms
[2023-05-16T00:19:16.133-0100][586578.093s] GC(51) User=0.01s Sys=0.08s Real=0.05s
[2023-05-18T13:01:31.753-0100][598013.835s] GC(52) Pause Young (Normal) (G1 Evacuation Pause)
[2023-05-18T13:01:31.764-0100][598013.839s] GC(52) Using 10 workers of 10 for evacuation
[2023-05-18T13:01:32.043-0100][598014.118s] GC(52)   Pre Evacuate Collection Set: 50.0ms
[2023-05-18T13:01:32.043-0100][598014.118s] GC(52)   Merge Heap Roots: 7.5ms
[2023-05-18T13:01:32.044-0100][598014.118s] GC(52)   Evacuate Collection Set: 127.6ms
[2023-05-18T13:01:32.044-0100][598014.118s] GC(52)   Post Evacuate Collection Set: 77.7ms
[2023-05-18T13:01:32.045-0100][598014.119s] GC(52)   Other: 52.8ms
[2023-05-18T13:01:32.045-0100][598014.120s] GC(52) Eden regions: 304->0(304)
[2023-05-18T13:01:32.045-0100][598014.120s] GC(52) Survivor regions: 3->3(39)
[2023-05-18T13:01:32.045-0100][598014.120s] GC(52) Old regions: 68->68
[2023-05-18T13:01:32.045-0100][598014.120s] GC(52) Archive regions: 2->2
[2023-05-18T13:01:32.045-0100][598014.120s] GC(52) Humongous regions: 7->7
[2023-05-18T13:01:32.046-0100][598014.120s] GC(52) Metaspace: 63520K(65280K)->63520K(65280K) NonClass: 56432K(57856K)->56432K(57856K) Class: 7087K(7424K)->7087K(7424K)
[2023-05-18T13:01:32.047-0100][598014.121s] GC(52) Pause Young (Normal) (G1 Evacuation Pause) 381M->77M(512M) 300.036ms
[2023-05-18T13:01:32.047-0100][598014.121s] GC(52) User=0.02s Sys=0.22s Real=0.30s
[2023-05-22T13:13:57.445-0100][609124.162s] GC(53) Pause Young (Normal) (G1 Evacuation Pause)
[2023-05-22T13:13:57.451-0100][609124.167s] GC(53) Using 10 workers of 10 for evacuation
[2023-05-22T13:13:57.494-0100][609124.210s] GC(53)   Pre Evacuate Collection Set: 4.9ms
[2023-05-22T13:13:57.494-0100][609124.210s] GC(53)   Merge Heap Roots: 4.1ms
[2023-05-22T13:13:57.494-0100][609124.210s] GC(53)   Evacuate Collection Set: 22.4ms
[2023-05-22T13:13:57.494-0100][609124.210s] GC(53)   Post Evacuate Collection Set: 5.3ms
[2023-05-22T13:13:57.497-0100][609124.212s] GC(53)   Other: 19.3ms
[2023-05-22T13:13:57.497-0100][609124.213s] GC(53) Eden regions: 304->0(305)
[2023-05-22T13:13:57.497-0100][609124.213s] GC(53) Survivor regions: 3->2(39)
[2023-05-22T13:13:57.497-0100][609124.213s] GC(53) Old regions: 68->68
[2023-05-22T13:13:57.497-0100][609124.213s] GC(53) Archive regions: 2->2
[2023-05-22T13:13:57.497-0100][609124.213s] GC(53) Humongous regions: 7->7
[2023-05-22T13:13:57.498-0100][609124.213s] GC(53) Metaspace: 63583K(65280K)->63583K(65280K) NonClass: 56496K(57856K)->56496K(57856K) Class: 7087K(7424K)->7087K(7424K)
[2023-05-22T13:13:57.498-0100][609124.213s] GC(53) Pause Young (Normal) (G1 Evacuation Pause) 381M->76M(512M) 54.568ms
[2023-05-22T13:13:57.498-0100][609124.213s] GC(53) User=0.02s Sys=0.10s Real=0.05s
[2023-05-27T08:58:11.522-0100][619229.307s] GC(54) Pause Young (Normal) (G1 Evacuation Pause)
[2023-05-27T08:58:11.523-0100][619229.307s] GC(54) Using 10 workers of 10 for evacuation
[2023-05-27T08:58:11.555-0100][619229.340s] GC(54)   Pre Evacuate Collection Set: 5.0ms
[2023-05-27T08:58:11.555-0100][619229.340s] GC(54)   Merge Heap Roots: 1.4ms
[2023-05-27T08:58:11.555-0100][619229.340s] GC(54)   Evacuate Collection Set: 19.5ms
[2023-05-27T08:58:11.555-0100][619229.340s] GC(54)   Post Evacuate Collection Set: 4.9ms
[2023-05-27T08:58:11.556-0100][619229.341s] GC(54)   Other: 4.9ms
[2023-05-27T08:58:11.556-0100][619229.341s] GC(54) Eden regions: 305->0(305)
[2023-05-27T08:58:11.556-0100][619229.341s] GC(54) Survivor regions: 2->2(39)
[2023-05-27T08:58:11.556-0100][619229.341s] GC(54) Old regions: 68->68
[2023-05-27T08:58:11.556-0100][619229.341s] GC(54) Archive regions: 2->2
[2023-05-27T08:58:11.556-0100][619229.341s] GC(54) Humongous regions: 7->7
[2023-05-27T08:58:11.556-0100][619229.341s] GC(54) Metaspace: 63584K(65280K)->63584K(65280K) NonClass: 56496K(57856K)->56496K(57856K) Class: 7087K(7424K)->7087K(7424K)
[2023-05-27T08:58:11.556-0100][619229.341s] GC(54) Pause Young (Normal) (G1 Evacuation Pause) 381M->76M(512M) 34.465ms
[2023-05-27T08:58:11.556-0100][619229.341s] GC(54) User=0.01s Sys=0.07s Real=0.03s
[2023-05-29T23:01:14.164-0100][629384.891s] GC(55) Pause Young (Normal) (G1 Evacuation Pause)
[2023-05-29T23:01:14.167-0100][629384.893s] GC(55) Using 10 workers of 10 for evacuation
[2023-05-29T23:01:14.202-0100][629384.928s] GC(55)   Pre Evacuate Collection Set: 3.8ms
[2023-05-29T23:01:14.202-0100][629384.928s] GC(55)   Merge Heap Roots: 1.3ms
[2023-05-29T23:01:14.202-0100][629384.928s] GC(55)   Evacuate Collection Set: 21.2ms
[2023-05-29T23:01:14.202-0100][629384.928s] GC(55)   Post Evacuate Collection Set: 4.5ms
[2023-05-29T23:01:14.202-0100][629384.928s] GC(55)   Other: 13.6ms
[2023-05-29T23:01:14.203-0100][629384.929s] GC(55) Eden regions: 305->0(304)
[2023-05-29T23:01:14.203-0100][629384.929s] GC(55) Survivor regions: 2->3(39)
[2023-05-29T23:01:14.203-0100][629384.929s] GC(55) Old regions: 68->68
[2023-05-29T23:01:14.203-0100][629384.929s] GC(55) Archive regions: 2->2
[2023-05-29T23:01:14.203-0100][629384.929s] GC(55) Humongous regions: 7->7
[2023-05-29T23:01:14.203-0100][629384.929s] GC(55) Metaspace: 63585K(65280K)->63585K(65280K) NonClass: 56497K(57856K)->56497K(57856K) Class: 7087K(7424K)->7087K(7424K)
[2023-05-29T23:01:14.203-0100][629384.929s] GC(55) Pause Young (Normal) (G1 Evacuation Pause) 381M->77M(512M) 41.106ms
[2023-05-29T23:01:14.203-0100][629384.929s] GC(55) User=0.01s Sys=0.08s Real=0.04s
[2023-06-01T20:52:22.661-0100][636947.751s] GC(56) Pause Young (Normal) (G1 Evacuation Pause)
[2023-06-01T20:52:22.663-0100][636947.752s] GC(56) Using 10 workers of 10 for evacuation
[2023-06-01T20:52:22.681-0100][636947.771s] GC(56)   Pre Evacuate Collection Set: 1.8ms
[2023-06-01T20:52:22.681-0100][636947.771s] GC(56)   Merge Heap Roots: 0.7ms
[2023-06-01T20:52:22.681-0100][636947.771s] GC(56)   Evacuate Collection Set: 11.9ms
[2023-06-01T20:52:22.681-0100][636947.771s] GC(56)   Post Evacuate Collection Set: 2.3ms
[2023-06-01T20:52:22.681-0100][636947.771s] GC(56)   Other: 4.5ms
[2023-06-01T20:52:22.681-0100][636947.771s] GC(56) Eden regions: 304->0(305)
[2023-06-01T20:52:22.681-0100][636947.771s] GC(56) Survivor regions: 3->2(39)
[2023-06-01T20:52:22.681-0100][636947.771s] GC(56) Old regions: 68->68
[2023-06-01T20:52:22.681-0100][636947.771s] GC(56) Archive regions: 2->2
[2023-06-01T20:52:22.681-0100][636947.771s] GC(56) Humongous regions: 7->7
[2023-06-01T20:52:22.682-0100][636947.772s] GC(56) Metaspace: 63586K(65280K)->63586K(65280K) NonClass: 56498K(57856K)->56498K(57856K) Class: 7087K(7424K)->7087K(7424K)
[2023-06-01T20:52:22.682-0100][636947.772s] GC(56) Pause Young (Normal) (G1 Evacuation Pause) 381M->76M(512M) 21.336ms
[2023-06-01T20:52:22.682-0100][636947.772s] GC(56) User=0.01s Sys=0.05s Real=0.02s
[2023-06-01T22:01:08.924-0100][640449.123s] GC(57) Pause Young (Normal) (G1 Evacuation Pause)
[2023-06-01T22:01:08.924-0100][640449.124s] GC(57) Using 10 workers of 10 for evacuation
[2023-06-01T22:01:08.932-0100][640449.131s] GC(57)   Pre Evacuate Collection Set: 0.2ms
[2023-06-01T22:01:08.932-0100][640449.131s] GC(57)   Merge Heap Roots: 0.1ms
[2023-06-01T22:01:08.932-0100][640449.131s] GC(57)   Evacuate Collection Set: 6.6ms
[2023-06-01T22:01:08.932-0100][640449.131s] GC(57)   Post Evacuate Collection Set: 0.6ms
[2023-06-01T22:01:08.932-0100][640449.131s] GC(57)   Other: 0.3ms
[2023-06-01T22:01:08.932-0100][640449.131s] GC(57) Eden regions: 305->0(305)
[2023-06-01T22:01:08.932-0100][640449.131s] GC(57) Survivor regions: 2->2(39)
[2023-06-01T22:01:08.932-0100][640449.131s] GC(57) Old regions: 68->68
[2023-06-01T22:01:08.932-0100][640449.131s] GC(57) Archive regions: 2->2
[2023-06-01T22:01:08.932-0100][640449.131s] GC(57) Humongous regions: 7->7
[2023-06-01T22:01:08.932-0100][640449.131s] GC(57) Metaspace: 63586K(65280K)->63586K(65280K) NonClass: 56498K(57856K)->56498K(57856K) Class: 7087K(7424K)->7087K(7424K)
[2023-06-01T22:01:08.932-0100][640449.131s] GC(57) Pause Young (Normal) (G1 Evacuation Pause) 381M->76M(512M) 8.039ms
[2023-06-01T22:01:08.932-0100][640449.132s] GC(57) User=0.01s Sys=0.02s Real=0.01s
[2023-06-07T16:51:48.701-0100][653888.586s] GC(58) Pause Young (Normal) (G1 Evacuation Pause)
[2023-06-07T16:51:48.705-0100][653888.589s] GC(58) Using 10 workers of 10 for evacuation
[2023-06-07T16:51:48.826-0100][653888.711s] GC(58)   Pre Evacuate Collection Set: 15.8ms
[2023-06-07T16:51:48.826-0100][653888.711s] GC(58)   Merge Heap Roots: 5.9ms
[2023-06-07T16:51:48.826-0100][653888.711s] GC(58)   Evacuate Collection Set: 82.9ms
[2023-06-07T16:51:48.826-0100][653888.711s] GC(58)   Post Evacuate Collection Set: 8.0ms
[2023-06-07T16:51:48.827-0100][653888.711s] GC(58)   Other: 19.8ms
[2023-06-07T16:51:48.827-0100][653888.711s] GC(58) Eden regions: 305->0(304)
[2023-06-07T16:51:48.827-0100][653888.711s] GC(58) Survivor regions: 2->3(39)
[2023-06-07T16:51:48.827-0100][653888.711s] GC(58) Old regions: 68->68
[2023-06-07T16:51:48.827-0100][653888.711s] GC(58) Archive regions: 2->2
[2023-06-07T16:51:48.827-0100][653888.711s] GC(58) Humongous regions: 7->7
[2023-06-07T16:51:48.827-0100][653888.712s] GC(58) Metaspace: 63595K(65280K)->63595K(65280K) NonClass: 56507K(57856K)->56507K(57856K) Class: 7087K(7424K)->7087K(7424K)
[2023-06-07T16:51:48.827-0100][653888.712s] GC(58) Pause Young (Normal) (G1 Evacuation Pause) 381M->77M(512M) 128.173ms
[2023-06-07T16:51:48.827-0100][653888.712s] GC(58) User=0.02s Sys=0.23s Real=0.13s
[2023-06-12T14:51:54.108-0100][671815.270s] GC(59) Pause Young (Normal) (G1 Evacuation Pause)
[2023-06-12T14:51:54.110-0100][671815.271s] GC(59) Using 10 workers of 10 for evacuation
[2023-06-12T14:51:54.253-0100][671815.414s] GC(59)   Pre Evacuate Collection Set: 13.9ms
[2023-06-12T14:51:54.253-0100][671815.414s] GC(59)   Merge Heap Roots: 9.7ms
[2023-06-12T14:51:54.253-0100][671815.414s] GC(59)   Evacuate Collection Set: 101.6ms
[2023-06-12T14:51:54.253-0100][671815.414s] GC(59)   Post Evacuate Collection Set: 15.2ms
[2023-06-12T14:51:54.253-0100][671815.414s] GC(59)   Other: 8.0ms
[2023-06-12T14:51:54.253-0100][671815.414s] GC(59) Eden regions: 304->0(304)
[2023-06-12T14:51:54.253-0100][671815.414s] GC(59) Survivor regions: 3->3(39)
[2023-06-12T14:51:54.253-0100][671815.414s] GC(59) Old regions: 68->68
[2023-06-12T14:51:54.253-0100][671815.414s] GC(59) Archive regions: 2->2
[2023-06-12T14:51:54.253-0100][671815.414s] GC(59) Humongous regions: 7->7
[2023-06-12T14:51:54.253-0100][671815.414s] GC(59) Metaspace: 63601K(65280K)->63601K(65280K) NonClass: 56513K(57856K)->56513K(57856K) Class: 7087K(7424K)->7087K(7424K)
[2023-06-12T14:51:54.253-0100][671815.414s] GC(59) Pause Young (Normal) (G1 Evacuation Pause) 381M->76M(512M) 146.253ms
[2023-06-12T14:51:54.253-0100][671815.414s] GC(59) User=0.02s Sys=0.19s Real=0.15s
[2023-06-19T19:01:05.046-0100][692949.716s] GC(60) Pause Young (Normal) (G1 Evacuation Pause)
[2023-06-19T19:01:05.052-0100][692949.721s] GC(60) Using 10 workers of 10 for evacuation
[2023-06-19T19:01:05.112-0100][692949.781s] GC(60)   Pre Evacuate Collection Set: 4.4ms
[2023-06-19T19:01:05.112-0100][692949.781s] GC(60)   Merge Heap Roots: 1.6ms
[2023-06-19T19:01:05.112-0100][692949.781s] GC(60)   Evacuate Collection Set: 38.1ms
[2023-06-19T19:01:05.112-0100][692949.781s] GC(60)   Post Evacuate Collection Set: 8.3ms
[2023-06-19T19:01:05.112-0100][692949.782s] GC(60)   Other: 20.3ms
[2023-06-19T19:01:05.112-0100][692949.782s] GC(60) Eden regions: 304->0(305)
[2023-06-19T19:01:05.112-0100][692949.782s] GC(60) Survivor regions: 3->2(39)
[2023-06-19T19:01:05.112-0100][692949.782s] GC(60) Old regions: 68->68
[2023-06-19T19:01:05.112-0100][692949.782s] GC(60) Archive regions: 2->2
[2023-06-19T19:01:05.112-0100][692949.782s] GC(60) Humongous regions: 7->7
[2023-06-19T19:01:05.113-0100][692949.782s] GC(60) Metaspace: 63603K(65280K)->63603K(65280K) NonClass: 56515K(57856K)->56515K(57856K) Class: 7087K(7424K)->7087K(7424K)
[2023-06-19T19:01:05.114-0100][692949.783s] GC(60) Pause Young (Normal) (G1 Evacuation Pause) 380M->77M(512M) 70.085ms
[2023-06-19T19:01:05.114-0100][692949.783s] GC(60) User=0.02s Sys=0.12s Real=0.07s
[2023-06-22T13:42:02.953-0100][711159.229s] GC(61) Pause Young (Normal) (G1 Evacuation Pause)
[2023-06-22T13:42:02.955-0100][711159.231s] GC(61) Using 10 workers of 10 for evacuation
[2023-06-22T13:42:02.996-0100][711159.272s] GC(61)   Pre Evacuate Collection Set: 5.5ms
[2023-06-22T13:42:02.996-0100][711159.272s] GC(61)   Merge Heap Roots: 0.9ms
[2023-06-22T13:42:02.996-0100][711159.272s] GC(61)   Evacuate Collection Set: 23.6ms
[2023-06-22T13:42:02.996-0100][711159.272s] GC(61)   Post Evacuate Collection Set: 5.4ms
[2023-06-22T13:42:02.996-0100][711159.272s] GC(61)   Other: 11.6ms
[2023-06-22T13:42:02.997-0100][711159.273s] GC(61) Eden regions: 305->0(305)
[2023-06-22T13:42:02.997-0100][711159.273s] GC(61) Survivor regions: 2->2(39)
[2023-06-22T13:42:02.997-0100][711159.273s] GC(61) Old regions: 68->68
[2023-06-22T13:42:02.997-0100][711159.273s] GC(61) Archive regions: 2->2
[2023-06-22T13:42:02.997-0100][711159.273s] GC(61) Humongous regions: 7->7
[2023-06-22T13:42:02.997-0100][711159.273s] GC(61) Metaspace: 63644K(65280K)->63644K(65280K) NonClass: 56556K(57856K)->56556K(57856K) Class: 7087K(7424K)->7087K(7424K)
[2023-06-22T13:42:02.997-0100][711159.273s] GC(61) Pause Young (Normal) (G1 Evacuation Pause) 382M->77M(512M) 45.194ms
[2023-06-22T13:42:02.997-0100][711159.273s] GC(61) User=0.01s Sys=0.08s Real=0.04s
[2023-06-26T16:01:10.292-0100][722773.538s] GC(62) Pause Young (Normal) (G1 Evacuation Pause)
[2023-06-26T16:01:10.299-0100][722773.542s] GC(62) Using 10 workers of 10 for evacuation
[2023-06-26T16:01:10.444-0100][722773.688s] GC(62)   Pre Evacuate Collection Set: 32.0ms
[2023-06-26T16:01:10.444-0100][722773.688s] GC(62)   Merge Heap Roots: 9.2ms
[2023-06-26T16:01:10.444-0100][722773.688s] GC(62)   Evacuate Collection Set: 88.9ms
[2023-06-26T16:01:10.445-0100][722773.688s] GC(62)   Post Evacuate Collection Set: 7.1ms
[2023-06-26T16:01:10.445-0100][722773.688s] GC(62)   Other: 20.3ms
[2023-06-26T16:01:10.445-0100][722773.688s] GC(62) Eden regions: 305->0(304)
[2023-06-26T16:01:10.445-0100][722773.688s] GC(62) Survivor regions: 2->3(39)
[2023-06-26T16:01:10.445-0100][722773.688s] GC(62) Old regions: 68->68
[2023-06-26T16:01:10.445-0100][722773.688s] GC(62) Archive regions: 2->2
[2023-06-26T16:01:10.445-0100][722773.688s] GC(62) Humongous regions: 7->7
[2023-06-26T16:01:10.445-0100][722773.689s] GC(62) Metaspace: 63654K(65536K)->63654K(65536K) NonClass: 56566K(58112K)->56566K(58112K) Class: 7087K(7424K)->7087K(7424K)
[2023-06-26T16:01:10.445-0100][722773.689s] GC(62) Pause Young (Normal) (G1 Evacuation Pause) 382M->77M(512M) 154.367ms
[2023-06-26T16:01:10.446-0100][722773.689s] GC(62) User=0.02s Sys=0.25s Real=0.15s
[2023-07-02T15:57:22.408-0100][734301.301s] GC(63) Pause Young (Normal) (G1 Evacuation Pause)
[2023-07-02T15:57:22.414-0100][734301.306s] GC(63) Using 10 workers of 10 for evacuation
[2023-07-02T15:57:22.479-0100][734301.371s] GC(63)   Pre Evacuate Collection Set: 9.0ms
[2023-07-02T15:57:22.479-0100][734301.371s] GC(63)   Merge Heap Roots: 1.9ms
[2023-07-02T15:57:22.479-0100][734301.371s] GC(63)   Evacuate Collection Set: 38.4ms
[2023-07-02T15:57:22.479-0100][734301.371s] GC(63)   Post Evacuate Collection Set: 7.8ms
[2023-07-02T15:57:22.480-0100][734301.372s] GC(63)   Other: 21.2ms
[2023-07-02T15:57:22.480-0100][734301.372s] GC(63) Eden regions: 304->0(304)
[2023-07-02T15:57:22.480-0100][734301.372s] GC(63) Survivor regions: 3->3(39)
[2023-07-02T15:57:22.480-0100][734301.372s] GC(63) Old regions: 68->68
[2023-07-02T15:57:22.480-0100][734301.372s] GC(63) Archive regions: 2->2
[2023-07-02T15:57:22.480-0100][734301.372s] GC(63) Humongous regions: 7->7
[2023-07-02T15:57:22.480-0100][734301.372s] GC(63) Metaspace: 63656K(65536K)->63656K(65536K) NonClass: 56569K(58112K)->56569K(58112K) Class: 7087K(7424K)->7087K(7424K)
[2023-07-02T15:57:22.481-0100][734301.372s] GC(63) Pause Young (Normal) (G1 Evacuation Pause) 381M->77M(512M) 74.829ms
[2023-07-02T15:57:22.481-0100][734301.373s] GC(63) User=0.02s Sys=0.13s Real=0.08s
[2023-07-03T15:13:25.087-0100][745901.928s] GC(64) Pause Young (Normal) (G1 Evacuation Pause)
[2023-07-03T15:13:25.088-0100][745901.929s] GC(64) Using 10 workers of 10 for evacuation
[2023-07-03T15:13:25.109-0100][745901.951s] GC(64)   Pre Evacuate Collection Set: 2.0ms
[2023-07-03T15:13:25.109-0100][745901.951s] GC(64)   Merge Heap Roots: 0.2ms
[2023-07-03T15:13:25.109-0100][745901.951s] GC(64)   Evacuate Collection Set: 15.1ms
[2023-07-03T15:13:25.109-0100][745901.951s] GC(64)   Post Evacuate Collection Set: 3.8ms
[2023-07-03T15:13:25.109-0100][745901.951s] GC(64)   Other: 1.3ms
[2023-07-03T15:13:25.110-0100][745901.951s] GC(64) Eden regions: 304->0(304)
[2023-07-03T15:13:25.110-0100][745901.951s] GC(64) Survivor regions: 3->3(39)
[2023-07-03T15:13:25.110-0100][745901.951s] GC(64) Old regions: 68->68
[2023-07-03T15:13:25.110-0100][745901.951s] GC(64) Archive regions: 2->2
[2023-07-03T15:13:25.110-0100][745901.951s] GC(64) Humongous regions: 7->7
[2023-07-03T15:13:25.110-0100][745901.951s] GC(64) Metaspace: 63669K(65536K)->63669K(65536K) NonClass: 56581K(58112K)->56581K(58112K) Class: 7087K(7424K)->7087K(7424K)
[2023-07-03T15:13:25.110-0100][745901.951s] GC(64) Pause Young (Normal) (G1 Evacuation Pause) 381M->77M(512M) 23.058ms
[2023-07-03T15:13:25.110-0100][745901.951s] GC(64) User=0.02s Sys=0.06s Real=0.03s
[2023-07-03T21:19:21.057-0100][750043.593s] GC(65) Pause Young (Normal) (G1 Evacuation Pause)
[2023-07-03T21:19:21.058-0100][750043.594s] GC(65) Using 10 workers of 10 for evacuation
[2023-07-03T21:19:21.092-0100][750043.628s] GC(65)   Pre Evacuate Collection Set: 6.1ms
[2023-07-03T21:19:21.092-0100][750043.628s] GC(65)   Merge Heap Roots: 1.8ms
[2023-07-03T21:19:21.092-0100][750043.628s] GC(65)   Evacuate Collection Set: 18.4ms
[2023-07-03T21:19:21.092-0100][750043.628s] GC(65)   Post Evacuate Collection Set: 4.5ms
[2023-07-03T21:19:21.092-0100][750043.628s] GC(65)   Other: 6.9ms
[2023-07-03T21:19:21.092-0100][750043.629s] GC(65) Eden regions: 304->0(304)
[2023-07-03T21:19:21.092-0100][750043.629s] GC(65) Survivor regions: 3->3(39)
[2023-07-03T21:19:21.092-0100][750043.629s] GC(65) Old regions: 68->68
[2023-07-03T21:19:21.092-0100][750043.629s] GC(65) Archive regions: 2->2
[2023-07-03T21:19:21.092-0100][750043.629s] GC(65) Humongous regions: 7->7
[2023-07-03T21:19:21.092-0100][750043.629s] GC(65) Metaspace: 63669K(65536K)->63669K(65536K) NonClass: 56581K(58112K)->56581K(58112K) Class: 7087K(7424K)->7087K(7424K)
[2023-07-03T21:19:21.092-0100][750043.629s] GC(65) Pause Young (Normal) (G1 Evacuation Pause) 381M->77M(512M) 36.251ms
[2023-07-03T21:19:21.092-0100][750043.629s] GC(65) User=0.01s Sys=0.08s Real=0.04s
[2023-07-07T16:52:05.611-0100][761263.709s] GC(66) Pause Young (Normal) (G1 Evacuation Pause)
[2023-07-07T16:52:05.617-0100][761263.711s] GC(66) Using 10 workers of 10 for evacuation
[2023-07-07T16:52:05.833-0100][761263.928s] GC(66)   Pre Evacuate Collection Set: 23.5ms
[2023-07-07T16:52:05.834-0100][761263.928s] GC(66)   Merge Heap Roots: 6.9ms
[2023-07-07T16:52:05.834-0100][761263.928s] GC(66)   Evacuate Collection Set: 159.2ms
[2023-07-07T16:52:05.834-0100][761263.928s] GC(66)   Post Evacuate Collection Set: 17.9ms
[2023-07-07T16:52:05.834-0100][761263.929s] GC(66)   Other: 22.9ms
[2023-07-07T16:52:05.835-0100][761263.930s] GC(66) Eden regions: 304->0(304)
[2023-07-07T16:52:05.835-0100][761263.930s] GC(66) Survivor regions: 3->3(39)
[2023-07-07T16:52:05.835-0100][761263.930s] GC(66) Old regions: 68->68
[2023-07-07T16:52:05.835-0100][761263.930s] GC(66) Archive regions: 2->2
[2023-07-07T16:52:05.835-0100][761263.930s] GC(66) Humongous regions: 7->7
[2023-07-07T16:52:05.835-0100][761263.930s] GC(66) Metaspace: 63678K(65536K)->63678K(65536K) NonClass: 56590K(58112K)->56590K(58112K) Class: 7087K(7424K)->7087K(7424K)
[2023-07-07T16:52:05.836-0100][761263.931s] GC(66) Pause Young (Normal) (G1 Evacuation Pause) 381M->77M(512M) 227.812ms
[2023-07-07T16:52:05.837-0100][761263.931s] GC(66) User=0.04s Sys=0.52s Real=0.23s
[2023-07-10T07:29:33.009-0100][767157.762s] GC(67) Pause Young (Normal) (G1 Evacuation Pause)
[2023-07-10T07:29:33.011-0100][767157.764s] GC(67) Using 10 workers of 10 for evacuation
[2023-07-10T07:29:33.045-0100][767157.798s] GC(67)   Pre Evacuate Collection Set: 3.1ms
[2023-07-10T07:29:33.045-0100][767157.798s] GC(67)   Merge Heap Roots: 1.3ms
[2023-07-10T07:29:33.045-0100][767157.798s] GC(67)   Evacuate Collection Set: 20.5ms
[2023-07-10T07:29:33.045-0100][767157.798s] GC(67)   Post Evacuate Collection Set: 5.4ms
[2023-07-10T07:29:33.046-0100][767157.799s] GC(67)   Other: 9.1ms
[2023-07-10T07:29:33.046-0100][767157.799s] GC(67) Eden regions: 304->0(305)
[2023-07-10T07:29:33.046-0100][767157.799s] GC(67) Survivor regions: 3->2(39)
[2023-07-10T07:29:33.046-0100][767157.799s] GC(67) Old regions: 68->68
[2023-07-10T07:29:33.046-0100][767157.799s] GC(67) Archive regions: 2->2
[2023-07-10T07:29:33.046-0100][767157.799s] GC(67) Humongous regions: 7->7
[2023-07-10T07:29:33.046-0100][767157.800s] GC(67) Metaspace: 63692K(65536K)->63692K(65536K) NonClass: 56604K(58112K)->56604K(58112K) Class: 7087K(7424K)->7087K(7424K)
[2023-07-10T07:29:33.046-0100][767157.800s] GC(67) Pause Young (Normal) (G1 Evacuation Pause) 381M->77M(512M) 38.309ms
[2023-07-10T07:29:33.046-0100][767157.800s] GC(67) User=0.02s Sys=0.07s Real=0.04s
[2023-07-11T07:47:47.552-0100][769082.902s] GC(68) Pause Young (Normal) (G1 Evacuation Pause)
[2023-07-11T07:47:47.553-0100][769082.902s] GC(68) Using 10 workers of 10 for evacuation
[2023-07-11T07:47:47.590-0100][769082.939s] GC(68)   Pre Evacuate Collection Set: 3.2ms
[2023-07-11T07:47:47.590-0100][769082.939s] GC(68)   Merge Heap Roots: 0.7ms
[2023-07-11T07:47:47.590-0100][769082.939s] GC(68)   Evacuate Collection Set: 23.9ms
[2023-07-11T07:47:47.590-0100][769082.939s] GC(68)   Post Evacuate Collection Set: 4.5ms
[2023-07-11T07:47:47.590-0100][769082.939s] GC(68)   Other: 8.7ms
[2023-07-11T07:47:47.590-0100][769082.939s] GC(68) Eden regions: 305->0(304)
[2023-07-11T07:47:47.590-0100][769082.939s] GC(68) Survivor regions: 2->3(39)
[2023-07-11T07:47:47.590-0100][769082.940s] GC(68) Old regions: 68->68
[2023-07-11T07:47:47.590-0100][769082.940s] GC(68) Archive regions: 2->2
[2023-07-11T07:47:47.590-0100][769082.940s] GC(68) Humongous regions: 7->7
[2023-07-11T07:47:47.590-0100][769082.940s] GC(68) Metaspace: 63693K(65536K)->63693K(65536K) NonClass: 56605K(58112K)->56605K(58112K) Class: 7087K(7424K)->7087K(7424K)
[2023-07-11T07:47:47.591-0100][769082.940s] GC(68) Pause Young (Normal) (G1 Evacuation Pause) 382M->77M(512M) 39.612ms
[2023-07-11T07:47:47.591-0100][769082.940s] GC(68) User=0.01s Sys=0.08s Real=0.04s
[2023-07-11T18:47:39.359-0100][769656.175s] GC(69) Pause Young (Normal) (G1 Evacuation Pause)
[2023-07-11T18:47:39.362-0100][769656.177s] GC(69) Using 10 workers of 10 for evacuation
[2023-07-11T18:47:39.397-0100][769656.212s] GC(69)   Pre Evacuate Collection Set: 3.0ms
[2023-07-11T18:47:39.397-0100][769656.212s] GC(69)   Merge Heap Roots: 0.5ms
[2023-07-11T18:47:39.397-0100][769656.212s] GC(69)   Evacuate Collection Set: 24.3ms
[2023-07-11T18:47:39.397-0100][769656.212s] GC(69)   Post Evacuate Collection Set: 3.3ms
[2023-07-11T18:47:39.397-0100][769656.213s] GC(69)   Other: 8.9ms
[2023-07-11T18:47:39.397-0100][769656.213s] GC(69) Eden regions: 304->0(304)
[2023-07-11T18:47:39.397-0100][769656.213s] GC(69) Survivor regions: 3->3(39)
[2023-07-11T18:47:39.397-0100][769656.213s] GC(69) Old regions: 68->68
[2023-07-11T18:47:39.397-0100][769656.213s] GC(69) Archive regions: 2->2
[2023-07-11T18:47:39.397-0100][769656.213s] GC(69) Humongous regions: 7->7
[2023-07-11T18:47:39.398-0100][769656.213s] GC(69) Metaspace: 63702K(65536K)->63702K(65536K) NonClass: 56614K(58112K)->56614K(58112K) Class: 7087K(7424K)->7087K(7424K)
[2023-07-11T18:47:39.398-0100][769656.213s] GC(69) Pause Young (Normal) (G1 Evacuation Pause) 381M->77M(512M) 38.673ms
[2023-07-11T18:47:39.398-0100][769656.214s] GC(69) User=0.02s Sys=0.07s Real=0.04s
[2023-07-13T03:10:20.738-0100][771228.582s] GC(70) Pause Young (Normal) (G1 Evacuation Pause)
[2023-07-13T03:10:20.740-0100][771228.584s] GC(70) Using 10 workers of 10 for evacuation
[2023-07-13T03:10:20.779-0100][771228.623s] GC(70)   Pre Evacuate Collection Set: 4.7ms
[2023-07-13T03:10:20.779-0100][771228.623s] GC(70)   Merge Heap Roots: 1.8ms
[2023-07-13T03:10:20.779-0100][771228.623s] GC(70)   Evacuate Collection Set: 27.5ms
[2023-07-13T03:10:20.779-0100][771228.623s] GC(70)   Post Evacuate Collection Set: 2.5ms
[2023-07-13T03:10:20.779-0100][771228.623s] GC(70)   Other: 5.9ms
[2023-07-13T03:10:20.779-0100][771228.623s] GC(70) Eden regions: 304->0(304)
[2023-07-13T03:10:20.779-0100][771228.623s] GC(70) Survivor regions: 3->3(39)
[2023-07-13T03:10:20.779-0100][771228.623s] GC(70) Old regions: 68->68
[2023-07-13T03:10:20.780-0100][771228.623s] GC(70) Archive regions: 2->2
[2023-07-13T03:10:20.780-0100][771228.623s] GC(70) Humongous regions: 7->7
[2023-07-13T03:10:20.780-0100][771228.623s] GC(70) Metaspace: 63706K(65536K)->63706K(65536K) NonClass: 56618K(58112K)->56618K(58112K) Class: 7087K(7424K)->7087K(7424K)
[2023-07-13T03:10:20.780-0100][771228.624s] GC(70) Pause Young (Normal) (G1 Evacuation Pause) 381M->77M(512M) 42.343ms
[2023-07-13T03:10:20.780-0100][771228.624s] GC(70) User=0.01s Sys=0.08s Real=0.05s
[2023-07-14T23:52:02.724-0100][774625.243s] GC(71) Pause Young (Normal) (G1 Evacuation Pause)
[2023-07-14T23:52:02.726-0100][774625.245s] GC(71) Using 10 workers of 10 for evacuation
[2023-07-14T23:52:02.756-0100][774625.274s] GC(71)   Pre Evacuate Collection Set: 3.2ms
[2023-07-14T23:52:02.756-0100][774625.274s] GC(71)   Merge Heap Roots: 1.2ms
[2023-07-14T23:52:02.756-0100][774625.274s] GC(71)   Evacuate Collection Set: 20.4ms
[2023-07-14T23:52:02.756-0100][774625.274s] GC(71)   Post Evacuate Collection Set: 4.0ms
[2023-07-14T23:52:02.756-0100][774625.274s] GC(71)   Other: 2.6ms
[2023-07-14T23:52:02.756-0100][774625.274s] GC(71) Eden regions: 304->0(305)
[2023-07-14T23:52:02.756-0100][774625.274s] GC(71) Survivor regions: 3->2(39)
[2023-07-14T23:52:02.756-0100][774625.274s] GC(71) Old regions: 68->68
[2023-07-14T23:52:02.756-0100][774625.274s] GC(71) Archive regions: 2->2
[2023-07-14T23:52:02.756-0100][774625.274s] GC(71) Humongous regions: 7->7
[2023-07-14T23:52:02.756-0100][774625.274s] GC(71) Metaspace: 63711K(65536K)->63711K(65536K) NonClass: 56623K(58112K)->56623K(58112K) Class: 7087K(7424K)->7087K(7424K)
[2023-07-14T23:52:02.756-0100][774625.274s] GC(71) Pause Young (Normal) (G1 Evacuation Pause) 381M->77M(512M) 31.442ms
[2023-07-14T23:52:02.756-0100][774625.274s] GC(71) User=0.02s Sys=0.09s Real=0.03s
[2023-07-17T14:29:51.665-0100][782277.031s] GC(72) Pause Young (Normal) (G1 Evacuation Pause)
[2023-07-17T14:29:51.667-0100][782277.031s] GC(72) Using 10 workers of 10 for evacuation
[2023-07-17T14:29:51.818-0100][782277.183s] GC(72)   Pre Evacuate Collection Set: 19.3ms
[2023-07-17T14:29:51.818-0100][782277.183s] GC(72)   Merge Heap Roots: 3.7ms
[2023-07-17T14:29:51.818-0100][782277.183s] GC(72)   Evacuate Collection Set: 109.1ms
[2023-07-17T14:29:51.818-0100][782277.183s] GC(72)   Post Evacuate Collection Set: 12.6ms
[2023-07-17T14:29:51.818-0100][782277.183s] GC(72)   Other: 10.5ms
[2023-07-17T14:29:51.818-0100][782277.183s] GC(72) Eden regions: 305->0(304)
[2023-07-17T14:29:51.818-0100][782277.183s] GC(72) Survivor regions: 2->3(39)
[2023-07-17T14:29:51.818-0100][782277.183s] GC(72) Old regions: 68->68
[2023-07-17T14:29:51.818-0100][782277.183s] GC(72) Archive regions: 2->2
[2023-07-17T14:29:51.818-0100][782277.183s] GC(72) Humongous regions: 7->7
[2023-07-17T14:29:51.818-0100][782277.183s] GC(72) Metaspace: 63712K(65536K)->63712K(65536K) NonClass: 56624K(58112K)->56624K(58112K) Class: 7087K(7424K)->7087K(7424K)
[2023-07-17T14:29:51.818-0100][782277.183s] GC(72) Pause Young (Normal) (G1 Evacuation Pause) 382M->77M(512M) 154.599ms
[2023-07-17T14:29:51.819-0100][782277.183s] GC(72) User=0.02s Sys=0.31s Real=0.15s
[2023-07-21T09:32:45.634-0100][793977.648s] GC(73) Pause Young (Normal) (G1 Evacuation Pause)
[2023-07-21T09:32:45.638-0100][793977.650s] GC(73) Using 10 workers of 10 for evacuation
[2023-07-21T09:32:45.693-0100][793977.705s] GC(73)   Pre Evacuate Collection Set: 7.0ms
[2023-07-21T09:32:45.693-0100][793977.705s] GC(73)   Merge Heap Roots: 1.9ms
[2023-07-21T09:32:45.693-0100][793977.705s] GC(73)   Evacuate Collection Set: 27.6ms
[2023-07-21T09:32:45.693-0100][793977.705s] GC(73)   Post Evacuate Collection Set: 12.9ms
[2023-07-21T09:32:45.694-0100][793977.706s] GC(73)   Other: 15.3ms
[2023-07-21T09:32:45.694-0100][793977.706s] GC(73) Eden regions: 304->0(304)
[2023-07-21T09:32:45.694-0100][793977.706s] GC(73) Survivor regions: 3->3(39)
[2023-07-21T09:32:45.694-0100][793977.706s] GC(73) Old regions: 68->68
[2023-07-21T09:32:45.694-0100][793977.706s] GC(73) Archive regions: 2->2
[2023-07-21T09:32:45.694-0100][793977.706s] GC(73) Humongous regions: 7->7
[2023-07-21T09:32:45.695-0100][793977.707s] GC(73) Metaspace: 63712K(65536K)->63712K(65536K) NonClass: 56624K(58112K)->56624K(58112K) Class: 7087K(7424K)->7087K(7424K)
[2023-07-21T09:32:45.695-0100][793977.707s] GC(73) Pause Young (Normal) (G1 Evacuation Pause) 381M->77M(512M) 61.582ms
[2023-07-21T09:32:45.695-0100][793977.707s] GC(73) User=0.02s Sys=0.10s Real=0.06s
[2023-07-23T17:32:53.187-0100][805132.995s] GC(74) Pause Young (Normal) (G1 Evacuation Pause)
[2023-07-23T17:32:53.188-0100][805132.996s] GC(74) Using 10 workers of 10 for evacuation
[2023-07-23T17:32:53.249-0100][805133.057s] GC(74)   Pre Evacuate Collection Set: 9.2ms
[2023-07-23T17:32:53.249-0100][805133.057s] GC(74)   Merge Heap Roots: 3.7ms
[2023-07-23T17:32:53.249-0100][805133.057s] GC(74)   Evacuate Collection Set: 36.5ms
[2023-07-23T17:32:53.249-0100][805133.057s] GC(74)   Post Evacuate Collection Set: 5.9ms
[2023-07-23T17:32:53.249-0100][805133.058s] GC(74)   Other: 10.6ms
[2023-07-23T17:32:53.249-0100][805133.058s] GC(74) Eden regions: 304->0(304)
[2023-07-23T17:32:53.249-0100][805133.058s] GC(74) Survivor regions: 3->3(39)
[2023-07-23T17:32:53.249-0100][805133.058s] GC(74) Old regions: 68->68
[2023-07-23T17:32:53.249-0100][805133.058s] GC(74) Archive regions: 2->2
[2023-07-23T17:32:53.249-0100][805133.058s] GC(74) Humongous regions: 7->7
[2023-07-23T17:32:53.249-0100][805133.058s] GC(74) Metaspace: 63730K(65536K)->63730K(65536K) NonClass: 56642K(58112K)->56642K(58112K) Class: 7087K(7424K)->7087K(7424K)
[2023-07-23T17:32:53.250-0100][805133.058s] GC(74) Pause Young (Normal) (G1 Evacuation Pause) 381M->77M(512M) 63.853ms
[2023-07-23T17:32:53.250-0100][805133.058s] GC(74) User=0.01s Sys=0.12s Real=0.07s
[2023-07-24T14:37:52.258-0100][816650.116s] GC(75) Pause Young (Normal) (G1 Evacuation Pause)
[2023-07-24T14:37:52.261-0100][816650.118s] GC(75) Using 10 workers of 10 for evacuation
[2023-07-24T14:37:52.336-0100][816650.194s] GC(75)   Pre Evacuate Collection Set: 11.7ms
[2023-07-24T14:37:52.337-0100][816650.194s] GC(75)   Merge Heap Roots: 2.7ms
[2023-07-24T14:37:52.337-0100][816650.194s] GC(75)   Evacuate Collection Set: 47.6ms
[2023-07-24T14:37:52.337-0100][816650.194s] GC(75)   Post Evacuate Collection Set: 5.8ms
[2023-07-24T14:37:52.337-0100][816650.194s] GC(75)   Other: 16.9ms
[2023-07-24T14:37:52.337-0100][816650.194s] GC(75) Eden regions: 304->0(304)
[2023-07-24T14:37:52.337-0100][816650.194s] GC(75) Survivor regions: 3->3(39)
[2023-07-24T14:37:52.337-0100][816650.194s] GC(75) Old regions: 68->68
[2023-07-24T14:37:52.337-0100][816650.194s] GC(75) Archive regions: 2->2
[2023-07-24T14:37:52.337-0100][816650.194s] GC(75) Humongous regions: 7->7
[2023-07-24T14:37:52.338-0100][816650.195s] GC(75) Metaspace: 63732K(65536K)->63732K(65536K) NonClass: 56645K(58112K)->56645K(58112K) Class: 7087K(7424K)->7087K(7424K)
[2023-07-24T14:37:52.338-0100][816650.195s] GC(75) Pause Young (Normal) (G1 Evacuation Pause) 381M->77M(512M) 81.316ms
[2023-07-24T14:37:52.338-0100][816650.195s] GC(75) User=0.01s Sys=0.14s Real=0.08s
[2023-07-24T21:16:32.891-0100][828159.449s] GC(76) Pause Young (Normal) (G1 Evacuation Pause)
[2023-07-24T21:16:32.892-0100][828159.450s] GC(76) Using 10 workers of 10 for evacuation
[2023-07-24T21:16:32.958-0100][828159.516s] GC(76)   Pre Evacuate Collection Set: 8.3ms
[2023-07-24T21:16:32.958-0100][828159.516s] GC(76)   Merge Heap Roots: 2.1ms
[2023-07-24T21:16:32.958-0100][828159.516s] GC(76)   Evacuate Collection Set: 49.7ms
[2023-07-24T21:16:32.958-0100][828159.516s] GC(76)   Post Evacuate Collection Set: 3.9ms
[2023-07-24T21:16:32.959-0100][828159.516s] GC(76)   Other: 4.3ms
[2023-07-24T21:16:32.959-0100][828159.516s] GC(76) Eden regions: 304->0(304)
[2023-07-24T21:16:32.959-0100][828159.516s] GC(76) Survivor regions: 3->3(39)
[2023-07-24T21:16:32.959-0100][828159.516s] GC(76) Old regions: 68->68
[2023-07-24T21:16:32.959-0100][828159.516s] GC(76) Archive regions: 2->2
[2023-07-24T21:16:32.959-0100][828159.516s] GC(76) Humongous regions: 7->7
[2023-07-24T21:16:32.959-0100][828159.516s] GC(76) Metaspace: 63753K(65536K)->63753K(65536K) NonClass: 56665K(58112K)->56665K(58112K) Class: 7087K(7424K)->7087K(7424K)
[2023-07-24T21:16:32.959-0100][828159.517s] GC(76) Pause Young (Normal) (G1 Evacuation Pause) 381M->77M(512M) 68.376ms
[2023-07-24T21:16:32.959-0100][828159.517s] GC(76) User=0.02s Sys=0.11s Real=0.06s
[2023-07-26T19:17:32.642-0100][839937.278s] GC(77) Pause Young (Normal) (G1 Evacuation Pause)
[2023-07-26T19:17:32.646-0100][839937.281s] GC(77) Using 10 workers of 10 for evacuation
[2023-07-26T19:17:32.704-0100][839937.339s] GC(77)   Pre Evacuate Collection Set: 8.2ms
[2023-07-26T19:17:32.704-0100][839937.339s] GC(77)   Merge Heap Roots: 1.8ms
[2023-07-26T19:17:32.704-0100][839937.339s] GC(77)   Evacuate Collection Set: 31.8ms
[2023-07-26T19:17:32.704-0100][839937.339s] GC(77)   Post Evacuate Collection Set: 8.8ms
[2023-07-26T19:17:32.704-0100][839937.339s] GC(77)   Other: 18.9ms
[2023-07-26T19:17:32.705-0100][839937.340s] GC(77) Eden regions: 304->0(304)
[2023-07-26T19:17:32.705-0100][839937.340s] GC(77) Survivor regions: 3->3(39)
[2023-07-26T19:17:32.705-0100][839937.340s] GC(77) Old regions: 68->68
[2023-07-26T19:17:32.705-0100][839937.340s] GC(77) Archive regions: 2->2
[2023-07-26T19:17:32.705-0100][839937.340s] GC(77) Humongous regions: 7->7
[2023-07-26T19:17:32.705-0100][839937.340s] GC(77) Metaspace: 63753K(65536K)->63753K(65536K) NonClass: 56665K(58112K)->56665K(58112K) Class: 7087K(7424K)->7087K(7424K)
[2023-07-26T19:17:32.705-0100][839937.340s] GC(77) Pause Young (Normal) (G1 Evacuation Pause) 381M->77M(512M) 64.956ms
[2023-07-26T19:17:32.705-0100][839937.340s] GC(77) User=0.02s Sys=0.10s Real=0.06s
[2023-07-29T01:33:42.918-0100][853455.537s] GC(78) Pause Young (Normal) (G1 Evacuation Pause)
[2023-07-29T01:33:42.922-0100][853455.540s] GC(78) Using 10 workers of 10 for evacuation
[2023-07-29T01:33:43.107-0100][853455.726s] GC(78)   Pre Evacuate Collection Set: 34.1ms
[2023-07-29T01:33:43.107-0100][853455.726s] GC(78)   Merge Heap Roots: 16.2ms
[2023-07-29T01:33:43.107-0100][853455.726s] GC(78)   Evacuate Collection Set: 111.3ms
[2023-07-29T01:33:43.107-0100][853455.726s] GC(78)   Post Evacuate Collection Set: 16.0ms
[2023-07-29T01:33:43.108-0100][853455.727s] GC(78)   Other: 15.7ms
[2023-07-29T01:33:43.109-0100][853455.727s] GC(78) Eden regions: 304->0(305)
[2023-07-29T01:33:43.109-0100][853455.728s] GC(78) Survivor regions: 3->2(39)
[2023-07-29T01:33:43.109-0100][853455.728s] GC(78) Old regions: 68->68
[2023-07-29T01:33:43.109-0100][853455.728s] GC(78) Archive regions: 2->2
[2023-07-29T01:33:43.109-0100][853455.728s] GC(78) Humongous regions: 7->7
[2023-07-29T01:33:43.110-0100][853455.728s] GC(78) Metaspace: 63775K(65536K)->63775K(65536K) NonClass: 56687K(58112K)->56687K(58112K) Class: 7087K(7424K)->7087K(7424K)
[2023-07-29T01:33:43.110-0100][853455.728s] GC(78) Pause Young (Normal) (G1 Evacuation Pause) 381M->77M(512M) 192.601ms
[2023-07-29T01:33:43.110-0100][853455.728s] GC(78) User=0.02s Sys=0.35s Real=0.20s
[2023-08-01T10:32:58.377-0100][870549.547s] GC(79) Pause Young (Normal) (G1 Evacuation Pause)
[2023-08-01T10:32:58.378-0100][870549.548s] GC(79) Using 10 workers of 10 for evacuation
[2023-08-01T10:32:58.397-0100][870549.567s] GC(79)   Pre Evacuate Collection Set: 1.4ms
[2023-08-01T10:32:58.398-0100][870549.567s] GC(79)   Merge Heap Roots: 0.3ms
[2023-08-01T10:32:58.398-0100][870549.567s] GC(79)   Evacuate Collection Set: 15.2ms
[2023-08-01T10:32:58.398-0100][870549.567s] GC(79)   Post Evacuate Collection Set: 1.9ms
[2023-08-01T10:32:58.398-0100][870549.567s] GC(79)   Other: 2.1ms
[2023-08-01T10:32:58.398-0100][870549.567s] GC(79) Eden regions: 305->0(304)
[2023-08-01T10:32:58.398-0100][870549.567s] GC(79) Survivor regions: 2->3(39)
[2023-08-01T10:32:58.398-0100][870549.567s] GC(79) Old regions: 68->68
[2023-08-01T10:32:58.398-0100][870549.567s] GC(79) Archive regions: 2->2
[2023-08-01T10:32:58.398-0100][870549.567s] GC(79) Humongous regions: 7->7
[2023-08-01T10:32:58.398-0100][870549.567s] GC(79) Metaspace: 63800K(65536K)->63800K(65536K) NonClass: 56712K(58112K)->56712K(58112K) Class: 7087K(7424K)->7087K(7424K)
[2023-08-01T10:32:58.398-0100][870549.567s] GC(79) Pause Young (Normal) (G1 Evacuation Pause) 382M->77M(512M) 21.002ms
[2023-08-01T10:32:58.398-0100][870549.567s] GC(79) User=0.02s Sys=0.06s Real=0.02s
[2023-08-01T23:40:16.172-0100][876283.653s] GC(80) Pause Young (Normal) (G1 Evacuation Pause)
[2023-08-01T23:40:16.200-0100][876283.676s] GC(80) Using 10 workers of 10 for evacuation
[2023-08-01T23:40:16.251-0100][876283.728s] GC(80)   Pre Evacuate Collection Set: 6.4ms
[2023-08-01T23:40:16.252-0100][876283.728s] GC(80)   Merge Heap Roots: 6.7ms
[2023-08-01T23:40:16.252-0100][876283.728s] GC(80)   Evacuate Collection Set: 19.9ms
[2023-08-01T23:40:16.252-0100][876283.728s] GC(80)   Post Evacuate Collection Set: 9.1ms
[2023-08-01T23:40:16.252-0100][876283.728s] GC(80)   Other: 40.2ms
[2023-08-01T23:40:16.252-0100][876283.728s] GC(80) Eden regions: 304->0(304)
[2023-08-01T23:40:16.252-0100][876283.728s] GC(80) Survivor regions: 3->3(39)
[2023-08-01T23:40:16.252-0100][876283.728s] GC(80) Old regions: 68->68
[2023-08-01T23:40:16.252-0100][876283.728s] GC(80) Archive regions: 2->2
[2023-08-01T23:40:16.252-0100][876283.728s] GC(80) Humongous regions: 7->7
[2023-08-01T23:40:16.253-0100][876283.729s] GC(80) Metaspace: 63800K(65536K)->63800K(65536K) NonClass: 56712K(58112K)->56712K(58112K) Class: 7087K(7424K)->7087K(7424K)
[2023-08-01T23:40:16.253-0100][876283.729s] GC(80) Pause Young (Normal) (G1 Evacuation Pause) 381M->77M(512M) 82.202ms
[2023-08-01T23:40:16.253-0100][876283.729s] GC(80) User=0.02s Sys=0.09s Real=0.08s
[2023-08-02T13:24:21.344-0100][877982.198s] GC(81) Pause Young (Normal) (G1 Evacuation Pause)
[2023-08-02T13:24:21.347-0100][877982.201s] GC(81) Using 10 workers of 10 for evacuation
[2023-08-02T13:24:21.373-0100][877982.226s] GC(81)   Pre Evacuate Collection Set: 2.4ms
[2023-08-02T13:24:21.373-0100][877982.226s] GC(81)   Merge Heap Roots: 0.8ms
[2023-08-02T13:24:21.373-0100][877982.226s] GC(81)   Evacuate Collection Set: 13.6ms
[2023-08-02T13:24:21.373-0100][877982.226s] GC(81)   Post Evacuate Collection Set: 4.2ms
[2023-08-02T13:24:21.373-0100][877982.227s] GC(81)   Other: 12.7ms
[2023-08-02T13:24:21.373-0100][877982.227s] GC(81) Eden regions: 304->0(305)
[2023-08-02T13:24:21.374-0100][877982.227s] GC(81) Survivor regions: 3->2(39)
[2023-08-02T13:24:21.374-0100][877982.227s] GC(81) Old regions: 68->68
[2023-08-02T13:24:21.374-0100][877982.227s] GC(81) Archive regions: 2->2
[2023-08-02T13:24:21.374-0100][877982.227s] GC(81) Humongous regions: 7->7
[2023-08-02T13:24:21.374-0100][877982.228s] GC(81) Metaspace: 63800K(65536K)->63800K(65536K) NonClass: 56712K(58112K)->56712K(58112K) Class: 7087K(7424K)->7087K(7424K)
[2023-08-02T13:24:21.374-0100][877982.228s] GC(81) Pause Young (Normal) (G1 Evacuation Pause) 381M->77M(512M) 32.162ms
[2023-08-02T13:24:21.374-0100][877982.228s] GC(81) User=0.01s Sys=0.06s Real=0.03s
[2023-08-03T22:17:13.983-0100][881187.246s] GC(82) Pause Young (Normal) (G1 Evacuation Pause)
[2023-08-03T22:17:13.989-0100][881187.252s] GC(82) Using 10 workers of 10 for evacuation
[2023-08-03T22:17:14.076-0100][881187.339s] GC(82)   Pre Evacuate Collection Set: 9.2ms
[2023-08-03T22:17:14.076-0100][881187.339s] GC(82)   Merge Heap Roots: 2.5ms
[2023-08-03T22:17:14.076-0100][881187.339s] GC(82)   Evacuate Collection Set: 52.9ms
[2023-08-03T22:17:14.076-0100][881187.339s] GC(82)   Post Evacuate Collection Set: 10.7ms
[2023-08-03T22:17:14.077-0100][881187.340s] GC(82)   Other: 27.5ms
[2023-08-03T22:17:14.078-0100][881187.340s] GC(82) Eden regions: 305->0(305)
[2023-08-03T22:17:14.078-0100][881187.340s] GC(82) Survivor regions: 2->2(39)
[2023-08-03T22:17:14.078-0100][881187.340s] GC(82) Old regions: 68->68
[2023-08-03T22:17:14.078-0100][881187.340s] GC(82) Archive regions: 2->2
[2023-08-03T22:17:14.078-0100][881187.341s] GC(82) Humongous regions: 7->7
[2023-08-03T22:17:14.079-0100][881187.341s] GC(82) Metaspace: 63800K(65536K)->63800K(65536K) NonClass: 56712K(58112K)->56712K(58112K) Class: 7087K(7424K)->7087K(7424K)
[2023-08-03T22:17:14.079-0100][881187.342s] GC(82) Pause Young (Normal) (G1 Evacuation Pause) 382M->77M(512M) 99.924ms
[2023-08-03T22:17:14.080-0100][881187.342s] GC(82) User=0.06s Sys=0.25s Real=0.11s
[2023-08-05T03:27:27.074-0100][882459.062s] GC(83) Pause Young (Normal) (G1 Evacuation Pause)
[2023-08-05T03:27:27.085-0100][882459.069s] GC(83) Using 10 workers of 10 for evacuation
[2023-08-05T03:27:27.139-0100][882459.124s] GC(83)   Pre Evacuate Collection Set: 13.7ms
[2023-08-05T03:27:27.140-0100][882459.124s] GC(83)   Merge Heap Roots: 3.8ms
[2023-08-05T03:27:27.140-0100][882459.124s] GC(83)   Evacuate Collection Set: 21.1ms
[2023-08-05T03:27:27.140-0100][882459.124s] GC(83)   Post Evacuate Collection Set: 8.3ms
[2023-08-05T03:27:27.140-0100][882459.124s] GC(83)   Other: 26.2ms
[2023-08-05T03:27:27.140-0100][882459.124s] GC(83) Eden regions: 305->0(305)
[2023-08-05T03:27:27.140-0100][882459.124s] GC(83) Survivor regions: 2->2(39)
[2023-08-05T03:27:27.140-0100][882459.124s] GC(83) Old regions: 68->68
[2023-08-05T03:27:27.140-0100][882459.125s] GC(83) Archive regions: 2->2
[2023-08-05T03:27:27.140-0100][882459.125s] GC(83) Humongous regions: 7->7
[2023-08-05T03:27:27.141-0100][882459.125s] GC(83) Metaspace: 63800K(65536K)->63800K(65536K) NonClass: 56712K(58112K)->56712K(58112K) Class: 7087K(7424K)->7087K(7424K)
[2023-08-05T03:27:27.141-0100][882459.126s] GC(83) Pause Young (Normal) (G1 Evacuation Pause) 382M->77M(512M) 69.305ms
[2023-08-05T03:27:27.141-0100][882459.126s] GC(83) User=0.01s Sys=0.10s Real=0.07s
[2023-08-05T18:28:04.994-0100][882756.329s] GC(84) Pause Young (Normal) (G1 Evacuation Pause)
[2023-08-05T18:28:05.001-0100][882756.335s] GC(84) Using 10 workers of 10 for evacuation
[2023-08-05T18:28:05.044-0100][882756.378s] GC(84)   Pre Evacuate Collection Set: 5.5ms
[2023-08-05T18:28:05.044-0100][882756.378s] GC(84)   Merge Heap Roots: 2.1ms
[2023-08-05T18:28:05.044-0100][882756.378s] GC(84)   Evacuate Collection Set: 21.6ms
[2023-08-05T18:28:05.044-0100][882756.378s] GC(84)   Post Evacuate Collection Set: 5.6ms
[2023-08-05T18:28:05.044-0100][882756.378s] GC(84)   Other: 21.9ms
[2023-08-05T18:28:05.045-0100][882756.379s] GC(84) Eden regions: 305->0(304)
[2023-08-05T18:28:05.045-0100][882756.379s] GC(84) Survivor regions: 2->3(39)
[2023-08-05T18:28:05.045-0100][882756.379s] GC(84) Old regions: 68->68
[2023-08-05T18:28:05.045-0100][882756.379s] GC(84) Archive regions: 2->2
[2023-08-05T18:28:05.045-0100][882756.379s] GC(84) Humongous regions: 7->7
[2023-08-05T18:28:05.045-0100][882756.379s] GC(84) Metaspace: 63800K(65536K)->63800K(65536K) NonClass: 56712K(58112K)->56712K(58112K) Class: 7087K(7424K)->7087K(7424K)
[2023-08-05T18:28:05.046-0100][882756.380s] GC(84) Pause Young (Normal) (G1 Evacuation Pause) 382M->77M(512M) 53.783ms
[2023-08-05T18:28:05.046-0100][882756.380s] GC(84) User=0.02s Sys=0.08s Real=0.05s
[2023-08-08T16:00:06.067-0100][891516.359s] GC(85) Pause Young (Normal) (G1 Evacuation Pause)
[2023-08-08T16:00:06.072-0100][891516.360s] GC(85) Using 10 workers of 10 for evacuation
[2023-08-08T16:00:06.115-0100][891516.403s] GC(85)   Pre Evacuate Collection Set: 2.8ms
[2023-08-08T16:00:06.115-0100][891516.403s] GC(85)   Merge Heap Roots: 1.4ms
[2023-08-08T16:00:06.115-0100][891516.403s] GC(85)   Evacuate Collection Set: 32.7ms
[2023-08-08T16:00:06.115-0100][891516.403s] GC(85)   Post Evacuate Collection Set: 5.9ms
[2023-08-08T16:00:06.115-0100][891516.403s] GC(85)   Other: 6.0ms
[2023-08-08T16:00:06.115-0100][891516.403s] GC(85) Eden regions: 304->0(305)
[2023-08-08T16:00:06.115-0100][891516.403s] GC(85) Survivor regions: 3->2(39)
[2023-08-08T16:00:06.115-0100][891516.403s] GC(85) Old regions: 68->68
[2023-08-08T16:00:06.115-0100][891516.403s] GC(85) Archive regions: 2->2
[2023-08-08T16:00:06.115-0100][891516.403s] GC(85) Humongous regions: 7->7
[2023-08-08T16:00:06.115-0100][891516.403s] GC(85) Metaspace: 63802K(65536K)->63802K(65536K) NonClass: 56714K(58112K)->56714K(58112K) Class: 7087K(7424K)->7087K(7424K)
[2023-08-08T16:00:06.115-0100][891516.403s] GC(85) Pause Young (Normal) (G1 Evacuation Pause) 381M->77M(512M) 48.225ms
[2023-08-08T16:00:06.115-0100][891516.403s] GC(85) User=0.02s Sys=0.07s Real=0.05s
[2023-08-11T11:24:03.743-0100][904012.025s] GC(86) Pause Young (Normal) (G1 Evacuation Pause)
[2023-08-11T11:24:03.748-0100][904012.029s] GC(86) Using 10 workers of 10 for evacuation
[2023-08-11T11:24:03.829-0100][904012.110s] GC(86)   Pre Evacuate Collection Set: 11.9ms
[2023-08-11T11:24:03.829-0100][904012.110s] GC(86)   Merge Heap Roots: 7.1ms
[2023-08-11T11:24:03.829-0100][904012.110s] GC(86)   Evacuate Collection Set: 48.5ms
[2023-08-11T11:24:03.829-0100][904012.110s] GC(86)   Post Evacuate Collection Set: 6.8ms
[2023-08-11T11:24:03.830-0100][904012.110s] GC(86)   Other: 15.8ms
[2023-08-11T11:24:03.830-0100][904012.111s] GC(86) Eden regions: 305->0(305)
[2023-08-11T11:24:03.830-0100][904012.111s] GC(86) Survivor regions: 2->2(39)
[2023-08-11T11:24:03.830-0100][904012.111s] GC(86) Old regions: 68->68
[2023-08-11T11:24:03.830-0100][904012.111s] GC(86) Archive regions: 2->2
[2023-08-11T11:24:03.830-0100][904012.111s] GC(86) Humongous regions: 7->7
[2023-08-11T11:24:03.830-0100][904012.111s] GC(86) Metaspace: 63842K(65536K)->63842K(65536K) NonClass: 56754K(58112K)->56754K(58112K) Class: 7087K(7424K)->7087K(7424K)
[2023-08-11T11:24:03.830-0100][904012.111s] GC(86) Pause Young (Normal) (G1 Evacuation Pause) 382M->77M(512M) 88.167ms
[2023-08-11T11:24:03.831-0100][904012.111s] GC(86) User=0.01s Sys=0.16s Real=0.09s
[2023-08-14T15:13:25.466-0100][923048.428s] GC(87) Pause Young (Normal) (G1 Evacuation Pause)
[2023-08-14T15:13:25.467-0100][923048.430s] GC(87) Using 10 workers of 10 for evacuation
[2023-08-14T15:13:25.488-0100][923048.451s] GC(87)   Pre Evacuate Collection Set: 2.3ms
[2023-08-14T15:13:25.488-0100][923048.451s] GC(87)   Merge Heap Roots: 0.3ms
[2023-08-14T15:13:25.488-0100][923048.451s] GC(87)   Evacuate Collection Set: 12.7ms
[2023-08-14T15:13:25.489-0100][923048.451s] GC(87)   Post Evacuate Collection Set: 5.2ms
[2023-08-14T15:13:25.489-0100][923048.451s] GC(87)   Other: 2.1ms
[2023-08-14T15:13:25.489-0100][923048.451s] GC(87) Eden regions: 305->0(304)
[2023-08-14T15:13:25.489-0100][923048.451s] GC(87) Survivor regions: 2->3(39)
[2023-08-14T15:13:25.489-0100][923048.451s] GC(87) Old regions: 68->68
[2023-08-14T15:13:25.489-0100][923048.451s] GC(87) Archive regions: 2->2
[2023-08-14T15:13:25.489-0100][923048.451s] GC(87) Humongous regions: 7->7
[2023-08-14T15:13:25.489-0100][923048.451s] GC(87) Metaspace: 63845K(65536K)->63845K(65536K) NonClass: 56757K(58112K)->56757K(58112K) Class: 7087K(7424K)->7087K(7424K)
[2023-08-14T15:13:25.489-0100][923048.451s] GC(87) Pause Young (Normal) (G1 Evacuation Pause) 382M->77M(512M) 22.752ms
[2023-08-14T15:13:25.489-0100][923048.451s] GC(87) User=0.01s Sys=0.05s Real=0.02s
[2023-08-18T11:17:44.209-0100][937159.810s] GC(88) Pause Young (Normal) (G1 Evacuation Pause)
[2023-08-18T11:17:44.214-0100][937159.813s] GC(88) Using 10 workers of 10 for evacuation
[2023-08-18T11:17:44.255-0100][937159.854s] GC(88)   Pre Evacuate Collection Set: 4.3ms
[2023-08-18T11:17:44.260-0100][937159.859s] GC(88)   Merge Heap Roots: 3.1ms
[2023-08-18T11:17:44.260-0100][937159.859s] GC(88)   Evacuate Collection Set: 22.8ms
[2023-08-18T11:17:44.260-0100][937159.859s] GC(88)   Post Evacuate Collection Set: 4.0ms
[2023-08-18T11:17:44.261-0100][937159.860s] GC(88)   Other: 18.8ms
[2023-08-18T11:17:44.261-0100][937159.860s] GC(88) Eden regions: 304->0(305)
[2023-08-18T11:17:44.261-0100][937159.860s] GC(88) Survivor regions: 3->2(39)
[2023-08-18T11:17:44.261-0100][937159.860s] GC(88) Old regions: 68->68
[2023-08-18T11:17:44.261-0100][937159.860s] GC(88) Archive regions: 2->2
[2023-08-18T11:17:44.261-0100][937159.860s] GC(88) Humongous regions: 7->7
[2023-08-18T11:17:44.261-0100][937159.861s] GC(88) Metaspace: 63868K(65536K)->63868K(65536K) NonClass: 56780K(58112K)->56780K(58112K) Class: 7087K(7424K)->7087K(7424K)
[2023-08-18T11:17:44.262-0100][937159.861s] GC(88) Pause Young (Normal) (G1 Evacuation Pause) 381M->77M(512M) 55.535ms
[2023-08-18T11:17:44.262-0100][937159.861s] GC(88) User=0.01s Sys=0.10s Real=0.06s
[2023-08-21T23:15:08.887-0100][952260.618s] GC(89) Pause Young (Normal) (G1 Evacuation Pause)
[2023-08-21T23:15:08.894-0100][952260.624s] GC(89) Using 10 workers of 10 for evacuation
[2023-08-21T23:15:08.946-0100][952260.676s] GC(89)   Pre Evacuate Collection Set: 10.0ms
[2023-08-21T23:15:08.946-0100][952260.676s] GC(89)   Merge Heap Roots: 3.8ms
[2023-08-21T23:15:08.946-0100][952260.676s] GC(89)   Evacuate Collection Set: 26.6ms
[2023-08-21T23:15:08.946-0100][952260.676s] GC(89)   Post Evacuate Collection Set: 6.0ms
[2023-08-21T23:15:08.946-0100][952260.676s] GC(89)   Other: 19.0ms
[2023-08-21T23:15:08.947-0100][952260.677s] GC(89) Eden regions: 305->0(304)
[2023-08-21T23:15:08.947-0100][952260.677s] GC(89) Survivor regions: 2->3(39)
[2023-08-21T23:15:08.947-0100][952260.677s] GC(89) Old regions: 68->68
[2023-08-21T23:15:08.947-0100][952260.677s] GC(89) Archive regions: 2->2
[2023-08-21T23:15:08.947-0100][952260.677s] GC(89) Humongous regions: 7->7
[2023-08-21T23:15:08.947-0100][952260.677s] GC(89) Metaspace: 63894K(65792K)->63894K(65792K) NonClass: 56806K(58368K)->56806K(58368K) Class: 7087K(7424K)->7087K(7424K)
[2023-08-21T23:15:08.947-0100][952260.677s] GC(89) Pause Young (Normal) (G1 Evacuation Pause) 382M->77M(512M) 61.004ms
[2023-08-21T23:15:08.947-0100][952260.677s] GC(89) User=0.01s Sys=0.08s Real=0.06s
[2023-08-22T22:00:31.408-0100][956529.919s] GC(90) Pause Young (Concurrent Start) (G1 Humongous Allocation)
[2023-08-22T22:00:31.423-0100][956529.934s] GC(90) Using 10 workers of 10 for evacuation
[2023-08-22T22:00:31.482-0100][956529.993s] GC(90)   Pre Evacuate Collection Set: 2.7ms
[2023-08-22T22:00:31.482-0100][956529.993s] GC(90)   Merge Heap Roots: 0.6ms
[2023-08-22T22:00:31.482-0100][956529.993s] GC(90)   Evacuate Collection Set: 37.9ms
[2023-08-22T22:00:31.482-0100][956529.993s] GC(90)   Post Evacuate Collection Set: 13.7ms
[2023-08-22T22:00:31.482-0100][956529.993s] GC(90)   Other: 20.8ms
[2023-08-22T22:00:31.482-0100][956529.993s] GC(90) Eden regions: 131->0(304)
[2023-08-22T22:00:31.482-0100][956529.993s] GC(90) Survivor regions: 3->3(39)
[2023-08-22T22:00:31.482-0100][956529.993s] GC(90) Old regions: 68->68
[2023-08-22T22:00:31.482-0100][956529.993s] GC(90) Archive regions: 2->2
[2023-08-22T22:00:31.482-0100][956529.993s] GC(90) Humongous regions: 161->7
[2023-08-22T22:00:31.482-0100][956529.993s] GC(90) Metaspace: 64279K(66048K)->64279K(66048K) NonClass: 57146K(58624K)->57146K(58624K) Class: 7132K(7424K)->7132K(7424K)
[2023-08-22T22:00:31.483-0100][956529.994s] GC(90) Pause Young (Concurrent Start) (G1 Humongous Allocation) 362M->78M(512M) 75.630ms
[2023-08-22T22:00:31.483-0100][956529.994s] GC(90) User=0.02s Sys=0.05s Real=0.08s
[2023-08-22T22:00:31.485-0100][956529.996s] GC(91) Concurrent Cycle
[2023-08-22T22:00:31.486-0100][956529.997s] GC(91) Concurrent Clear Claimed Marks
[2023-08-22T22:00:31.486-0100][956529.997s] GC(91) Concurrent Clear Claimed Marks 0.073ms
[2023-08-22T22:00:31.486-0100][956529.997s] GC(91) Concurrent Scan Root Regions
[2023-08-22T22:00:31.535-0100][956530.046s] GC(91) Concurrent Scan Root Regions 48.564ms
[2023-08-22T22:00:31.556-0100][956530.067s] GC(91) Concurrent Mark (956530.067s)
[2023-08-22T22:00:31.556-0100][956530.067s] GC(91) Concurrent Mark From Roots
[2023-08-22T22:00:31.556-0100][956530.067s] GC(91) Using 3 workers of 3 for marking
[2023-08-22T22:00:31.896-0100][956530.407s] GC(91) Concurrent Mark From Roots 340.533ms
[2023-08-22T22:00:31.902-0100][956530.413s] GC(91) Concurrent Preclean
[2023-08-22T22:00:31.903-0100][956530.414s] GC(91) Concurrent Preclean 0.723ms
[2023-08-22T22:00:31.904-0100][956530.415s] GC(91) Concurrent Mark (956530.067s, 956530.415s) 348.226ms
[2023-08-22T22:00:31.904-0100][956530.415s] GC(91) Pause Remark
[2023-08-22T22:00:32.005-0100][956530.516s] GC(91) Pause Remark 115M->115M(512M) 101.337ms
[2023-08-22T22:00:32.005-0100][956530.517s] GC(91) User=0.04s Sys=0.19s Real=0.10s
[2023-08-22T22:00:32.006-0100][956530.517s] GC(91) Concurrent Rebuild Remembered Sets
[2023-08-22T22:00:32.078-0100][956530.589s] GC(91) Concurrent Rebuild Remembered Sets 72.252ms
[2023-08-22T22:00:32.115-0100][956530.627s] GC(91) Pause Cleanup
[2023-08-22T22:00:32.137-0100][956530.649s] GC(91) Pause Cleanup 123M->123M(512M) 21.992ms
[2023-08-22T22:00:32.138-0100][956530.649s] GC(91) User=0.00s Sys=0.00s Real=0.02s
[2023-08-22T22:00:32.148-0100][956530.659s] GC(91) Concurrent Cleanup for Next Mark
[2023-08-22T22:00:32.153-0100][956530.665s] GC(91) Concurrent Cleanup for Next Mark 5.415ms
[2023-08-22T22:00:32.153-0100][956530.665s] GC(91) Concurrent Cycle 669.335ms
[2023-08-22T22:00:33.705-0100][956532.219s] GC(92) Pause Young (Concurrent Start) (G1 Humongous Allocation)
[2023-08-22T22:00:33.726-0100][956532.239s] GC(92) Using 10 workers of 10 for evacuation
[2023-08-22T22:00:33.731-0100][956532.245s] GC(92)   Pre Evacuate Collection Set: 0.2ms
[2023-08-22T22:00:33.731-0100][956532.245s] GC(92)   Merge Heap Roots: 0.1ms
[2023-08-22T22:00:33.731-0100][956532.245s] GC(92)   Evacuate Collection Set: 4.4ms
[2023-08-22T22:00:33.731-0100][956532.245s] GC(92)   Post Evacuate Collection Set: 0.6ms
[2023-08-22T22:00:33.732-0100][956532.245s] GC(92)   Other: 20.8ms
[2023-08-22T22:00:33.732-0100][956532.245s] GC(92) Eden regions: 6->0(304)
[2023-08-22T22:00:33.732-0100][956532.245s] GC(92) Survivor regions: 3->3(39)
[2023-08-22T22:00:33.732-0100][956532.245s] GC(92) Old regions: 68->68
[2023-08-22T22:00:33.732-0100][956532.245s] GC(92) Archive regions: 2->2
[2023-08-22T22:00:33.732-0100][956532.245s] GC(92) Humongous regions: 161->7
[2023-08-22T22:00:33.732-0100][956532.245s] GC(92) Metaspace: 63844K(66048K)->63844K(66048K) NonClass: 56791K(58624K)->56791K(58624K) Class: 7053K(7424K)->7053K(7424K)
[2023-08-22T22:00:33.732-0100][956532.245s] GC(92) Pause Young (Concurrent Start) (G1 Humongous Allocation) 238M->78M(512M) 26.280ms
[2023-08-22T22:00:33.732-0100][956532.245s] GC(92) User=0.01s Sys=0.01s Real=0.03s
[2023-08-22T22:00:33.732-0100][956532.245s] GC(93) Concurrent Cycle
[2023-08-22T22:00:33.732-0100][956532.245s] GC(93) Concurrent Clear Claimed Marks
[2023-08-22T22:00:33.732-0100][956532.245s] GC(93) Concurrent Clear Claimed Marks 0.039ms
[2023-08-22T22:00:33.732-0100][956532.245s] GC(93) Concurrent Scan Root Regions
[2023-08-22T22:00:33.733-0100][956532.246s] GC(93) Concurrent Scan Root Regions 1.117ms
[2023-08-22T22:00:33.733-0100][956532.246s] GC(93) Concurrent Mark (956532.246s)
[2023-08-22T22:00:33.733-0100][956532.246s] GC(93) Concurrent Mark From Roots
[2023-08-22T22:00:33.733-0100][956532.246s] GC(93) Using 3 workers of 3 for marking
[2023-08-22T22:00:33.763-0100][956532.277s] GC(93) Concurrent Mark From Roots 30.533ms
[2023-08-22T22:00:33.766-0100][956532.279s] GC(93) Concurrent Preclean
[2023-08-22T22:00:33.766-0100][956532.279s] GC(93) Concurrent Preclean 0.238ms
[2023-08-22T22:00:33.766-0100][956532.280s] GC(93) Concurrent Mark (956532.246s, 956532.280s) 33.377ms
[2023-08-22T22:00:33.768-0100][956532.281s] GC(93) Pause Remark
[2023-08-22T22:00:33.793-0100][956532.306s] GC(93) Pause Remark 85M->85M(512M) 25.145ms
[2023-08-22T22:00:33.793-0100][956532.306s] GC(93) User=0.01s Sys=0.01s Real=0.03s
[2023-08-22T22:00:33.793-0100][956532.306s] GC(93) Concurrent Rebuild Remembered Sets
[2023-08-22T22:00:33.812-0100][956532.325s] GC(93) Concurrent Rebuild Remembered Sets 18.767ms
[2023-08-22T22:00:33.815-0100][956532.329s] GC(93) Pause Cleanup
[2023-08-22T22:00:33.816-0100][956532.330s] GC(93) Pause Cleanup 87M->87M(512M) 1.017ms
[2023-08-22T22:00:33.842-0100][956532.355s] GC(93) User=0.00s Sys=0.00s Real=0.03s
[2023-08-22T22:00:33.842-0100][956532.355s] GC(93) Concurrent Cleanup for Next Mark
[2023-08-22T22:00:33.845-0100][956532.359s] GC(93) Concurrent Cleanup for Next Mark 3.330ms
[2023-08-22T22:00:33.867-0100][956532.381s] GC(93) Concurrent Cycle 135.532ms
[2023-08-24T15:18:19.730-0100][973336.167s] GC(94) Pause Young (Normal) (G1 Evacuation Pause)
[2023-08-24T15:18:19.735-0100][973336.171s] GC(94) Using 10 workers of 10 for evacuation
[2023-08-24T15:18:19.883-0100][973336.319s] GC(94)   Pre Evacuate Collection Set: 33.5ms
[2023-08-24T15:18:19.883-0100][973336.319s] GC(94)   Merge Heap Roots: 4.9ms
[2023-08-24T15:18:19.883-0100][973336.319s] GC(94)   Evacuate Collection Set: 88.7ms
[2023-08-24T15:18:19.883-0100][973336.319s] GC(94)   Post Evacuate Collection Set: 11.4ms
[2023-08-24T15:18:19.884-0100][973336.319s] GC(94)   Other: 24.8ms
[2023-08-24T15:18:19.884-0100][973336.320s] GC(94) Eden regions: 304->0(304)
[2023-08-24T15:18:19.884-0100][973336.320s] GC(94) Survivor regions: 3->3(39)
[2023-08-24T15:18:19.884-0100][973336.320s] GC(94) Old regions: 68->68
[2023-08-24T15:18:19.884-0100][973336.320s] GC(94) Archive regions: 2->2
[2023-08-24T15:18:19.884-0100][973336.320s] GC(94) Humongous regions: 77->7
[2023-08-24T15:18:19.884-0100][973336.320s] GC(94) Metaspace: 63894K(66048K)->63894K(66048K) NonClass: 56839K(58624K)->56839K(58624K) Class: 7054K(7424K)->7054K(7424K)
[2023-08-24T15:18:19.885-0100][973336.320s] GC(94) Pause Young (Normal) (G1 Evacuation Pause) 452M->78M(512M) 155.909ms
[2023-08-24T15:18:19.885-0100][973336.320s] GC(94) User=0.02s Sys=0.25s Real=0.16s
[2023-08-31T13:12:31.039-0100][991218.992s] GC(95) Pause Young (Normal) (G1 Evacuation Pause)
[2023-08-31T13:12:31.043-0100][991218.995s] GC(95) Using 10 workers of 10 for evacuation
[2023-08-31T13:12:31.186-0100][991219.138s] GC(95)   Pre Evacuate Collection Set: 16.6ms
[2023-08-31T13:12:31.186-0100][991219.138s] GC(95)   Merge Heap Roots: 9.9ms
[2023-08-31T13:12:31.186-0100][991219.138s] GC(95)   Evacuate Collection Set: 92.8ms
[2023-08-31T13:12:31.186-0100][991219.138s] GC(95)   Post Evacuate Collection Set: 14.6ms
[2023-08-31T13:12:31.187-0100][991219.139s] GC(95)   Other: 17.8ms
[2023-08-31T13:12:31.187-0100][991219.139s] GC(95) Eden regions: 304->0(304)
[2023-08-31T13:12:31.187-0100][991219.139s] GC(95) Survivor regions: 3->3(39)
[2023-08-31T13:12:31.187-0100][991219.139s] GC(95) Old regions: 68->68
[2023-08-31T13:12:31.187-0100][991219.139s] GC(95) Archive regions: 2->2
[2023-08-31T13:12:31.187-0100][991219.139s] GC(95) Humongous regions: 7->7
[2023-08-31T13:12:31.188-0100][991219.139s] GC(95) Metaspace: 63940K(66048K)->63940K(66048K) NonClass: 56885K(58624K)->56885K(58624K) Class: 7054K(7424K)->7054K(7424K)
[2023-08-31T13:12:31.188-0100][991219.140s] GC(95) Pause Young (Normal) (G1 Evacuation Pause) 382M->78M(512M) 150.770ms
[2023-08-31T13:12:31.188-0100][991219.140s] GC(95) User=0.02s Sys=0.22s Real=0.15s
[2023-08-31T16:03:32.853-0100][994158.566s] Heap
[2023-08-31T16:03:32.855-0100][994158.568s]  garbage-first heap   total 524288K, used 144820K [0x00000007e0000000, 0x0000000800000000)
[2023-08-31T16:03:32.855-0100][994158.568s]   region size 1024K, 67 young (68608K), 3 survivors (3072K)
[2023-08-31T16:03:32.855-0100][994158.568s]  Metaspace       used 64329K, capacity 64810K, committed 66432K, reserved 1107968K
[2023-08-31T16:03:32.855-0100][994158.568s]   class space    used 7118K, capacity 7311K, committed 7552K, reserved 1048576K
