[2024-01-05T13:14:20.982-0100][0.007s] Using G1
[2024-01-05T13:14:21.154-0100][0.180s] Version: 15.0.2+7 (release)
[2024-01-05T13:14:21.154-0100][0.180s] CPUs: 12 total, 12 available
[2024-01-05T13:14:21.154-0100][0.180s] Memory: 16384M
[2024-01-05T13:14:21.154-0100][0.180s] Large Page Support: Disabled
[2024-01-05T13:14:21.154-0100][0.180s] NUMA Support: Disabled
[2024-01-05T13:14:21.154-0100][0.180s] Compressed Oops: Enabled (Zero based)
[2024-01-05T13:14:21.154-0100][0.180s] Heap Region Size: 1M
[2024-01-05T13:14:21.154-0100][0.180s] Heap Min Capacity: 512M
[2024-01-05T13:14:21.154-0100][0.180s] Heap Initial Capacity: 512M
[2024-01-05T13:14:21.154-0100][0.180s] Heap Max Capacity: 512M
[2024-01-05T13:14:21.154-0100][0.180s] Pre-touch: Enabled
[2024-01-05T13:14:21.154-0100][0.180s] Parallel Workers: 10
[2024-01-05T13:14:21.154-0100][0.180s] Concurrent Workers: 3
[2024-01-05T13:14:21.154-0100][0.180s] Concurrent Refinement Workers: 10
[2024-01-05T13:14:21.154-0100][0.180s] Periodic GC: Disabled
[2024-01-05T13:14:21.155-0100][0.181s] Mark closed archive regions in map: [0x00000007fff00000, 0x00000007fff78ff8]
[2024-01-05T13:14:21.155-0100][0.181s] Mark open archive regions in map: [0x00000007ffe00000, 0x00000007ffe50ff8]
[2024-01-05T13:14:21.155-0100][0.181s] CDS archive(s) mapped at: [0x0000000800000000-0x0000000800b2f000-0x0000000800b2f000), size 11726848, SharedBaseAddress: 0x0000000800000000, ArchiveRelocationMode: 0.
[2024-01-05T13:14:21.155-0100][0.181s] Compressed class space mapped at: 0x0000000800b30000-0x0000000840b30000, size: 1073741824
[2024-01-05T13:14:21.155-0100][0.181s] Narrow klass base: 0x0000000800000000, Narrow klass shift: 3, Narrow klass range: 0x100000000
[2024-01-05T13:14:21.854-0100][0.880s] GC(0) Pause Young (Normal) (G1 Evacuation Pause)
[2024-01-05T13:14:21.855-0100][0.881s] GC(0) Using 10 workers of 10 for evacuation
[2024-01-05T13:14:21.857-0100][0.883s] GC(0)   Pre Evacuate Collection Set: 0.1ms
[2024-01-05T13:14:21.857-0100][0.883s] GC(0)   Merge Heap Roots: 0.1ms
[2024-01-05T13:14:21.857-0100][0.883s] GC(0)   Evacuate Collection Set: 1.4ms
[2024-01-05T13:14:21.857-0100][0.883s] GC(0)   Post Evacuate Collection Set: 0.3ms
[2024-01-05T13:14:21.857-0100][0.883s] GC(0)   Other: 0.6ms
[2024-01-05T13:14:21.857-0100][0.883s] GC(0) Eden regions: 29->0(54)
[2024-01-05T13:14:21.857-0100][0.883s] GC(0) Survivor regions: 0->4(4)
[2024-01-05T13:14:21.857-0100][0.883s] GC(0) Old regions: 0->0
[2024-01-05T13:14:21.857-0100][0.883s] GC(0) Archive regions: 2->2
[2024-01-05T13:14:21.857-0100][0.883s] GC(0) Humongous regions: 0->0
[2024-01-05T13:14:21.857-0100][0.883s] GC(0) Metaspace: 6889K(8064K)->6889K(8064K) NonClass: 6083K(7168K)->6083K(7168K) Class: 806K(896K)->806K(896K)
[2024-01-05T13:14:21.857-0100][0.883s] GC(0) Pause Young (Normal) (G1 Evacuation Pause) 29M->3M(512M) 2.636ms
[2024-01-05T13:14:21.857-0100][0.883s] GC(0) User=0.02s Sys=0.01s Real=0.00s
[2024-01-05T13:14:22.836-0100][1.862s] GC(1) Pause Young (Normal) (G1 Evacuation Pause)
[2024-01-05T13:14:22.836-0100][1.862s] GC(1) Using 10 workers of 10 for evacuation
[2024-01-05T13:14:22.843-0100][1.868s] GC(1)   Pre Evacuate Collection Set: 0.1ms
[2024-01-05T13:14:22.843-0100][1.869s] GC(1)   Merge Heap Roots: 0.0ms
[2024-01-05T13:14:22.843-0100][1.869s] GC(1)   Evacuate Collection Set: 5.4ms
[2024-01-05T13:14:22.843-0100][1.869s] GC(1)   Post Evacuate Collection Set: 0.7ms
[2024-01-05T13:14:22.843-0100][1.869s] GC(1)   Other: 0.1ms
[2024-01-05T13:14:22.843-0100][1.869s] GC(1) Eden regions: 54->0(185)
[2024-01-05T13:14:22.843-0100][1.869s] GC(1) Survivor regions: 4->8(8)
[2024-01-05T13:14:22.843-0100][1.869s] GC(1) Old regions: 0->11
[2024-01-05T13:14:22.843-0100][1.869s] GC(1) Archive regions: 2->2
[2024-01-05T13:14:22.843-0100][1.869s] GC(1) Humongous regions: 4->4
[2024-01-05T13:14:22.843-0100][1.869s] GC(1) Metaspace: 16016K(16640K)->16016K(16640K) NonClass: 14166K(14592K)->14166K(14592K) Class: 1850K(2048K)->1850K(2048K)
[2024-01-05T13:14:22.843-0100][1.869s] GC(1) Pause Young (Normal) (G1 Evacuation Pause) 61M->23M(512M) 6.465ms
[2024-01-05T13:14:22.843-0100][1.869s] GC(1) User=0.04s Sys=0.00s Real=0.01s
[2024-01-05T13:14:23.132-0100][2.158s] GC(2) Pause Young (Concurrent Start) (Metadata GC Threshold)
[2024-01-05T13:14:23.132-0100][2.158s] GC(2) Using 10 workers of 10 for evacuation
[2024-01-05T13:14:23.135-0100][2.161s] GC(2)   Pre Evacuate Collection Set: 0.1ms
[2024-01-05T13:14:23.135-0100][2.161s] GC(2)   Merge Heap Roots: 0.1ms
[2024-01-05T13:14:23.135-0100][2.161s] GC(2)   Evacuate Collection Set: 2.2ms
[2024-01-05T13:14:23.135-0100][2.161s] GC(2)   Post Evacuate Collection Set: 0.5ms
[2024-01-05T13:14:23.135-0100][2.161s] GC(2)   Other: 0.2ms
[2024-01-05T13:14:23.135-0100][2.161s] GC(2) Eden regions: 29->0(289)
[2024-01-05T13:14:23.135-0100][2.161s] GC(2) Survivor regions: 8->9(19)
[2024-01-05T13:14:23.135-0100][2.161s] GC(2) Old regions: 11->11
[2024-01-05T13:14:23.135-0100][2.161s] GC(2) Archive regions: 2->2
[2024-01-05T13:14:23.135-0100][2.161s] GC(2) Humongous regions: 4->4
[2024-01-05T13:14:23.135-0100][2.161s] GC(2) Metaspace: 20455K(21248K)->20455K(21248K) NonClass: 18156K(18688K)->18156K(18688K) Class: 2299K(2560K)->2299K(2560K)
[2024-01-05T13:14:23.135-0100][2.161s] GC(2) Pause Young (Concurrent Start) (Metadata GC Threshold) 51M->24M(512M) 3.165ms
[2024-01-05T13:14:23.135-0100][2.161s] GC(2) User=0.02s Sys=0.01s Real=0.00s
[2024-01-05T13:14:23.135-0100][2.161s] GC(3) Concurrent Cycle
[2024-01-05T13:14:23.135-0100][2.161s] GC(3) Concurrent Clear Claimed Marks
[2024-01-05T13:14:23.135-0100][2.161s] GC(3) Concurrent Clear Claimed Marks 0.019ms
[2024-01-05T13:14:23.135-0100][2.161s] GC(3) Concurrent Scan Root Regions
[2024-01-05T13:14:23.136-0100][2.162s] GC(3) Concurrent Scan Root Regions 1.309ms
[2024-01-05T13:14:23.136-0100][2.162s] GC(3) Concurrent Mark (2.162s)
[2024-01-05T13:14:23.136-0100][2.162s] GC(3) Concurrent Mark From Roots
[2024-01-05T13:14:23.137-0100][2.162s] GC(3) Using 3 workers of 3 for marking
[2024-01-05T13:14:23.141-0100][2.167s] GC(3) Concurrent Mark From Roots 4.956ms
[2024-01-05T13:14:23.141-0100][2.167s] GC(3) Concurrent Preclean
[2024-01-05T13:14:23.142-0100][2.167s] GC(3) Concurrent Preclean 0.031ms
[2024-01-05T13:14:23.142-0100][2.167s] GC(3) Concurrent Mark (2.162s, 2.167s) 5.046ms
[2024-01-05T13:14:23.142-0100][2.167s] GC(3) Pause Remark
[2024-01-05T13:14:23.143-0100][2.168s] GC(3) Pause Remark 25M->25M(512M) 0.836ms
[2024-01-05T13:14:23.143-0100][2.168s] GC(3) User=0.00s Sys=0.00s Real=0.00s
[2024-01-05T13:14:23.143-0100][2.168s] GC(3) Concurrent Rebuild Remembered Sets
[2024-01-05T13:14:23.146-0100][2.172s] GC(3) Concurrent Rebuild Remembered Sets 3.223ms
[2024-01-05T13:14:23.146-0100][2.172s] GC(3) Pause Cleanup
[2024-01-05T13:14:23.146-0100][2.172s] GC(3) Pause Cleanup 25M->25M(512M) 0.095ms
[2024-01-05T13:14:23.146-0100][2.172s] GC(3) User=0.00s Sys=0.00s Real=0.00s
[2024-01-05T13:14:23.146-0100][2.172s] GC(3) Concurrent Cleanup for Next Mark
[2024-01-05T13:14:23.147-0100][2.173s] GC(3) Concurrent Cleanup for Next Mark 0.689ms
[2024-01-05T13:14:23.147-0100][2.173s] GC(3) Concurrent Cycle 11.904ms
[2024-01-05T13:14:24.845-0100][3.871s] GC(4) Pause Young (Concurrent Start) (Metadata GC Threshold)
[2024-01-05T13:14:24.845-0100][3.871s] GC(4) Using 10 workers of 10 for evacuation
[2024-01-05T13:14:24.850-0100][3.876s] GC(4)   Pre Evacuate Collection Set: 0.1ms
[2024-01-05T13:14:24.851-0100][3.876s] GC(4)   Merge Heap Roots: 0.1ms
[2024-01-05T13:14:24.851-0100][3.876s] GC(4)   Evacuate Collection Set: 4.1ms
[2024-01-05T13:14:24.851-0100][3.876s] GC(4)   Post Evacuate Collection Set: 0.7ms
[2024-01-05T13:14:24.851-0100][3.876s] GC(4)   Other: 0.2ms
[2024-01-05T13:14:24.851-0100][3.876s] GC(4) Eden regions: 104->0(290)
[2024-01-05T13:14:24.851-0100][3.876s] GC(4) Survivor regions: 9->17(37)
[2024-01-05T13:14:24.851-0100][3.876s] GC(4) Old regions: 11->11
[2024-01-05T13:14:24.851-0100][3.876s] GC(4) Archive regions: 2->2
[2024-01-05T13:14:24.851-0100][3.876s] GC(4) Humongous regions: 4->4
[2024-01-05T13:14:24.851-0100][3.876s] GC(4) Metaspace: 34740K(35840K)->34740K(35840K) NonClass: 30883K(31744K)->30883K(31744K) Class: 3857K(4096K)->3857K(4096K)
[2024-01-05T13:14:24.851-0100][3.877s] GC(4) Pause Young (Concurrent Start) (Metadata GC Threshold) 127M->31M(512M) 5.436ms
[2024-01-05T13:14:24.851-0100][3.877s] GC(4) User=0.04s Sys=0.00s Real=0.01s
[2024-01-05T13:14:24.851-0100][3.877s] GC(5) Concurrent Cycle
[2024-01-05T13:14:24.851-0100][3.877s] GC(5) Concurrent Clear Claimed Marks
[2024-01-05T13:14:24.851-0100][3.877s] GC(5) Concurrent Clear Claimed Marks 0.023ms
[2024-01-05T13:14:24.851-0100][3.877s] GC(5) Concurrent Scan Root Regions
[2024-01-05T13:14:24.854-0100][3.880s] GC(5) Concurrent Scan Root Regions 2.900ms
[2024-01-05T13:14:24.874-0100][3.900s] GC(5) Concurrent Mark (3.900s)
[2024-01-05T13:14:24.874-0100][3.900s] GC(5) Concurrent Mark From Roots
[2024-01-05T13:14:24.874-0100][3.900s] GC(5) Using 3 workers of 3 for marking
[2024-01-05T13:14:24.880-0100][3.906s] GC(5) Concurrent Mark From Roots 6.170ms
[2024-01-05T13:14:24.896-0100][3.921s] GC(5) Concurrent Preclean
[2024-01-05T13:14:24.896-0100][3.921s] GC(5) Concurrent Preclean 0.077ms
[2024-01-05T13:14:24.896-0100][3.922s] GC(5) Concurrent Mark (3.900s, 3.921s) 21.946ms
[2024-01-05T13:14:24.896-0100][3.922s] GC(5) Pause Remark
[2024-01-05T13:14:24.897-0100][3.923s] GC(5) Pause Remark 41M->41M(512M) 1.233ms
[2024-01-05T13:14:24.897-0100][3.923s] GC(5) User=0.01s Sys=0.00s Real=0.00s
[2024-01-05T13:14:24.897-0100][3.923s] GC(5) Concurrent Rebuild Remembered Sets
[2024-01-05T13:14:24.902-0100][3.928s] GC(5) Concurrent Rebuild Remembered Sets 4.444ms
[2024-01-05T13:14:24.921-0100][3.947s] GC(5) Pause Cleanup
[2024-01-05T13:14:24.921-0100][3.947s] GC(5) Pause Cleanup 44M->44M(512M) 0.168ms
[2024-01-05T13:14:24.921-0100][3.947s] GC(5) User=0.00s Sys=0.00s Real=0.00s
[2024-01-05T13:14:24.921-0100][3.947s] GC(5) Concurrent Cleanup for Next Mark
[2024-01-05T13:14:24.922-0100][3.948s] GC(5) Concurrent Cleanup for Next Mark 0.958ms
[2024-01-05T13:14:24.922-0100][3.948s] GC(5) Concurrent Cycle 71.511ms
[2024-01-05T13:14:27.712-0100][6.737s] GC(6) Pause Young (Concurrent Start) (G1 Evacuation Pause)
[2024-01-05T13:14:27.712-0100][6.737s] GC(6) Using 10 workers of 10 for evacuation
[2024-01-05T13:14:27.726-0100][6.752s] GC(6)   Pre Evacuate Collection Set: 0.1ms
[2024-01-05T13:14:27.726-0100][6.752s] GC(6)   Merge Heap Roots: 0.1ms
[2024-01-05T13:14:27.726-0100][6.752s] GC(6)   Evacuate Collection Set: 12.4ms
[2024-01-05T13:14:27.726-0100][6.752s] GC(6)   Post Evacuate Collection Set: 1.6ms
[2024-01-05T13:14:27.726-0100][6.752s] GC(6)   Other: 0.2ms
[2024-01-05T13:14:27.726-0100][6.752s] GC(6) Eden regions: 290->0(270)
[2024-01-05T13:14:27.726-0100][6.752s] GC(6) Survivor regions: 17->37(39)
[2024-01-05T13:14:27.726-0100][6.752s] GC(6) Old regions: 11->11
[2024-01-05T13:14:27.726-0100][6.752s] GC(6) Archive regions: 2->2
[2024-01-05T13:14:27.726-0100][6.752s] GC(6) Humongous regions: 5->4
[2024-01-05T13:14:27.726-0100][6.752s] GC(6) Metaspace: 52070K(53632K)->52070K(53632K) NonClass: 46090K(47360K)->46090K(47360K) Class: 5980K(6272K)->5980K(6272K)
[2024-01-05T13:14:27.726-0100][6.752s] GC(6) Pause Young (Concurrent Start) (G1 Evacuation Pause) 322M->51M(512M) 14.674ms
[2024-01-05T13:14:27.726-0100][6.752s] GC(6) User=0.12s Sys=0.01s Real=0.01s
[2024-01-05T13:14:27.726-0100][6.752s] GC(7) Concurrent Cycle
[2024-01-05T13:14:27.726-0100][6.752s] GC(7) Concurrent Clear Claimed Marks
[2024-01-05T13:14:27.726-0100][6.752s] GC(7) Concurrent Clear Claimed Marks 0.056ms
[2024-01-05T13:14:27.726-0100][6.752s] GC(7) Concurrent Scan Root Regions
[2024-01-05T13:14:27.735-0100][6.761s] GC(7) Concurrent Scan Root Regions 9.051ms
[2024-01-05T13:14:27.736-0100][6.761s] GC(7) Concurrent Mark (6.761s)
[2024-01-05T13:14:27.736-0100][6.761s] GC(7) Concurrent Mark From Roots
[2024-01-05T13:14:27.736-0100][6.761s] GC(7) Using 3 workers of 3 for marking
[2024-01-05T13:14:27.746-0100][6.771s] GC(7) Concurrent Mark From Roots 9.965ms
[2024-01-05T13:14:27.746-0100][6.771s] GC(7) Concurrent Preclean
[2024-01-05T13:14:27.746-0100][6.772s] GC(7) Concurrent Preclean 0.048ms
[2024-01-05T13:14:27.746-0100][6.772s] GC(7) Concurrent Mark (6.761s, 6.772s) 10.118ms
[2024-01-05T13:14:27.746-0100][6.772s] GC(7) Pause Remark
[2024-01-05T13:14:27.748-0100][6.774s] GC(7) Pause Remark 57M->57M(512M) 2.562ms
[2024-01-05T13:14:27.749-0100][6.774s] GC(7) User=0.02s Sys=0.00s Real=0.00s
[2024-01-05T13:14:27.749-0100][6.775s] GC(7) Concurrent Rebuild Remembered Sets
[2024-01-05T13:14:27.754-0100][6.780s] GC(7) Concurrent Rebuild Remembered Sets 5.161ms
[2024-01-05T13:14:27.754-0100][6.780s] GC(7) Pause Cleanup
[2024-01-05T13:14:27.754-0100][6.780s] GC(7) Pause Cleanup 58M->58M(512M) 0.149ms
[2024-01-05T13:14:27.754-0100][6.780s] GC(7) User=0.00s Sys=0.00s Real=0.00s
[2024-01-05T13:14:27.755-0100][6.781s] GC(7) Concurrent Cleanup for Next Mark
[2024-01-05T13:14:27.756-0100][6.782s] GC(7) Concurrent Cleanup for Next Mark 1.031ms
[2024-01-05T13:14:27.756-0100][6.782s] GC(7) Concurrent Cycle 29.504ms
[2024-01-05T13:34:44.430-0100][1223.484s] GC(8) Pause Young (Normal) (G1 Evacuation Pause)
[2024-01-05T13:34:44.431-0100][1223.484s] GC(8) Using 10 workers of 10 for evacuation
[2024-01-05T13:34:44.506-0100][1223.560s] GC(8)   Pre Evacuate Collection Set: 0.1ms
[2024-01-05T13:34:44.506-0100][1223.560s] GC(8)   Merge Heap Roots: 0.2ms
[2024-01-05T13:34:44.506-0100][1223.560s] GC(8)   Evacuate Collection Set: 73.4ms
[2024-01-05T13:34:44.506-0100][1223.560s] GC(8)   Post Evacuate Collection Set: 1.9ms
[2024-01-05T13:34:44.506-0100][1223.560s] GC(8)   Other: 0.9ms
[2024-01-05T13:34:44.507-0100][1223.560s] GC(8) Eden regions: 270->0(286)
[2024-01-05T13:34:44.507-0100][1223.560s] GC(8) Survivor regions: 37->21(39)
[2024-01-05T13:34:44.507-0100][1223.560s] GC(8) Old regions: 11->47
[2024-01-05T13:34:44.507-0100][1223.560s] GC(8) Archive regions: 2->2
[2024-01-05T13:34:44.507-0100][1223.560s] GC(8) Humongous regions: 7->7
[2024-01-05T13:34:44.507-0100][1223.560s] GC(8) Metaspace: 58807K(60288K)->58807K(60288K) NonClass: 52044K(53248K)->52044K(53248K) Class: 6763K(7040K)->6763K(7040K)
[2024-01-05T13:34:44.507-0100][1223.560s] GC(8) Pause Young (Normal) (G1 Evacuation Pause) 324M->74M(512M) 76.693ms
[2024-01-05T13:34:44.507-0100][1223.560s] GC(8) User=0.18s Sys=0.40s Real=0.07s
[2024-01-06T18:06:51.431-0100][11517.139s] GC(9) Pause Young (Normal) (G1 Evacuation Pause)
[2024-01-06T18:06:51.435-0100][11517.143s] GC(9) Using 10 workers of 10 for evacuation
[2024-01-06T18:06:51.534-0100][11517.242s] GC(9)   Pre Evacuate Collection Set: 10.4ms
[2024-01-06T18:06:51.534-0100][11517.242s] GC(9)   Merge Heap Roots: 1.3ms
[2024-01-06T18:06:51.534-0100][11517.242s] GC(9)   Evacuate Collection Set: 79.3ms
[2024-01-06T18:06:51.534-0100][11517.242s] GC(9)   Post Evacuate Collection Set: 3.4ms
[2024-01-06T18:06:51.534-0100][11517.242s] GC(9)   Other: 12.2ms
[2024-01-06T18:06:51.534-0100][11517.242s] GC(9) Eden regions: 286->0(288)
[2024-01-06T18:06:51.534-0100][11517.242s] GC(9) Survivor regions: 21->19(39)
[2024-01-06T18:06:51.534-0100][11517.242s] GC(9) Old regions: 47->47
[2024-01-06T18:06:51.534-0100][11517.242s] GC(9) Archive regions: 2->2
[2024-01-06T18:06:51.534-0100][11517.242s] GC(9) Humongous regions: 7->7
[2024-01-06T18:06:51.535-0100][11517.243s] GC(9) Metaspace: 61751K(63360K)->61751K(63360K) NonClass: 54737K(56064K)->54737K(56064K) Class: 7014K(7296K)->7014K(7296K)
[2024-01-06T18:06:51.535-0100][11517.243s] GC(9) Pause Young (Normal) (G1 Evacuation Pause) 360M->72M(512M) 104.846ms
[2024-01-06T18:06:51.535-0100][11517.243s] GC(9) User=0.08s Sys=0.36s Real=0.10s
