[2023-02-09T14:49:16.739-0100][0.008s] Using G1
[2023-02-09T14:49:16.979-0100][0.248s] Version: 15.0.2+7 (release)
[2023-02-09T14:49:16.979-0100][0.248s] CPUs: 12 total, 12 available
[2023-02-09T14:49:16.979-0100][0.248s] Memory: 16384M
[2023-02-09T14:49:16.979-0100][0.248s] Large Page Support: Disabled
[2023-02-09T14:49:16.979-0100][0.248s] NUMA Support: Disabled
[2023-02-09T14:49:16.979-0100][0.248s] Compressed Oops: Enabled (Zero based)
[2023-02-09T14:49:16.979-0100][0.248s] Heap Region Size: 1M
[2023-02-09T14:49:16.979-0100][0.248s] Heap Min Capacity: 512M
[2023-02-09T14:49:16.980-0100][0.248s] Heap Initial Capacity: 512M
[2023-02-09T14:49:16.980-0100][0.248s] Heap Max Capacity: 512M
[2023-02-09T14:49:16.980-0100][0.248s] Pre-touch: Enabled
[2023-02-09T14:49:16.980-0100][0.248s] Parallel Workers: 10
[2023-02-09T14:49:16.980-0100][0.248s] Concurrent Workers: 3
[2023-02-09T14:49:16.980-0100][0.248s] Concurrent Refinement Workers: 10
[2023-02-09T14:49:16.980-0100][0.248s] Periodic GC: Disabled
[2023-02-09T14:49:16.980-0100][0.249s] Mark closed archive regions in map: [0x00000007fff00000, 0x00000007fff78ff8]
[2023-02-09T14:49:16.980-0100][0.249s] Mark open archive regions in map: [0x00000007ffe00000, 0x00000007ffe50ff8]
[2023-02-09T14:49:16.980-0100][0.249s] CDS archive(s) mapped at: [0x0000000800000000-0x0000000800b2f000-0x0000000800b2f000), size 11726848, SharedBaseAddress: 0x0000000800000000, ArchiveRelocationMode: 0.
[2023-02-09T14:49:16.980-0100][0.249s] Compressed class space mapped at: 0x0000000800b30000-0x0000000840b30000, size: 1073741824
[2023-02-09T14:49:16.980-0100][0.249s] Narrow klass base: 0x0000000800000000, Narrow klass shift: 3, Narrow klass range: 0x100000000
[2023-02-09T14:49:17.414-0100][0.683s] GC(0) Pause Young (Normal) (G1 Evacuation Pause)
[2023-02-09T14:49:17.415-0100][0.683s] GC(0) Using 10 workers of 10 for evacuation
[2023-02-09T14:49:17.418-0100][0.686s] GC(0)   Pre Evacuate Collection Set: 0.1ms
[2023-02-09T14:49:17.418-0100][0.686s] GC(0)   Merge Heap Roots: 0.1ms
[2023-02-09T14:49:17.418-0100][0.686s] GC(0)   Evacuate Collection Set: 2.4ms
[2023-02-09T14:49:17.418-0100][0.686s] GC(0)   Post Evacuate Collection Set: 0.4ms
[2023-02-09T14:49:17.418-0100][0.686s] GC(0)   Other: 0.6ms
[2023-02-09T14:49:17.418-0100][0.686s] GC(0) Eden regions: 29->0(54)
[2023-02-09T14:49:17.418-0100][0.686s] GC(0) Survivor regions: 0->4(4)
[2023-02-09T14:49:17.418-0100][0.686s] GC(0) Old regions: 0->0
[2023-02-09T14:49:17.418-0100][0.686s] GC(0) Archive regions: 2->2
[2023-02-09T14:49:17.418-0100][0.686s] GC(0) Humongous regions: 0->0
[2023-02-09T14:49:17.418-0100][0.686s] GC(0) Metaspace: 6872K(8064K)->6872K(8064K) NonClass: 6066K(7168K)->6066K(7168K) Class: 806K(896K)->806K(896K)
[2023-02-09T14:49:17.418-0100][0.686s] GC(0) Pause Young (Normal) (G1 Evacuation Pause) 29M->4M(512M) 3.726ms
[2023-02-09T14:49:17.418-0100][0.686s] GC(0) User=0.01s Sys=0.01s Real=0.00s
[2023-02-09T14:49:18.021-0100][1.289s] GC(1) Pause Young (Normal) (G1 Evacuation Pause)
[2023-02-09T14:49:18.021-0100][1.289s] GC(1) Using 10 workers of 10 for evacuation
[2023-02-09T14:49:18.030-0100][1.299s] GC(1)   Pre Evacuate Collection Set: 0.1ms
[2023-02-09T14:49:18.030-0100][1.299s] GC(1)   Merge Heap Roots: 0.1ms
[2023-02-09T14:49:18.030-0100][1.299s] GC(1)   Evacuate Collection Set: 8.7ms
[2023-02-09T14:49:18.030-0100][1.299s] GC(1)   Post Evacuate Collection Set: 0.7ms
[2023-02-09T14:49:18.030-0100][1.299s] GC(1)   Other: 0.1ms
[2023-02-09T14:49:18.030-0100][1.299s] GC(1) Eden regions: 54->0(207)
[2023-02-09T14:49:18.030-0100][1.299s] GC(1) Survivor regions: 4->8(8)
[2023-02-09T14:49:18.030-0100][1.299s] GC(1) Old regions: 0->11
[2023-02-09T14:49:18.030-0100][1.299s] GC(1) Archive regions: 2->2
[2023-02-09T14:49:18.030-0100][1.299s] GC(1) Humongous regions: 4->4
[2023-02-09T14:49:18.030-0100][1.299s] GC(1) Metaspace: 16020K(16640K)->16020K(16640K) NonClass: 14169K(14592K)->14169K(14592K) Class: 1850K(2048K)->1850K(2048K)
[2023-02-09T14:49:18.030-0100][1.299s] GC(1) Pause Young (Normal) (G1 Evacuation Pause) 62M->23M(512M) 9.792ms
[2023-02-09T14:49:18.030-0100][1.299s] GC(1) User=0.05s Sys=0.00s Real=0.01s
[2023-02-09T14:49:18.489-0100][1.758s] GC(2) Pause Young (Concurrent Start) (Metadata GC Threshold)
[2023-02-09T14:49:18.489-0100][1.758s] GC(2) Using 10 workers of 10 for evacuation
[2023-02-09T14:49:18.493-0100][1.762s] GC(2)   Pre Evacuate Collection Set: 0.1ms
[2023-02-09T14:49:18.493-0100][1.762s] GC(2)   Merge Heap Roots: 0.1ms
[2023-02-09T14:49:18.493-0100][1.762s] GC(2)   Evacuate Collection Set: 2.7ms
[2023-02-09T14:49:18.493-0100][1.762s] GC(2)   Post Evacuate Collection Set: 0.7ms
[2023-02-09T14:49:18.493-0100][1.762s] GC(2)   Other: 0.3ms
[2023-02-09T14:49:18.493-0100][1.762s] GC(2) Eden regions: 29->0(297)
[2023-02-09T14:49:18.493-0100][1.762s] GC(2) Survivor regions: 8->10(19)
[2023-02-09T14:49:18.493-0100][1.762s] GC(2) Old regions: 11->11
[2023-02-09T14:49:18.493-0100][1.762s] GC(2) Archive regions: 2->2
[2023-02-09T14:49:18.493-0100][1.762s] GC(2) Humongous regions: 4->4
[2023-02-09T14:49:18.493-0100][1.762s] GC(2) Metaspace: 20470K(21248K)->20470K(21248K) NonClass: 18125K(18688K)->18125K(18688K) Class: 2345K(2560K)->2345K(2560K)
[2023-02-09T14:49:18.493-0100][1.762s] GC(2) Pause Young (Concurrent Start) (Metadata GC Threshold) 51M->24M(512M) 4.046ms
[2023-02-09T14:49:18.493-0100][1.762s] GC(2) User=0.02s Sys=0.00s Real=0.01s
[2023-02-09T14:49:18.493-0100][1.762s] GC(3) Concurrent Cycle
[2023-02-09T14:49:18.493-0100][1.762s] GC(3) Concurrent Clear Claimed Marks
[2023-02-09T14:49:18.493-0100][1.762s] GC(3) Concurrent Clear Claimed Marks 0.024ms
[2023-02-09T14:49:18.493-0100][1.762s] GC(3) Concurrent Scan Root Regions
[2023-02-09T14:49:18.496-0100][1.765s] GC(3) Concurrent Scan Root Regions 2.717ms
[2023-02-09T14:49:18.496-0100][1.765s] GC(3) Concurrent Mark (1.765s)
[2023-02-09T14:49:18.496-0100][1.765s] GC(3) Concurrent Mark From Roots
[2023-02-09T14:49:18.496-0100][1.765s] GC(3) Using 3 workers of 3 for marking
[2023-02-09T14:49:18.505-0100][1.774s] GC(3) Concurrent Mark From Roots 9.045ms
[2023-02-09T14:49:18.505-0100][1.774s] GC(3) Concurrent Preclean
[2023-02-09T14:49:18.505-0100][1.774s] GC(3) Concurrent Preclean 0.208ms
[2023-02-09T14:49:18.505-0100][1.774s] GC(3) Concurrent Mark (1.765s, 1.774s) 9.321ms
[2023-02-09T14:49:18.506-0100][1.774s] GC(3) Pause Remark
[2023-02-09T14:49:18.507-0100][1.776s] GC(3) Pause Remark 26M->26M(512M) 1.459ms
[2023-02-09T14:49:18.507-0100][1.776s] GC(3) User=0.00s Sys=0.00s Real=0.00s
[2023-02-09T14:49:18.507-0100][1.776s] GC(3) Concurrent Rebuild Remembered Sets
[2023-02-09T14:49:18.512-0100][1.781s] GC(3) Concurrent Rebuild Remembered Sets 5.068ms
[2023-02-09T14:49:18.513-0100][1.781s] GC(3) Pause Cleanup
[2023-02-09T14:49:18.513-0100][1.781s] GC(3) Pause Cleanup 26M->26M(512M) 0.124ms
[2023-02-09T14:49:18.513-0100][1.781s] GC(3) User=0.00s Sys=0.00s Real=0.00s
[2023-02-09T14:49:18.513-0100][1.782s] GC(3) Concurrent Cleanup for Next Mark
[2023-02-09T14:49:18.514-0100][1.782s] GC(3) Concurrent Cleanup for Next Mark 0.924ms
[2023-02-09T14:49:18.514-0100][1.783s] GC(3) Concurrent Cycle 20.764ms
[2023-02-09T14:49:44.408-0100][27.678s] GC(4) Pause Young (Concurrent Start) (Metadata GC Threshold)
[2023-02-09T14:49:44.428-0100][27.698s] GC(4) Using 10 workers of 10 for evacuation
[2023-02-09T14:49:44.434-0100][27.704s] GC(4)   Pre Evacuate Collection Set: 0.1ms
[2023-02-09T14:49:44.434-0100][27.704s] GC(4)   Merge Heap Roots: 0.1ms
[2023-02-09T14:49:44.434-0100][27.704s] GC(4)   Evacuate Collection Set: 5.1ms
[2023-02-09T14:49:44.434-0100][27.704s] GC(4)   Post Evacuate Collection Set: 0.8ms
[2023-02-09T14:49:44.434-0100][27.704s] GC(4)   Other: 20.3ms
[2023-02-09T14:49:44.434-0100][27.704s] GC(4) Eden regions: 91->0(291)
[2023-02-09T14:49:44.434-0100][27.704s] GC(4) Survivor regions: 10->16(39)
[2023-02-09T14:49:44.434-0100][27.704s] GC(4) Old regions: 11->11
[2023-02-09T14:49:44.434-0100][27.704s] GC(4) Archive regions: 2->2
[2023-02-09T14:49:44.434-0100][27.704s] GC(4) Humongous regions: 4->4
[2023-02-09T14:49:44.434-0100][27.704s] GC(4) Metaspace: 34752K(35840K)->34752K(35840K) NonClass: 30842K(31744K)->30842K(31744K) Class: 3909K(4096K)->3909K(4096K)
[2023-02-09T14:49:44.455-0100][27.725s] GC(4) Pause Young (Concurrent Start) (Metadata GC Threshold) 114M->30M(512M) 47.492ms
[2023-02-09T14:49:44.455-0100][27.725s] GC(4) User=0.02s Sys=0.00s Real=0.05s
[2023-02-09T14:49:44.455-0100][27.725s] GC(5) Concurrent Cycle
[2023-02-09T14:49:44.456-0100][27.725s] GC(5) Concurrent Clear Claimed Marks
[2023-02-09T14:49:44.456-0100][27.726s] GC(5) Concurrent Clear Claimed Marks 0.066ms
[2023-02-09T14:49:44.456-0100][27.726s] GC(5) Concurrent Scan Root Regions
[2023-02-09T14:49:44.460-0100][27.729s] GC(5) Concurrent Scan Root Regions 3.812ms
[2023-02-09T14:49:44.460-0100][27.729s] GC(5) Concurrent Mark (27.729s)
[2023-02-09T14:49:44.460-0100][27.730s] GC(5) Concurrent Mark From Roots
[2023-02-09T14:49:44.460-0100][27.730s] GC(5) Using 3 workers of 3 for marking
[2023-02-09T14:49:44.467-0100][27.737s] GC(5) Concurrent Mark From Roots 7.710ms
[2023-02-09T14:49:44.467-0100][27.737s] GC(5) Concurrent Preclean
[2023-02-09T14:49:44.467-0100][27.737s] GC(5) Concurrent Preclean 0.038ms
[2023-02-09T14:49:44.467-0100][27.737s] GC(5) Concurrent Mark (27.729s, 27.737s) 7.826ms
[2023-02-09T14:49:44.468-0100][27.738s] GC(5) Pause Remark
[2023-02-09T14:49:44.470-0100][27.740s] GC(5) Pause Remark 31M->31M(512M) 2.014ms
[2023-02-09T14:49:44.470-0100][27.740s] GC(5) User=0.01s Sys=0.00s Real=0.01s
[2023-02-09T14:49:44.470-0100][27.740s] GC(5) Concurrent Rebuild Remembered Sets
[2023-02-09T14:49:44.474-0100][27.744s] GC(5) Concurrent Rebuild Remembered Sets 4.402ms
[2023-02-09T14:49:44.475-0100][27.744s] GC(5) Pause Cleanup
[2023-02-09T14:49:44.475-0100][27.745s] GC(5) Pause Cleanup 32M->32M(512M) 0.104ms
[2023-02-09T14:49:44.475-0100][27.745s] GC(5) User=0.00s Sys=0.00s Real=0.00s
[2023-02-09T14:49:44.475-0100][27.745s] GC(5) Concurrent Cleanup for Next Mark
[2023-02-09T14:49:44.475-0100][27.745s] GC(5) Concurrent Cleanup for Next Mark 0.690ms
[2023-02-09T14:49:44.476-0100][27.745s] GC(5) Concurrent Cycle 20.069ms
[2023-02-09T14:49:46.020-0100][29.290s] GC(6) Pause Young (Normal) (G1 Evacuation Pause)
[2023-02-09T14:49:46.020-0100][29.290s] GC(6) Using 10 workers of 10 for evacuation
[2023-02-09T14:49:46.032-0100][29.302s] GC(6)   Pre Evacuate Collection Set: 0.1ms
[2023-02-09T14:49:46.032-0100][29.302s] GC(6)   Merge Heap Roots: 0.1ms
[2023-02-09T14:49:46.032-0100][29.302s] GC(6)   Evacuate Collection Set: 10.5ms
[2023-02-09T14:49:46.032-0100][29.302s] GC(6)   Post Evacuate Collection Set: 1.1ms
[2023-02-09T14:49:46.032-0100][29.302s] GC(6)   Other: 0.2ms
[2023-02-09T14:49:46.032-0100][29.302s] GC(6) Eden regions: 291->0(269)
[2023-02-09T14:49:46.032-0100][29.302s] GC(6) Survivor regions: 16->38(39)
[2023-02-09T14:49:46.032-0100][29.302s] GC(6) Old regions: 11->11
[2023-02-09T14:49:46.032-0100][29.302s] GC(6) Archive regions: 2->2
[2023-02-09T14:49:46.032-0100][29.302s] GC(6) Humongous regions: 5->4
[2023-02-09T14:49:46.032-0100][29.302s] GC(6) Metaspace: 50175K(51712K)->50175K(51712K) NonClass: 44262K(45568K)->44262K(45568K) Class: 5912K(6144K)->5912K(6144K)
[2023-02-09T14:49:46.032-0100][29.302s] GC(6) Pause Young (Normal) (G1 Evacuation Pause) 322M->53M(512M) 12.097ms
[2023-02-09T14:49:46.032-0100][29.302s] GC(6) User=0.06s Sys=0.00s Real=0.01s
[2023-02-09T20:36:50.908-0100][19934.864s] GC(7) Pause Young (Normal) (G1 Evacuation Pause)
[2023-02-09T20:36:50.910-0100][19934.865s] GC(7) Using 10 workers of 10 for evacuation
[2023-02-09T20:36:51.002-0100][19934.957s] GC(7)   Pre Evacuate Collection Set: 6.2ms
[2023-02-09T20:36:51.002-0100][19934.957s] GC(7)   Merge Heap Roots: 2.0ms
[2023-02-09T20:36:51.002-0100][19934.957s] GC(7)   Evacuate Collection Set: 79.9ms
[2023-02-09T20:36:51.002-0100][19934.957s] GC(7)   Post Evacuate Collection Set: 2.8ms
[2023-02-09T20:36:51.002-0100][19934.957s] GC(7)   Other: 4.8ms
[2023-02-09T20:36:51.002-0100][19934.957s] GC(7) Eden regions: 269->0(295)
[2023-02-09T20:36:51.002-0100][19934.958s] GC(7) Survivor regions: 38->12(39)
[2023-02-09T20:36:51.002-0100][19934.958s] GC(7) Old regions: 11->47
[2023-02-09T20:36:51.002-0100][19934.958s] GC(7) Archive regions: 2->2
[2023-02-09T20:36:51.002-0100][19934.958s] GC(7) Humongous regions: 7->7
[2023-02-09T20:36:51.002-0100][19934.958s] GC(7) Metaspace: 56068K(57728K)->56068K(57728K) NonClass: 49571K(50944K)->49571K(50944K) Class: 6497K(6784K)->6497K(6784K)
[2023-02-09T20:36:51.002-0100][19934.958s] GC(7) Pause Young (Normal) (G1 Evacuation Pause) 325M->66M(512M) 94.462ms
[2023-02-09T20:36:51.002-0100][19934.958s] GC(7) User=0.14s Sys=0.32s Real=0.10s
[2023-02-10T20:42:42.146-0100][32067.665s] GC(8) Pause Young (Normal) (G1 Evacuation Pause)
[2023-02-10T20:42:42.149-0100][32067.667s] GC(8) Using 10 workers of 10 for evacuation
[2023-02-10T20:42:42.336-0100][32067.854s] GC(8)   Pre Evacuate Collection Set: 11.5ms
[2023-02-10T20:42:42.336-0100][32067.854s] GC(8)   Merge Heap Roots: 2.1ms
[2023-02-10T20:42:42.336-0100][32067.854s] GC(8)   Evacuate Collection Set: 155.8ms
[2023-02-10T20:42:42.336-0100][32067.854s] GC(8)   Post Evacuate Collection Set: 14.3ms
[2023-02-10T20:42:42.336-0100][32067.854s] GC(8)   Other: 8.2ms
[2023-02-10T20:42:42.337-0100][32067.855s] GC(8) Eden regions: 295->0(296)
[2023-02-10T20:42:42.337-0100][32067.855s] GC(8) Survivor regions: 12->11(39)
[2023-02-10T20:42:42.337-0100][32067.855s] GC(8) Old regions: 47->47
[2023-02-10T20:42:42.337-0100][32067.855s] GC(8) Archive regions: 2->2
[2023-02-10T20:42:42.337-0100][32067.855s] GC(8) Humongous regions: 7->7
[2023-02-10T20:42:42.337-0100][32067.855s] GC(8) Metaspace: 58731K(60160K)->58731K(60160K) NonClass: 52064K(53248K)->52064K(53248K) Class: 6666K(6912K)->6666K(6912K)
[2023-02-10T20:42:42.338-0100][32067.856s] GC(8) Pause Young (Normal) (G1 Evacuation Pause) 361M->65M(512M) 192.457ms
[2023-02-10T20:42:42.339-0100][32067.856s] GC(8) User=0.04s Sys=0.28s Real=0.19s
[2023-02-10T20:42:45.166-0100][32070.684s] GC(9) Pause Young (Concurrent Start) (Metadata GC Threshold)
[2023-02-10T20:42:45.180-0100][32070.698s] GC(9) Using 10 workers of 10 for evacuation
[2023-02-10T20:42:45.206-0100][32070.723s] GC(9)   Pre Evacuate Collection Set: 0.4ms
[2023-02-10T20:42:45.226-0100][32070.744s] GC(9)   Merge Heap Roots: 0.1ms
[2023-02-10T20:42:45.226-0100][32070.744s] GC(9)   Evacuate Collection Set: 23.2ms
[2023-02-10T20:42:45.226-0100][32070.744s] GC(9)   Post Evacuate Collection Set: 0.6ms
[2023-02-10T20:42:45.226-0100][32070.744s] GC(9)   Other: 15.5ms
[2023-02-10T20:42:45.226-0100][32070.744s] GC(9) Eden regions: 9->0(296)
[2023-02-10T20:42:45.226-0100][32070.744s] GC(9) Survivor regions: 11->11(39)
[2023-02-10T20:42:45.226-0100][32070.744s] GC(9) Old regions: 47->47
[2023-02-10T20:42:45.226-0100][32070.744s] GC(9) Archive regions: 2->2
[2023-02-10T20:42:45.226-0100][32070.744s] GC(9) Humongous regions: 7->7
[2023-02-10T20:42:45.226-0100][32070.744s] GC(9) Metaspace: 58750K(60160K)->58750K(60160K) NonClass: 52080K(53248K)->52080K(53248K) Class: 6669K(6912K)->6669K(6912K)
[2023-02-10T20:42:45.226-0100][32070.744s] GC(9) Pause Young (Concurrent Start) (Metadata GC Threshold) 74M->65M(512M) 60.028ms
[2023-02-10T20:42:45.226-0100][32070.744s] GC(9) User=0.03s Sys=0.06s Real=0.06s
[2023-02-10T20:42:45.226-0100][32070.744s] GC(10) Concurrent Cycle
[2023-02-10T20:42:45.226-0100][32070.744s] GC(10) Concurrent Clear Claimed Marks
[2023-02-10T20:42:45.226-0100][32070.744s] GC(10) Concurrent Clear Claimed Marks 0.121ms
[2023-02-10T20:42:45.226-0100][32070.744s] GC(10) Concurrent Scan Root Regions
[2023-02-10T20:42:45.238-0100][32070.756s] GC(10) Concurrent Scan Root Regions 12.050ms
[2023-02-10T20:42:45.248-0100][32070.766s] GC(10) Concurrent Mark (32070.766s)
[2023-02-10T20:42:45.248-0100][32070.766s] GC(10) Concurrent Mark From Roots
[2023-02-10T20:42:45.248-0100][32070.766s] GC(10) Using 3 workers of 3 for marking
[2023-02-10T20:42:45.299-0100][32070.816s] GC(10) Concurrent Mark From Roots 50.548ms
[2023-02-10T20:42:45.304-0100][32070.822s] GC(10) Concurrent Preclean
[2023-02-10T20:42:45.304-0100][32070.822s] GC(10) Concurrent Preclean 0.409ms
[2023-02-10T20:42:45.304-0100][32070.822s] GC(10) Concurrent Mark (32070.766s, 32070.822s) 56.272ms
[2023-02-10T20:42:45.304-0100][32070.822s] GC(10) Pause Remark
[2023-02-10T20:42:45.376-0100][32070.894s] GC(10) Pause Remark 66M->66M(512M) 71.264ms
[2023-02-10T20:42:45.376-0100][32070.894s] GC(10) User=0.03s Sys=0.17s Real=0.07s
[2023-02-10T20:42:45.376-0100][32070.894s] GC(10) Concurrent Rebuild Remembered Sets
[2023-02-10T20:42:45.388-0100][32070.906s] GC(10) Concurrent Rebuild Remembered Sets 12.201ms
[2023-02-10T20:42:45.391-0100][32070.909s] GC(10) Pause Cleanup
[2023-02-10T20:42:45.391-0100][32070.909s] GC(10) Pause Cleanup 66M->66M(512M) 0.133ms
[2023-02-10T20:42:45.391-0100][32070.909s] GC(10) User=0.00s Sys=0.00s Real=0.00s
[2023-02-10T20:42:45.391-0100][32070.909s] GC(10) Concurrent Cleanup for Next Mark
[2023-02-10T20:42:45.394-0100][32070.912s] GC(10) Concurrent Cleanup for Next Mark 3.086ms
[2023-02-10T20:42:45.394-0100][32070.912s] GC(10) Concurrent Cycle 168.308ms
[2023-02-16T19:56:45.396-0100][53784.502s] GC(11) Pause Young (Normal) (G1 Evacuation Pause)
[2023-02-16T19:56:45.400-0100][53784.506s] GC(11) Using 10 workers of 10 for evacuation
[2023-02-16T19:56:45.445-0100][53784.552s] GC(11)   Pre Evacuate Collection Set: 3.4ms
[2023-02-16T19:56:45.445-0100][53784.552s] GC(11)   Merge Heap Roots: 2.8ms
[2023-02-16T19:56:45.445-0100][53784.552s] GC(11)   Evacuate Collection Set: 30.0ms
[2023-02-16T19:56:45.445-0100][53784.552s] GC(11)   Post Evacuate Collection Set: 4.0ms
[2023-02-16T19:56:45.445-0100][53784.552s] GC(11)   Other: 16.9ms
[2023-02-16T19:56:45.446-0100][53784.552s] GC(11) Eden regions: 296->0(296)
[2023-02-16T19:56:45.446-0100][53784.552s] GC(11) Survivor regions: 11->11(39)
[2023-02-16T19:56:45.446-0100][53784.552s] GC(11) Old regions: 47->47
[2023-02-16T19:56:45.446-0100][53784.552s] GC(11) Archive regions: 2->2
[2023-02-16T19:56:45.446-0100][53784.552s] GC(11) Humongous regions: 7->7
[2023-02-16T19:56:45.446-0100][53784.553s] GC(11) Metaspace: 58736K(60672K)->58736K(60672K) NonClass: 52105K(53760K)->52105K(53760K) Class: 6631K(6912K)->6631K(6912K)
[2023-02-16T19:56:45.447-0100][53784.553s] GC(11) Pause Young (Normal) (G1 Evacuation Pause) 361M->64M(512M) 51.987ms
[2023-02-16T19:56:45.447-0100][53784.553s] GC(11) User=0.05s Sys=0.13s Real=0.05s
[2023-02-23T15:35:43.271-0100][83824.615s] GC(12) Pause Young (Normal) (G1 Evacuation Pause)
[2023-02-23T15:35:43.272-0100][83824.615s] GC(12) Using 10 workers of 10 for evacuation
[2023-02-23T15:35:43.360-0100][83824.704s] GC(12)   Pre Evacuate Collection Set: 2.0ms
[2023-02-23T15:35:43.360-0100][83824.704s] GC(12)   Merge Heap Roots: 2.5ms
[2023-02-23T15:35:43.360-0100][83824.704s] GC(12)   Evacuate Collection Set: 79.1ms
[2023-02-23T15:35:43.360-0100][83824.704s] GC(12)   Post Evacuate Collection Set: 2.8ms
[2023-02-23T15:35:43.361-0100][83824.705s] GC(12)   Other: 3.4ms
[2023-02-23T15:35:43.362-0100][83824.705s] GC(12) Eden regions: 296->0(296)
[2023-02-23T15:35:43.362-0100][83824.705s] GC(12) Survivor regions: 11->11(39)
[2023-02-23T15:35:43.362-0100][83824.705s] GC(12) Old regions: 47->47
[2023-02-23T15:35:43.362-0100][83824.705s] GC(12) Archive regions: 2->2
[2023-02-23T15:35:43.362-0100][83824.705s] GC(12) Humongous regions: 7->7
[2023-02-23T15:35:43.362-0100][83824.705s] GC(12) Metaspace: 58870K(60672K)->58870K(60672K) NonClass: 52238K(53760K)->52238K(53760K) Class: 6631K(6912K)->6631K(6912K)
[2023-02-23T15:35:43.362-0100][83824.705s] GC(12) Pause Young (Normal) (G1 Evacuation Pause) 360M->64M(512M) 90.583ms
[2023-02-23T15:35:43.362-0100][83824.705s] GC(12) User=0.04s Sys=0.21s Real=0.09s
[2023-03-02T20:49:53.294-0100][118518.806s] GC(13) Pause Young (Normal) (G1 Evacuation Pause)
[2023-03-02T20:49:53.296-0100][118518.808s] GC(13) Using 10 workers of 10 for evacuation
[2023-03-02T20:49:53.349-0100][118518.861s] GC(13)   Pre Evacuate Collection Set: 4.8ms
[2023-03-02T20:49:53.349-0100][118518.861s] GC(13)   Merge Heap Roots: 1.1ms
[2023-03-02T20:49:53.349-0100][118518.861s] GC(13)   Evacuate Collection Set: 41.9ms
[2023-03-02T20:49:53.349-0100][118518.861s] GC(13)   Post Evacuate Collection Set: 4.2ms
[2023-03-02T20:49:53.349-0100][118518.861s] GC(13)   Other: 2.8ms
[2023-03-02T20:49:53.349-0100][118518.861s] GC(13) Eden regions: 296->0(296)
[2023-03-02T20:49:53.349-0100][118518.861s] GC(13) Survivor regions: 11->11(39)
[2023-03-02T20:49:53.349-0100][118518.861s] GC(13) Old regions: 47->47
[2023-03-02T20:49:53.349-0100][118518.861s] GC(13) Archive regions: 2->2
[2023-03-02T20:49:53.349-0100][118518.861s] GC(13) Humongous regions: 7->7
[2023-03-02T20:49:53.349-0100][118518.861s] GC(13) Metaspace: 58930K(60672K)->58930K(60672K) NonClass: 52297K(53760K)->52297K(53760K) Class: 6632K(6912K)->6632K(6912K)
[2023-03-02T20:49:53.349-0100][118518.861s] GC(13) Pause Young (Normal) (G1 Evacuation Pause) 360M->65M(512M) 54.860ms
[2023-03-02T20:49:53.349-0100][118518.861s] GC(13) User=0.04s Sys=0.16s Real=0.05s
[2023-03-07T08:17:35.115-0100][144893.137s] GC(14) Pause Young (Normal) (G1 Evacuation Pause)
[2023-03-07T08:17:35.118-0100][144893.140s] GC(14) Using 10 workers of 10 for evacuation
[2023-03-07T08:17:35.250-0100][144893.272s] GC(14)   Pre Evacuate Collection Set: 15.0ms
[2023-03-07T08:17:35.250-0100][144893.272s] GC(14)   Merge Heap Roots: 6.6ms
[2023-03-07T08:17:35.250-0100][144893.272s] GC(14)   Evacuate Collection Set: 92.4ms
[2023-03-07T08:17:35.250-0100][144893.272s] GC(14)   Post Evacuate Collection Set: 10.5ms
[2023-03-07T08:17:35.251-0100][144893.272s] GC(14)   Other: 18.5ms
[2023-03-07T08:17:35.251-0100][144893.273s] GC(14) Eden regions: 296->0(296)
[2023-03-07T08:17:35.251-0100][144893.273s] GC(14) Survivor regions: 11->11(39)
[2023-03-07T08:17:35.251-0100][144893.273s] GC(14) Old regions: 47->47
[2023-03-07T08:17:35.251-0100][144893.273s] GC(14) Archive regions: 2->2
[2023-03-07T08:17:35.251-0100][144893.273s] GC(14) Humongous regions: 7->7
[2023-03-07T08:17:35.251-0100][144893.273s] GC(14) Metaspace: 59042K(60928K)->59042K(60928K) NonClass: 52409K(54016K)->52409K(54016K) Class: 6633K(6912K)->6633K(6912K)
[2023-03-07T08:17:35.252-0100][144893.274s] GC(14) Pause Young (Normal) (G1 Evacuation Pause) 361M->65M(512M) 139.393ms
[2023-03-07T08:17:35.252-0100][144893.274s] GC(14) User=0.04s Sys=0.24s Real=0.14s
[2023-03-09T20:45:38.546-0100][157995.875s] GC(15) Pause Young (Normal) (G1 Evacuation Pause)
[2023-03-09T20:45:38.547-0100][157995.876s] GC(15) Using 10 workers of 10 for evacuation
[2023-03-09T20:45:38.586-0100][157995.915s] GC(15)   Pre Evacuate Collection Set: 0.9ms
[2023-03-09T20:45:38.586-0100][157995.915s] GC(15)   Merge Heap Roots: 0.1ms
[2023-03-09T20:45:38.586-0100][157995.915s] GC(15)   Evacuate Collection Set: 35.9ms
[2023-03-09T20:45:38.586-0100][157995.915s] GC(15)   Post Evacuate Collection Set: 1.5ms
[2023-03-09T20:45:38.586-0100][157995.915s] GC(15)   Other: 1.3ms
[2023-03-09T20:45:38.586-0100][157995.915s] GC(15) Eden regions: 296->0(296)
[2023-03-09T20:45:38.586-0100][157995.915s] GC(15) Survivor regions: 11->11(39)
[2023-03-09T20:45:38.586-0100][157995.915s] GC(15) Old regions: 47->47
[2023-03-09T20:45:38.586-0100][157995.915s] GC(15) Archive regions: 2->2
[2023-03-09T20:45:38.586-0100][157995.915s] GC(15) Humongous regions: 7->7
[2023-03-09T20:45:38.586-0100][157995.915s] GC(15) Metaspace: 59144K(61056K)->59144K(61056K) NonClass: 52493K(54016K)->52493K(54016K) Class: 6651K(7040K)->6651K(7040K)
[2023-03-09T20:45:38.586-0100][157995.915s] GC(15) Pause Young (Normal) (G1 Evacuation Pause) 361M->65M(512M) 39.872ms
[2023-03-09T20:45:38.586-0100][157995.915s] GC(15) User=0.05s Sys=0.13s Real=0.04s
[2023-03-13T14:17:43.992-0100][171394.230s] GC(16) Pause Young (Normal) (G1 Evacuation Pause)
[2023-03-13T14:17:43.996-0100][171394.233s] GC(16) Using 10 workers of 10 for evacuation
[2023-03-13T14:17:44.056-0100][171394.294s] GC(16)   Pre Evacuate Collection Set: 5.2ms
[2023-03-13T14:17:44.056-0100][171394.294s] GC(16)   Merge Heap Roots: 2.3ms
[2023-03-13T14:17:44.056-0100][171394.294s] GC(16)   Evacuate Collection Set: 42.6ms
[2023-03-13T14:17:44.056-0100][171394.294s] GC(16)   Post Evacuate Collection Set: 5.8ms
[2023-03-13T14:17:44.056-0100][171394.294s] GC(16)   Other: 13.9ms
[2023-03-13T14:17:44.056-0100][171394.294s] GC(16) Eden regions: 296->0(296)
[2023-03-13T14:17:44.056-0100][171394.294s] GC(16) Survivor regions: 11->11(39)
[2023-03-13T14:17:44.056-0100][171394.294s] GC(16) Old regions: 47->47
[2023-03-13T14:17:44.056-0100][171394.294s] GC(16) Archive regions: 2->2
[2023-03-13T14:17:44.056-0100][171394.294s] GC(16) Humongous regions: 7->7
[2023-03-13T14:17:44.057-0100][171394.295s] GC(16) Metaspace: 59180K(61056K)->59180K(61056K) NonClass: 52528K(54016K)->52528K(54016K) Class: 6651K(7040K)->6651K(7040K)
[2023-03-13T14:17:44.057-0100][171394.295s] GC(16) Pause Young (Normal) (G1 Evacuation Pause) 361M->65M(512M) 66.104ms
[2023-03-13T14:17:44.057-0100][171394.295s] GC(16) User=0.04s Sys=0.15s Real=0.06s
[2023-03-15T14:50:36.144-0100][186521.812s] GC(17) Pause Young (Normal) (G1 Evacuation Pause)
[2023-03-15T14:50:36.147-0100][186521.813s] GC(17) Using 10 workers of 10 for evacuation
[2023-03-15T14:50:36.219-0100][186521.886s] GC(17)   Pre Evacuate Collection Set: 7.8ms
[2023-03-15T14:50:36.219-0100][186521.886s] GC(17)   Merge Heap Roots: 1.3ms
[2023-03-15T14:50:36.219-0100][186521.886s] GC(17)   Evacuate Collection Set: 51.7ms
[2023-03-15T14:50:36.219-0100][186521.886s] GC(17)   Post Evacuate Collection Set: 5.7ms
[2023-03-15T14:50:36.220-0100][186521.886s] GC(17)   Other: 12.5ms
[2023-03-15T14:50:36.220-0100][186521.886s] GC(17) Eden regions: 296->0(296)
[2023-03-15T14:50:36.220-0100][186521.886s] GC(17) Survivor regions: 11->11(39)
[2023-03-15T14:50:36.220-0100][186521.886s] GC(17) Old regions: 47->47
[2023-03-15T14:50:36.220-0100][186521.886s] GC(17) Archive regions: 2->2
[2023-03-15T14:50:36.220-0100][186521.886s] GC(17) Humongous regions: 7->7
[2023-03-15T14:50:36.220-0100][186521.887s] GC(17) Metaspace: 59183K(61056K)->59183K(61056K) NonClass: 52531K(54016K)->52531K(54016K) Class: 6652K(7040K)->6652K(7040K)
[2023-03-15T14:50:36.220-0100][186521.887s] GC(17) Pause Young (Normal) (G1 Evacuation Pause) 361M->65M(512M) 76.643ms
[2023-03-15T14:50:36.220-0100][186521.887s] GC(17) User=0.04s Sys=0.19s Real=0.08s
[2023-03-16T13:17:33.055-0100][197969.603s] GC(18) Pause Young (Normal) (G1 Evacuation Pause)
[2023-03-16T13:17:33.058-0100][197969.605s] GC(18) Using 10 workers of 10 for evacuation
[2023-03-16T13:17:33.107-0100][197969.654s] GC(18)   Pre Evacuate Collection Set: 2.0ms
[2023-03-16T13:17:33.107-0100][197969.654s] GC(18)   Merge Heap Roots: 0.9ms
[2023-03-16T13:17:33.107-0100][197969.654s] GC(18)   Evacuate Collection Set: 37.8ms
[2023-03-16T13:17:33.107-0100][197969.654s] GC(18)   Post Evacuate Collection Set: 3.1ms
[2023-03-16T13:17:33.107-0100][197969.655s] GC(18)   Other: 10.9ms
[2023-03-16T13:17:33.107-0100][197969.655s] GC(18) Eden regions: 296->0(296)
[2023-03-16T13:17:33.107-0100][197969.655s] GC(18) Survivor regions: 11->11(39)
[2023-03-16T13:17:33.107-0100][197969.655s] GC(18) Old regions: 47->47
[2023-03-16T13:17:33.107-0100][197969.655s] GC(18) Archive regions: 2->2
[2023-03-16T13:17:33.108-0100][197969.655s] GC(18) Humongous regions: 7->7
[2023-03-16T13:17:33.108-0100][197969.655s] GC(18) Metaspace: 59202K(61312K)->59202K(61312K) NonClass: 52549K(54272K)->52549K(54272K) Class: 6653K(7040K)->6653K(7040K)
[2023-03-16T13:17:33.108-0100][197969.656s] GC(18) Pause Young (Normal) (G1 Evacuation Pause) 361M->65M(512M) 53.701ms
[2023-03-16T13:17:33.108-0100][197969.656s] GC(18) User=0.05s Sys=0.14s Real=0.05s
[2023-03-21T00:17:44.650-0100][212888.831s] GC(19) Pause Young (Normal) (G1 Evacuation Pause)
[2023-03-21T00:17:44.651-0100][212888.832s] GC(19) Using 10 workers of 10 for evacuation
[2023-03-21T00:17:44.690-0100][212888.871s] GC(19)   Pre Evacuate Collection Set: 0.5ms
[2023-03-21T00:17:44.690-0100][212888.871s] GC(19)   Merge Heap Roots: 0.2ms
[2023-03-21T00:17:44.690-0100][212888.871s] GC(19)   Evacuate Collection Set: 36.8ms
[2023-03-21T00:17:44.690-0100][212888.871s] GC(19)   Post Evacuate Collection Set: 1.4ms
[2023-03-21T00:17:44.690-0100][212888.871s] GC(19)   Other: 1.3ms
[2023-03-21T00:17:44.690-0100][212888.871s] GC(19) Eden regions: 296->0(296)
[2023-03-21T00:17:44.690-0100][212888.871s] GC(19) Survivor regions: 11->11(39)
[2023-03-21T00:17:44.690-0100][212888.871s] GC(19) Old regions: 47->47
[2023-03-21T00:17:44.690-0100][212888.871s] GC(19) Archive regions: 2->2
[2023-03-21T00:17:44.690-0100][212888.871s] GC(19) Humongous regions: 7->7
[2023-03-21T00:17:44.690-0100][212888.871s] GC(19) Metaspace: 59205K(61312K)->59205K(61312K) NonClass: 52552K(54272K)->52552K(54272K) Class: 6653K(7040K)->6653K(7040K)
[2023-03-21T00:17:44.690-0100][212888.871s] GC(19) Pause Young (Normal) (G1 Evacuation Pause) 361M->65M(512M) 40.269ms
[2023-03-21T00:17:44.690-0100][212888.871s] GC(19) User=0.04s Sys=0.14s Real=0.04s
[2023-03-21T04:46:28.408-0100][228170.258s] GC(20) Pause Young (Normal) (G1 Evacuation Pause)
[2023-03-21T04:46:28.410-0100][228170.259s] GC(20) Using 10 workers of 10 for evacuation
[2023-03-21T04:46:28.419-0100][228170.268s] GC(20)   Pre Evacuate Collection Set: 0.2ms
[2023-03-21T04:46:28.419-0100][228170.268s] GC(20)   Merge Heap Roots: 0.2ms
[2023-03-21T04:46:28.419-0100][228170.268s] GC(20)   Evacuate Collection Set: 7.6ms
[2023-03-21T04:46:28.419-0100][228170.268s] GC(20)   Post Evacuate Collection Set: 0.9ms
[2023-03-21T04:46:28.419-0100][228170.268s] GC(20)   Other: 1.8ms
[2023-03-21T04:46:28.419-0100][228170.268s] GC(20) Eden regions: 296->0(296)
[2023-03-21T04:46:28.419-0100][228170.268s] GC(20) Survivor regions: 11->11(39)
[2023-03-21T04:46:28.419-0100][228170.268s] GC(20) Old regions: 47->47
[2023-03-21T04:46:28.419-0100][228170.268s] GC(20) Archive regions: 2->2
[2023-03-21T04:46:28.419-0100][228170.268s] GC(20) Humongous regions: 7->7
[2023-03-21T04:46:28.419-0100][228170.268s] GC(20) Metaspace: 59206K(61312K)->59206K(61312K) NonClass: 52552K(54272K)->52552K(54272K) Class: 6654K(7040K)->6654K(7040K)
[2023-03-21T04:46:28.419-0100][228170.268s] GC(20) Pause Young (Normal) (G1 Evacuation Pause) 361M->65M(512M) 10.881ms
[2023-03-21T04:46:28.419-0100][228170.268s] GC(20) User=0.03s Sys=0.01s Real=0.01s
[2023-03-21T09:11:42.977-0100][243318.082s] GC(21) Pause Young (Normal) (G1 Evacuation Pause)
[2023-03-21T09:11:42.979-0100][243318.083s] GC(21) Using 10 workers of 10 for evacuation
[2023-03-21T09:11:43.023-0100][243318.127s] GC(21)   Pre Evacuate Collection Set: 1.9ms
[2023-03-21T09:11:43.023-0100][243318.127s] GC(21)   Merge Heap Roots: 0.9ms
[2023-03-21T09:11:43.023-0100][243318.127s] GC(21)   Evacuate Collection Set: 38.7ms
[2023-03-21T09:11:43.023-0100][243318.127s] GC(21)   Post Evacuate Collection Set: 1.8ms
[2023-03-21T09:11:43.023-0100][243318.127s] GC(21)   Other: 2.3ms
[2023-03-21T09:11:43.023-0100][243318.127s] GC(21) Eden regions: 296->0(295)
[2023-03-21T09:11:43.023-0100][243318.127s] GC(21) Survivor regions: 11->12(39)
[2023-03-21T09:11:43.023-0100][243318.127s] GC(21) Old regions: 47->47
[2023-03-21T09:11:43.023-0100][243318.127s] GC(21) Archive regions: 2->2
[2023-03-21T09:11:43.023-0100][243318.127s] GC(21) Humongous regions: 7->7
[2023-03-21T09:11:43.023-0100][243318.127s] GC(21) Metaspace: 59213K(61312K)->59213K(61312K) NonClass: 52558K(54272K)->52558K(54272K) Class: 6654K(7040K)->6654K(7040K)
[2023-03-21T09:11:43.023-0100][243318.127s] GC(21) Pause Young (Normal) (G1 Evacuation Pause) 361M->66M(512M) 45.535ms
[2023-03-21T09:11:43.023-0100][243318.127s] GC(21) User=0.04s Sys=0.14s Real=0.05s
[2023-03-21T20:50:01.459-0100][251826.913s] GC(22) Pause Young (Normal) (G1 Evacuation Pause)
[2023-03-21T20:50:01.460-0100][251826.914s] GC(22) Using 10 workers of 10 for evacuation
[2023-03-21T20:50:01.500-0100][251826.955s] GC(22)   Pre Evacuate Collection Set: 0.7ms
[2023-03-21T20:50:01.500-0100][251826.955s] GC(22)   Merge Heap Roots: 0.3ms
[2023-03-21T20:50:01.500-0100][251826.955s] GC(22)   Evacuate Collection Set: 37.8ms
[2023-03-21T20:50:01.500-0100][251826.955s] GC(22)   Post Evacuate Collection Set: 1.8ms
[2023-03-21T20:50:01.501-0100][251826.955s] GC(22)   Other: 1.5ms
[2023-03-21T20:50:01.501-0100][251826.955s] GC(22) Eden regions: 295->0(296)
[2023-03-21T20:50:01.501-0100][251826.955s] GC(22) Survivor regions: 12->11(39)
[2023-03-21T20:50:01.501-0100][251826.955s] GC(22) Old regions: 47->47
[2023-03-21T20:50:01.501-0100][251826.955s] GC(22) Archive regions: 2->2
[2023-03-21T20:50:01.501-0100][251826.956s] GC(22) Humongous regions: 7->7
[2023-03-21T20:50:01.501-0100][251826.956s] GC(22) Metaspace: 59231K(61312K)->59231K(61312K) NonClass: 52576K(54272K)->52576K(54272K) Class: 6654K(7040K)->6654K(7040K)
[2023-03-21T20:50:01.501-0100][251826.956s] GC(22) Pause Young (Normal) (G1 Evacuation Pause) 361M->65M(512M) 42.421ms
[2023-03-21T20:50:01.501-0100][251826.956s] GC(22) User=0.05s Sys=0.15s Real=0.05s
[2023-03-22T13:08:37.938-0100][263558.594s] GC(23) Pause Young (Normal) (G1 Evacuation Pause)
[2023-03-22T13:08:37.942-0100][263558.597s] GC(23) Using 10 workers of 10 for evacuation
[2023-03-22T13:08:37.986-0100][263558.642s] GC(23)   Pre Evacuate Collection Set: 2.1ms
[2023-03-22T13:08:37.986-0100][263558.642s] GC(23)   Merge Heap Roots: 0.6ms
[2023-03-22T13:08:37.986-0100][263558.642s] GC(23)   Evacuate Collection Set: 33.2ms
[2023-03-22T13:08:37.986-0100][263558.642s] GC(23)   Post Evacuate Collection Set: 5.0ms
[2023-03-22T13:08:37.986-0100][263558.642s] GC(23)   Other: 10.6ms
[2023-03-22T13:08:37.987-0100][263558.642s] GC(23) Eden regions: 296->0(304)
[2023-03-22T13:08:37.987-0100][263558.642s] GC(23) Survivor regions: 11->3(39)
[2023-03-22T13:08:37.987-0100][263558.642s] GC(23) Old regions: 47->56
[2023-03-22T13:08:37.987-0100][263558.642s] GC(23) Archive regions: 2->2
[2023-03-22T13:08:37.987-0100][263558.642s] GC(23) Humongous regions: 7->7
[2023-03-22T13:08:37.987-0100][263558.643s] GC(23) Metaspace: 59231K(61312K)->59231K(61312K) NonClass: 52577K(54272K)->52577K(54272K) Class: 6654K(7040K)->6654K(7040K)
[2023-03-22T13:08:37.988-0100][263558.644s] GC(23) Pause Young (Normal) (G1 Evacuation Pause) 361M->65M(512M) 50.460ms
[2023-03-22T13:08:37.988-0100][263558.644s] GC(23) User=0.05s Sys=0.11s Real=0.05s
[2023-03-25T15:32:03.610-0100][279232.197s] GC(24) Pause Young (Normal) (G1 Evacuation Pause)
[2023-03-25T15:32:03.611-0100][279232.198s] GC(24) Using 10 workers of 10 for evacuation
[2023-03-25T15:32:03.625-0100][279232.213s] GC(24)   Pre Evacuate Collection Set: 0.5ms
[2023-03-25T15:32:03.625-0100][279232.213s] GC(24)   Merge Heap Roots: 0.2ms
[2023-03-25T15:32:03.625-0100][279232.213s] GC(24)   Evacuate Collection Set: 11.6ms
[2023-03-25T15:32:03.625-0100][279232.213s] GC(24)   Post Evacuate Collection Set: 2.0ms
[2023-03-25T15:32:03.625-0100][279232.213s] GC(24)   Other: 1.5ms
[2023-03-25T15:32:03.625-0100][279232.213s] GC(24) Eden regions: 304->0(305)
[2023-03-25T15:32:03.625-0100][279232.213s] GC(24) Survivor regions: 3->2(39)
[2023-03-25T15:32:03.625-0100][279232.213s] GC(24) Old regions: 56->57
[2023-03-25T15:32:03.625-0100][279232.213s] GC(24) Archive regions: 2->2
[2023-03-25T15:32:03.625-0100][279232.213s] GC(24) Humongous regions: 7->7
[2023-03-25T15:32:03.625-0100][279232.213s] GC(24) Metaspace: 59231K(61312K)->59231K(61312K) NonClass: 52577K(54272K)->52577K(54272K) Class: 6654K(7040K)->6654K(7040K)
[2023-03-25T15:32:03.625-0100][279232.213s] GC(24) Pause Young (Normal) (G1 Evacuation Pause) 369M->65M(512M) 15.809ms
[2023-03-25T15:32:03.625-0100][279232.213s] GC(24) User=0.02s Sys=0.04s Real=0.01s
[2023-03-27T20:42:43.583-0100][294922.008s] GC(25) Pause Young (Normal) (G1 Evacuation Pause)
[2023-03-27T20:42:43.584-0100][294922.009s] GC(25) Using 10 workers of 10 for evacuation
[2023-03-27T20:42:43.599-0100][294922.024s] GC(25)   Pre Evacuate Collection Set: 2.5ms
[2023-03-27T20:42:43.599-0100][294922.024s] GC(25)   Merge Heap Roots: 0.8ms
[2023-03-27T20:42:43.599-0100][294922.024s] GC(25)   Evacuate Collection Set: 9.2ms
[2023-03-27T20:42:43.599-0100][294922.024s] GC(25)   Post Evacuate Collection Set: 2.1ms
[2023-03-27T20:42:43.599-0100][294922.024s] GC(25)   Other: 1.9ms
[2023-03-27T20:42:43.599-0100][294922.024s] GC(25) Eden regions: 305->0(305)
[2023-03-27T20:42:43.599-0100][294922.024s] GC(25) Survivor regions: 2->2(39)
[2023-03-27T20:42:43.599-0100][294922.024s] GC(25) Old regions: 57->57
[2023-03-27T20:42:43.599-0100][294922.024s] GC(25) Archive regions: 2->2
[2023-03-27T20:42:43.599-0100][294922.024s] GC(25) Humongous regions: 7->7
[2023-03-27T20:42:43.599-0100][294922.025s] GC(25) Metaspace: 59233K(61312K)->59233K(61312K) NonClass: 52578K(54272K)->52578K(54272K) Class: 6655K(7040K)->6655K(7040K)
[2023-03-27T20:42:43.599-0100][294922.025s] GC(25) Pause Young (Normal) (G1 Evacuation Pause) 370M->65M(512M) 16.190ms
[2023-03-27T20:42:43.599-0100][294922.025s] GC(25) User=0.01s Sys=0.04s Real=0.01s
[2023-03-28T13:30:03.901-0100][310419.975s] GC(26) Pause Young (Normal) (G1 Evacuation Pause)
[2023-03-28T13:30:03.902-0100][310419.976s] GC(26) Using 10 workers of 10 for evacuation
[2023-03-28T13:30:03.923-0100][310419.996s] GC(26)   Pre Evacuate Collection Set: 1.3ms
[2023-03-28T13:30:03.923-0100][310419.996s] GC(26)   Merge Heap Roots: 0.2ms
[2023-03-28T13:30:03.923-0100][310419.996s] GC(26)   Evacuate Collection Set: 15.0ms
[2023-03-28T13:30:03.923-0100][310419.996s] GC(26)   Post Evacuate Collection Set: 3.1ms
[2023-03-28T13:30:03.923-0100][310419.996s] GC(26)   Other: 2.1ms
[2023-03-28T13:30:03.923-0100][310419.996s] GC(26) Eden regions: 305->0(305)
[2023-03-28T13:30:03.923-0100][310419.996s] GC(26) Survivor regions: 2->2(39)
[2023-03-28T13:30:03.923-0100][310419.996s] GC(26) Old regions: 57->57
[2023-03-28T13:30:03.923-0100][310419.996s] GC(26) Archive regions: 2->2
[2023-03-28T13:30:03.923-0100][310419.996s] GC(26) Humongous regions: 7->7
[2023-03-28T13:30:03.923-0100][310419.996s] GC(26) Metaspace: 59248K(61312K)->59248K(61312K) NonClass: 52593K(54272K)->52593K(54272K) Class: 6655K(7040K)->6655K(7040K)
[2023-03-28T13:30:03.923-0100][310419.996s] GC(26) Pause Young (Normal) (G1 Evacuation Pause) 370M->65M(512M) 21.879ms
[2023-03-28T13:30:03.923-0100][310419.996s] GC(26) User=0.02s Sys=0.04s Real=0.02s
[2023-03-30T20:34:13.078-0100][322578.440s] GC(27) Pause Young (Normal) (G1 Evacuation Pause)
[2023-03-30T20:34:13.081-0100][322578.443s] GC(27) Using 10 workers of 10 for evacuation
[2023-03-30T20:34:13.101-0100][322578.463s] GC(27)   Pre Evacuate Collection Set: 2.1ms
[2023-03-30T20:34:13.101-0100][322578.463s] GC(27)   Merge Heap Roots: 0.7ms
[2023-03-30T20:34:13.101-0100][322578.463s] GC(27)   Evacuate Collection Set: 7.4ms
[2023-03-30T20:34:13.101-0100][322578.463s] GC(27)   Post Evacuate Collection Set: 3.7ms
[2023-03-30T20:34:13.101-0100][322578.464s] GC(27)   Other: 13.9ms
[2023-03-30T20:34:13.102-0100][322578.464s] GC(27) Eden regions: 305->0(306)
[2023-03-30T20:34:13.102-0100][322578.464s] GC(27) Survivor regions: 2->1(39)
[2023-03-30T20:34:13.102-0100][322578.464s] GC(27) Old regions: 57->57
[2023-03-30T20:34:13.102-0100][322578.464s] GC(27) Archive regions: 2->2
[2023-03-30T20:34:13.102-0100][322578.464s] GC(27) Humongous regions: 7->7
[2023-03-30T20:34:13.102-0100][322578.465s] GC(27) Metaspace: 59265K(61312K)->59265K(61312K) NonClass: 52610K(54272K)->52610K(54272K) Class: 6655K(7040K)->6655K(7040K)
[2023-03-30T20:34:13.102-0100][322578.465s] GC(27) Pause Young (Normal) (G1 Evacuation Pause) 370M->65M(512M) 26.040ms
[2023-03-30T20:34:13.102-0100][322578.465s] GC(27) User=0.02s Sys=0.03s Real=0.03s
[2023-04-04T14:34:43.016-0100][332273.081s] GC(28) Pause Young (Normal) (G1 Evacuation Pause)
[2023-04-04T14:34:43.018-0100][332273.083s] GC(28) Using 10 workers of 10 for evacuation
[2023-04-04T14:34:43.043-0100][332273.108s] GC(28)   Pre Evacuate Collection Set: 2.7ms
[2023-04-04T14:34:43.043-0100][332273.108s] GC(28)   Merge Heap Roots: 1.9ms
[2023-04-04T14:34:43.043-0100][332273.108s] GC(28)   Evacuate Collection Set: 11.2ms
[2023-04-04T14:34:43.043-0100][332273.108s] GC(28)   Post Evacuate Collection Set: 5.0ms
[2023-04-04T14:34:43.043-0100][332273.109s] GC(28)   Other: 9.8ms
[2023-04-04T14:34:43.044-0100][332273.109s] GC(28) Eden regions: 306->0(306)
[2023-04-04T14:34:43.044-0100][332273.109s] GC(28) Survivor regions: 1->1(39)
[2023-04-04T14:34:43.044-0100][332273.109s] GC(28) Old regions: 57->57
[2023-04-04T14:34:43.044-0100][332273.109s] GC(28) Archive regions: 2->2
[2023-04-04T14:34:43.044-0100][332273.109s] GC(28) Humongous regions: 7->7
[2023-04-04T14:34:43.044-0100][332273.110s] GC(28) Metaspace: 59270K(61312K)->59270K(61312K) NonClass: 52615K(54272K)->52615K(54272K) Class: 6655K(7040K)->6655K(7040K)
[2023-04-04T14:34:43.045-0100][332273.110s] GC(28) Pause Young (Normal) (G1 Evacuation Pause) 371M->65M(512M) 29.556ms
[2023-04-04T14:34:43.045-0100][332273.110s] GC(28) User=0.01s Sys=0.05s Real=0.03s
[2023-04-09T05:19:16.176-0100][355273.594s] GC(29) Pause Young (Normal) (G1 Evacuation Pause)
[2023-04-09T05:19:16.183-0100][355273.599s] GC(29) Using 10 workers of 10 for evacuation
[2023-04-09T05:19:16.274-0100][355273.690s] GC(29)   Pre Evacuate Collection Set: 18.9ms
[2023-04-09T05:19:16.275-0100][355273.690s] GC(29)   Merge Heap Roots: 8.4ms
[2023-04-09T05:19:16.275-0100][355273.690s] GC(29)   Evacuate Collection Set: 48.1ms
[2023-04-09T05:19:16.275-0100][355273.690s] GC(29)   Post Evacuate Collection Set: 9.4ms
[2023-04-09T05:19:16.275-0100][355273.691s] GC(29)   Other: 22.3ms
[2023-04-09T05:19:16.275-0100][355273.691s] GC(29) Eden regions: 306->0(306)
[2023-04-09T05:19:16.275-0100][355273.691s] GC(29) Survivor regions: 1->1(39)
[2023-04-09T05:19:16.275-0100][355273.691s] GC(29) Old regions: 57->57
[2023-04-09T05:19:16.275-0100][355273.691s] GC(29) Archive regions: 2->2
[2023-04-09T05:19:16.275-0100][355273.691s] GC(29) Humongous regions: 7->7
[2023-04-09T05:19:16.276-0100][355273.691s] GC(29) Metaspace: 59311K(61312K)->59311K(61312K) NonClass: 52656K(54272K)->52656K(54272K) Class: 6655K(7040K)->6655K(7040K)
[2023-04-09T05:19:16.276-0100][355273.692s] GC(29) Pause Young (Normal) (G1 Evacuation Pause) 371M->65M(512M) 102.341ms
[2023-04-09T05:19:16.276-0100][355273.692s] GC(29) User=0.02s Sys=0.14s Real=0.10s
[2023-04-12T21:23:43.787-0100][370552.020s] GC(30) Pause Young (Normal) (G1 Evacuation Pause)
[2023-04-12T21:23:43.788-0100][370552.021s] GC(30) Using 10 workers of 10 for evacuation
[2023-04-12T21:23:43.808-0100][370552.040s] GC(30)   Pre Evacuate Collection Set: 0.9ms
[2023-04-12T21:23:43.808-0100][370552.040s] GC(30)   Merge Heap Roots: 2.5ms
[2023-04-12T21:23:43.808-0100][370552.040s] GC(30)   Evacuate Collection Set: 13.2ms
[2023-04-12T21:23:43.808-0100][370552.040s] GC(30)   Post Evacuate Collection Set: 2.6ms
[2023-04-12T21:23:43.808-0100][370552.040s] GC(30)   Other: 2.0ms
[2023-04-12T21:23:43.808-0100][370552.040s] GC(30) Eden regions: 306->0(306)
[2023-04-12T21:23:43.808-0100][370552.040s] GC(30) Survivor regions: 1->1(39)
[2023-04-12T21:23:43.808-0100][370552.040s] GC(30) Old regions: 57->57
[2023-04-12T21:23:43.808-0100][370552.040s] GC(30) Archive regions: 2->2
[2023-04-12T21:23:43.808-0100][370552.041s] GC(30) Humongous regions: 7->7
[2023-04-12T21:23:43.808-0100][370552.041s] GC(30) Metaspace: 59318K(61312K)->59318K(61312K) NonClass: 52663K(54272K)->52663K(54272K) Class: 6655K(7040K)->6655K(7040K)
[2023-04-12T21:23:43.808-0100][370552.041s] GC(30) Pause Young (Normal) (G1 Evacuation Pause) 371M->65M(512M) 21.204ms
[2023-04-12T21:23:43.808-0100][370552.041s] GC(30) User=0.02s Sys=0.05s Real=0.02s
[2023-04-14T14:24:20.594-0100][384424.611s] GC(31) Pause Young (Normal) (G1 Evacuation Pause)
[2023-04-14T14:24:20.597-0100][384424.613s] GC(31) Using 10 workers of 10 for evacuation
[2023-04-14T14:24:20.621-0100][384424.638s] GC(31)   Pre Evacuate Collection Set: 2.3ms
[2023-04-14T14:24:20.621-0100][384424.638s] GC(31)   Merge Heap Roots: 2.0ms
[2023-04-14T14:24:20.622-0100][384424.638s] GC(31)   Evacuate Collection Set: 12.0ms
[2023-04-14T14:24:20.622-0100][384424.638s] GC(31)   Post Evacuate Collection Set: 4.9ms
[2023-04-14T14:24:20.622-0100][384424.638s] GC(31)   Other: 9.4ms
[2023-04-14T14:24:20.622-0100][384424.639s] GC(31) Eden regions: 306->0(305)
[2023-04-14T14:24:20.622-0100][384424.639s] GC(31) Survivor regions: 1->2(39)
[2023-04-14T14:24:20.622-0100][384424.639s] GC(31) Old regions: 57->57
[2023-04-14T14:24:20.622-0100][384424.639s] GC(31) Archive regions: 2->2
[2023-04-14T14:24:20.622-0100][384424.639s] GC(31) Humongous regions: 7->7
[2023-04-14T14:24:20.623-0100][384424.639s] GC(31) Metaspace: 59346K(61312K)->59346K(61312K) NonClass: 52691K(54272K)->52691K(54272K) Class: 6655K(7040K)->6655K(7040K)
[2023-04-14T14:24:20.623-0100][384424.639s] GC(31) Pause Young (Normal) (G1 Evacuation Pause) 371M->65M(512M) 28.829ms
[2023-04-14T14:24:20.623-0100][384424.639s] GC(31) User=0.01s Sys=0.05s Real=0.03s
[2023-04-14T20:03:33.589-0100][400091.893s] GC(32) Pause Young (Normal) (G1 Evacuation Pause)
[2023-04-14T20:03:33.591-0100][400091.895s] GC(32) Using 10 workers of 10 for evacuation
[2023-04-14T20:03:33.598-0100][400091.902s] GC(32)   Pre Evacuate Collection Set: 0.1ms
[2023-04-14T20:03:33.598-0100][400091.902s] GC(32)   Merge Heap Roots: 0.9ms
[2023-04-14T20:03:33.598-0100][400091.902s] GC(32)   Evacuate Collection Set: 4.9ms
[2023-04-14T20:03:33.598-0100][400091.902s] GC(32)   Post Evacuate Collection Set: 1.4ms
[2023-04-14T20:03:33.598-0100][400091.902s] GC(32)   Other: 2.0ms
[2023-04-14T20:03:33.598-0100][400091.902s] GC(32) Eden regions: 305->0(305)
[2023-04-14T20:03:33.598-0100][400091.902s] GC(32) Survivor regions: 2->2(39)
[2023-04-14T20:03:33.598-0100][400091.902s] GC(32) Old regions: 57->57
[2023-04-14T20:03:33.598-0100][400091.902s] GC(32) Archive regions: 2->2
[2023-04-14T20:03:33.598-0100][400091.902s] GC(32) Humongous regions: 7->7
[2023-04-14T20:03:33.598-0100][400091.902s] GC(32) Metaspace: 59346K(61312K)->59346K(61312K) NonClass: 52691K(54272K)->52691K(54272K) Class: 6655K(7040K)->6655K(7040K)
[2023-04-14T20:03:33.598-0100][400091.902s] GC(32) Pause Young (Normal) (G1 Evacuation Pause) 370M->65M(512M) 9.494ms
[2023-04-14T20:03:33.599-0100][400091.902s] GC(32) User=0.01s Sys=0.01s Real=0.01s
[2023-04-17T13:22:07.443-0100][415523.062s] GC(33) Pause Young (Normal) (G1 Evacuation Pause)
[2023-04-17T13:22:07.449-0100][415523.066s] GC(33) Using 10 workers of 10 for evacuation
[2023-04-17T13:22:07.487-0100][415523.105s] GC(33)   Pre Evacuate Collection Set: 5.6ms
[2023-04-17T13:22:07.487-0100][415523.105s] GC(33)   Merge Heap Roots: 1.3ms
[2023-04-17T13:22:07.487-0100][415523.105s] GC(33)   Evacuate Collection Set: 21.1ms
[2023-04-17T13:22:07.487-0100][415523.105s] GC(33)   Post Evacuate Collection Set: 4.4ms
[2023-04-17T13:22:07.488-0100][415523.105s] GC(33)   Other: 17.1ms
[2023-04-17T13:22:07.488-0100][415523.105s] GC(33) Eden regions: 305->0(306)
[2023-04-17T13:22:07.488-0100][415523.105s] GC(33) Survivor regions: 2->1(39)
[2023-04-17T13:22:07.488-0100][415523.105s] GC(33) Old regions: 57->57
[2023-04-17T13:22:07.488-0100][415523.105s] GC(33) Archive regions: 2->2
[2023-04-17T13:22:07.488-0100][415523.105s] GC(33) Humongous regions: 7->7
[2023-04-17T13:22:07.488-0100][415523.106s] GC(33) Metaspace: 59353K(61312K)->59353K(61312K) NonClass: 52698K(54272K)->52698K(54272K) Class: 6655K(7040K)->6655K(7040K)
[2023-04-17T13:22:07.488-0100][415523.106s] GC(33) Pause Young (Normal) (G1 Evacuation Pause) 370M->65M(512M) 47.335ms
[2023-04-17T13:22:07.488-0100][415523.106s] GC(33) User=0.02s Sys=0.08s Real=0.04s
[2023-04-18T03:14:41.900-0100][431185.879s] GC(34) Pause Young (Normal) (G1 Evacuation Pause)
[2023-04-18T03:14:41.902-0100][431185.881s] GC(34) Using 10 workers of 10 for evacuation
[2023-04-18T03:14:41.911-0100][431185.890s] GC(34)   Pre Evacuate Collection Set: 0.7ms
[2023-04-18T03:14:41.912-0100][431185.890s] GC(34)   Merge Heap Roots: 0.3ms
[2023-04-18T03:14:41.912-0100][431185.890s] GC(34)   Evacuate Collection Set: 5.8ms
[2023-04-18T03:14:41.912-0100][431185.890s] GC(34)   Post Evacuate Collection Set: 2.5ms
[2023-04-18T03:14:41.912-0100][431185.891s] GC(34)   Other: 2.0ms
[2023-04-18T03:14:41.912-0100][431185.891s] GC(34) Eden regions: 306->0(305)
[2023-04-18T03:14:41.912-0100][431185.891s] GC(34) Survivor regions: 1->2(39)
[2023-04-18T03:14:41.912-0100][431185.891s] GC(34) Old regions: 57->57
[2023-04-18T03:14:41.912-0100][431185.891s] GC(34) Archive regions: 2->2
[2023-04-18T03:14:41.912-0100][431185.891s] GC(34) Humongous regions: 7->7
[2023-04-18T03:14:41.912-0100][431185.891s] GC(34) Metaspace: 59353K(61312K)->59353K(61312K) NonClass: 52698K(54272K)->52698K(54272K) Class: 6655K(7040K)->6655K(7040K)
[2023-04-18T03:14:41.912-0100][431185.891s] GC(34) Pause Young (Normal) (G1 Evacuation Pause) 371M->65M(512M) 11.311ms
[2023-04-18T03:14:41.912-0100][431185.891s] GC(34) User=0.01s Sys=0.03s Real=0.01s
[2023-04-19T15:15:29.121-0100][446465.665s] GC(35) Pause Young (Normal) (G1 Evacuation Pause)
[2023-04-19T15:15:29.122-0100][446465.665s] GC(35) Using 10 workers of 10 for evacuation
[2023-04-19T15:15:29.138-0100][446465.681s] GC(35)   Pre Evacuate Collection Set: 0.5ms
[2023-04-19T15:15:29.138-0100][446465.681s] GC(35)   Merge Heap Roots: 0.2ms
[2023-04-19T15:15:29.138-0100][446465.681s] GC(35)   Evacuate Collection Set: 13.3ms
[2023-04-19T15:15:29.138-0100][446465.681s] GC(35)   Post Evacuate Collection Set: 1.8ms
[2023-04-19T15:15:29.138-0100][446465.681s] GC(35)   Other: 1.8ms
[2023-04-19T15:15:29.138-0100][446465.681s] GC(35) Eden regions: 305->0(305)
[2023-04-19T15:15:29.138-0100][446465.681s] GC(35) Survivor regions: 2->2(39)
[2023-04-19T15:15:29.138-0100][446465.681s] GC(35) Old regions: 57->57
[2023-04-19T15:15:29.138-0100][446465.681s] GC(35) Archive regions: 2->2
[2023-04-19T15:15:29.138-0100][446465.681s] GC(35) Humongous regions: 7->7
[2023-04-19T15:15:29.138-0100][446465.681s] GC(35) Metaspace: 59369K(61312K)->59369K(61312K) NonClass: 52714K(54272K)->52714K(54272K) Class: 6655K(7040K)->6655K(7040K)
[2023-04-19T15:15:29.139-0100][446465.682s] GC(35) Pause Young (Normal) (G1 Evacuation Pause) 370M->65M(512M) 17.680ms
[2023-04-19T15:15:29.139-0100][446465.682s] GC(35) User=0.02s Sys=0.03s Real=0.01s
[2023-04-20T20:04:41.363-0100][453794.918s] GC(36) Pause Young (Normal) (G1 Evacuation Pause)
[2023-04-20T20:04:41.365-0100][453794.918s] GC(36) Using 10 workers of 10 for evacuation
[2023-04-20T20:04:41.454-0100][453795.008s] GC(36)   Pre Evacuate Collection Set: 24.3ms
[2023-04-20T20:04:41.454-0100][453795.008s] GC(36)   Merge Heap Roots: 6.6ms
[2023-04-20T20:04:41.454-0100][453795.008s] GC(36)   Evacuate Collection Set: 46.8ms
[2023-04-20T20:04:41.454-0100][453795.008s] GC(36)   Post Evacuate Collection Set: 6.1ms
[2023-04-20T20:04:41.454-0100][453795.008s] GC(36)   Other: 10.1ms
[2023-04-20T20:04:41.454-0100][453795.008s] GC(36) Eden regions: 305->0(306)
[2023-04-20T20:04:41.454-0100][453795.008s] GC(36) Survivor regions: 2->1(39)
[2023-04-20T20:04:41.454-0100][453795.008s] GC(36) Old regions: 57->57
[2023-04-20T20:04:41.454-0100][453795.008s] GC(36) Archive regions: 2->2
[2023-04-20T20:04:41.454-0100][453795.008s] GC(36) Humongous regions: 7->7
[2023-04-20T20:04:41.454-0100][453795.008s] GC(36) Metaspace: 59399K(61312K)->59399K(61312K) NonClass: 52744K(54272K)->52744K(54272K) Class: 6655K(7040K)->6655K(7040K)
[2023-04-20T20:04:41.454-0100][453795.008s] GC(36) Pause Young (Normal) (G1 Evacuation Pause) 370M->65M(512M) 91.910ms
[2023-04-20T20:04:41.454-0100][453795.008s] GC(36) User=0.02s Sys=0.13s Real=0.09s
[2023-04-24T14:01:39.064-0100][469658.258s] GC(37) Pause Young (Normal) (G1 Evacuation Pause)
[2023-04-24T14:01:39.067-0100][469658.260s] GC(37) Using 10 workers of 10 for evacuation
[2023-04-24T14:01:39.117-0100][469658.310s] GC(37)   Pre Evacuate Collection Set: 6.9ms
[2023-04-24T14:01:39.117-0100][469658.310s] GC(37)   Merge Heap Roots: 2.7ms
[2023-04-24T14:01:39.117-0100][469658.310s] GC(37)   Evacuate Collection Set: 27.5ms
[2023-04-24T14:01:39.117-0100][469658.310s] GC(37)   Post Evacuate Collection Set: 8.1ms
[2023-04-24T14:01:39.117-0100][469658.311s] GC(37)   Other: 13.4ms
[2023-04-24T14:01:39.118-0100][469658.312s] GC(37) Eden regions: 306->0(306)
[2023-04-24T14:01:39.118-0100][469658.312s] GC(37) Survivor regions: 1->1(39)
[2023-04-24T14:01:39.118-0100][469658.312s] GC(37) Old regions: 57->58
[2023-04-24T14:01:39.118-0100][469658.312s] GC(37) Archive regions: 2->2
[2023-04-24T14:01:39.118-0100][469658.312s] GC(37) Humongous regions: 7->7
[2023-04-24T14:01:39.119-0100][469658.313s] GC(37) Metaspace: 59470K(61312K)->59470K(61312K) NonClass: 52815K(54272K)->52815K(54272K) Class: 6655K(7040K)->6655K(7040K)
[2023-04-24T14:01:39.120-0100][469658.313s] GC(37) Pause Young (Normal) (G1 Evacuation Pause) 371M->65M(512M) 57.124ms
[2023-04-24T14:01:39.120-0100][469658.313s] GC(37) User=0.01s Sys=0.08s Real=0.06s
[2023-04-25T15:03:11.691-0100][485336.330s] GC(38) Pause Young (Normal) (G1 Evacuation Pause)
[2023-04-25T15:03:11.692-0100][485336.330s] GC(38) Using 10 workers of 10 for evacuation
[2023-04-25T15:03:11.717-0100][485336.355s] GC(38)   Pre Evacuate Collection Set: 2.6ms
[2023-04-25T15:03:11.717-0100][485336.355s] GC(38)   Merge Heap Roots: 1.7ms
[2023-04-25T15:03:11.717-0100][485336.355s] GC(38)   Evacuate Collection Set: 16.3ms
[2023-04-25T15:03:11.717-0100][485336.355s] GC(38)   Post Evacuate Collection Set: 3.4ms
[2023-04-25T15:03:11.717-0100][485336.355s] GC(38)   Other: 3.0ms
[2023-04-25T15:03:11.717-0100][485336.355s] GC(38) Eden regions: 306->0(306)
[2023-04-25T15:03:11.717-0100][485336.355s] GC(38) Survivor regions: 1->1(39)
[2023-04-25T15:03:11.717-0100][485336.355s] GC(38) Old regions: 58->58
[2023-04-25T15:03:11.717-0100][485336.355s] GC(38) Archive regions: 2->2
[2023-04-25T15:03:11.717-0100][485336.356s] GC(38) Humongous regions: 7->7
[2023-04-25T15:03:11.717-0100][485336.356s] GC(38) Metaspace: 59470K(61312K)->59470K(61312K) NonClass: 52815K(54272K)->52815K(54272K) Class: 6655K(7040K)->6655K(7040K)
[2023-04-25T15:03:11.717-0100][485336.356s] GC(38) Pause Young (Normal) (G1 Evacuation Pause) 371M->65M(512M) 26.570ms
[2023-04-25T15:03:11.717-0100][485336.356s] GC(38) User=0.01s Sys=0.05s Real=0.02s
[2023-04-26T20:54:56.617-0100][501010.047s] GC(39) Pause Young (Normal) (G1 Evacuation Pause)
[2023-04-26T20:54:56.619-0100][501010.049s] GC(39) Using 10 workers of 10 for evacuation
[2023-04-26T20:54:56.637-0100][501010.068s] GC(39)   Pre Evacuate Collection Set: 2.2ms
[2023-04-26T20:54:56.637-0100][501010.068s] GC(39)   Merge Heap Roots: 1.3ms
[2023-04-26T20:54:56.637-0100][501010.068s] GC(39)   Evacuate Collection Set: 8.1ms
[2023-04-26T20:54:56.637-0100][501010.068s] GC(39)   Post Evacuate Collection Set: 4.7ms
[2023-04-26T20:54:56.638-0100][501010.068s] GC(39)   Other: 6.2ms
[2023-04-26T20:54:56.638-0100][501010.068s] GC(39) Eden regions: 306->0(306)
[2023-04-26T20:54:56.638-0100][501010.068s] GC(39) Survivor regions: 1->1(39)
[2023-04-26T20:54:56.638-0100][501010.068s] GC(39) Old regions: 58->58
[2023-04-26T20:54:56.638-0100][501010.068s] GC(39) Archive regions: 2->2
[2023-04-26T20:54:56.638-0100][501010.068s] GC(39) Humongous regions: 7->7
[2023-04-26T20:54:56.638-0100][501010.068s] GC(39) Metaspace: 59470K(61312K)->59470K(61312K) NonClass: 52815K(54272K)->52815K(54272K) Class: 6655K(7040K)->6655K(7040K)
[2023-04-26T20:54:56.639-0100][501010.069s] GC(39) Pause Young (Normal) (G1 Evacuation Pause) 371M->65M(512M) 21.801ms
[2023-04-26T20:54:56.639-0100][501010.069s] GC(39) User=0.01s Sys=0.04s Real=0.02s
[2023-04-30T00:53:28.417-0100][524597.277s] GC(40) Pause Young (Normal) (G1 Evacuation Pause)
[2023-04-30T00:53:28.418-0100][524597.278s] GC(40) Using 10 workers of 10 for evacuation
[2023-04-30T00:53:28.446-0100][524597.306s] GC(40)   Pre Evacuate Collection Set: 6.2ms
[2023-04-30T00:53:28.446-0100][524597.306s] GC(40)   Merge Heap Roots: 3.1ms
[2023-04-30T00:53:28.446-0100][524597.306s] GC(40)   Evacuate Collection Set: 11.4ms
[2023-04-30T00:53:28.446-0100][524597.306s] GC(40)   Post Evacuate Collection Set: 5.1ms
[2023-04-30T00:53:28.446-0100][524597.306s] GC(40)   Other: 5.0ms
[2023-04-30T00:53:28.446-0100][524597.306s] GC(40) Eden regions: 306->0(306)
[2023-04-30T00:53:28.446-0100][524597.306s] GC(40) Survivor regions: 1->1(39)
[2023-04-30T00:53:28.446-0100][524597.306s] GC(40) Old regions: 58->58
[2023-04-30T00:53:28.446-0100][524597.306s] GC(40) Archive regions: 2->2
[2023-04-30T00:53:28.446-0100][524597.306s] GC(40) Humongous regions: 7->7
[2023-04-30T00:53:28.447-0100][524597.307s] GC(40) Metaspace: 59527K(61568K)->59527K(61568K) NonClass: 52871K(54528K)->52871K(54528K) Class: 6655K(7040K)->6655K(7040K)
[2023-04-30T00:53:28.447-0100][524597.307s] GC(40) Pause Young (Normal) (G1 Evacuation Pause) 371M->65M(512M) 29.964ms
[2023-04-30T00:53:28.447-0100][524597.307s] GC(40) User=0.01s Sys=0.05s Real=0.03s
[2023-05-10T12:51:19.261-0100][560271.330s] GC(41) Pause Young (Normal) (G1 Evacuation Pause)
[2023-05-10T12:51:19.263-0100][560271.332s] GC(41) Using 10 workers of 10 for evacuation
[2023-05-10T12:51:19.385-0100][560271.454s] GC(41)   Pre Evacuate Collection Set: 14.7ms
[2023-05-10T12:51:19.400-0100][560271.469s] GC(41)   Merge Heap Roots: 5.3ms
[2023-05-10T12:51:19.400-0100][560271.469s] GC(41)   Evacuate Collection Set: 81.4ms
[2023-05-10T12:51:19.400-0100][560271.469s] GC(41)   Post Evacuate Collection Set: 14.7ms
[2023-05-10T12:51:19.400-0100][560271.469s] GC(41)   Other: 14.7ms
[2023-05-10T12:51:19.417-0100][560271.486s] GC(41) Eden regions: 306->0(306)
[2023-05-10T12:51:19.417-0100][560271.486s] GC(41) Survivor regions: 1->1(39)
[2023-05-10T12:51:19.417-0100][560271.486s] GC(41) Old regions: 58->58
[2023-05-10T12:51:19.417-0100][560271.486s] GC(41) Archive regions: 2->2
[2023-05-10T12:51:19.417-0100][560271.486s] GC(41) Humongous regions: 7->7
[2023-05-10T12:51:19.418-0100][560271.487s] GC(41) Metaspace: 59553K(61568K)->59553K(61568K) NonClass: 52897K(54528K)->52897K(54528K) Class: 6655K(7040K)->6655K(7040K)
[2023-05-10T12:51:19.418-0100][560271.487s] GC(41) Pause Young (Normal) (G1 Evacuation Pause) 371M->65M(512M) 160.059ms
[2023-05-10T12:51:19.418-0100][560271.487s] GC(41) User=0.03s Sys=0.22s Real=0.16s
[2023-05-17T00:32:56.826-0100][595504.748s] GC(42) Pause Young (Normal) (G1 Evacuation Pause)
[2023-05-17T00:32:56.829-0100][595504.750s] GC(42) Using 10 workers of 10 for evacuation
[2023-05-17T00:32:56.878-0100][595504.800s] GC(42)   Pre Evacuate Collection Set: 3.5ms
[2023-05-17T00:32:56.878-0100][595504.800s] GC(42)   Merge Heap Roots: 1.8ms
[2023-05-17T00:32:56.878-0100][595504.800s] GC(42)   Evacuate Collection Set: 34.5ms
[2023-05-17T00:32:56.878-0100][595504.800s] GC(42)   Post Evacuate Collection Set: 5.2ms
[2023-05-17T00:32:56.879-0100][595504.800s] GC(42)   Other: 11.4ms
[2023-05-17T00:32:56.879-0100][595504.801s] GC(42) Eden regions: 306->0(306)
[2023-05-17T00:32:56.879-0100][595504.801s] GC(42) Survivor regions: 1->1(39)
[2023-05-17T00:32:56.879-0100][595504.801s] GC(42) Old regions: 58->58
[2023-05-17T00:32:56.879-0100][595504.801s] GC(42) Archive regions: 2->2
[2023-05-17T00:32:56.879-0100][595504.801s] GC(42) Humongous regions: 7->7
[2023-05-17T00:32:56.880-0100][595504.801s] GC(42) Metaspace: 59553K(61568K)->59553K(61568K) NonClass: 52897K(54528K)->52897K(54528K) Class: 6655K(7040K)->6655K(7040K)
[2023-05-17T00:32:56.880-0100][595504.801s] GC(42) Pause Young (Normal) (G1 Evacuation Pause) 371M->65M(512M) 54.550ms
[2023-05-17T00:32:56.880-0100][595504.801s] GC(42) User=0.03s Sys=0.09s Real=0.06s
[2023-05-29T23:07:36.639-0100][629760.827s] GC(43) Pause Young (Normal) (G1 Evacuation Pause)
[2023-05-29T23:07:36.641-0100][629760.829s] GC(43) Using 10 workers of 10 for evacuation
[2023-05-29T23:07:36.701-0100][629760.888s] GC(43)   Pre Evacuate Collection Set: 7.0ms
[2023-05-29T23:07:36.701-0100][629760.889s] GC(43)   Merge Heap Roots: 4.4ms
[2023-05-29T23:07:36.701-0100][629760.889s] GC(43)   Evacuate Collection Set: 34.1ms
[2023-05-29T23:07:36.701-0100][629760.889s] GC(43)   Post Evacuate Collection Set: 10.8ms
[2023-05-29T23:07:36.701-0100][629760.889s] GC(43)   Other: 8.1ms
[2023-05-29T23:07:36.701-0100][629760.889s] GC(43) Eden regions: 306->0(306)
[2023-05-29T23:07:36.701-0100][629760.889s] GC(43) Survivor regions: 1->1(39)
[2023-05-29T23:07:36.701-0100][629760.889s] GC(43) Old regions: 58->58
[2023-05-29T23:07:36.701-0100][629760.889s] GC(43) Archive regions: 2->2
[2023-05-29T23:07:36.701-0100][629760.889s] GC(43) Humongous regions: 7->7
[2023-05-29T23:07:36.701-0100][629760.889s] GC(43) Metaspace: 59565K(61568K)->59565K(61568K) NonClass: 52909K(54528K)->52909K(54528K) Class: 6655K(7040K)->6655K(7040K)
[2023-05-29T23:07:36.702-0100][629760.889s] GC(43) Pause Young (Normal) (G1 Evacuation Pause) 371M->65M(512M) 62.681ms
[2023-05-29T23:07:36.702-0100][629760.889s] GC(43) User=0.02s Sys=0.08s Real=0.07s
[2023-06-08T13:52:57.543-0100][655652.378s] GC(44) Pause Young (Normal) (G1 Evacuation Pause)
[2023-06-08T13:52:57.546-0100][655652.379s] GC(44) Using 10 workers of 10 for evacuation
[2023-06-08T13:52:57.587-0100][655652.421s] GC(44)   Pre Evacuate Collection Set: 3.4ms
[2023-06-08T13:52:57.588-0100][655652.421s] GC(44)   Merge Heap Roots: 4.3ms
[2023-06-08T13:52:57.588-0100][655652.421s] GC(44)   Evacuate Collection Set: 27.3ms
[2023-06-08T13:52:57.588-0100][655652.421s] GC(44)   Post Evacuate Collection Set: 5.5ms
[2023-06-08T13:52:57.588-0100][655652.421s] GC(44)   Other: 4.2ms
[2023-06-08T13:52:57.588-0100][655652.421s] GC(44) Eden regions: 306->0(306)
[2023-06-08T13:52:57.588-0100][655652.421s] GC(44) Survivor regions: 1->1(39)
[2023-06-08T13:52:57.588-0100][655652.421s] GC(44) Old regions: 58->58
[2023-06-08T13:52:57.588-0100][655652.421s] GC(44) Archive regions: 2->2
[2023-06-08T13:52:57.588-0100][655652.421s] GC(44) Humongous regions: 7->7
[2023-06-08T13:52:57.588-0100][655652.421s] GC(44) Metaspace: 59585K(61568K)->59585K(61568K) NonClass: 52929K(54528K)->52929K(54528K) Class: 6655K(7040K)->6655K(7040K)
[2023-06-08T13:52:57.588-0100][655652.421s] GC(44) Pause Young (Normal) (G1 Evacuation Pause) 371M->65M(512M) 44.536ms
[2023-06-08T13:52:57.588-0100][655652.421s] GC(44) User=0.02s Sys=0.08s Real=0.04s
[2023-06-12T14:28:18.103-0100][670392.850s] GC(45) Pause Young (Normal) (G1 Evacuation Pause)
[2023-06-12T14:28:18.106-0100][670392.852s] GC(45) Using 10 workers of 10 for evacuation
[2023-06-12T14:28:18.224-0100][670392.969s] GC(45)   Pre Evacuate Collection Set: 19.2ms
[2023-06-12T14:28:18.224-0100][670392.969s] GC(45)   Merge Heap Roots: 6.9ms
[2023-06-12T14:28:18.224-0100][670392.970s] GC(45)   Evacuate Collection Set: 73.2ms
[2023-06-12T14:28:18.224-0100][670392.970s] GC(45)   Post Evacuate Collection Set: 8.5ms
[2023-06-12T14:28:18.224-0100][670392.970s] GC(45)   Other: 18.5ms
[2023-06-12T14:28:18.224-0100][670392.970s] GC(45) Eden regions: 306->0(305)
[2023-06-12T14:28:18.224-0100][670392.970s] GC(45) Survivor regions: 1->2(39)
[2023-06-12T14:28:18.225-0100][670392.970s] GC(45) Old regions: 58->58
[2023-06-12T14:28:18.225-0100][670392.970s] GC(45) Archive regions: 2->2
[2023-06-12T14:28:18.225-0100][670392.970s] GC(45) Humongous regions: 7->7
[2023-06-12T14:28:18.225-0100][670392.971s] GC(45) Metaspace: 59597K(61568K)->59597K(61568K) NonClass: 52941K(54528K)->52941K(54528K) Class: 6655K(7040K)->6655K(7040K)
[2023-06-12T14:28:18.226-0100][670392.971s] GC(45) Pause Young (Normal) (G1 Evacuation Pause) 371M->65M(512M) 124.817ms
[2023-06-12T14:28:18.226-0100][670392.971s] GC(45) User=0.02s Sys=0.19s Real=0.12s
[2023-06-13T20:45:53.835-0100][680871.982s] GC(46) Pause Young (Normal) (G1 Evacuation Pause)
[2023-06-13T20:45:53.836-0100][680871.983s] GC(46) Using 10 workers of 10 for evacuation
[2023-06-13T20:45:53.858-0100][680872.005s] GC(46)   Pre Evacuate Collection Set: 3.2ms
[2023-06-13T20:45:53.858-0100][680872.005s] GC(46)   Merge Heap Roots: 1.8ms
[2023-06-13T20:45:53.858-0100][680872.005s] GC(46)   Evacuate Collection Set: 11.2ms
[2023-06-13T20:45:53.858-0100][680872.005s] GC(46)   Post Evacuate Collection Set: 3.0ms
[2023-06-13T20:45:53.859-0100][680872.006s] GC(46)   Other: 5.9ms
[2023-06-13T20:45:53.859-0100][680872.006s] GC(46) Eden regions: 305->0(306)
[2023-06-13T20:45:53.859-0100][680872.006s] GC(46) Survivor regions: 2->1(39)
[2023-06-13T20:45:53.859-0100][680872.006s] GC(46) Old regions: 58->58
[2023-06-13T20:45:53.859-0100][680872.006s] GC(46) Archive regions: 2->2
[2023-06-13T20:45:53.859-0100][680872.006s] GC(46) Humongous regions: 7->7
[2023-06-13T20:45:53.859-0100][680872.006s] GC(46) Metaspace: 59597K(61568K)->59597K(61568K) NonClass: 52941K(54528K)->52941K(54528K) Class: 6655K(7040K)->6655K(7040K)
[2023-06-13T20:45:53.859-0100][680872.006s] GC(46) Pause Young (Normal) (G1 Evacuation Pause) 370M->65M(512M) 24.421ms
[2023-06-13T20:45:53.859-0100][680872.006s] GC(46) User=0.01s Sys=0.05s Real=0.02s
[2023-06-13T21:49:18.488-0100][684676.710s] GC(47) Pause Young (Normal) (G1 Evacuation Pause)
[2023-06-13T21:49:18.488-0100][684676.711s] GC(47) Using 10 workers of 10 for evacuation
[2023-06-13T21:49:18.491-0100][684676.714s] GC(47)   Pre Evacuate Collection Set: 0.2ms
[2023-06-13T21:49:18.491-0100][684676.714s] GC(47)   Merge Heap Roots: 0.1ms
[2023-06-13T21:49:18.492-0100][684676.714s] GC(47)   Evacuate Collection Set: 1.7ms
[2023-06-13T21:49:18.492-0100][684676.714s] GC(47)   Post Evacuate Collection Set: 0.8ms
[2023-06-13T21:49:18.492-0100][684676.714s] GC(47)   Other: 0.8ms
[2023-06-13T21:49:18.492-0100][684676.714s] GC(47) Eden regions: 306->0(306)
[2023-06-13T21:49:18.492-0100][684676.714s] GC(47) Survivor regions: 1->1(39)
[2023-06-13T21:49:18.492-0100][684676.714s] GC(47) Old regions: 58->58
[2023-06-13T21:49:18.492-0100][684676.714s] GC(47) Archive regions: 2->2
[2023-06-13T21:49:18.492-0100][684676.714s] GC(47) Humongous regions: 7->7
[2023-06-13T21:49:18.492-0100][684676.714s] GC(47) Metaspace: 59597K(61568K)->59597K(61568K) NonClass: 52941K(54528K)->52941K(54528K) Class: 6655K(7040K)->6655K(7040K)
[2023-06-13T21:49:18.493-0100][684676.715s] GC(47) Pause Young (Normal) (G1 Evacuation Pause) 371M->65M(512M) 5.026ms
[2023-06-13T21:49:18.493-0100][684676.715s] GC(47) User=0.01s Sys=0.01s Real=0.01s
[2023-06-19T20:58:10.364-0100][698832.894s] GC(48) Pause Young (Normal) (G1 Evacuation Pause)
[2023-06-19T20:58:10.365-0100][698832.895s] GC(48) Using 10 workers of 10 for evacuation
[2023-06-19T20:58:10.401-0100][698832.931s] GC(48)   Pre Evacuate Collection Set: 2.9ms
[2023-06-19T20:58:10.401-0100][698832.931s] GC(48)   Merge Heap Roots: 0.9ms
[2023-06-19T20:58:10.401-0100][698832.931s] GC(48)   Evacuate Collection Set: 22.5ms
[2023-06-19T20:58:10.401-0100][698832.931s] GC(48)   Post Evacuate Collection Set: 5.9ms
[2023-06-19T20:58:10.401-0100][698832.931s] GC(48)   Other: 6.2ms
[2023-06-19T20:58:10.401-0100][698832.931s] GC(48) Eden regions: 306->0(305)
[2023-06-19T20:58:10.401-0100][698832.931s] GC(48) Survivor regions: 1->2(39)
[2023-06-19T20:58:10.401-0100][698832.931s] GC(48) Old regions: 58->58
[2023-06-19T20:58:10.401-0100][698832.931s] GC(48) Archive regions: 2->2
[2023-06-19T20:58:10.401-0100][698832.931s] GC(48) Humongous regions: 7->7
[2023-06-19T20:58:10.401-0100][698832.931s] GC(48) Metaspace: 59597K(61568K)->59597K(61568K) NonClass: 52941K(54528K)->52941K(54528K) Class: 6655K(7040K)->6655K(7040K)
[2023-06-19T20:58:10.401-0100][698832.931s] GC(48) Pause Young (Normal) (G1 Evacuation Pause) 371M->65M(512M) 37.183ms
[2023-06-19T20:58:10.401-0100][698832.931s] GC(48) User=0.01s Sys=0.07s Real=0.04s
[2023-06-22T23:07:47.795-0100][713063.971s] GC(49) Pause Young (Normal) (G1 Evacuation Pause)
[2023-06-22T23:07:47.799-0100][713063.974s] GC(49) Using 10 workers of 10 for evacuation
[2023-06-22T23:07:47.832-0100][713064.007s] GC(49)   Pre Evacuate Collection Set: 3.8ms
[2023-06-22T23:07:47.832-0100][713064.007s] GC(49)   Merge Heap Roots: 3.6ms
[2023-06-22T23:07:47.832-0100][713064.007s] GC(49)   Evacuate Collection Set: 17.0ms
[2023-06-22T23:07:47.832-0100][713064.007s] GC(49)   Post Evacuate Collection Set: 4.1ms
[2023-06-22T23:07:47.832-0100][713064.007s] GC(49)   Other: 13.2ms
[2023-06-22T23:07:47.832-0100][713064.007s] GC(49) Eden regions: 305->0(306)
[2023-06-22T23:07:47.832-0100][713064.008s] GC(49) Survivor regions: 2->1(39)
[2023-06-22T23:07:47.832-0100][713064.008s] GC(49) Old regions: 58->58
[2023-06-22T23:07:47.832-0100][713064.008s] GC(49) Archive regions: 2->2
[2023-06-22T23:07:47.832-0100][713064.008s] GC(49) Humongous regions: 7->7
[2023-06-22T23:07:47.833-0100][713064.008s] GC(49) Metaspace: 59629K(61568K)->59629K(61568K) NonClass: 52974K(54528K)->52974K(54528K) Class: 6655K(7040K)->6655K(7040K)
[2023-06-22T23:07:47.833-0100][713064.009s] GC(49) Pause Young (Normal) (G1 Evacuation Pause) 370M->65M(512M) 38.632ms
[2023-06-22T23:07:47.834-0100][713064.009s] GC(49) User=0.01s Sys=0.07s Real=0.04s
[2023-07-03T15:07:40.835-0100][745551.134s] GC(50) Pause Young (Normal) (G1 Evacuation Pause)
[2023-07-03T15:07:40.836-0100][745551.135s] GC(50) Using 10 workers of 10 for evacuation
[2023-07-03T15:07:40.889-0100][745551.189s] GC(50)   Pre Evacuate Collection Set: 7.8ms
[2023-07-03T15:07:40.889-0100][745551.189s] GC(50)   Merge Heap Roots: 5.4ms
[2023-07-03T15:07:40.889-0100][745551.189s] GC(50)   Evacuate Collection Set: 30.0ms
[2023-07-03T15:07:40.890-0100][745551.189s] GC(50)   Post Evacuate Collection Set: 9.7ms
[2023-07-03T15:07:40.890-0100][745551.189s] GC(50)   Other: 3.5ms
[2023-07-03T15:07:40.890-0100][745551.189s] GC(50) Eden regions: 306->0(306)
[2023-07-03T15:07:40.890-0100][745551.189s] GC(50) Survivor regions: 1->1(39)
[2023-07-03T15:07:40.890-0100][745551.189s] GC(50) Old regions: 58->58
[2023-07-03T15:07:40.890-0100][745551.189s] GC(50) Archive regions: 2->2
[2023-07-03T15:07:40.890-0100][745551.189s] GC(50) Humongous regions: 7->7
[2023-07-03T15:07:40.890-0100][745551.189s] GC(50) Metaspace: 59647K(61568K)->59647K(61568K) NonClass: 52992K(54528K)->52992K(54528K) Class: 6655K(7040K)->6655K(7040K)
[2023-07-03T15:07:40.890-0100][745551.189s] GC(50) Pause Young (Normal) (G1 Evacuation Pause) 371M->65M(512M) 55.134ms
[2023-07-03T15:07:40.890-0100][745551.189s] GC(50) User=0.02s Sys=0.08s Real=0.06s
[2023-07-08T18:20:15.937-0100][764953.430s] GC(51) Pause Young (Normal) (G1 Evacuation Pause)
[2023-07-08T18:20:15.942-0100][764953.433s] GC(51) Using 10 workers of 10 for evacuation
[2023-07-08T18:20:16.017-0100][764953.508s] GC(51)   Pre Evacuate Collection Set: 9.5ms
[2023-07-08T18:20:16.017-0100][764953.508s] GC(51)   Merge Heap Roots: 2.9ms
[2023-07-08T18:20:16.017-0100][764953.508s] GC(51)   Evacuate Collection Set: 43.5ms
[2023-07-08T18:20:16.017-0100][764953.508s] GC(51)   Post Evacuate Collection Set: 7.9ms
[2023-07-08T18:20:16.018-0100][764953.509s] GC(51)   Other: 24.6ms
[2023-07-08T18:20:16.018-0100][764953.509s] GC(51) Eden regions: 306->0(306)
[2023-07-08T18:20:16.018-0100][764953.509s] GC(51) Survivor regions: 1->1(39)
[2023-07-08T18:20:16.018-0100][764953.509s] GC(51) Old regions: 58->58
[2023-07-08T18:20:16.018-0100][764953.509s] GC(51) Archive regions: 2->2
[2023-07-08T18:20:16.018-0100][764953.509s] GC(51) Humongous regions: 7->7
[2023-07-08T18:20:16.019-0100][764953.509s] GC(51) Metaspace: 59676K(61568K)->59676K(61568K) NonClass: 53021K(54528K)->53021K(54528K) Class: 6655K(7040K)->6655K(7040K)
[2023-07-08T18:20:16.019-0100][764953.510s] GC(51) Pause Young (Normal) (G1 Evacuation Pause) 371M->65M(512M) 84.169ms
[2023-07-08T18:20:16.019-0100][764953.510s] GC(51) User=0.02s Sys=0.12s Real=0.08s
[2023-07-13T05:11:33.715-0100][771296.443s] GC(52) Pause Young (Normal) (G1 Evacuation Pause)
[2023-07-13T05:11:33.716-0100][771296.444s] GC(52) Using 10 workers of 10 for evacuation
[2023-07-13T05:11:33.785-0100][771296.513s] GC(52)   Pre Evacuate Collection Set: 5.0ms
[2023-07-13T05:11:33.785-0100][771296.513s] GC(52)   Merge Heap Roots: 2.0ms
[2023-07-13T05:11:33.785-0100][771296.513s] GC(52)   Evacuate Collection Set: 47.6ms
[2023-07-13T05:11:33.785-0100][771296.513s] GC(52)   Post Evacuate Collection Set: 10.9ms
[2023-07-13T05:11:33.785-0100][771296.513s] GC(52)   Other: 6.0ms
[2023-07-13T05:11:33.785-0100][771296.513s] GC(52) Eden regions: 306->0(306)
[2023-07-13T05:11:33.785-0100][771296.513s] GC(52) Survivor regions: 1->1(39)
[2023-07-13T05:11:33.785-0100][771296.513s] GC(52) Old regions: 58->58
[2023-07-13T05:11:33.785-0100][771296.513s] GC(52) Archive regions: 2->2
[2023-07-13T05:11:33.785-0100][771296.513s] GC(52) Humongous regions: 7->7
[2023-07-13T05:11:33.785-0100][771296.513s] GC(52) Metaspace: 59716K(61568K)->59716K(61568K) NonClass: 53061K(54528K)->53061K(54528K) Class: 6655K(7040K)->6655K(7040K)
[2023-07-13T05:11:33.785-0100][771296.513s] GC(52) Pause Young (Normal) (G1 Evacuation Pause) 371M->65M(512M) 70.508ms
[2023-07-13T05:11:33.785-0100][771296.513s] GC(52) User=0.02s Sys=0.09s Real=0.07s
[2023-07-13T16:00:50.485-0100][771628.268s] GC(53) Pause Young (Normal) (G1 Evacuation Pause)
[2023-07-13T16:00:50.488-0100][771628.270s] GC(53) Using 10 workers of 10 for evacuation
[2023-07-13T16:00:50.514-0100][771628.295s] GC(53)   Pre Evacuate Collection Set: 1.9ms
[2023-07-13T16:00:50.514-0100][771628.295s] GC(53)   Merge Heap Roots: 1.6ms
[2023-07-13T16:00:50.514-0100][771628.295s] GC(53)   Evacuate Collection Set: 13.7ms
[2023-07-13T16:00:50.514-0100][771628.295s] GC(53)   Post Evacuate Collection Set: 2.4ms
[2023-07-13T16:00:50.514-0100][771628.296s] GC(53)   Other: 13.9ms
[2023-07-13T16:00:50.514-0100][771628.296s] GC(53) Eden regions: 306->0(306)
[2023-07-13T16:00:50.514-0100][771628.296s] GC(53) Survivor regions: 1->1(39)
[2023-07-13T16:00:50.514-0100][771628.296s] GC(53) Old regions: 58->58
[2023-07-13T16:00:50.514-0100][771628.296s] GC(53) Archive regions: 2->2
[2023-07-13T16:00:50.514-0100][771628.296s] GC(53) Humongous regions: 7->7
[2023-07-13T16:00:50.514-0100][771628.296s] GC(53) Metaspace: 59716K(61568K)->59716K(61568K) NonClass: 53061K(54528K)->53061K(54528K) Class: 6655K(7040K)->6655K(7040K)
[2023-07-13T16:00:50.515-0100][771628.297s] GC(53) Pause Young (Normal) (G1 Evacuation Pause) 371M->65M(512M) 30.426ms
[2023-07-13T16:00:50.515-0100][771628.297s] GC(53) User=0.02s Sys=0.05s Real=0.03s
[2023-07-13T20:56:06.195-0100][771941.241s] GC(54) Pause Young (Normal) (G1 Evacuation Pause)
[2023-07-13T20:56:06.197-0100][771941.243s] GC(54) Using 10 workers of 10 for evacuation
[2023-07-13T20:56:06.215-0100][771941.261s] GC(54)   Pre Evacuate Collection Set: 1.5ms
[2023-07-13T20:56:06.215-0100][771941.261s] GC(54)   Merge Heap Roots: 0.5ms
[2023-07-13T20:56:06.215-0100][771941.261s] GC(54)   Evacuate Collection Set: 9.1ms
[2023-07-13T20:56:06.215-0100][771941.261s] GC(54)   Post Evacuate Collection Set: 2.7ms
[2023-07-13T20:56:06.215-0100][771941.261s] GC(54)   Other: 9.2ms
[2023-07-13T20:56:06.215-0100][771941.261s] GC(54) Eden regions: 306->0(306)
[2023-07-13T20:56:06.215-0100][771941.261s] GC(54) Survivor regions: 1->1(39)
[2023-07-13T20:56:06.215-0100][771941.261s] GC(54) Old regions: 58->58
[2023-07-13T20:56:06.215-0100][771941.261s] GC(54) Archive regions: 2->2
[2023-07-13T20:56:06.215-0100][771941.261s] GC(54) Humongous regions: 7->7
[2023-07-13T20:56:06.216-0100][771941.261s] GC(54) Metaspace: 59720K(61568K)->59720K(61568K) NonClass: 53064K(54528K)->53064K(54528K) Class: 6655K(7040K)->6655K(7040K)
[2023-07-13T20:56:06.216-0100][771941.262s] GC(54) Pause Young (Normal) (G1 Evacuation Pause) 371M->65M(512M) 21.639ms
[2023-07-13T20:56:06.216-0100][771941.262s] GC(54) User=0.01s Sys=0.03s Real=0.02s
[2023-07-13T21:01:08.599-0100][772243.654s] GC(55) Pause Young (Normal) (G1 Evacuation Pause)
[2023-07-13T21:01:08.600-0100][772243.654s] GC(55) Using 10 workers of 10 for evacuation
[2023-07-13T21:01:08.606-0100][772243.661s] GC(55)   Pre Evacuate Collection Set: 0.1ms
[2023-07-13T21:01:08.606-0100][772243.661s] GC(55)   Merge Heap Roots: 0.1ms
[2023-07-13T21:01:08.606-0100][772243.661s] GC(55)   Evacuate Collection Set: 5.6ms
[2023-07-13T21:01:08.606-0100][772243.661s] GC(55)   Post Evacuate Collection Set: 0.7ms
[2023-07-13T21:01:08.606-0100][772243.661s] GC(55)   Other: 0.2ms
[2023-07-13T21:01:08.606-0100][772243.661s] GC(55) Eden regions: 306->0(306)
[2023-07-13T21:01:08.606-0100][772243.661s] GC(55) Survivor regions: 1->1(39)
[2023-07-13T21:01:08.606-0100][772243.661s] GC(55) Old regions: 58->58
[2023-07-13T21:01:08.606-0100][772243.661s] GC(55) Archive regions: 2->2
[2023-07-13T21:01:08.606-0100][772243.661s] GC(55) Humongous regions: 7->7
[2023-07-13T21:01:08.606-0100][772243.661s] GC(55) Metaspace: 59720K(61568K)->59720K(61568K) NonClass: 53064K(54528K)->53064K(54528K) Class: 6655K(7040K)->6655K(7040K)
[2023-07-13T21:01:08.607-0100][772243.662s] GC(55) Pause Young (Normal) (G1 Evacuation Pause) 371M->65M(512M) 7.596ms
[2023-07-13T21:01:08.607-0100][772243.662s] GC(55) User=0.01s Sys=0.02s Real=0.01s
[2023-07-13T21:06:32.174-0100][772567.239s] GC(56) Pause Young (Normal) (G1 Evacuation Pause)
[2023-07-13T21:06:32.174-0100][772567.239s] GC(56) Using 10 workers of 10 for evacuation
[2023-07-13T21:06:32.181-0100][772567.246s] GC(56)   Pre Evacuate Collection Set: 0.2ms
[2023-07-13T21:06:32.181-0100][772567.246s] GC(56)   Merge Heap Roots: 0.1ms
[2023-07-13T21:06:32.181-0100][772567.246s] GC(56)   Evacuate Collection Set: 6.0ms
[2023-07-13T21:06:32.181-0100][772567.246s] GC(56)   Post Evacuate Collection Set: 0.7ms
[2023-07-13T21:06:32.181-0100][772567.246s] GC(56)   Other: 0.3ms
[2023-07-13T21:06:32.181-0100][772567.246s] GC(56) Eden regions: 306->0(306)
[2023-07-13T21:06:32.181-0100][772567.246s] GC(56) Survivor regions: 1->1(39)
[2023-07-13T21:06:32.181-0100][772567.246s] GC(56) Old regions: 58->58
[2023-07-13T21:06:32.181-0100][772567.246s] GC(56) Archive regions: 2->2
[2023-07-13T21:06:32.181-0100][772567.246s] GC(56) Humongous regions: 7->7
[2023-07-13T21:06:32.181-0100][772567.246s] GC(56) Metaspace: 59720K(61568K)->59720K(61568K) NonClass: 53064K(54528K)->53064K(54528K) Class: 6655K(7040K)->6655K(7040K)
[2023-07-13T21:06:32.181-0100][772567.246s] GC(56) Pause Young (Normal) (G1 Evacuation Pause) 371M->65M(512M) 7.360ms
[2023-07-13T21:06:32.181-0100][772567.246s] GC(56) User=0.01s Sys=0.01s Real=0.01s
[2023-07-13T21:11:57.137-0100][772892.211s] GC(57) Pause Young (Normal) (G1 Evacuation Pause)
[2023-07-13T21:11:57.137-0100][772892.211s] GC(57) Using 10 workers of 10 for evacuation
[2023-07-13T21:11:57.141-0100][772892.216s] GC(57)   Pre Evacuate Collection Set: 0.2ms
[2023-07-13T21:11:57.141-0100][772892.216s] GC(57)   Merge Heap Roots: 0.1ms
[2023-07-13T21:11:57.141-0100][772892.216s] GC(57)   Evacuate Collection Set: 3.5ms
[2023-07-13T21:11:57.141-0100][772892.216s] GC(57)   Post Evacuate Collection Set: 0.6ms
[2023-07-13T21:11:57.141-0100][772892.216s] GC(57)   Other: 0.3ms
[2023-07-13T21:11:57.141-0100][772892.216s] GC(57) Eden regions: 306->0(306)
[2023-07-13T21:11:57.141-0100][772892.216s] GC(57) Survivor regions: 1->1(39)
[2023-07-13T21:11:57.141-0100][772892.216s] GC(57) Old regions: 58->58
[2023-07-13T21:11:57.141-0100][772892.216s] GC(57) Archive regions: 2->2
[2023-07-13T21:11:57.141-0100][772892.216s] GC(57) Humongous regions: 7->7
[2023-07-13T21:11:57.142-0100][772892.216s] GC(57) Metaspace: 59720K(61568K)->59720K(61568K) NonClass: 53064K(54528K)->53064K(54528K) Class: 6655K(7040K)->6655K(7040K)
[2023-07-13T21:11:57.142-0100][772892.216s] GC(57) Pause Young (Normal) (G1 Evacuation Pause) 371M->65M(512M) 4.895ms
[2023-07-13T21:11:57.142-0100][772892.216s] GC(57) User=0.01s Sys=0.01s Real=0.01s
[2023-07-13T21:17:03.320-0100][773198.404s] GC(58) Pause Young (Normal) (G1 Evacuation Pause)
[2023-07-13T21:17:03.320-0100][773198.404s] GC(58) Using 10 workers of 10 for evacuation
[2023-07-13T21:17:03.330-0100][773198.414s] GC(58)   Pre Evacuate Collection Set: 0.8ms
[2023-07-13T21:17:03.330-0100][773198.414s] GC(58)   Merge Heap Roots: 0.1ms
[2023-07-13T21:17:03.330-0100][773198.414s] GC(58)   Evacuate Collection Set: 8.0ms
[2023-07-13T21:17:03.330-0100][773198.414s] GC(58)   Post Evacuate Collection Set: 0.6ms
[2023-07-13T21:17:03.330-0100][773198.414s] GC(58)   Other: 0.2ms
[2023-07-13T21:17:03.330-0100][773198.414s] GC(58) Eden regions: 306->0(306)
[2023-07-13T21:17:03.330-0100][773198.414s] GC(58) Survivor regions: 1->1(39)
[2023-07-13T21:17:03.330-0100][773198.414s] GC(58) Old regions: 58->58
[2023-07-13T21:17:03.330-0100][773198.414s] GC(58) Archive regions: 2->2
[2023-07-13T21:17:03.330-0100][773198.414s] GC(58) Humongous regions: 7->7
[2023-07-13T21:17:03.330-0100][773198.414s] GC(58) Metaspace: 59720K(61568K)->59720K(61568K) NonClass: 53064K(54528K)->53064K(54528K) Class: 6655K(7040K)->6655K(7040K)
[2023-07-13T21:17:03.330-0100][773198.414s] GC(58) Pause Young (Normal) (G1 Evacuation Pause) 371M->65M(512M) 9.963ms
[2023-07-13T21:17:03.330-0100][773198.414s] GC(58) User=0.01s Sys=0.02s Real=0.01s
[2023-07-13T21:22:11.708-0100][773506.801s] GC(59) Pause Young (Normal) (G1 Evacuation Pause)
[2023-07-13T21:22:11.708-0100][773506.801s] GC(59) Using 10 workers of 10 for evacuation
[2023-07-13T21:22:11.714-0100][773506.807s] GC(59)   Pre Evacuate Collection Set: 0.1ms
[2023-07-13T21:22:11.714-0100][773506.807s] GC(59)   Merge Heap Roots: 0.1ms
[2023-07-13T21:22:11.714-0100][773506.807s] GC(59)   Evacuate Collection Set: 5.2ms
[2023-07-13T21:22:11.714-0100][773506.807s] GC(59)   Post Evacuate Collection Set: 0.6ms
[2023-07-13T21:22:11.714-0100][773506.807s] GC(59)   Other: 0.8ms
[2023-07-13T21:22:11.714-0100][773506.808s] GC(59) Eden regions: 306->0(306)
[2023-07-13T21:22:11.714-0100][773506.808s] GC(59) Survivor regions: 1->1(39)
[2023-07-13T21:22:11.714-0100][773506.808s] GC(59) Old regions: 58->58
[2023-07-13T21:22:11.715-0100][773506.808s] GC(59) Archive regions: 2->2
[2023-07-13T21:22:11.715-0100][773506.808s] GC(59) Humongous regions: 7->7
[2023-07-13T21:22:11.715-0100][773506.808s] GC(59) Metaspace: 59720K(61568K)->59720K(61568K) NonClass: 53064K(54528K)->53064K(54528K) Class: 6655K(7040K)->6655K(7040K)
[2023-07-13T21:22:11.715-0100][773506.808s] GC(59) Pause Young (Normal) (G1 Evacuation Pause) 371M->65M(512M) 7.496ms
[2023-07-13T21:22:11.715-0100][773506.808s] GC(59) User=0.01s Sys=0.01s Real=0.01s
[2023-07-14T07:27:33.047-0100][773845.551s] GC(60) Pause Young (Normal) (G1 Evacuation Pause)
[2023-07-14T07:27:33.055-0100][773845.559s] GC(60) Using 10 workers of 10 for evacuation
[2023-07-14T07:27:33.093-0100][773845.596s] GC(60)   Pre Evacuate Collection Set: 4.1ms
[2023-07-14T07:27:33.093-0100][773845.597s] GC(60)   Merge Heap Roots: 2.2ms
[2023-07-14T07:27:33.093-0100][773845.597s] GC(60)   Evacuate Collection Set: 17.3ms
[2023-07-14T07:27:33.093-0100][773845.597s] GC(60)   Post Evacuate Collection Set: 5.0ms
[2023-07-14T07:27:33.093-0100][773845.597s] GC(60)   Other: 29.4ms
[2023-07-14T07:27:33.093-0100][773845.597s] GC(60) Eden regions: 306->0(306)
[2023-07-14T07:27:33.093-0100][773845.597s] GC(60) Survivor regions: 1->1(39)
[2023-07-14T07:27:33.093-0100][773845.597s] GC(60) Old regions: 58->58
[2023-07-14T07:27:33.093-0100][773845.597s] GC(60) Archive regions: 2->2
[2023-07-14T07:27:33.093-0100][773845.597s] GC(60) Humongous regions: 7->7
[2023-07-14T07:27:33.094-0100][773845.597s] GC(60) Metaspace: 59720K(61568K)->59720K(61568K) NonClass: 53064K(54528K)->53064K(54528K) Class: 6655K(7040K)->6655K(7040K)
[2023-07-14T07:27:33.094-0100][773845.598s] GC(60) Pause Young (Normal) (G1 Evacuation Pause) 371M->65M(512M) 49.736ms
[2023-07-14T07:27:33.094-0100][773845.598s] GC(60) User=0.01s Sys=0.07s Real=0.05s
[2023-07-14T23:46:12.803-0100][774268.779s] GC(61) Pause Young (Normal) (G1 Evacuation Pause)
[2023-07-14T23:46:12.805-0100][774268.781s] GC(61) Using 10 workers of 10 for evacuation
[2023-07-14T23:46:12.825-0100][774268.801s] GC(61)   Pre Evacuate Collection Set: 2.2ms
[2023-07-14T23:46:12.825-0100][774268.801s] GC(61)   Merge Heap Roots: 0.6ms
[2023-07-14T23:46:12.825-0100][774268.801s] GC(61)   Evacuate Collection Set: 8.1ms
[2023-07-14T23:46:12.825-0100][774268.801s] GC(61)   Post Evacuate Collection Set: 4.6ms
[2023-07-14T23:46:12.825-0100][774268.801s] GC(61)   Other: 11.1ms
[2023-07-14T23:46:12.825-0100][774268.801s] GC(61) Eden regions: 306->0(306)
[2023-07-14T23:46:12.825-0100][774268.801s] GC(61) Survivor regions: 1->1(39)
[2023-07-14T23:46:12.825-0100][774268.801s] GC(61) Old regions: 58->58
[2023-07-14T23:46:12.825-0100][774268.801s] GC(61) Archive regions: 2->2
[2023-07-14T23:46:12.825-0100][774268.801s] GC(61) Humongous regions: 7->7
[2023-07-14T23:46:12.825-0100][774268.802s] GC(61) Metaspace: 59720K(61568K)->59720K(61568K) NonClass: 53064K(54528K)->53064K(54528K) Class: 6655K(7040K)->6655K(7040K)
[2023-07-14T23:46:12.826-0100][774268.802s] GC(61) Pause Young (Normal) (G1 Evacuation Pause) 371M->65M(512M) 23.938ms
[2023-07-14T23:46:12.826-0100][774268.802s] GC(61) User=0.02s Sys=0.05s Real=0.02s
[2023-07-14T23:51:08.152-0100][774564.129s] GC(62) Pause Young (Normal) (G1 Evacuation Pause)
[2023-07-14T23:51:08.152-0100][774564.129s] GC(62) Using 10 workers of 10 for evacuation
[2023-07-14T23:51:08.156-0100][774564.133s] GC(62)   Pre Evacuate Collection Set: 0.2ms
[2023-07-14T23:51:08.156-0100][774564.133s] GC(62)   Merge Heap Roots: 0.1ms
[2023-07-14T23:51:08.156-0100][774564.133s] GC(62)   Evacuate Collection Set: 2.6ms
[2023-07-14T23:51:08.156-0100][774564.133s] GC(62)   Post Evacuate Collection Set: 0.6ms
[2023-07-14T23:51:08.156-0100][774564.133s] GC(62)   Other: 0.3ms
[2023-07-14T23:51:08.156-0100][774564.133s] GC(62) Eden regions: 306->0(306)
[2023-07-14T23:51:08.156-0100][774564.133s] GC(62) Survivor regions: 1->1(39)
[2023-07-14T23:51:08.156-0100][774564.133s] GC(62) Old regions: 58->58
[2023-07-14T23:51:08.156-0100][774564.133s] GC(62) Archive regions: 2->2
[2023-07-14T23:51:08.156-0100][774564.133s] GC(62) Humongous regions: 7->7
[2023-07-14T23:51:08.156-0100][774564.133s] GC(62) Metaspace: 59720K(61568K)->59720K(61568K) NonClass: 53064K(54528K)->53064K(54528K) Class: 6655K(7040K)->6655K(7040K)
[2023-07-14T23:51:08.156-0100][774564.133s] GC(62) Pause Young (Normal) (G1 Evacuation Pause) 371M->65M(512M) 4.044ms
[2023-07-14T23:51:08.156-0100][774564.133s] GC(62) User=0.01s Sys=0.01s Real=0.00s
[2023-07-14T23:56:15.326-0100][774871.303s] GC(63) Pause Young (Normal) (G1 Evacuation Pause)
[2023-07-14T23:56:15.326-0100][774871.303s] GC(63) Using 10 workers of 10 for evacuation
[2023-07-14T23:56:15.328-0100][774871.306s] GC(63)   Pre Evacuate Collection Set: 0.1ms
[2023-07-14T23:56:15.328-0100][774871.306s] GC(63)   Merge Heap Roots: 0.1ms
[2023-07-14T23:56:15.328-0100][774871.306s] GC(63)   Evacuate Collection Set: 1.4ms
[2023-07-14T23:56:15.328-0100][774871.306s] GC(63)   Post Evacuate Collection Set: 0.7ms
[2023-07-14T23:56:15.328-0100][774871.306s] GC(63)   Other: 0.2ms
[2023-07-14T23:56:15.328-0100][774871.306s] GC(63) Eden regions: 306->0(306)
[2023-07-14T23:56:15.328-0100][774871.306s] GC(63) Survivor regions: 1->1(39)
[2023-07-14T23:56:15.328-0100][774871.306s] GC(63) Old regions: 58->58
[2023-07-14T23:56:15.328-0100][774871.306s] GC(63) Archive regions: 2->2
[2023-07-14T23:56:15.328-0100][774871.306s] GC(63) Humongous regions: 7->7
[2023-07-14T23:56:15.328-0100][774871.306s] GC(63) Metaspace: 59720K(61568K)->59720K(61568K) NonClass: 53064K(54528K)->53064K(54528K) Class: 6655K(7040K)->6655K(7040K)
[2023-07-14T23:56:15.329-0100][774871.306s] GC(63) Pause Young (Normal) (G1 Evacuation Pause) 371M->65M(512M) 2.699ms
[2023-07-14T23:56:15.329-0100][774871.306s] GC(63) User=0.01s Sys=0.00s Real=0.00s
[2023-07-15T00:01:13.627-0100][775169.605s] GC(64) Pause Young (Normal) (G1 Evacuation Pause)
[2023-07-15T00:01:13.627-0100][775169.606s] GC(64) Using 10 workers of 10 for evacuation
[2023-07-15T00:01:13.638-0100][775169.616s] GC(64)   Pre Evacuate Collection Set: 0.1ms
[2023-07-15T00:01:13.638-0100][775169.616s] GC(64)   Merge Heap Roots: 0.1ms
[2023-07-15T00:01:13.638-0100][775169.616s] GC(64)   Evacuate Collection Set: 8.5ms
[2023-07-15T00:01:13.638-0100][775169.616s] GC(64)   Post Evacuate Collection Set: 1.1ms
[2023-07-15T00:01:13.638-0100][775169.616s] GC(64)   Other: 1.1ms
[2023-07-15T00:01:13.638-0100][775169.616s] GC(64) Eden regions: 306->0(306)
[2023-07-15T00:01:13.638-0100][775169.616s] GC(64) Survivor regions: 1->1(39)
[2023-07-15T00:01:13.638-0100][775169.616s] GC(64) Old regions: 58->58
[2023-07-15T00:01:13.638-0100][775169.616s] GC(64) Archive regions: 2->2
[2023-07-15T00:01:13.638-0100][775169.616s] GC(64) Humongous regions: 7->7
[2023-07-15T00:01:13.638-0100][775169.616s] GC(64) Metaspace: 59720K(61568K)->59720K(61568K) NonClass: 53064K(54528K)->53064K(54528K) Class: 6655K(7040K)->6655K(7040K)
[2023-07-15T00:01:13.638-0100][775169.617s] GC(64) Pause Young (Normal) (G1 Evacuation Pause) 371M->65M(512M) 11.039ms
[2023-07-15T00:01:13.638-0100][775169.617s] GC(64) User=0.01s Sys=0.01s Real=0.01s
[2023-07-15T08:10:36.913-0100][775508.446s] GC(65) Pause Young (Normal) (G1 Evacuation Pause)
[2023-07-15T08:10:36.919-0100][775508.451s] GC(65) Using 10 workers of 10 for evacuation
[2023-07-15T08:10:36.944-0100][775508.476s] GC(65)   Pre Evacuate Collection Set: 1.5ms
[2023-07-15T08:10:36.944-0100][775508.476s] GC(65)   Merge Heap Roots: 0.9ms
[2023-07-15T08:10:36.944-0100][775508.476s] GC(65)   Evacuate Collection Set: 10.4ms
[2023-07-15T08:10:36.944-0100][775508.476s] GC(65)   Post Evacuate Collection Set: 5.7ms
[2023-07-15T08:10:36.945-0100][775508.477s] GC(65)   Other: 16.7ms
[2023-07-15T08:10:36.945-0100][775508.477s] GC(65) Eden regions: 306->0(306)
[2023-07-15T08:10:36.945-0100][775508.477s] GC(65) Survivor regions: 1->1(39)
[2023-07-15T08:10:36.945-0100][775508.477s] GC(65) Old regions: 58->58
[2023-07-15T08:10:36.945-0100][775508.477s] GC(65) Archive regions: 2->2
[2023-07-15T08:10:36.945-0100][775508.477s] GC(65) Humongous regions: 7->7
[2023-07-15T08:10:36.945-0100][775508.477s] GC(65) Metaspace: 59720K(61568K)->59720K(61568K) NonClass: 53064K(54528K)->53064K(54528K) Class: 6655K(7040K)->6655K(7040K)
[2023-07-15T08:10:36.947-0100][775508.479s] GC(65) Pause Young (Normal) (G1 Evacuation Pause) 371M->65M(512M) 35.228ms
[2023-07-15T08:10:36.947-0100][775508.479s] GC(65) User=0.01s Sys=0.05s Real=0.03s
[2023-07-15T12:19:53.777-0100][776298.181s] GC(66) Pause Young (Normal) (G1 Evacuation Pause)
[2023-07-15T12:19:53.780-0100][776298.183s] GC(66) Using 10 workers of 10 for evacuation
[2023-07-15T12:19:53.822-0100][776298.225s] GC(66)   Pre Evacuate Collection Set: 3.4ms
[2023-07-15T12:19:53.822-0100][776298.225s] GC(66)   Merge Heap Roots: 1.3ms
[2023-07-15T12:19:53.822-0100][776298.226s] GC(66)   Evacuate Collection Set: 21.9ms
[2023-07-15T12:19:53.822-0100][776298.226s] GC(66)   Post Evacuate Collection Set: 9.2ms
[2023-07-15T12:19:53.823-0100][776298.226s] GC(66)   Other: 15.7ms
[2023-07-15T12:19:53.823-0100][776298.226s] GC(66) Eden regions: 306->0(306)
[2023-07-15T12:19:53.823-0100][776298.226s] GC(66) Survivor regions: 1->1(39)
[2023-07-15T12:19:53.823-0100][776298.226s] GC(66) Old regions: 58->58
[2023-07-15T12:19:53.823-0100][776298.226s] GC(66) Archive regions: 2->2
[2023-07-15T12:19:53.823-0100][776298.226s] GC(66) Humongous regions: 7->7
[2023-07-15T12:19:53.823-0100][776298.226s] GC(66) Metaspace: 59720K(61568K)->59720K(61568K) NonClass: 53064K(54528K)->53064K(54528K) Class: 6655K(7040K)->6655K(7040K)
[2023-07-15T12:19:53.824-0100][776298.227s] GC(66) Pause Young (Normal) (G1 Evacuation Pause) 371M->65M(512M) 48.362ms
[2023-07-15T12:19:53.824-0100][776298.227s] GC(66) User=0.02s Sys=0.06s Real=0.05s
[2023-07-17T11:37:52.916-0100][778097.905s] GC(67) Pause Young (Normal) (G1 Evacuation Pause)
[2023-07-17T11:37:52.919-0100][778097.908s] GC(67) Using 10 workers of 10 for evacuation
[2023-07-17T11:37:52.940-0100][778097.929s] GC(67)   Pre Evacuate Collection Set: 1.6ms
[2023-07-17T11:37:52.940-0100][778097.929s] GC(67)   Merge Heap Roots: 1.3ms
[2023-07-17T11:37:52.940-0100][778097.929s] GC(67)   Evacuate Collection Set: 8.9ms
[2023-07-17T11:37:52.940-0100][778097.929s] GC(67)   Post Evacuate Collection Set: 4.2ms
[2023-07-17T11:37:52.941-0100][778097.929s] GC(67)   Other: 12.3ms
[2023-07-17T11:37:52.941-0100][778097.930s] GC(67) Eden regions: 306->0(306)
[2023-07-17T11:37:52.941-0100][778097.930s] GC(67) Survivor regions: 1->1(39)
[2023-07-17T11:37:52.941-0100][778097.930s] GC(67) Old regions: 58->58
[2023-07-17T11:37:52.941-0100][778097.930s] GC(67) Archive regions: 2->2
[2023-07-17T11:37:52.941-0100][778097.930s] GC(67) Humongous regions: 7->7
[2023-07-17T11:37:52.942-0100][778097.930s] GC(67) Metaspace: 59720K(61568K)->59720K(61568K) NonClass: 53065K(54528K)->53065K(54528K) Class: 6655K(7040K)->6655K(7040K)
[2023-07-17T11:37:52.942-0100][778097.931s] GC(67) Pause Young (Normal) (G1 Evacuation Pause) 371M->65M(512M) 26.809ms
[2023-07-17T11:37:52.942-0100][778097.931s] GC(67) User=0.02s Sys=0.04s Real=0.03s
[2023-07-23T21:50:18.142-0100][810557.346s] GC(68) Pause Young (Normal) (G1 Evacuation Pause)
[2023-07-23T21:50:18.145-0100][810557.348s] GC(68) Using 10 workers of 10 for evacuation
[2023-07-23T21:50:18.245-0100][810557.448s] GC(68)   Pre Evacuate Collection Set: 8.7ms
[2023-07-23T21:50:18.245-0100][810557.448s] GC(68)   Merge Heap Roots: 7.5ms
[2023-07-23T21:50:18.245-0100][810557.449s] GC(68)   Evacuate Collection Set: 47.2ms
[2023-07-23T21:50:18.245-0100][810557.449s] GC(68)   Post Evacuate Collection Set: 33.1ms
[2023-07-23T21:50:18.245-0100][810557.449s] GC(68)   Other: 9.0ms
[2023-07-23T21:50:18.245-0100][810557.449s] GC(68) Eden regions: 306->0(306)
[2023-07-23T21:50:18.245-0100][810557.449s] GC(68) Survivor regions: 1->1(39)
[2023-07-23T21:50:18.245-0100][810557.449s] GC(68) Old regions: 58->58
[2023-07-23T21:50:18.245-0100][810557.449s] GC(68) Archive regions: 2->2
[2023-07-23T21:50:18.245-0100][810557.449s] GC(68) Humongous regions: 7->7
[2023-07-23T21:50:18.245-0100][810557.449s] GC(68) Metaspace: 59729K(61568K)->59729K(61568K) NonClass: 53074K(54528K)->53074K(54528K) Class: 6655K(7040K)->6655K(7040K)
[2023-07-23T21:50:18.245-0100][810557.449s] GC(68) Pause Young (Normal) (G1 Evacuation Pause) 371M->65M(512M) 103.225ms
[2023-07-23T21:50:18.245-0100][810557.449s] GC(68) User=0.01s Sys=0.11s Real=0.10s
[2023-07-26T21:56:19.891-0100][841466.413s] GC(69) Pause Young (Normal) (G1 Evacuation Pause)
[2023-07-26T21:56:19.893-0100][841466.414s] GC(69) Using 10 workers of 10 for evacuation
[2023-07-26T21:56:19.947-0100][841466.469s] GC(69)   Pre Evacuate Collection Set: 8.2ms
[2023-07-26T21:56:19.947-0100][841466.469s] GC(69)   Merge Heap Roots: 8.2ms
[2023-07-26T21:56:19.947-0100][841466.469s] GC(69)   Evacuate Collection Set: 23.1ms
[2023-07-26T21:56:19.947-0100][841466.469s] GC(69)   Post Evacuate Collection Set: 12.3ms
[2023-07-26T21:56:19.947-0100][841466.469s] GC(69)   Other: 7.6ms
[2023-07-26T21:56:19.947-0100][841466.469s] GC(69) Eden regions: 306->0(306)
[2023-07-26T21:56:19.947-0100][841466.469s] GC(69) Survivor regions: 1->1(39)
[2023-07-26T21:56:19.947-0100][841466.469s] GC(69) Old regions: 58->58
[2023-07-26T21:56:19.947-0100][841466.469s] GC(69) Archive regions: 2->2
[2023-07-26T21:56:19.947-0100][841466.469s] GC(69) Humongous regions: 7->7
[2023-07-26T21:56:19.947-0100][841466.469s] GC(69) Metaspace: 59747K(61568K)->59747K(61568K) NonClass: 53091K(54528K)->53091K(54528K) Class: 6655K(7040K)->6655K(7040K)
[2023-07-26T21:56:19.947-0100][841466.469s] GC(69) Pause Young (Normal) (G1 Evacuation Pause) 371M->65M(512M) 56.976ms
[2023-07-26T21:56:19.947-0100][841466.469s] GC(69) User=0.01s Sys=0.09s Real=0.06s
[2023-07-29T11:12:41.316-0100][858998.868s] GC(70) Pause Young (Normal) (G1 Evacuation Pause)
[2023-07-29T11:12:41.321-0100][858998.872s] GC(70) Using 10 workers of 10 for evacuation
[2023-07-29T11:12:41.376-0100][858998.927s] GC(70)   Pre Evacuate Collection Set: 8.5ms
[2023-07-29T11:12:41.376-0100][858998.927s] GC(70)   Merge Heap Roots: 3.7ms
[2023-07-29T11:12:41.376-0100][858998.927s] GC(70)   Evacuate Collection Set: 31.0ms
[2023-07-29T11:12:41.376-0100][858998.927s] GC(70)   Post Evacuate Collection Set: 6.1ms
[2023-07-29T11:12:41.376-0100][858998.928s] GC(70)   Other: 14.4ms
[2023-07-29T11:12:41.376-0100][858998.928s] GC(70) Eden regions: 306->0(306)
[2023-07-29T11:12:41.377-0100][858998.928s] GC(70) Survivor regions: 1->1(39)
[2023-07-29T11:12:41.377-0100][858998.928s] GC(70) Old regions: 58->58
[2023-07-29T11:12:41.377-0100][858998.928s] GC(70) Archive regions: 2->2
[2023-07-29T11:12:41.377-0100][858998.928s] GC(70) Humongous regions: 7->7
[2023-07-29T11:12:41.377-0100][858998.928s] GC(70) Metaspace: 59778K(61824K)->59778K(61824K) NonClass: 53122K(54784K)->53122K(54784K) Class: 6655K(7040K)->6655K(7040K)
[2023-07-29T11:12:41.377-0100][858998.928s] GC(70) Pause Young (Normal) (G1 Evacuation Pause) 371M->66M(512M) 61.700ms
[2023-07-29T11:12:41.377-0100][858998.928s] GC(70) User=0.02s Sys=0.10s Real=0.06s
[2023-08-01T05:48:01.203-0100][870185.867s] GC(71) Pause Young (Normal) (G1 Evacuation Pause)
[2023-08-01T05:48:01.208-0100][870185.869s] GC(71) Using 10 workers of 10 for evacuation
[2023-08-01T05:48:01.262-0100][870185.924s] GC(71)   Pre Evacuate Collection Set: 4.0ms
[2023-08-01T05:48:01.262-0100][870185.924s] GC(71)   Merge Heap Roots: 4.1ms
[2023-08-01T05:48:01.262-0100][870185.924s] GC(71)   Evacuate Collection Set: 34.2ms
[2023-08-01T05:48:01.262-0100][870185.924s] GC(71)   Post Evacuate Collection Set: 8.4ms
[2023-08-01T05:48:01.263-0100][870185.925s] GC(71)   Other: 10.2ms
[2023-08-01T05:48:01.263-0100][870185.925s] GC(71) Eden regions: 306->0(305)
[2023-08-01T05:48:01.263-0100][870185.925s] GC(71) Survivor regions: 1->2(39)
[2023-08-01T05:48:01.263-0100][870185.925s] GC(71) Old regions: 58->58
[2023-08-01T05:48:01.263-0100][870185.925s] GC(71) Archive regions: 2->2
[2023-08-01T05:48:01.263-0100][870185.925s] GC(71) Humongous regions: 7->7
[2023-08-01T05:48:01.264-0100][870185.925s] GC(71) Metaspace: 59798K(61824K)->59798K(61824K) NonClass: 53143K(54784K)->53143K(54784K) Class: 6655K(7040K)->6655K(7040K)
[2023-08-01T05:48:01.264-0100][870185.925s] GC(71) Pause Young (Normal) (G1 Evacuation Pause) 372M->66M(512M) 61.930ms
[2023-08-01T05:48:01.264-0100][870185.926s] GC(71) User=0.04s Sys=0.17s Real=0.06s
[2023-08-02T13:46:29.458-0100][879303.813s] GC(72) Pause Young (Normal) (G1 Evacuation Pause)
[2023-08-02T13:46:29.460-0100][879303.814s] GC(72) Using 10 workers of 10 for evacuation
[2023-08-02T13:46:29.480-0100][879303.834s] GC(72)   Pre Evacuate Collection Set: 2.5ms
[2023-08-02T13:46:29.480-0100][879303.834s] GC(72)   Merge Heap Roots: 0.2ms
[2023-08-02T13:46:29.480-0100][879303.834s] GC(72)   Evacuate Collection Set: 11.1ms
[2023-08-02T13:46:29.480-0100][879303.834s] GC(72)   Post Evacuate Collection Set: 4.6ms
[2023-08-02T13:46:29.480-0100][879303.834s] GC(72)   Other: 3.4ms
[2023-08-02T13:46:29.480-0100][879303.834s] GC(72) Eden regions: 305->0(305)
[2023-08-02T13:46:29.480-0100][879303.834s] GC(72) Survivor regions: 2->2(39)
[2023-08-02T13:46:29.480-0100][879303.834s] GC(72) Old regions: 58->58
[2023-08-02T13:46:29.480-0100][879303.834s] GC(72) Archive regions: 2->2
[2023-08-02T13:46:29.480-0100][879303.834s] GC(72) Humongous regions: 7->7
[2023-08-02T13:46:29.480-0100][879303.834s] GC(72) Metaspace: 59799K(61824K)->59799K(61824K) NonClass: 53143K(54784K)->53143K(54784K) Class: 6655K(7040K)->6655K(7040K)
[2023-08-02T13:46:29.480-0100][879303.834s] GC(72) Pause Young (Normal) (G1 Evacuation Pause) 371M->66M(512M) 21.988ms
[2023-08-02T13:46:29.480-0100][879303.835s] GC(72) User=0.01s Sys=0.04s Real=0.03s
[2023-08-08T15:17:32.392-0100][889348.956s] GC(73) Pause Young (Normal) (G1 Evacuation Pause)
[2023-08-08T15:17:32.397-0100][889348.959s] GC(73) Using 10 workers of 10 for evacuation
[2023-08-08T15:17:32.433-0100][889348.995s] GC(73)   Pre Evacuate Collection Set: 4.4ms
[2023-08-08T15:17:32.433-0100][889348.995s] GC(73)   Merge Heap Roots: 1.0ms
[2023-08-08T15:17:32.433-0100][889348.995s] GC(73)   Evacuate Collection Set: 20.2ms
[2023-08-08T15:17:32.433-0100][889348.995s] GC(73)   Post Evacuate Collection Set: 5.4ms
[2023-08-08T15:17:32.434-0100][889348.995s] GC(73)   Other: 15.8ms
[2023-08-08T15:17:32.434-0100][889348.996s] GC(73) Eden regions: 305->0(306)
[2023-08-08T15:17:32.434-0100][889348.996s] GC(73) Survivor regions: 2->1(39)
[2023-08-08T15:17:32.434-0100][889348.996s] GC(73) Old regions: 58->58
[2023-08-08T15:17:32.434-0100][889348.996s] GC(73) Archive regions: 2->2
[2023-08-08T15:17:32.434-0100][889348.996s] GC(73) Humongous regions: 7->7
[2023-08-08T15:17:32.435-0100][889348.996s] GC(73) Metaspace: 59801K(61824K)->59801K(61824K) NonClass: 53145K(54784K)->53145K(54784K) Class: 6655K(7040K)->6655K(7040K)
[2023-08-08T15:17:32.436-0100][889348.997s] GC(73) Pause Young (Normal) (G1 Evacuation Pause) 371M->65M(512M) 44.857ms
[2023-08-08T15:17:32.436-0100][889348.997s] GC(73) User=0.01s Sys=0.07s Real=0.04s
[2023-08-11T11:50:35.963-0100][905597.635s] GC(74) Pause Young (Normal) (G1 Evacuation Pause)
[2023-08-11T11:50:35.964-0100][905597.636s] GC(74) Using 10 workers of 10 for evacuation
[2023-08-11T11:50:35.983-0100][905597.655s] GC(74)   Pre Evacuate Collection Set: 2.9ms
[2023-08-11T11:50:35.983-0100][905597.655s] GC(74)   Merge Heap Roots: 1.1ms
[2023-08-11T11:50:35.983-0100][905597.655s] GC(74)   Evacuate Collection Set: 8.8ms
[2023-08-11T11:50:35.983-0100][905597.655s] GC(74)   Post Evacuate Collection Set: 4.9ms
[2023-08-11T11:50:35.983-0100][905597.655s] GC(74)   Other: 2.4ms
[2023-08-11T11:50:35.983-0100][905597.655s] GC(74) Eden regions: 306->0(306)
[2023-08-11T11:50:35.983-0100][905597.655s] GC(74) Survivor regions: 1->1(39)
[2023-08-11T11:50:35.983-0100][905597.655s] GC(74) Old regions: 58->58
[2023-08-11T11:50:35.983-0100][905597.655s] GC(74) Archive regions: 2->2
[2023-08-11T11:50:35.983-0100][905597.655s] GC(74) Humongous regions: 7->7
[2023-08-11T11:50:35.983-0100][905597.655s] GC(74) Metaspace: 59839K(61824K)->59839K(61824K) NonClass: 53184K(54784K)->53184K(54784K) Class: 6655K(7040K)->6655K(7040K)
[2023-08-11T11:50:35.983-0100][905597.655s] GC(74) Pause Young (Normal) (G1 Evacuation Pause) 371M->65M(512M) 20.150ms
[2023-08-11T11:50:35.983-0100][905597.655s] GC(74) User=0.01s Sys=0.05s Real=0.02s
[2023-08-14T14:40:26.220-0100][921062.603s] GC(75) Pause Young (Normal) (G1 Evacuation Pause)
[2023-08-14T14:40:26.224-0100][921062.607s] GC(75) Using 10 workers of 10 for evacuation
[2023-08-14T14:40:26.248-0100][921062.631s] GC(75)   Pre Evacuate Collection Set: 3.2ms
[2023-08-14T14:40:26.249-0100][921062.631s] GC(75)   Merge Heap Roots: 1.1ms
[2023-08-14T14:40:26.249-0100][921062.631s] GC(75)   Evacuate Collection Set: 10.5ms
[2023-08-14T14:40:26.249-0100][921062.631s] GC(75)   Post Evacuate Collection Set: 4.2ms
[2023-08-14T14:40:26.249-0100][921062.632s] GC(75)   Other: 15.5ms
[2023-08-14T14:40:26.250-0100][921062.632s] GC(75) Eden regions: 306->0(306)
[2023-08-14T14:40:26.250-0100][921062.632s] GC(75) Survivor regions: 1->1(39)
[2023-08-14T14:40:26.250-0100][921062.632s] GC(75) Old regions: 58->58
[2023-08-14T14:40:26.250-0100][921062.632s] GC(75) Archive regions: 2->2
[2023-08-14T14:40:26.250-0100][921062.632s] GC(75) Humongous regions: 7->7
[2023-08-14T14:40:26.250-0100][921062.633s] GC(75) Metaspace: 59839K(61824K)->59839K(61824K) NonClass: 53184K(54784K)->53184K(54784K) Class: 6655K(7040K)->6655K(7040K)
[2023-08-14T14:40:26.251-0100][921062.633s] GC(75) Pause Young (Normal) (G1 Evacuation Pause) 371M->66M(512M) 31.574ms
[2023-08-14T14:40:26.251-0100][921062.633s] GC(75) User=0.01s Sys=0.05s Real=0.04s
[2023-08-18T11:17:44.273-0100][937153.332s] GC(76) Pause Young (Normal) (G1 Evacuation Pause)
[2023-08-18T11:17:44.275-0100][937153.333s] GC(76) Using 10 workers of 10 for evacuation
[2023-08-18T11:17:44.292-0100][937153.350s] GC(76)   Pre Evacuate Collection Set: 1.2ms
[2023-08-18T11:17:44.292-0100][937153.350s] GC(76)   Merge Heap Roots: 1.2ms
[2023-08-18T11:17:44.292-0100][937153.350s] GC(76)   Evacuate Collection Set: 10.7ms
[2023-08-18T11:17:44.292-0100][937153.350s] GC(76)   Post Evacuate Collection Set: 2.9ms
[2023-08-18T11:17:44.292-0100][937153.350s] GC(76)   Other: 3.4ms
[2023-08-18T11:17:44.292-0100][937153.350s] GC(76) Eden regions: 306->0(306)
[2023-08-18T11:17:44.292-0100][937153.350s] GC(76) Survivor regions: 1->1(39)
[2023-08-18T11:17:44.292-0100][937153.350s] GC(76) Old regions: 58->58
[2023-08-18T11:17:44.292-0100][937153.350s] GC(76) Archive regions: 2->2
[2023-08-18T11:17:44.292-0100][937153.350s] GC(76) Humongous regions: 7->7
[2023-08-18T11:17:44.292-0100][937153.350s] GC(76) Metaspace: 59874K(61824K)->59874K(61824K) NonClass: 53218K(54784K)->53218K(54784K) Class: 6655K(7040K)->6655K(7040K)
[2023-08-18T11:17:44.292-0100][937153.350s] GC(76) Pause Young (Normal) (G1 Evacuation Pause) 372M->66M(512M) 18.869ms
[2023-08-18T11:17:44.292-0100][937153.350s] GC(76) User=0.01s Sys=0.05s Real=0.02s
[2023-08-22T02:27:47.276-0100][953044.124s] GC(77) Pause Young (Normal) (G1 Evacuation Pause)
[2023-08-22T02:27:47.298-0100][953044.145s] GC(77) Using 10 workers of 10 for evacuation
[2023-08-22T02:27:47.345-0100][953044.192s] GC(77)   Pre Evacuate Collection Set: 4.3ms
[2023-08-22T02:27:47.345-0100][953044.192s] GC(77)   Merge Heap Roots: 3.0ms
[2023-08-22T02:27:47.345-0100][953044.192s] GC(77)   Evacuate Collection Set: 32.8ms
[2023-08-22T02:27:47.345-0100][953044.192s] GC(77)   Post Evacuate Collection Set: 5.9ms
[2023-08-22T02:27:47.345-0100][953044.192s] GC(77)   Other: 23.4ms
[2023-08-22T02:27:47.345-0100][953044.192s] GC(77) Eden regions: 306->0(305)
[2023-08-22T02:27:47.345-0100][953044.192s] GC(77) Survivor regions: 1->2(39)
[2023-08-22T02:27:47.345-0100][953044.192s] GC(77) Old regions: 58->58
[2023-08-22T02:27:47.345-0100][953044.192s] GC(77) Archive regions: 2->2
[2023-08-22T02:27:47.345-0100][953044.192s] GC(77) Humongous regions: 7->7
[2023-08-22T02:27:47.345-0100][953044.192s] GC(77) Metaspace: 59932K(61824K)->59932K(61824K) NonClass: 53277K(54784K)->53277K(54784K) Class: 6655K(7040K)->6655K(7040K)
[2023-08-22T02:27:47.345-0100][953044.193s] GC(77) Pause Young (Normal) (G1 Evacuation Pause) 372M->66M(512M) 69.178ms
[2023-08-22T02:27:47.345-0100][953044.193s] GC(77) User=0.01s Sys=0.09s Real=0.07s
[2023-08-23T01:22:52.738-0100][965148.502s] GC(78) Pause Young (Normal) (G1 Evacuation Pause)
[2023-08-23T01:22:52.739-0100][965148.503s] GC(78) Using 10 workers of 10 for evacuation
[2023-08-23T01:22:52.838-0100][965148.602s] GC(78)   Pre Evacuate Collection Set: 0.4ms
[2023-08-23T01:22:52.838-0100][965148.602s] GC(78)   Merge Heap Roots: 1.0ms
[2023-08-23T01:22:52.838-0100][965148.602s] GC(78)   Evacuate Collection Set: 94.8ms
[2023-08-23T01:22:52.838-0100][965148.602s] GC(78)   Post Evacuate Collection Set: 2.6ms
[2023-08-23T01:22:52.838-0100][965148.602s] GC(78)   Other: 1.3ms
[2023-08-23T01:22:52.838-0100][965148.602s] GC(78) Eden regions: 305->0(298)
[2023-08-23T01:22:52.838-0100][965148.602s] GC(78) Survivor regions: 2->9(39)
[2023-08-23T01:22:52.838-0100][965148.602s] GC(78) Old regions: 58->58
[2023-08-23T01:22:52.838-0100][965148.602s] GC(78) Archive regions: 2->2
[2023-08-23T01:22:52.838-0100][965148.602s] GC(78) Humongous regions: 7->7
[2023-08-23T01:22:52.838-0100][965148.602s] GC(78) Metaspace: 60741K(62592K)->60741K(62592K) NonClass: 53997K(55552K)->53997K(55552K) Class: 6744K(7040K)->6744K(7040K)
[2023-08-23T01:22:52.838-0100][965148.602s] GC(78) Pause Young (Normal) (G1 Evacuation Pause) 371M->73M(512M) 100.217ms
[2023-08-23T01:22:52.838-0100][965148.602s] GC(78) User=0.05s Sys=0.28s Real=0.10s
[2023-08-28T22:33:44.971-0100][979931.784s] GC(79) Pause Young (Normal) (G1 Evacuation Pause)
[2023-08-28T22:33:44.974-0100][979931.786s] GC(79) Using 10 workers of 10 for evacuation
[2023-08-28T22:33:45.040-0100][979931.852s] GC(79)   Pre Evacuate Collection Set: 4.0ms
[2023-08-28T22:33:45.040-0100][979931.852s] GC(79)   Merge Heap Roots: 6.5ms
[2023-08-28T22:33:45.040-0100][979931.852s] GC(79)   Evacuate Collection Set: 44.9ms
[2023-08-28T22:33:45.040-0100][979931.852s] GC(79)   Post Evacuate Collection Set: 6.4ms
[2023-08-28T22:33:45.040-0100][979931.852s] GC(79)   Other: 11.2ms
[2023-08-28T22:33:45.041-0100][979931.853s] GC(79) Eden regions: 298->0(298)
[2023-08-28T22:33:45.041-0100][979931.853s] GC(79) Survivor regions: 9->9(39)
[2023-08-28T22:33:45.041-0100][979931.853s] GC(79) Old regions: 58->58
[2023-08-28T22:33:45.041-0100][979931.853s] GC(79) Archive regions: 2->2
[2023-08-28T22:33:45.041-0100][979931.853s] GC(79) Humongous regions: 7->7
[2023-08-28T22:33:45.041-0100][979931.853s] GC(79) Metaspace: 60749K(62592K)->60749K(62592K) NonClass: 54004K(55552K)->54004K(55552K) Class: 6744K(7040K)->6744K(7040K)
[2023-08-28T22:33:45.042-0100][979931.854s] GC(79) Pause Young (Normal) (G1 Evacuation Pause) 371M->73M(512M) 71.744ms
[2023-08-28T22:33:45.042-0100][979931.854s] GC(79) User=0.03s Sys=0.16s Real=0.07s
[2023-08-31T16:03:32.563-0100][994151.735s] GC(80) Pause Young (Normal) (G1 Evacuation Pause)
[2023-08-31T16:03:32.584-0100][994151.755s] GC(80) Using 10 workers of 10 for evacuation
[2023-08-31T16:03:32.621-0100][994151.792s] GC(80)   Pre Evacuate Collection Set: 0.3ms
[2023-08-31T16:03:32.621-0100][994151.792s] GC(80)   Merge Heap Roots: 0.2ms
[2023-08-31T16:03:32.621-0100][994151.793s] GC(80)   Evacuate Collection Set: 34.8ms
[2023-08-31T16:03:32.621-0100][994151.793s] GC(80)   Post Evacuate Collection Set: 1.2ms
[2023-08-31T16:03:32.622-0100][994151.793s] GC(80)   Other: 21.3ms
[2023-08-31T16:03:32.622-0100][994151.793s] GC(80) Eden regions: 298->0(297)
[2023-08-31T16:03:32.622-0100][994151.793s] GC(80) Survivor regions: 9->10(39)
[2023-08-31T16:03:32.622-0100][994151.793s] GC(80) Old regions: 58->58
[2023-08-31T16:03:32.622-0100][994151.794s] GC(80) Archive regions: 2->2
[2023-08-31T16:03:32.622-0100][994151.794s] GC(80) Humongous regions: 7->7
[2023-08-31T16:03:32.622-0100][994151.794s] GC(80) Metaspace: 60794K(62592K)->60794K(62592K) NonClass: 54044K(55552K)->54044K(55552K) Class: 6750K(7040K)->6750K(7040K)
[2023-08-31T16:03:32.623-0100][994151.794s] GC(80) Pause Young (Normal) (G1 Evacuation Pause) 371M->74M(512M) 59.399ms
[2023-08-31T16:03:32.623-0100][994151.794s] GC(80) User=0.04s Sys=0.12s Real=0.06s
[2023-08-31T16:03:32.875-0100][994152.046s] Heap
[2023-08-31T16:03:32.875-0100][994152.046s]  garbage-first heap   total 524288K, used 89454K [0x00000007e0000000, 0x0000000800000000)
[2023-08-31T16:03:32.875-0100][994152.046s]   region size 1024K, 24 young (24576K), 10 survivors (10240K)
[2023-08-31T16:03:32.875-0100][994152.047s]  Metaspace       used 60996K, capacity 61619K, committed 62976K, reserved 1105920K
[2023-08-31T16:03:32.875-0100][994152.047s]   class space    used 6776K, capacity 6998K, committed 7168K, reserved 1048576K
